WARNING: Logging before InitGoogleLogging() is written to STDERR
I0830 20:18:02.243721 110064 ROSWrapper.cpp:14] [32m ---> [Param] map/save_map: false[0m
I0830 20:18:02.256866 110064 ROSWrapper.cpp:236] [32m ---> Using Lidar type: UNKNOWN[0m
I0830 20:18:02.260373 110064 super_lio.cpp:82] [32m ---> [SuperLIO]: initialized.[0m
I0830 20:18:02.445336 110064 super_lio.cpp:90] [32m ---> [SuperLIO]: KF init done[0m
I0830 20:18:02.458636 110064 super_lio.cpp:99] [32m ---> [SuperLIO]: Map init done[0m
I0830 20:18:05.937559 110064 timer.h:40] >>> ===== Printing run time =====
I0830 20:18:05.937599 110064 timer.h:46] > [ DownSample ] average time usage: 0.138766 ms , called times: 594
I0830 20:18:05.937618 110064 timer.h:46] > [ Observe ] average time usage: 2.33182 ms , called times: 594
I0830 20:18:05.937626 110064 timer.h:46] > [ Undistort ] average time usage: 0.258246 ms , called times: 594
I0830 20:18:05.937633 110064 timer.h:46] > [ UpdateMap ] average time usage: 1.67069 ms , called times: 594
I0830 20:18:05.937641 110064 super_lio.cpp:690] [32m ---> [Prob-LIO] pipeline ON (pose model livo2_compat, storage float_quantized): cov frames: 594, points: 1508679, invalid: 0; map cov init inserts: 13881, update inserts: 1508679, hknn cov returns: 15621900, invalid: 0[0m
I0830 20:18:05.937649 110064 super_lio.cpp:708] [32m ---> [Prob-LIO P3] QR plane cov shadow: attempted: 2988730, valid: 2988730, rank_invalid: 0, nonfinite: 0[0m
[offline_node] bag=/home/lc/super_livo/bag/NTU/eee_01/eee_01.bag start_offset=-1.000 duration=60.000
[offline_node] wrapper subscribers connected
[OfflineReader] view 1609059013.115s..1609059411.798s lidar=600 imu=23074 other=0 wall=3.457s sensor=59.999s speed=17.356x

=== Offline accounting ===
bag_relevant_messages: 23674
lidar read: 600   imu read: 23074   other: 0
first/last bag time: 1609059013.114720 / 1609059073.114174
first/last sensor time: 1609059013.114590 / 1609059073.113931
sensor_duration_s: 59.999
wall_processing_s: 3.457
speed_factor: 17.356x
trajectory: /home/lc/super_livo/src/Super-LIO/results/prob_lio/run_20260830_201757/trajectory.tum
