==================
WARNING: ThreadSanitizer: data race (pid=105619)
  Write of size 8 at 0x7f019489b200 by thread T9:
    #0 memset ../../../../src/libsanitizer/sanitizer_common/sanitizer_common_interceptors.inc:795 (libtsan.so.0+0x3790f)
    #1 memset ../../../../src/libsanitizer/sanitizer_common/sanitizer_common_interceptors.inc:793 (libtsan.so.0+0x3790f)
    #2 <null> <null> (libtbbmalloc.so.2+0x13fc0)

  Previous write of size 8 at 0x7f019489b200 by thread T5:
    #0 memset ../../../../src/libsanitizer/sanitizer_common/sanitizer_common_interceptors.inc:795 (libtsan.so.0+0x3790f)
    #1 memset ../../../../src/libsanitizer/sanitizer_common/sanitizer_common_interceptors.inc:793 (libtsan.so.0+0x3790f)
    #2 <null> <null> (libtbbmalloc.so.2+0x13fc0)

  Thread T9 (tid=105629, running) created by thread T4 at:
    #0 pthread_create ../../../../src/libsanitizer/tsan/tsan_interceptors_posix.cpp:962 (libtsan.so.0+0x5ea79)
    #1 <null> <null> (libtbb.so.2+0x20750)

  Thread T5 (tid=105625, finished) created by thread T1 at:
    #0 pthread_create ../../../../src/libsanitizer/tsan/tsan_interceptors_posix.cpp:962 (libtsan.so.0+0x5ea79)
    #1 <null> <null> (libtbb.so.2+0x20750)

SUMMARY: ThreadSanitizer: data race (/lib/x86_64-linux-gnu/libtbbmalloc.so.2+0x13fc0) 
==================
==================
WARNING: ThreadSanitizer: data race (pid=105619)
  Write of size 8 at 0x7f019489bc80 by thread T8:
    #0 memset ../../../../src/libsanitizer/sanitizer_common/sanitizer_common_interceptors.inc:795 (libtsan.so.0+0x3790f)
    #1 memset ../../../../src/libsanitizer/sanitizer_common/sanitizer_common_interceptors.inc:793 (libtsan.so.0+0x3790f)
    #2 <null> <null> (libtbbmalloc.so.2+0x13fc0)

  Previous write of size 8 at 0x7f019489bc80 by thread T1:
    #0 memset ../../../../src/libsanitizer/sanitizer_common/sanitizer_common_interceptors.inc:795 (libtsan.so.0+0x3790f)
    #1 memset ../../../../src/libsanitizer/sanitizer_common/sanitizer_common_interceptors.inc:793 (libtsan.so.0+0x3790f)
    #2 <null> <null> (libtbbmalloc.so.2+0x13fc0)

  Thread T8 (tid=105628, running) created by thread T5 at:
    #0 pthread_create ../../../../src/libsanitizer/tsan/tsan_interceptors_posix.cpp:962 (libtsan.so.0+0x5ea79)
    #1 <null> <null> (libtbb.so.2+0x20750)

  Thread T1 (tid=105621, finished) created by main thread at:
    #0 pthread_create ../../../../src/libsanitizer/tsan/tsan_interceptors_posix.cpp:962 (libtsan.so.0+0x5ea79)
    #1 <null> <null> (libtbb.so.2+0x20750)
    #2 <null> <null> (libtbb.so.2+0x2c544)
    #3 parallel_for<tbb::blocked_range<int>, main()::<lambda(const tbb::blocked_range<int>&)> > /usr/include/tbb/parallel_for.h:201 (race_bad+0x2ffc)
    #4 main /home/lc/super_livo/src/Super-LIO/tests/prob_lio/race_evidence.cpp:23 (race_bad+0x2ffc)

SUMMARY: ThreadSanitizer: data race (/lib/x86_64-linux-gnu/libtbbmalloc.so.2+0x13fc0) 
==================
==================
WARNING: ThreadSanitizer: data race (pid=105619)
  Write of size 8 at 0x7f019489b580 by thread T2:
    #0 memset ../../../../src/libsanitizer/sanitizer_common/sanitizer_common_interceptors.inc:795 (libtsan.so.0+0x3790f)
    #1 memset ../../../../src/libsanitizer/sanitizer_common/sanitizer_common_interceptors.inc:793 (libtsan.so.0+0x3790f)
    #2 <null> <null> (libtbbmalloc.so.2+0x13fc0)

  Previous write of size 8 at 0x7f019489b580 by thread T3:
    #0 memset ../../../../src/libsanitizer/sanitizer_common/sanitizer_common_interceptors.inc:795 (libtsan.so.0+0x3790f)
    #1 memset ../../../../src/libsanitizer/sanitizer_common/sanitizer_common_interceptors.inc:793 (libtsan.so.0+0x3790f)
    #2 <null> <null> (libtbbmalloc.so.2+0x13fc0)

  Thread T2 (tid=105622, running) created by main thread at:
    #0 pthread_create ../../../../src/libsanitizer/tsan/tsan_interceptors_posix.cpp:962 (libtsan.so.0+0x5ea79)
    #1 <null> <null> (libtbb.so.2+0x20750)
    #2 <null> <null> (libtbb.so.2+0x2c544)
    #3 parallel_for<tbb::blocked_range<int>, main()::<lambda(const tbb::blocked_range<int>&)> > /usr/include/tbb/parallel_for.h:201 (race_bad+0x2ffc)
    #4 main /home/lc/super_livo/src/Super-LIO/tests/prob_lio/race_evidence.cpp:23 (race_bad+0x2ffc)

  Thread T3 (tid=105623, finished) created by thread T1 at:
    #0 pthread_create ../../../../src/libsanitizer/tsan/tsan_interceptors_posix.cpp:962 (libtsan.so.0+0x5ea79)
    #1 <null> <null> (libtbb.so.2+0x20750)

SUMMARY: ThreadSanitizer: data race (/lib/x86_64-linux-gnu/libtbbmalloc.so.2+0x13fc0) 
==================
==================
WARNING: ThreadSanitizer: data race (pid=105619)
  Write of size 8 at 0x7f019489b900 by thread T7:
    #0 memset ../../../../src/libsanitizer/sanitizer_common/sanitizer_common_interceptors.inc:795 (libtsan.so.0+0x3790f)
    #1 memset ../../../../src/libsanitizer/sanitizer_common/sanitizer_common_interceptors.inc:793 (libtsan.so.0+0x3790f)
    #2 <null> <null> (libtbbmalloc.so.2+0x13fc0)

  Previous write of size 8 at 0x7f019489b900 by thread T6:
    #0 memset ../../../../src/libsanitizer/sanitizer_common/sanitizer_common_interceptors.inc:795 (libtsan.so.0+0x3790f)
    #1 memset ../../../../src/libsanitizer/sanitizer_common/sanitizer_common_interceptors.inc:793 (libtsan.so.0+0x3790f)
    #2 <null> <null> (libtbbmalloc.so.2+0x13fc0)

  Thread T7 (tid=105627, running) created by thread T2 at:
    #0 pthread_create ../../../../src/libsanitizer/tsan/tsan_interceptors_posix.cpp:962 (libtsan.so.0+0x5ea79)
    #1 <null> <null> (libtbb.so.2+0x20750)

  Thread T6 (tid=105626, finished) created by thread T3 at:
    #0 pthread_create ../../../../src/libsanitizer/tsan/tsan_interceptors_posix.cpp:962 (libtsan.so.0+0x5ea79)
    #1 <null> <null> (libtbb.so.2+0x20750)

SUMMARY: ThreadSanitizer: data race (/lib/x86_64-linux-gnu/libtbbmalloc.so.2+0x13fc0) 
==================
ThreadSanitizer: reported 4 warnings
counter=400000 expected=400000
MODE=BAD(legacy)
