[rosmaster.main][INFO] 2026-08-31 03:15:27,533: initialization complete, waiting for shutdown
[rosmaster.main][INFO] 2026-08-31 03:15:27,533: Starting ROS Master Node
[xmlrpc][INFO] 2026-08-31 03:15:27,535: XML-RPC server binding to 0.0.0.0:11391
[xmlrpc][INFO] 2026-08-31 03:15:27,536: Started XML-RPC server [http://robot:11391/]
[rosmaster.master][INFO] 2026-08-31 03:15:27,536: Master initialized: port[11391], uri[http://robot:11391/]
[xmlrpc][INFO] 2026-08-31 03:15:27,536: xml rpc node: starting XML-RPC server
[rosmaster.master][INFO] 2026-08-31 03:15:30,826: +PARAM [/lio/map/save_map] by /rosparam-321342
[rosmaster.master][INFO] 2026-08-31 03:15:30,827: +PARAM [/lio/map/if_filter] by /rosparam-321342
[rosmaster.master][INFO] 2026-08-31 03:15:30,828: +PARAM [/lio/map/save_map_dir] by /rosparam-321342
[rosmaster.master][INFO] 2026-08-31 03:15:30,830: +PARAM [/lio/map/map_name] by /rosparam-321342
[rosmaster.master][INFO] 2026-08-31 03:15:30,831: +PARAM [/lio/map/ds_size] by /rosparam-321342
[rosmaster.master][INFO] 2026-08-31 03:15:30,833: +PARAM [/lio/map/save_interval] by /rosparam-321342
[rosmaster.master][INFO] 2026-08-31 03:15:30,834: +PARAM [/lio/ros/lidar_topic] by /rosparam-321342
[rosmaster.master][INFO] 2026-08-31 03:15:30,835: +PARAM [/lio/ros/imu_topic] by /rosparam-321342
[rosmaster.master][INFO] 2026-08-31 03:15:30,836: +PARAM [/lio/sensor/lidar_type] by /rosparam-321342
[rosmaster.master][INFO] 2026-08-31 03:15:30,837: +PARAM [/lio/sensor/blind] by /rosparam-321342
[rosmaster.master][INFO] 2026-08-31 03:15:30,837: +PARAM [/lio/sensor/maxrange] by /rosparam-321342
[rosmaster.master][INFO] 2026-08-31 03:15:30,838: +PARAM [/lio/sensor/filter_rate] by /rosparam-321342
[rosmaster.master][INFO] 2026-08-31 03:15:30,839: +PARAM [/lio/sensor/enable_downsample] by /rosparam-321342
[rosmaster.master][INFO] 2026-08-31 03:15:30,840: +PARAM [/lio/sensor/voxel_fliter_size] by /rosparam-321342
[rosmaster.master][INFO] 2026-08-31 03:15:30,841: +PARAM [/lio/sensor/gravity_norm] by /rosparam-321342
[rosmaster.master][INFO] 2026-08-31 03:15:30,842: +PARAM [/lio/sensor/imu_type] by /rosparam-321342
[rosmaster.master][INFO] 2026-08-31 03:15:30,843: +PARAM [/lio/sensor/imu_na] by /rosparam-321342
[rosmaster.master][INFO] 2026-08-31 03:15:30,844: +PARAM [/lio/sensor/imu_ng] by /rosparam-321342
[rosmaster.master][INFO] 2026-08-31 03:15:30,845: +PARAM [/lio/sensor/imu_nba] by /rosparam-321342
[rosmaster.master][INFO] 2026-08-31 03:15:30,846: +PARAM [/lio/sensor/imu_nbg] by /rosparam-321342
[rosmaster.master][INFO] 2026-08-31 03:15:30,847: +PARAM [/lio/extrinsic/lidar_imu] by /rosparam-321342
[rosmaster.master][INFO] 2026-08-31 03:15:30,848: +PARAM [/lio/extrinsic/odom_robo] by /rosparam-321342
[rosmaster.master][INFO] 2026-08-31 03:15:30,849: +PARAM [/lio/hash_map/hash_capacity] by /rosparam-321342
[rosmaster.master][INFO] 2026-08-31 03:15:30,850: +PARAM [/lio/hash_map/vox_resolution] by /rosparam-321342
[rosmaster.master][INFO] 2026-08-31 03:15:30,851: +PARAM [/lio/kf/kf_type] by /rosparam-321342
[rosmaster.master][INFO] 2026-08-31 03:15:30,852: +PARAM [/lio/kf/kf_max_iterations] by /rosparam-321342
[rosmaster.master][INFO] 2026-08-31 03:15:30,853: +PARAM [/lio/kf/kf_align_gravity] by /rosparam-321342
[rosmaster.master][INFO] 2026-08-31 03:15:30,853: +PARAM [/lio/kf/kf_quit_eps] by /rosparam-321342
[rosmaster.master][INFO] 2026-08-31 03:15:30,854: +PARAM [/lio/output/robot] by /rosparam-321342
[rosmaster.master][INFO] 2026-08-31 03:15:30,855: +PARAM [/lio/output/plan_env_world] by /rosparam-321342
[rosmaster.master][INFO] 2026-08-31 03:15:30,856: +PARAM [/lio/output/plan_env_body] by /rosparam-321342
[rosmaster.master][INFO] 2026-08-31 03:15:30,857: +PARAM [/lio/output/ml_map] by /rosparam-321342
[rosmaster.master][INFO] 2026-08-31 03:15:30,858: +PARAM [/lio/output/planner] by /rosparam-321342
[rosmaster.master][INFO] 2026-08-31 03:15:30,859: +PARAM [/lio/output/map] by /rosparam-321342
[rosmaster.master][INFO] 2026-08-31 03:15:30,860: +PARAM [/lio/output/dense] by /rosparam-321342
[rosmaster.master][INFO] 2026-08-31 03:15:30,861: +PARAM [/lio/output/pub_step] by /rosparam-321342
[rosmaster.master][INFO] 2026-08-31 03:15:30,862: +PARAM [/lio/eva/timer] by /rosparam-321342
[rosmaster.master][INFO] 2026-08-31 03:15:30,945: +PARAM [/lio/offline/bag] by /rosparam-321381
[rosmaster.master][INFO] 2026-08-31 03:15:31,027: +PARAM [/lio/prob_lio/cov_enable] by /rosparam-321384
[rosmaster.master][INFO] 2026-08-31 03:15:31,108: +PARAM [/lio/prob_lio/cov_validation_mode] by /rosparam-321389
[rosmaster.master][INFO] 2026-08-31 03:15:31,181: +PARAM [/lio/prob_lio/map_pose_cov_model] by /rosparam-321394
[rosmaster.master][INFO] 2026-08-31 03:15:31,256: +PARAM [/lio/prob_lio/map_cov_storage_precision] by /rosparam-321399
[rosmaster.master][INFO] 2026-08-31 03:15:31,336: +PARAM [/lio/prob_lio/qr_plane_cov_enable] by /rosparam-321404
[rosmaster.master][INFO] 2026-08-31 03:15:31,416: +PARAM [/lio/prob_lio/p2p_weight_mode] by /rosparam-321409
[rosmaster.master][INFO] 2026-08-31 03:15:31,495: +PARAM [/lio/prob_lio/association_mode] by /rosparam-321414
[rosmaster.master][INFO] 2026-08-31 03:15:31,572: +PARAM [/lio/prob_lio/prob_assoc_shadow_enable] by /rosparam-321419
[rosmaster.master][INFO] 2026-08-31 03:15:31,650: +PARAM [/lio/prob_lio/association_pose_cov_model] by /rosparam-321424
[rosmaster.master][INFO] 2026-08-31 03:15:31,725: +PARAM [/lio/prob_lio/association_sensor_cov_model] by /rosparam-321429
[rosmaster.master][INFO] 2026-08-31 03:15:31,799: +PARAM [/lio/offline/out_dir] by /rosparam-321434
[rosmaster.master][INFO] 2026-08-31 03:15:32,138: +PUB [/rosout] /lio_offline http://robot:38337/
[rosmaster.master][INFO] 2026-08-31 03:15:32,138: +SERVICE [/lio_offline/get_loggers] /lio_offline http://robot:38337/
[rosmaster.master][INFO] 2026-08-31 03:15:32,139: +SERVICE [/lio_offline/set_logger_level] /lio_offline http://robot:38337/
[rosmaster.master][INFO] 2026-08-31 03:15:32,151: +PUB [/tf] /lio_offline http://robot:38337/
[rosmaster.master][INFO] 2026-08-31 03:15:32,152: +SUB [/livox/lidar] /lio_offline http://robot:38337/
[rosmaster.master][INFO] 2026-08-31 03:15:32,153: +SUB [/vn100/imu] /lio_offline http://robot:38337/
[rosmaster.master][INFO] 2026-08-31 03:15:32,153: +PUB [/lio/odom] /lio_offline http://robot:38337/
[rosmaster.master][INFO] 2026-08-31 03:15:32,154: +PUB [/lio/path] /lio_offline http://robot:38337/
[rosmaster.master][INFO] 2026-08-31 03:15:32,154: +PUB [/lio/path_robot] /lio_offline http://robot:38337/
[rosmaster.master][INFO] 2026-08-31 03:15:32,158: +PUB [/livox/lidar] /lio_offline http://robot:38337/
[rosmaster.master][INFO] 2026-08-31 03:15:32,158: +PUB [/vn100/imu] /lio_offline http://robot:38337/
[rosmaster.master][INFO] 2026-08-31 03:15:32,159: +SUB [/lio/odom] /lio_offline http://robot:38337/
[rosmaster.master][INFO] 2026-08-31 03:15:32,241: publisherUpdate[/livox/lidar] -> http://robot:38337/ ['http://robot:38337/']
[rosmaster.master][INFO] 2026-08-31 03:15:32,242: +PUB [/lio/imu/odom] /lio_offline http://robot:38337/
[rosmaster.master][INFO] 2026-08-31 03:15:32,244: +PUB [/lio/robo/odom] /lio_offline http://robot:38337/
[rosmaster.master][INFO] 2026-08-31 03:15:32,244: publisherUpdate[/livox/lidar] -> http://robot:38337/ ['http://robot:38337/']: sec=0.00, result=[1, '', 0]
[rosmaster.master][INFO] 2026-08-31 03:15:32,245: publisherUpdate[/vn100/imu] -> http://robot:38337/ ['http://robot:38337/']
[rosmaster.master][INFO] 2026-08-31 03:15:32,245: publisherUpdate[/vn100/imu] -> http://robot:38337/ ['http://robot:38337/']: sec=0.00, result=[1, '', 0]
[rosmaster.master][INFO] 2026-08-31 03:15:32,258: +PUB [/lio/cloud_world] /lio_offline http://robot:38337/
[rosmaster.master][INFO] 2026-08-31 03:16:14,325: -PUB [/rosout] /lio_offline http://robot:38337/
[rosmaster.master][INFO] 2026-08-31 03:16:14,325: -PUB [/tf] /lio_offline http://robot:38337/
[rosmaster.master][INFO] 2026-08-31 03:16:14,326: -PUB [/lio/odom] /lio_offline http://robot:38337/
[rosmaster.master][INFO] 2026-08-31 03:16:14,327: -PUB [/lio/path] /lio_offline http://robot:38337/
[rosmaster.master][INFO] 2026-08-31 03:16:14,327: -PUB [/lio/path_robot] /lio_offline http://robot:38337/
[rosmaster.master][INFO] 2026-08-31 03:16:14,328: -PUB [/livox/lidar] /lio_offline http://robot:38337/
[rosmaster.master][INFO] 2026-08-31 03:16:14,328: -PUB [/vn100/imu] /lio_offline http://robot:38337/
[rosmaster.master][INFO] 2026-08-31 03:16:14,328: -PUB [/lio/imu/odom] /lio_offline http://robot:38337/
[rosmaster.master][INFO] 2026-08-31 03:16:14,329: -PUB [/lio/robo/odom] /lio_offline http://robot:38337/
[rosmaster.master][INFO] 2026-08-31 03:16:14,329: -PUB [/lio/cloud_world] /lio_offline http://robot:38337/
[rosmaster.master][INFO] 2026-08-31 03:16:14,329: -SUB [/livox/lidar] /lio_offline http://robot:38337/
[rosmaster.master][INFO] 2026-08-31 03:16:14,329: -SUB [/vn100/imu] /lio_offline http://robot:38337/
[rosmaster.master][INFO] 2026-08-31 03:16:14,330: -SUB [/lio/odom] /lio_offline http://robot:38337/
[rosmaster.master][INFO] 2026-08-31 03:16:14,330: -SERVICE [/lio_offline/get_loggers] /lio_offline rosrpc://robot:33921
[rosmaster.master][INFO] 2026-08-31 03:16:14,330: -SERVICE [/lio_offline/set_logger_level] /lio_offline rosrpc://robot:33921
[rosmaster.master][INFO] 2026-08-31 03:16:14,330: publisherUpdate[/lio/odom] -> http://robot:38337/ []
[rosmaster.master][INFO] 2026-08-31 03:16:14,444: publisherUpdate[/lio/odom] -> http://robot:38337/ []: sec=0.11, exception=[Errno 111] Connection refused
[rosmaster.threadpool][ERROR] 2026-08-31 03:16:14,446: Traceback (most recent call last):
  File "/opt/ros/noetic/lib/python3/dist-packages/rosmaster/threadpool.py", line 218, in run
    result = cmd(*args)
  File "/opt/ros/noetic/lib/python3/dist-packages/rosmaster/master_api.py", line 210, in publisher_update_task
    ret = xmlrpcapi(api).publisherUpdate('/master', topic, pub_uris)
  File "/usr/lib/python3.8/xmlrpc/client.py", line 1109, in __call__
    return self.__send(self.__name, args)
  File "/usr/lib/python3.8/xmlrpc/client.py", line 1450, in __request
    response = self.__transport.request(
  File "/usr/lib/python3.8/xmlrpc/client.py", line 1153, in request
    return self.single_request(host, handler, request_body, verbose)
  File "/usr/lib/python3.8/xmlrpc/client.py", line 1165, in single_request
    http_conn = self.send_request(host, handler, request_body, verbose)
  File "/usr/lib/python3.8/xmlrpc/client.py", line 1278, in send_request
    self.send_content(connection, request_body)
  File "/usr/lib/python3.8/xmlrpc/client.py", line 1308, in send_content
    connection.endheaders(request_body)
  File "/usr/lib/python3.8/http/client.py", line 1251, in endheaders
    self._send_output(message_body, encode_chunked=encode_chunked)
  File "/usr/lib/python3.8/http/client.py", line 1011, in _send_output
    self.send(msg)
  File "/usr/lib/python3.8/http/client.py", line 951, in send
    self.connect()
  File "/usr/lib/python3.8/http/client.py", line 922, in connect
    self.sock = self._create_connection(
  File "/usr/lib/python3.8/socket.py", line 808, in create_connection
    raise err
  File "/usr/lib/python3.8/socket.py", line 796, in create_connection
    sock.connect(sa)
ConnectionRefusedError: [Errno 111] Connection refused

[rosmaster.master][INFO] 2026-08-31 03:16:14,446: publisherUpdate[/livox/lidar] -> http://robot:38337/ []
[rosmaster.master][INFO] 2026-08-31 03:16:14,447: publisherUpdate[/livox/lidar] -> http://robot:38337/ []: sec=0.00, exception=[Errno 111] Connection refused
[rosmaster.threadpool][ERROR] 2026-08-31 03:16:14,447: Traceback (most recent call last):
  File "/opt/ros/noetic/lib/python3/dist-packages/rosmaster/threadpool.py", line 218, in run
    result = cmd(*args)
  File "/opt/ros/noetic/lib/python3/dist-packages/rosmaster/master_api.py", line 210, in publisher_update_task
    ret = xmlrpcapi(api).publisherUpdate('/master', topic, pub_uris)
  File "/usr/lib/python3.8/xmlrpc/client.py", line 1109, in __call__
    return self.__send(self.__name, args)
  File "/usr/lib/python3.8/xmlrpc/client.py", line 1450, in __request
    response = self.__transport.request(
  File "/usr/lib/python3.8/xmlrpc/client.py", line 1153, in request
    return self.single_request(host, handler, request_body, verbose)
  File "/usr/lib/python3.8/xmlrpc/client.py", line 1165, in single_request
    http_conn = self.send_request(host, handler, request_body, verbose)
  File "/usr/lib/python3.8/xmlrpc/client.py", line 1278, in send_request
    self.send_content(connection, request_body)
  File "/usr/lib/python3.8/xmlrpc/client.py", line 1308, in send_content
    connection.endheaders(request_body)
  File "/usr/lib/python3.8/http/client.py", line 1251, in endheaders
    self._send_output(message_body, encode_chunked=encode_chunked)
  File "/usr/lib/python3.8/http/client.py", line 1011, in _send_output
    self.send(msg)
  File "/usr/lib/python3.8/http/client.py", line 951, in send
    self.connect()
  File "/usr/lib/python3.8/http/client.py", line 922, in connect
    self.sock = self._create_connection(
  File "/usr/lib/python3.8/socket.py", line 808, in create_connection
    raise err
  File "/usr/lib/python3.8/socket.py", line 796, in create_connection
    sock.connect(sa)
ConnectionRefusedError: [Errno 111] Connection refused

[rosmaster.master][INFO] 2026-08-31 03:16:14,447: publisherUpdate[/vn100/imu] -> http://robot:38337/ []
[rosmaster.master][INFO] 2026-08-31 03:16:14,448: publisherUpdate[/vn100/imu] -> http://robot:38337/ []: sec=0.00, exception=[Errno 111] Connection refused
[rosmaster.threadpool][ERROR] 2026-08-31 03:16:14,448: Traceback (most recent call last):
  File "/opt/ros/noetic/lib/python3/dist-packages/rosmaster/threadpool.py", line 218, in run
    result = cmd(*args)
  File "/opt/ros/noetic/lib/python3/dist-packages/rosmaster/master_api.py", line 210, in publisher_update_task
    ret = xmlrpcapi(api).publisherUpdate('/master', topic, pub_uris)
  File "/usr/lib/python3.8/xmlrpc/client.py", line 1109, in __call__
    return self.__send(self.__name, args)
  File "/usr/lib/python3.8/xmlrpc/client.py", line 1450, in __request
    response = self.__transport.request(
  File "/usr/lib/python3.8/xmlrpc/client.py", line 1153, in request
    return self.single_request(host, handler, request_body, verbose)
  File "/usr/lib/python3.8/xmlrpc/client.py", line 1165, in single_request
    http_conn = self.send_request(host, handler, request_body, verbose)
  File "/usr/lib/python3.8/xmlrpc/client.py", line 1278, in send_request
    self.send_content(connection, request_body)
  File "/usr/lib/python3.8/xmlrpc/client.py", line 1308, in send_content
    connection.endheaders(request_body)
  File "/usr/lib/python3.8/http/client.py", line 1251, in endheaders
    self._send_output(message_body, encode_chunked=encode_chunked)
  File "/usr/lib/python3.8/http/client.py", line 1011, in _send_output
    self.send(msg)
  File "/usr/lib/python3.8/http/client.py", line 951, in send
    self.connect()
  File "/usr/lib/python3.8/http/client.py", line 922, in connect
    self.sock = self._create_connection(
  File "/usr/lib/python3.8/socket.py", line 808, in create_connection
    raise err
  File "/usr/lib/python3.8/socket.py", line 796, in create_connection
    sock.connect(sa)
ConnectionRefusedError: [Errno 111] Connection refused

