WARNING: Logging before InitGoogleLogging() is written to STDERR
I0830 20:13:21.739998 105933 ROSWrapper.cpp:14] [32m ---> [Param] map/save_map: false[0m
I0830 20:13:21.751853 105933 ROSWrapper.cpp:236] [32m ---> Using Lidar type: UNKNOWN[0m
I0830 20:13:21.757793 105933 super_lio.cpp:82] [32m ---> [SuperLIO]: initialized.[0m
I0830 20:13:21.940567 105933 super_lio.cpp:90] [32m ---> [SuperLIO]: KF init done[0m
I0830 20:13:21.952668 105933 super_lio.cpp:99] [32m ---> [SuperLIO]: Map init done[0m
I0830 20:14:02.339731 105933 timer.h:40] >>> ===== Printing run time =====
I0830 20:14:02.339771 105933 timer.h:46] > [ DownSample ] average time usage: 0.230521 ms , called times: 3981
I0830 20:14:02.339797 105933 timer.h:46] > [ Observe ] average time usage: 4.85775 ms , called times: 3981
I0830 20:14:02.339814 105933 timer.h:46] > [ Undistort ] average time usage: 0.318163 ms , called times: 3981
I0830 20:14:02.339831 105933 timer.h:46] > [ UpdateMap ] average time usage: 3.22331 ms , called times: 3981
I0830 20:14:02.339839 105933 super_lio.cpp:690] [32m ---> [Prob-LIO] pipeline ON (pose model livo2_compat, storage double): cov frames: 3981, points: 13787543, invalid: 0; map cov init inserts: 13881, update inserts: 13787543, hknn cov returns: 198931578, invalid: 0[0m
I0830 20:14:02.339850 105933 super_lio.cpp:708] [32m ---> [Prob-LIO P3] QR plane cov shadow: attempted: 31016374, valid: 31016374, rank_invalid: 0, nonfinite: 0[0m
[offline_node] bag=/home/lc/super_livo/bag/NTU/eee_01/eee_01.bag start_offset=-1.000 duration=-1.000
[offline_node] wrapper subscribers connected
[OfflineReader] view 1609059013.115s..1609059411.798s lidar=3987 imu=153347 other=0 wall=40.336s sensor=398.683s speed=9.884x

=== Offline accounting ===
bag_relevant_messages: 157334
lidar read: 3987   imu read: 153347   other: 0
first/last bag time: 1609059013.114720 / 1609059411.797588
first/last sensor time: 1609059013.114590 / 1609059411.797436
sensor_duration_s: 398.683
wall_processing_s: 40.336
speed_factor: 9.884x
trajectory: /home/lc/super_livo/src/Super-LIO/results/prob_lio/run_20260830_201316/trajectory.tum
