WARNING: Logging before InitGoogleLogging() is written to STDERR
I0830 19:13:10.621096 91842 ROSWrapper.cpp:14] [32m ---> [Param] map/save_map: false[0m
I0830 19:13:10.627710 91842 ROSWrapper.cpp:209] [32m ---> Using Lidar type: UNKNOWN[0m
I0830 19:13:10.630231 91842 super_lio.cpp:86] [32m ---> [SuperLIO]: initialized.[0m
I0830 19:13:10.800168 91842 super_lio.cpp:94] [32m ---> [SuperLIO]: KF init done[0m
I0830 19:13:10.816423 91842 super_lio.cpp:103] [32m ---> [SuperLIO]: Map init done[0m
I0830 19:13:36.449352 91842 timer.h:40] >>> ===== Printing run time =====
I0830 19:13:36.449383 91842 timer.h:46] > [ DownSample ] average time usage: 0.184379 ms , called times: 3981
I0830 19:13:36.449419 91842 timer.h:46] > [ Observe ] average time usage: 2.50376 ms , called times: 3981
I0830 19:13:36.449433 91842 timer.h:46] > [ Undistort ] average time usage: 0.245264 ms , called times: 3981
I0830 19:13:36.449446 91842 timer.h:46] > [ UpdateMap ] average time usage: 2.34383 ms , called times: 3981
I0830 19:13:36.449455 91842 super_lio.cpp:654] [32m ---> [Prob-LIO P1] cov frames: 3981, points: 13787537, invalid: 0[0m
I0830 19:13:36.449465 91842 super_lio.cpp:659] [32m ---> [Prob-LIO P2] map cov init inserts: 13881, update inserts: 13787537, hknn cov returns: 191110053, invalid: 0[0m
[offline_node] bag=/home/lc/super_livo/bag/NTU/eee_01/eee_01.bag start_offset=-1.000 duration=-1.000
[offline_node] wrapper subscribers connected
[OfflineReader] view 1609059013.115s..1609059411.798s lidar=3987 imu=153347 other=0 wall=25.589s sensor=398.683s speed=15.580x

=== Offline accounting ===
bag_relevant_messages: 157334
lidar read: 3987   imu read: 153347   other: 0
first/last bag time: 1609059013.114720 / 1609059411.797588
first/last sensor time: 1609059013.114590 / 1609059411.797436
sensor_duration_s: 398.683
wall_processing_s: 25.589
speed_factor: 15.580x
trajectory: /home/lc/super_livo/src/Super-LIO/results/prob_lio/run_20260830_191305/trajectory.tum
