WARNING: Logging before InitGoogleLogging() is written to STDERR
I0831 03:12:30.726759 319701 ROSWrapper.cpp:14] [32m ---> [Param] map/save_map: false[0m
I0831 03:12:30.742268 319701 ROSWrapper.cpp:310] [32m ---> Using Lidar type: LIVOX[0m
I0831 03:12:30.752950 319701 super_lio.cpp:91] [32m ---> [SuperLIO]: initialized.[0m
I0831 03:12:30.856561 319701 super_lio.cpp:99] [32m ---> [SuperLIO]: KF init done[0m
I0831 03:12:30.862665 319701 super_lio.cpp:108] [32m ---> [SuperLIO]: Map init done[0m
I0831 03:13:02.567731 319701 timer.h:40] >>> ===== Printing run time =====
I0831 03:13:02.567778 319701 timer.h:46] > [ DownSample ] average time usage: 0.343796 ms , called times: 4661
I0831 03:13:02.567811 319701 timer.h:46] > [ Observe ] average time usage: 3.13391 ms , called times: 4661
I0831 03:13:02.567834 319701 timer.h:46] > [ Undistort ] average time usage: 0.700436 ms , called times: 4661
I0831 03:13:02.567855 319701 timer.h:46] > [ UpdateMap ] average time usage: 0.550544 ms , called times: 4661
[offline_node] bag=/home/lc/super_livo/src/Super-LIO/results/prob_lio/p11_mcd_input/ntu_night_08_lio_filtered.bag start_offset=-1.000 duration=-1.000
[offline_node] wrapper subscribers connected
[OfflineReader] view 1645018879.502s..1645019346.271s lidar=4667 imu=185463 other=0 wall=31.661s sensor=466.769s speed=14.743x

=== Offline accounting ===
bag_relevant_messages: 190130
lidar read: 4667   imu read: 185463   other: 0
first/last bag time: 1645018879.502415 / 1645019346.270871
first/last sensor time: 1645018879.502201 / 1645019346.270790
sensor_duration_s: 466.769
wall_processing_s: 31.661
speed_factor: 14.743x
trajectory: /home/lc/super_livo/src/Super-LIO/results/prob_lio/p11_mcd_night08_b0_canonical/trajectory.tum
