[rosmaster.main][INFO] 2026-08-31 02:45:20,164: initialization complete, waiting for shutdown
[rosmaster.main][INFO] 2026-08-31 02:45:20,164: Starting ROS Master Node
[xmlrpc][INFO] 2026-08-31 02:45:20,165: XML-RPC server binding to 0.0.0.0:11463
[xmlrpc][INFO] 2026-08-31 02:45:20,166: Started XML-RPC server [http://robot:11463/]
[rosmaster.master][INFO] 2026-08-31 02:45:20,166: Master initialized: port[11463], uri[http://robot:11463/]
[xmlrpc][INFO] 2026-08-31 02:45:20,166: xml rpc node: starting XML-RPC server
[rosmaster.master][INFO] 2026-08-31 02:45:23,429: +PARAM [/lio/map/save_map] by /rosparam-311697
[rosmaster.master][INFO] 2026-08-31 02:45:23,430: +PARAM [/lio/map/if_filter] by /rosparam-311697
[rosmaster.master][INFO] 2026-08-31 02:45:23,431: +PARAM [/lio/map/save_map_dir] by /rosparam-311697
[rosmaster.master][INFO] 2026-08-31 02:45:23,433: +PARAM [/lio/map/map_name] by /rosparam-311697
[rosmaster.master][INFO] 2026-08-31 02:45:23,434: +PARAM [/lio/map/ds_size] by /rosparam-311697
[rosmaster.master][INFO] 2026-08-31 02:45:23,436: +PARAM [/lio/map/save_interval] by /rosparam-311697
[rosmaster.master][INFO] 2026-08-31 02:45:23,437: +PARAM [/lio/ros/lidar_topic] by /rosparam-311697
[rosmaster.master][INFO] 2026-08-31 02:45:23,437: +PARAM [/lio/ros/imu_topic] by /rosparam-311697
[rosmaster.master][INFO] 2026-08-31 02:45:23,438: +PARAM [/lio/sensor/lidar_type] by /rosparam-311697
[rosmaster.master][INFO] 2026-08-31 02:45:23,439: +PARAM [/lio/sensor/blind] by /rosparam-311697
[rosmaster.master][INFO] 2026-08-31 02:45:23,440: +PARAM [/lio/sensor/maxrange] by /rosparam-311697
[rosmaster.master][INFO] 2026-08-31 02:45:23,441: +PARAM [/lio/sensor/filter_rate] by /rosparam-311697
[rosmaster.master][INFO] 2026-08-31 02:45:23,442: +PARAM [/lio/sensor/enable_downsample] by /rosparam-311697
[rosmaster.master][INFO] 2026-08-31 02:45:23,443: +PARAM [/lio/sensor/voxel_fliter_size] by /rosparam-311697
[rosmaster.master][INFO] 2026-08-31 02:45:23,444: +PARAM [/lio/sensor/gravity_norm] by /rosparam-311697
[rosmaster.master][INFO] 2026-08-31 02:45:23,445: +PARAM [/lio/sensor/imu_type] by /rosparam-311697
[rosmaster.master][INFO] 2026-08-31 02:45:23,446: +PARAM [/lio/sensor/imu_na] by /rosparam-311697
[rosmaster.master][INFO] 2026-08-31 02:45:23,447: +PARAM [/lio/sensor/imu_ng] by /rosparam-311697
[rosmaster.master][INFO] 2026-08-31 02:45:23,448: +PARAM [/lio/sensor/imu_nba] by /rosparam-311697
[rosmaster.master][INFO] 2026-08-31 02:45:23,449: +PARAM [/lio/sensor/imu_nbg] by /rosparam-311697
[rosmaster.master][INFO] 2026-08-31 02:45:23,449: +PARAM [/lio/sensor/dept_err] by /rosparam-311697
[rosmaster.master][INFO] 2026-08-31 02:45:23,450: +PARAM [/lio/sensor/beam_err] by /rosparam-311697
[rosmaster.master][INFO] 2026-08-31 02:45:23,451: +PARAM [/lio/prob_lio/cov_enable] by /rosparam-311697
[rosmaster.master][INFO] 2026-08-31 02:45:23,452: +PARAM [/lio/prob_lio/map_pose_cov_model] by /rosparam-311697
[rosmaster.master][INFO] 2026-08-31 02:45:23,453: +PARAM [/lio/prob_lio/map_cov_storage_precision] by /rosparam-311697
[rosmaster.master][INFO] 2026-08-31 02:45:23,454: +PARAM [/lio/prob_lio/qr_plane_cov_enable] by /rosparam-311697
[rosmaster.master][INFO] 2026-08-31 02:45:23,455: +PARAM [/lio/prob_lio/p2p_weight_mode] by /rosparam-311697
[rosmaster.master][INFO] 2026-08-31 02:45:23,456: +PARAM [/lio/prob_lio/cov_validation_mode] by /rosparam-311697
[rosmaster.master][INFO] 2026-08-31 02:45:23,457: +PARAM [/lio/prob_lio/association_mode] by /rosparam-311697
[rosmaster.master][INFO] 2026-08-31 02:45:23,458: +PARAM [/lio/prob_lio/assoc_sigma_num] by /rosparam-311697
[rosmaster.master][INFO] 2026-08-31 02:45:23,459: +PARAM [/lio/prob_lio/prob_assoc_shadow_enable] by /rosparam-311697
[rosmaster.master][INFO] 2026-08-31 02:45:23,460: +PARAM [/lio/prob_lio/association_pose_cov_model] by /rosparam-311697
[rosmaster.master][INFO] 2026-08-31 02:45:23,461: +PARAM [/lio/prob_lio/association_sensor_cov_model] by /rosparam-311697
[rosmaster.master][INFO] 2026-08-31 02:45:23,462: +PARAM [/lio/extrinsic/lidar_imu] by /rosparam-311697
[rosmaster.master][INFO] 2026-08-31 02:45:23,463: +PARAM [/lio/extrinsic/odom_robo] by /rosparam-311697
[rosmaster.master][INFO] 2026-08-31 02:45:23,465: +PARAM [/lio/hash_map/hash_capacity] by /rosparam-311697
[rosmaster.master][INFO] 2026-08-31 02:45:23,466: +PARAM [/lio/hash_map/vox_resolution] by /rosparam-311697
[rosmaster.master][INFO] 2026-08-31 02:45:23,467: +PARAM [/lio/kf/kf_type] by /rosparam-311697
[rosmaster.master][INFO] 2026-08-31 02:45:23,467: +PARAM [/lio/kf/kf_max_iterations] by /rosparam-311697
[rosmaster.master][INFO] 2026-08-31 02:45:23,468: +PARAM [/lio/kf/kf_align_gravity] by /rosparam-311697
[rosmaster.master][INFO] 2026-08-31 02:45:23,469: +PARAM [/lio/kf/kf_quit_eps] by /rosparam-311697
[rosmaster.master][INFO] 2026-08-31 02:45:23,470: +PARAM [/lio/output/robot] by /rosparam-311697
[rosmaster.master][INFO] 2026-08-31 02:45:23,471: +PARAM [/lio/output/plan_env_world] by /rosparam-311697
[rosmaster.master][INFO] 2026-08-31 02:45:23,472: +PARAM [/lio/output/plan_env_body] by /rosparam-311697
[rosmaster.master][INFO] 2026-08-31 02:45:23,473: +PARAM [/lio/output/planner] by /rosparam-311697
[rosmaster.master][INFO] 2026-08-31 02:45:23,473: +PARAM [/lio/output/map] by /rosparam-311697
[rosmaster.master][INFO] 2026-08-31 02:45:23,474: +PARAM [/lio/output/dense] by /rosparam-311697
[rosmaster.master][INFO] 2026-08-31 02:45:23,475: +PARAM [/lio/output/pub_step] by /rosparam-311697
[rosmaster.master][INFO] 2026-08-31 02:45:23,476: +PARAM [/lio/eva/timer] by /rosparam-311697
[rosmaster.master][INFO] 2026-08-31 02:45:23,553: +PARAM [/lio/offline/bag] by /rosparam-311748
[rosmaster.master][INFO] 2026-08-31 02:45:23,633: +PARAM [/lio/prob_lio/cov_enable] by /rosparam-311751
[rosmaster.master][INFO] 2026-08-31 02:45:23,715: +PARAM [/lio/prob_lio/cov_validation_mode] by /rosparam-311756
[rosmaster.master][INFO] 2026-08-31 02:45:23,792: +PARAM [/lio/prob_lio/map_pose_cov_model] by /rosparam-311761
[rosmaster.master][INFO] 2026-08-31 02:45:23,882: +PARAM [/lio/prob_lio/map_cov_storage_precision] by /rosparam-311766
[rosmaster.master][INFO] 2026-08-31 02:45:23,972: +PARAM [/lio/prob_lio/qr_plane_cov_enable] by /rosparam-311771
[rosmaster.master][INFO] 2026-08-31 02:45:24,051: +PARAM [/lio/prob_lio/p2p_weight_mode] by /rosparam-311776
[rosmaster.master][INFO] 2026-08-31 02:45:24,133: +PARAM [/lio/prob_lio/association_mode] by /rosparam-311781
[rosmaster.master][INFO] 2026-08-31 02:45:24,207: +PARAM [/lio/prob_lio/prob_assoc_shadow_enable] by /rosparam-311786
[rosmaster.master][INFO] 2026-08-31 02:45:24,283: +PARAM [/lio/prob_lio/association_pose_cov_model] by /rosparam-311791
[rosmaster.master][INFO] 2026-08-31 02:45:24,355: +PARAM [/lio/prob_lio/association_sensor_cov_model] by /rosparam-311796
[rosmaster.master][INFO] 2026-08-31 02:45:24,427: +PARAM [/lio/offline/out_dir] by /rosparam-311801
[rosmaster.master][INFO] 2026-08-31 02:45:24,787: +PUB [/rosout] /lio_offline http://robot:43429/
[rosmaster.master][INFO] 2026-08-31 02:45:24,787: +SERVICE [/lio_offline/get_loggers] /lio_offline http://robot:43429/
[rosmaster.master][INFO] 2026-08-31 02:45:24,788: +SERVICE [/lio_offline/set_logger_level] /lio_offline http://robot:43429/
[rosmaster.master][INFO] 2026-08-31 02:45:24,801: +PUB [/tf] /lio_offline http://robot:43429/
[rosmaster.master][INFO] 2026-08-31 02:45:24,802: +SUB [/os1_cloud_node1/points] /lio_offline http://robot:43429/
[rosmaster.master][INFO] 2026-08-31 02:45:24,803: +SUB [/imu/imu] /lio_offline http://robot:43429/
[rosmaster.master][INFO] 2026-08-31 02:45:24,803: +PUB [/lio/odom] /lio_offline http://robot:43429/
[rosmaster.master][INFO] 2026-08-31 02:45:24,803: +PUB [/lio/path] /lio_offline http://robot:43429/
[rosmaster.master][INFO] 2026-08-31 02:45:24,804: +PUB [/lio/path_robot] /lio_offline http://robot:43429/
[rosmaster.master][INFO] 2026-08-31 02:45:24,807: +PUB [/os1_cloud_node1/points] /lio_offline http://robot:43429/
[rosmaster.master][INFO] 2026-08-31 02:45:24,807: +PUB [/imu/imu] /lio_offline http://robot:43429/
[rosmaster.master][INFO] 2026-08-31 02:45:24,809: +SUB [/lio/odom] /lio_offline http://robot:43429/
[rosmaster.master][INFO] 2026-08-31 02:45:24,872: publisherUpdate[/os1_cloud_node1/points] -> http://robot:43429/ ['http://robot:43429/']
[rosmaster.master][INFO] 2026-08-31 02:45:24,875: publisherUpdate[/os1_cloud_node1/points] -> http://robot:43429/ ['http://robot:43429/']: sec=0.00, result=[1, '', 0]
[rosmaster.master][INFO] 2026-08-31 02:45:24,875: publisherUpdate[/imu/imu] -> http://robot:43429/ ['http://robot:43429/']
[rosmaster.master][INFO] 2026-08-31 02:45:24,875: publisherUpdate[/imu/imu] -> http://robot:43429/ ['http://robot:43429/']: sec=0.00, result=[1, '', 0]
[rosmaster.master][INFO] 2026-08-31 02:45:25,050: +PUB [/lio/imu/odom] /lio_offline http://robot:43429/
[rosmaster.master][INFO] 2026-08-31 02:45:25,051: +PUB [/lio/robo/odom] /lio_offline http://robot:43429/
[rosmaster.master][INFO] 2026-08-31 02:45:25,066: +PUB [/lio/cloud_world] /lio_offline http://robot:43429/
[rosmaster.master][INFO] 2026-08-31 02:46:06,458: -PUB [/rosout] /lio_offline http://robot:43429/
[rosmaster.master][INFO] 2026-08-31 02:46:06,459: -PUB [/tf] /lio_offline http://robot:43429/
[rosmaster.master][INFO] 2026-08-31 02:46:06,459: -PUB [/lio/odom] /lio_offline http://robot:43429/
[rosmaster.master][INFO] 2026-08-31 02:46:06,459: -PUB [/lio/path] /lio_offline http://robot:43429/
[rosmaster.master][INFO] 2026-08-31 02:46:06,460: -PUB [/lio/path_robot] /lio_offline http://robot:43429/
[rosmaster.master][INFO] 2026-08-31 02:46:06,460: -PUB [/os1_cloud_node1/points] /lio_offline http://robot:43429/
[rosmaster.master][INFO] 2026-08-31 02:46:06,460: -PUB [/imu/imu] /lio_offline http://robot:43429/
[rosmaster.master][INFO] 2026-08-31 02:46:06,460: -PUB [/lio/imu/odom] /lio_offline http://robot:43429/
[rosmaster.master][INFO] 2026-08-31 02:46:06,461: -PUB [/lio/robo/odom] /lio_offline http://robot:43429/
[rosmaster.master][INFO] 2026-08-31 02:46:06,461: -PUB [/lio/cloud_world] /lio_offline http://robot:43429/
[rosmaster.master][INFO] 2026-08-31 02:46:06,461: -SUB [/os1_cloud_node1/points] /lio_offline http://robot:43429/
[rosmaster.master][INFO] 2026-08-31 02:46:06,461: -SUB [/imu/imu] /lio_offline http://robot:43429/
[rosmaster.master][INFO] 2026-08-31 02:46:06,462: -SUB [/lio/odom] /lio_offline http://robot:43429/
[rosmaster.master][INFO] 2026-08-31 02:46:06,462: -SERVICE [/lio_offline/get_loggers] /lio_offline rosrpc://robot:54221
[rosmaster.master][INFO] 2026-08-31 02:46:06,462: -SERVICE [/lio_offline/set_logger_level] /lio_offline rosrpc://robot:54221
[rosmaster.master][INFO] 2026-08-31 02:46:06,464: publisherUpdate[/lio/odom] -> http://robot:43429/ []
[rosmaster.master][INFO] 2026-08-31 02:46:06,468: publisherUpdate[/lio/odom] -> http://robot:43429/ []: sec=0.00, exception=[Errno 111] Connection refused
[rosmaster.threadpool][ERROR] 2026-08-31 02:46:06,469: Traceback (most recent call last):
  File "/opt/ros/noetic/lib/python3/dist-packages/rosmaster/threadpool.py", line 218, in run
    result = cmd(*args)
  File "/opt/ros/noetic/lib/python3/dist-packages/rosmaster/master_api.py", line 210, in publisher_update_task
    ret = xmlrpcapi(api).publisherUpdate('/master', topic, pub_uris)
  File "/usr/lib/python3.8/xmlrpc/client.py", line 1109, in __call__
    return self.__send(self.__name, args)
  File "/usr/lib/python3.8/xmlrpc/client.py", line 1450, in __request
    response = self.__transport.request(
  File "/usr/lib/python3.8/xmlrpc/client.py", line 1153, in request
    return self.single_request(host, handler, request_body, verbose)
  File "/usr/lib/python3.8/xmlrpc/client.py", line 1165, in single_request
    http_conn = self.send_request(host, handler, request_body, verbose)
  File "/usr/lib/python3.8/xmlrpc/client.py", line 1278, in send_request
    self.send_content(connection, request_body)
  File "/usr/lib/python3.8/xmlrpc/client.py", line 1308, in send_content
    connection.endheaders(request_body)
  File "/usr/lib/python3.8/http/client.py", line 1251, in endheaders
    self._send_output(message_body, encode_chunked=encode_chunked)
  File "/usr/lib/python3.8/http/client.py", line 1011, in _send_output
    self.send(msg)
  File "/usr/lib/python3.8/http/client.py", line 951, in send
    self.connect()
  File "/usr/lib/python3.8/http/client.py", line 922, in connect
    self.sock = self._create_connection(
  File "/usr/lib/python3.8/socket.py", line 808, in create_connection
    raise err
  File "/usr/lib/python3.8/socket.py", line 796, in create_connection
    sock.connect(sa)
ConnectionRefusedError: [Errno 111] Connection refused

[rosmaster.master][INFO] 2026-08-31 02:46:06,469: publisherUpdate[/os1_cloud_node1/points] -> http://robot:43429/ []
[rosmaster.master][INFO] 2026-08-31 02:46:06,469: publisherUpdate[/os1_cloud_node1/points] -> http://robot:43429/ []: sec=0.00, exception=[Errno 111] Connection refused
[rosmaster.threadpool][ERROR] 2026-08-31 02:46:06,469: Traceback (most recent call last):
  File "/opt/ros/noetic/lib/python3/dist-packages/rosmaster/threadpool.py", line 218, in run
    result = cmd(*args)
  File "/opt/ros/noetic/lib/python3/dist-packages/rosmaster/master_api.py", line 210, in publisher_update_task
    ret = xmlrpcapi(api).publisherUpdate('/master', topic, pub_uris)
  File "/usr/lib/python3.8/xmlrpc/client.py", line 1109, in __call__
    return self.__send(self.__name, args)
  File "/usr/lib/python3.8/xmlrpc/client.py", line 1450, in __request
    response = self.__transport.request(
  File "/usr/lib/python3.8/xmlrpc/client.py", line 1153, in request
    return self.single_request(host, handler, request_body, verbose)
  File "/usr/lib/python3.8/xmlrpc/client.py", line 1165, in single_request
    http_conn = self.send_request(host, handler, request_body, verbose)
  File "/usr/lib/python3.8/xmlrpc/client.py", line 1278, in send_request
    self.send_content(connection, request_body)
  File "/usr/lib/python3.8/xmlrpc/client.py", line 1308, in send_content
    connection.endheaders(request_body)
  File "/usr/lib/python3.8/http/client.py", line 1251, in endheaders
    self._send_output(message_body, encode_chunked=encode_chunked)
  File "/usr/lib/python3.8/http/client.py", line 1011, in _send_output
    self.send(msg)
  File "/usr/lib/python3.8/http/client.py", line 951, in send
    self.connect()
  File "/usr/lib/python3.8/http/client.py", line 922, in connect
    self.sock = self._create_connection(
  File "/usr/lib/python3.8/socket.py", line 808, in create_connection
    raise err
  File "/usr/lib/python3.8/socket.py", line 796, in create_connection
    sock.connect(sa)
ConnectionRefusedError: [Errno 111] Connection refused

[rosmaster.master][INFO] 2026-08-31 02:46:06,469: publisherUpdate[/imu/imu] -> http://robot:43429/ []
[rosmaster.master][INFO] 2026-08-31 02:46:06,470: publisherUpdate[/imu/imu] -> http://robot:43429/ []: sec=0.00, exception=[Errno 111] Connection refused
[rosmaster.threadpool][ERROR] 2026-08-31 02:46:06,470: Traceback (most recent call last):
  File "/opt/ros/noetic/lib/python3/dist-packages/rosmaster/threadpool.py", line 218, in run
    result = cmd(*args)
  File "/opt/ros/noetic/lib/python3/dist-packages/rosmaster/master_api.py", line 210, in publisher_update_task
    ret = xmlrpcapi(api).publisherUpdate('/master', topic, pub_uris)
  File "/usr/lib/python3.8/xmlrpc/client.py", line 1109, in __call__
    return self.__send(self.__name, args)
  File "/usr/lib/python3.8/xmlrpc/client.py", line 1450, in __request
    response = self.__transport.request(
  File "/usr/lib/python3.8/xmlrpc/client.py", line 1153, in request
    return self.single_request(host, handler, request_body, verbose)
  File "/usr/lib/python3.8/xmlrpc/client.py", line 1165, in single_request
    http_conn = self.send_request(host, handler, request_body, verbose)
  File "/usr/lib/python3.8/xmlrpc/client.py", line 1278, in send_request
    self.send_content(connection, request_body)
  File "/usr/lib/python3.8/xmlrpc/client.py", line 1308, in send_content
    connection.endheaders(request_body)
  File "/usr/lib/python3.8/http/client.py", line 1251, in endheaders
    self._send_output(message_body, encode_chunked=encode_chunked)
  File "/usr/lib/python3.8/http/client.py", line 1011, in _send_output
    self.send(msg)
  File "/usr/lib/python3.8/http/client.py", line 951, in send
    self.connect()
  File "/usr/lib/python3.8/http/client.py", line 922, in connect
    self.sock = self._create_connection(
  File "/usr/lib/python3.8/socket.py", line 808, in create_connection
    raise err
  File "/usr/lib/python3.8/socket.py", line 796, in create_connection
    sock.connect(sa)
ConnectionRefusedError: [Errno 111] Connection refused

