[rosmaster.main][INFO] 2026-08-31 03:20:29,448: initialization complete, waiting for shutdown
[rosmaster.main][INFO] 2026-08-31 03:20:29,448: Starting ROS Master Node
[xmlrpc][INFO] 2026-08-31 03:20:29,449: XML-RPC server binding to 0.0.0.0:11509
[xmlrpc][INFO] 2026-08-31 03:20:29,450: Started XML-RPC server [http://robot:11509/]
[rosmaster.master][INFO] 2026-08-31 03:20:29,450: Master initialized: port[11509], uri[http://robot:11509/]
[xmlrpc][INFO] 2026-08-31 03:20:29,450: xml rpc node: starting XML-RPC server
[rosmaster.master][INFO] 2026-08-31 03:20:32,732: +PARAM [/lio/map/save_map] by /rosparam-323850
[rosmaster.master][INFO] 2026-08-31 03:20:32,733: +PARAM [/lio/map/if_filter] by /rosparam-323850
[rosmaster.master][INFO] 2026-08-31 03:20:32,734: +PARAM [/lio/map/save_map_dir] by /rosparam-323850
[rosmaster.master][INFO] 2026-08-31 03:20:32,736: +PARAM [/lio/map/map_name] by /rosparam-323850
[rosmaster.master][INFO] 2026-08-31 03:20:32,737: +PARAM [/lio/map/ds_size] by /rosparam-323850
[rosmaster.master][INFO] 2026-08-31 03:20:32,738: +PARAM [/lio/map/save_interval] by /rosparam-323850
[rosmaster.master][INFO] 2026-08-31 03:20:32,740: +PARAM [/lio/ros/lidar_topic] by /rosparam-323850
[rosmaster.master][INFO] 2026-08-31 03:20:32,741: +PARAM [/lio/ros/imu_topic] by /rosparam-323850
[rosmaster.master][INFO] 2026-08-31 03:20:32,742: +PARAM [/lio/sensor/lidar_type] by /rosparam-323850
[rosmaster.master][INFO] 2026-08-31 03:20:32,743: +PARAM [/lio/sensor/blind] by /rosparam-323850
[rosmaster.master][INFO] 2026-08-31 03:20:32,744: +PARAM [/lio/sensor/maxrange] by /rosparam-323850
[rosmaster.master][INFO] 2026-08-31 03:20:32,746: +PARAM [/lio/sensor/filter_rate] by /rosparam-323850
[rosmaster.master][INFO] 2026-08-31 03:20:32,747: +PARAM [/lio/sensor/enable_downsample] by /rosparam-323850
[rosmaster.master][INFO] 2026-08-31 03:20:32,748: +PARAM [/lio/sensor/voxel_fliter_size] by /rosparam-323850
[rosmaster.master][INFO] 2026-08-31 03:20:32,749: +PARAM [/lio/sensor/gravity_norm] by /rosparam-323850
[rosmaster.master][INFO] 2026-08-31 03:20:32,750: +PARAM [/lio/sensor/imu_type] by /rosparam-323850
[rosmaster.master][INFO] 2026-08-31 03:20:32,750: +PARAM [/lio/sensor/imu_na] by /rosparam-323850
[rosmaster.master][INFO] 2026-08-31 03:20:32,751: +PARAM [/lio/sensor/imu_ng] by /rosparam-323850
[rosmaster.master][INFO] 2026-08-31 03:20:32,753: +PARAM [/lio/sensor/imu_nba] by /rosparam-323850
[rosmaster.master][INFO] 2026-08-31 03:20:32,754: +PARAM [/lio/sensor/imu_nbg] by /rosparam-323850
[rosmaster.master][INFO] 2026-08-31 03:20:32,755: +PARAM [/lio/sensor/dept_err] by /rosparam-323850
[rosmaster.master][INFO] 2026-08-31 03:20:32,756: +PARAM [/lio/sensor/beam_err] by /rosparam-323850
[rosmaster.master][INFO] 2026-08-31 03:20:32,756: +PARAM [/lio/prob_lio/cov_enable] by /rosparam-323850
[rosmaster.master][INFO] 2026-08-31 03:20:32,757: +PARAM [/lio/prob_lio/map_pose_cov_model] by /rosparam-323850
[rosmaster.master][INFO] 2026-08-31 03:20:32,758: +PARAM [/lio/prob_lio/map_cov_storage_precision] by /rosparam-323850
[rosmaster.master][INFO] 2026-08-31 03:20:32,758: +PARAM [/lio/prob_lio/qr_plane_cov_enable] by /rosparam-323850
[rosmaster.master][INFO] 2026-08-31 03:20:32,759: +PARAM [/lio/prob_lio/p2p_weight_mode] by /rosparam-323850
[rosmaster.master][INFO] 2026-08-31 03:20:32,760: +PARAM [/lio/prob_lio/cov_validation_mode] by /rosparam-323850
[rosmaster.master][INFO] 2026-08-31 03:20:32,761: +PARAM [/lio/prob_lio/association_mode] by /rosparam-323850
[rosmaster.master][INFO] 2026-08-31 03:20:32,762: +PARAM [/lio/prob_lio/assoc_sigma_num] by /rosparam-323850
[rosmaster.master][INFO] 2026-08-31 03:20:32,763: +PARAM [/lio/prob_lio/prob_assoc_shadow_enable] by /rosparam-323850
[rosmaster.master][INFO] 2026-08-31 03:20:32,763: +PARAM [/lio/prob_lio/association_pose_cov_model] by /rosparam-323850
[rosmaster.master][INFO] 2026-08-31 03:20:32,765: +PARAM [/lio/prob_lio/association_sensor_cov_model] by /rosparam-323850
[rosmaster.master][INFO] 2026-08-31 03:20:32,765: +PARAM [/lio/extrinsic/lidar_imu] by /rosparam-323850
[rosmaster.master][INFO] 2026-08-31 03:20:32,766: +PARAM [/lio/extrinsic/odom_robo] by /rosparam-323850
[rosmaster.master][INFO] 2026-08-31 03:20:32,767: +PARAM [/lio/hash_map/hash_capacity] by /rosparam-323850
[rosmaster.master][INFO] 2026-08-31 03:20:32,768: +PARAM [/lio/hash_map/vox_resolution] by /rosparam-323850
[rosmaster.master][INFO] 2026-08-31 03:20:32,769: +PARAM [/lio/kf/kf_type] by /rosparam-323850
[rosmaster.master][INFO] 2026-08-31 03:20:32,770: +PARAM [/lio/kf/kf_max_iterations] by /rosparam-323850
[rosmaster.master][INFO] 2026-08-31 03:20:32,771: +PARAM [/lio/kf/kf_align_gravity] by /rosparam-323850
[rosmaster.master][INFO] 2026-08-31 03:20:32,772: +PARAM [/lio/kf/kf_quit_eps] by /rosparam-323850
[rosmaster.master][INFO] 2026-08-31 03:20:32,773: +PARAM [/lio/output/robot] by /rosparam-323850
[rosmaster.master][INFO] 2026-08-31 03:20:32,774: +PARAM [/lio/output/plan_env_world] by /rosparam-323850
[rosmaster.master][INFO] 2026-08-31 03:20:32,775: +PARAM [/lio/output/plan_env_body] by /rosparam-323850
[rosmaster.master][INFO] 2026-08-31 03:20:32,775: +PARAM [/lio/output/planner] by /rosparam-323850
[rosmaster.master][INFO] 2026-08-31 03:20:32,776: +PARAM [/lio/output/map] by /rosparam-323850
[rosmaster.master][INFO] 2026-08-31 03:20:32,777: +PARAM [/lio/output/dense] by /rosparam-323850
[rosmaster.master][INFO] 2026-08-31 03:20:32,778: +PARAM [/lio/output/pub_step] by /rosparam-323850
[rosmaster.master][INFO] 2026-08-31 03:20:32,778: +PARAM [/lio/eva/timer] by /rosparam-323850
[rosmaster.master][INFO] 2026-08-31 03:20:32,850: +PARAM [/lio/offline/bag] by /rosparam-323901
[rosmaster.master][INFO] 2026-08-31 03:20:32,923: +PARAM [/lio/prob_lio/cov_enable] by /rosparam-323904
[rosmaster.master][INFO] 2026-08-31 03:20:33,020: +PARAM [/lio/prob_lio/cov_validation_mode] by /rosparam-323909
[rosmaster.master][INFO] 2026-08-31 03:20:33,102: +PARAM [/lio/prob_lio/map_pose_cov_model] by /rosparam-323914
[rosmaster.master][INFO] 2026-08-31 03:20:33,185: +PARAM [/lio/prob_lio/map_cov_storage_precision] by /rosparam-323919
[rosmaster.master][INFO] 2026-08-31 03:20:33,262: +PARAM [/lio/prob_lio/qr_plane_cov_enable] by /rosparam-323924
[rosmaster.master][INFO] 2026-08-31 03:20:33,336: +PARAM [/lio/prob_lio/p2p_weight_mode] by /rosparam-323929
[rosmaster.master][INFO] 2026-08-31 03:20:33,419: +PARAM [/lio/prob_lio/association_mode] by /rosparam-323934
[rosmaster.master][INFO] 2026-08-31 03:20:33,497: +PARAM [/lio/prob_lio/prob_assoc_shadow_enable] by /rosparam-323939
[rosmaster.master][INFO] 2026-08-31 03:20:33,579: +PARAM [/lio/prob_lio/association_pose_cov_model] by /rosparam-323944
[rosmaster.master][INFO] 2026-08-31 03:20:33,669: +PARAM [/lio/prob_lio/association_sensor_cov_model] by /rosparam-323949
[rosmaster.master][INFO] 2026-08-31 03:20:33,761: +PARAM [/lio/offline/out_dir] by /rosparam-323954
[rosmaster.master][INFO] 2026-08-31 03:20:34,139: +PUB [/rosout] /lio_offline http://robot:39649/
[rosmaster.master][INFO] 2026-08-31 03:20:34,139: +SERVICE [/lio_offline/get_loggers] /lio_offline http://robot:39649/
[rosmaster.master][INFO] 2026-08-31 03:20:34,140: +SERVICE [/lio_offline/set_logger_level] /lio_offline http://robot:39649/
[rosmaster.master][INFO] 2026-08-31 03:20:34,151: +PUB [/tf] /lio_offline http://robot:39649/
[rosmaster.master][INFO] 2026-08-31 03:20:34,152: +SUB [/os1_cloud_node1/points] /lio_offline http://robot:39649/
[rosmaster.master][INFO] 2026-08-31 03:20:34,153: +SUB [/imu/imu] /lio_offline http://robot:39649/
[rosmaster.master][INFO] 2026-08-31 03:20:34,154: +PUB [/lio/odom] /lio_offline http://robot:39649/
[rosmaster.master][INFO] 2026-08-31 03:20:34,154: +PUB [/lio/path] /lio_offline http://robot:39649/
[rosmaster.master][INFO] 2026-08-31 03:20:34,154: +PUB [/lio/path_robot] /lio_offline http://robot:39649/
[rosmaster.master][INFO] 2026-08-31 03:20:34,157: +PUB [/os1_cloud_node1/points] /lio_offline http://robot:39649/
[rosmaster.master][INFO] 2026-08-31 03:20:34,158: +PUB [/imu/imu] /lio_offline http://robot:39649/
[rosmaster.master][INFO] 2026-08-31 03:20:34,159: +SUB [/lio/odom] /lio_offline http://robot:39649/
[rosmaster.master][INFO] 2026-08-31 03:20:34,255: publisherUpdate[/os1_cloud_node1/points] -> http://robot:39649/ ['http://robot:39649/']
[rosmaster.master][INFO] 2026-08-31 03:20:34,258: publisherUpdate[/os1_cloud_node1/points] -> http://robot:39649/ ['http://robot:39649/']: sec=0.00, result=[1, '', 0]
[rosmaster.master][INFO] 2026-08-31 03:20:34,258: publisherUpdate[/imu/imu] -> http://robot:39649/ ['http://robot:39649/']
[rosmaster.master][INFO] 2026-08-31 03:20:34,258: publisherUpdate[/imu/imu] -> http://robot:39649/ ['http://robot:39649/']: sec=0.00, result=[1, '', 0]
[rosmaster.master][INFO] 2026-08-31 03:20:34,456: +PUB [/lio/imu/odom] /lio_offline http://robot:39649/
[rosmaster.master][INFO] 2026-08-31 03:20:34,456: +PUB [/lio/robo/odom] /lio_offline http://robot:39649/
[rosmaster.master][INFO] 2026-08-31 03:20:34,475: +PUB [/lio/cloud_world] /lio_offline http://robot:39649/
[rosmaster.master][INFO] 2026-08-31 03:21:22,951: -PUB [/rosout] /lio_offline http://robot:39649/
[rosmaster.master][INFO] 2026-08-31 03:21:22,951: -PUB [/tf] /lio_offline http://robot:39649/
[rosmaster.master][INFO] 2026-08-31 03:21:22,952: -PUB [/lio/odom] /lio_offline http://robot:39649/
[rosmaster.master][INFO] 2026-08-31 03:21:22,952: -PUB [/lio/path] /lio_offline http://robot:39649/
[rosmaster.master][INFO] 2026-08-31 03:21:22,953: -PUB [/lio/path_robot] /lio_offline http://robot:39649/
[rosmaster.master][INFO] 2026-08-31 03:21:22,953: -PUB [/os1_cloud_node1/points] /lio_offline http://robot:39649/
[rosmaster.master][INFO] 2026-08-31 03:21:22,953: -PUB [/imu/imu] /lio_offline http://robot:39649/
[rosmaster.master][INFO] 2026-08-31 03:21:22,954: -PUB [/lio/imu/odom] /lio_offline http://robot:39649/
[rosmaster.master][INFO] 2026-08-31 03:21:22,954: -PUB [/lio/robo/odom] /lio_offline http://robot:39649/
[rosmaster.master][INFO] 2026-08-31 03:21:22,954: -PUB [/lio/cloud_world] /lio_offline http://robot:39649/
[rosmaster.master][INFO] 2026-08-31 03:21:22,954: -SUB [/os1_cloud_node1/points] /lio_offline http://robot:39649/
[rosmaster.master][INFO] 2026-08-31 03:21:22,955: -SUB [/imu/imu] /lio_offline http://robot:39649/
[rosmaster.master][INFO] 2026-08-31 03:21:22,955: -SUB [/lio/odom] /lio_offline http://robot:39649/
[rosmaster.master][INFO] 2026-08-31 03:21:22,955: -SERVICE [/lio_offline/get_loggers] /lio_offline rosrpc://robot:41147
[rosmaster.master][INFO] 2026-08-31 03:21:22,955: -SERVICE [/lio_offline/set_logger_level] /lio_offline rosrpc://robot:41147
[rosmaster.master][INFO] 2026-08-31 03:21:22,961: publisherUpdate[/lio/odom] -> http://robot:39649/ []
[rosmaster.master][INFO] 2026-08-31 03:21:22,962: publisherUpdate[/lio/odom] -> http://robot:39649/ []: sec=0.00, exception=[Errno 111] Connection refused
[rosmaster.threadpool][ERROR] 2026-08-31 03:21:22,963: Traceback (most recent call last):
  File "/opt/ros/noetic/lib/python3/dist-packages/rosmaster/threadpool.py", line 218, in run
    result = cmd(*args)
  File "/opt/ros/noetic/lib/python3/dist-packages/rosmaster/master_api.py", line 210, in publisher_update_task
    ret = xmlrpcapi(api).publisherUpdate('/master', topic, pub_uris)
  File "/usr/lib/python3.8/xmlrpc/client.py", line 1109, in __call__
    return self.__send(self.__name, args)
  File "/usr/lib/python3.8/xmlrpc/client.py", line 1450, in __request
    response = self.__transport.request(
  File "/usr/lib/python3.8/xmlrpc/client.py", line 1153, in request
    return self.single_request(host, handler, request_body, verbose)
  File "/usr/lib/python3.8/xmlrpc/client.py", line 1165, in single_request
    http_conn = self.send_request(host, handler, request_body, verbose)
  File "/usr/lib/python3.8/xmlrpc/client.py", line 1278, in send_request
    self.send_content(connection, request_body)
  File "/usr/lib/python3.8/xmlrpc/client.py", line 1308, in send_content
    connection.endheaders(request_body)
  File "/usr/lib/python3.8/http/client.py", line 1251, in endheaders
    self._send_output(message_body, encode_chunked=encode_chunked)
  File "/usr/lib/python3.8/http/client.py", line 1011, in _send_output
    self.send(msg)
  File "/usr/lib/python3.8/http/client.py", line 951, in send
    self.connect()
  File "/usr/lib/python3.8/http/client.py", line 922, in connect
    self.sock = self._create_connection(
  File "/usr/lib/python3.8/socket.py", line 808, in create_connection
    raise err
  File "/usr/lib/python3.8/socket.py", line 796, in create_connection
    sock.connect(sa)
ConnectionRefusedError: [Errno 111] Connection refused

[rosmaster.master][INFO] 2026-08-31 03:21:22,963: publisherUpdate[/os1_cloud_node1/points] -> http://robot:39649/ []
[rosmaster.master][INFO] 2026-08-31 03:21:22,963: publisherUpdate[/os1_cloud_node1/points] -> http://robot:39649/ []: sec=0.00, exception=[Errno 111] Connection refused
[rosmaster.threadpool][ERROR] 2026-08-31 03:21:22,963: Traceback (most recent call last):
  File "/opt/ros/noetic/lib/python3/dist-packages/rosmaster/threadpool.py", line 218, in run
    result = cmd(*args)
  File "/opt/ros/noetic/lib/python3/dist-packages/rosmaster/master_api.py", line 210, in publisher_update_task
    ret = xmlrpcapi(api).publisherUpdate('/master', topic, pub_uris)
  File "/usr/lib/python3.8/xmlrpc/client.py", line 1109, in __call__
    return self.__send(self.__name, args)
  File "/usr/lib/python3.8/xmlrpc/client.py", line 1450, in __request
    response = self.__transport.request(
  File "/usr/lib/python3.8/xmlrpc/client.py", line 1153, in request
    return self.single_request(host, handler, request_body, verbose)
  File "/usr/lib/python3.8/xmlrpc/client.py", line 1165, in single_request
    http_conn = self.send_request(host, handler, request_body, verbose)
  File "/usr/lib/python3.8/xmlrpc/client.py", line 1278, in send_request
    self.send_content(connection, request_body)
  File "/usr/lib/python3.8/xmlrpc/client.py", line 1308, in send_content
    connection.endheaders(request_body)
  File "/usr/lib/python3.8/http/client.py", line 1251, in endheaders
    self._send_output(message_body, encode_chunked=encode_chunked)
  File "/usr/lib/python3.8/http/client.py", line 1011, in _send_output
    self.send(msg)
  File "/usr/lib/python3.8/http/client.py", line 951, in send
    self.connect()
  File "/usr/lib/python3.8/http/client.py", line 922, in connect
    self.sock = self._create_connection(
  File "/usr/lib/python3.8/socket.py", line 808, in create_connection
    raise err
  File "/usr/lib/python3.8/socket.py", line 796, in create_connection
    sock.connect(sa)
ConnectionRefusedError: [Errno 111] Connection refused

[rosmaster.master][INFO] 2026-08-31 03:21:22,963: publisherUpdate[/imu/imu] -> http://robot:39649/ []
[rosmaster.master][INFO] 2026-08-31 03:21:22,964: publisherUpdate[/imu/imu] -> http://robot:39649/ []: sec=0.00, exception=[Errno 111] Connection refused
[rosmaster.threadpool][ERROR] 2026-08-31 03:21:22,964: Traceback (most recent call last):
  File "/opt/ros/noetic/lib/python3/dist-packages/rosmaster/threadpool.py", line 218, in run
    result = cmd(*args)
  File "/opt/ros/noetic/lib/python3/dist-packages/rosmaster/master_api.py", line 210, in publisher_update_task
    ret = xmlrpcapi(api).publisherUpdate('/master', topic, pub_uris)
  File "/usr/lib/python3.8/xmlrpc/client.py", line 1109, in __call__
    return self.__send(self.__name, args)
  File "/usr/lib/python3.8/xmlrpc/client.py", line 1450, in __request
    response = self.__transport.request(
  File "/usr/lib/python3.8/xmlrpc/client.py", line 1153, in request
    return self.single_request(host, handler, request_body, verbose)
  File "/usr/lib/python3.8/xmlrpc/client.py", line 1165, in single_request
    http_conn = self.send_request(host, handler, request_body, verbose)
  File "/usr/lib/python3.8/xmlrpc/client.py", line 1278, in send_request
    self.send_content(connection, request_body)
  File "/usr/lib/python3.8/xmlrpc/client.py", line 1308, in send_content
    connection.endheaders(request_body)
  File "/usr/lib/python3.8/http/client.py", line 1251, in endheaders
    self._send_output(message_body, encode_chunked=encode_chunked)
  File "/usr/lib/python3.8/http/client.py", line 1011, in _send_output
    self.send(msg)
  File "/usr/lib/python3.8/http/client.py", line 951, in send
    self.connect()
  File "/usr/lib/python3.8/http/client.py", line 922, in connect
    self.sock = self._create_connection(
  File "/usr/lib/python3.8/socket.py", line 808, in create_connection
    raise err
  File "/usr/lib/python3.8/socket.py", line 796, in create_connection
    sock.connect(sa)
ConnectionRefusedError: [Errno 111] Connection refused

