WARNING: Logging before InitGoogleLogging() is written to STDERR
I0830 23:23:12.247394 201265 ROSWrapper.cpp:14] [32m ---> [Param] map/save_map: false[0m
I0830 23:23:12.257907 201265 ROSWrapper.cpp:301] [32m ---> Using Lidar type: UNKNOWN[0m
I0830 23:23:12.264199 201265 super_lio.cpp:89] [32m ---> [SuperLIO]: initialized.[0m
I0830 23:23:12.456794 201265 super_lio.cpp:97] [32m ---> [SuperLIO]: KF init done[0m
I0830 23:23:12.466596 201265 super_lio.cpp:106] [32m ---> [SuperLIO]: Map init done[0m
[DBG] obs_iter=1 need_converge=0 effect_knn_num_=2433
[DBG] obs_iter=2 need_converge=0 effect_knn_num_=1334
[DBG] obs_iter=1 need_converge=0 effect_knn_num_=2410
[DBG] obs_iter=2 need_converge=0 effect_knn_num_=1442
[DBG] obs_iter=1 need_converge=0 effect_knn_num_=2410
[DBG] obs_iter=2 need_converge=0 effect_knn_num_=1488
[DBG] obs_iter=3 need_converge=0 effect_knn_num_=1474
[DBG] obs_iter=1 need_converge=0 effect_knn_num_=2410
[DBG] obs_iter=2 need_converge=0 effect_knn_num_=1551
[DBG] obs_iter=1 need_converge=0 effect_knn_num_=2418
[DBG] obs_iter=2 need_converge=0 effect_knn_num_=1592
[DBG] obs_iter=3 need_converge=0 effect_knn_num_=1589
[DBG] obs_iter=1 need_converge=0 effect_knn_num_=2398
[DBG] obs_iter=2 need_converge=0 effect_knn_num_=1604
[DBG] obs_iter=3 need_converge=0 effect_knn_num_=1591
[DBG] obs_iter=1 need_converge=0 effect_knn_num_=2421
[DBG] obs_iter=2 need_converge=0 effect_knn_num_=1660
[DBG] obs_iter=1 need_converge=0 effect_knn_num_=2431
[DBG] obs_iter=2 need_converge=0 effect_knn_num_=1689
[DBG] obs_iter=1 need_converge=0 effect_knn_num_=2429
[DBG] obs_iter=2 need_converge=0 effect_knn_num_=1712
[DBG] obs_iter=1 need_converge=0 effect_knn_num_=2419
[DBG] obs_iter=2 need_converge=0 effect_knn_num_=1717
[DBG] obs_iter=1 need_converge=0 effect_knn_num_=2423
[DBG] obs_iter=2 need_converge=0 effect_knn_num_=1723
[DBG] obs_iter=1 need_converge=0 effect_knn_num_=2415
[DBG] obs_iter=2 need_converge=0 effect_knn_num_=1730
[DBG] obs_iter=1 need_converge=0 effect_knn_num_=2422
[DBG] obs_iter=2 need_converge=0 effect_knn_num_=1749
[DBG] obs_iter=3 need_converge=0 effect_knn_num_=1746
[DBG] obs_iter=1 need_converge=0 effect_knn_num_=2441
[DBG] obs_iter=2 need_converge=0 effect_knn_num_=1782
[DBG] obs_iter=1 need_converge=0 effect_knn_num_=2430
[DBG] obs_iter=2 need_converge=0 effect_knn_num_=1795
[DBG] obs_iter=1 need_converge=0 effect_knn_num_=2423
[DBG] obs_iter=2 need_converge=0 effect_knn_num_=1798
[DBG] obs_iter=3 need_converge=0 effect_knn_num_=1794
[DBG] obs_iter=1 need_converge=0 effect_knn_num_=2410
[DBG] obs_iter=2 need_converge=0 effect_knn_num_=1800
[DBG] obs_iter=1 need_converge=0 effect_knn_num_=2415
[DBG] obs_iter=2 need_converge=0 effect_knn_num_=1807
[DBG] obs_iter=3 need_converge=0 effect_knn_num_=1806
[DBG] obs_iter=1 need_converge=0 effect_knn_num_=2404
[DBG] obs_iter=2 need_converge=0 effect_knn_num_=1825
[DBG] obs_iter=3 need_converge=0 effect_knn_num_=1819
[DBG] obs_iter=1 need_converge=0 effect_knn_num_=2422
[DBG] obs_iter=2 need_converge=0 effect_knn_num_=1837
[DBG] obs_iter=1 need_converge=0 effect_knn_num_=2424
[DBG] obs_iter=2 need_converge=0 effect_knn_num_=1847
[DBG] obs_iter=3 need_converge=0 effect_knn_num_=1843
[DBG] obs_iter=1 need_converge=0 effect_knn_num_=2418
[DBG] obs_iter=2 need_converge=0 effect_knn_num_=1854
[DBG] obs_iter=1 need_converge=0 effect_knn_num_=2418
[DBG] obs_iter=2 need_converge=0 effect_knn_num_=1850
[DBG] obs_iter=1 need_converge=0 effect_knn_num_=2419
[DBG] obs_iter=2 need_converge=0 effect_knn_num_=1865
I0830 23:23:12.640333 201265 timer.h:40] >>> ===== Printing run time =====
I0830 23:23:12.640378 201265 timer.h:46] > [ DownSample ] average time usage: 0.126992 ms , called times: 24
I0830 23:23:12.640406 201265 timer.h:46] > [ Observe ] average time usage: 2.21234 ms , called times: 24
I0830 23:23:12.640416 201265 timer.h:46] > [ Undistort ] average time usage: 0.226082 ms , called times: 24
I0830 23:23:12.640426 201265 timer.h:46] > [ UpdateMap ] average time usage: 0.400219 ms , called times: 24
I0830 23:23:12.640437 201265 super_lio.cpp:1124] [32m ---> [Prob-LIO P3] QR plane cov shadow: attempted: 93355, valid: 93355, rank_invalid: 0, nonfinite: 0[0m
I0830 23:23:12.641566 201265 super_lio.cpp:1174] [32m ---> [Prob-LIO P5] shadow frame summaries: 56 frames -> assoc_shadow_frames.csv[0m
I0830 23:23:12.641687 201265 super_lio.cpp:1203] [32m ---> [Prob-LIO P4] weights attempted: 93329, valid: 93329, invalid_nonfinite: 0, invalid_negative: 0; valid w: count=93329 min=4.18459e-11 max=993.779 mean=129.716 near_ceiling(>999)=0 bins=8674/8781/17899/28100/29875; plane var min=3.27133e-06 max=2.38972e+10 mean=280748; point var min=2.30169e-07 max=0.000450156 mean=6.71369e-05[0m
I0830 23:23:12.641711 201265 super_lio.cpp:1222] [32m ---> [Prob-LIO] pipeline ON (pose model livo2_compat, storage double): cov frames: 24, points: 58063, invalid: 0; map cov init inserts: 13881, update inserts: 58063, hknn cov returns: 459872, invalid: 0[0m
[offline_node] bag=/home/lc/super_livo/bag/NTU/eee_01/eee_01.bag start_offset=-1.000 duration=3.000
[offline_node] wrapper subscribers connected
[OfflineReader] view 1609059013.115s..1609059411.798s lidar=30 imu=1157 other=0 wall=0.143s sensor=2.995s speed=20.900x

=== Offline accounting ===
bag_relevant_messages: 1187
lidar read: 30   imu read: 1157   other: 0
first/last bag time: 1609059013.114720 / 1609059016.109766
first/last sensor time: 1609059013.114590 / 1609059016.109413
sensor_duration_s: 2.995
wall_processing_s: 0.143
speed_factor: 20.900x
trajectory: /home/lc/super_livo/src/Super-LIO/results/prob_lio/run_20260830_232306/trajectory.tum
