WARNING: Logging before InitGoogleLogging() is written to STDERR
I0825 23:10:52.130028 147096 ROSWrapper.cpp:38] [32m ---> [Param] map/save_map: false[0m
I0825 23:10:52.132472 147096 ROSWrapper.cpp:57] [32m ---> [Param] eva/instrumentation: false[0m
I0825 23:10:52.137567 147096 ROSWrapper.cpp:257] [32m ---> Using Lidar type: OUSTER[0m
I0825 23:10:52.138396 147096 ROSWrapper.cpp:275] [32m ---> [Param] camera calibration loaded: /home/lc/super_livo/bag/NTU/nya_01/camera_left.yaml[0m
I0825 23:10:52.141084 147096 super_lio.cpp:117] [32m ---> [SuperLIO]: G-1 visual support diagnostics enabled[0m
I0825 23:10:52.141095 147096 super_lio.cpp:136] [32m ---> [SuperLIO]: G-0 shadow sidecar enabled[0m
I0825 23:10:52.141099 147096 super_lio.cpp:163] [32m ---> [SuperLIO]: initialized.[0m
I0825 23:10:52.341902 147096 super_lio.cpp:171] [32m ---> [SuperLIO]: KF init done[0m
I0825 23:10:52.348735 147096 super_lio.cpp:180] [32m ---> [SuperLIO]: Map init done[0m
I0825 23:11:55.096927 147096 timer.h:40] >>> ===== Printing run time =====
I0825 23:11:55.096964 147096 timer.h:46] > [ DownSample ] average time usage: 0.156829 ms , called times: 3940
I0825 23:11:55.096985 147096 timer.h:46] > [ Observe ] average time usage: 9.57664 ms , called times: 3940
I0825 23:11:55.096995 147096 timer.h:46] > [ Undistort ] average time usage: 0.196253 ms , called times: 3940
I0825 23:11:55.097002 147096 timer.h:46] > [ UpdateMap ] average time usage: 0.260461 ms , called times: 3940
[offline_node] camera_epoch=1 camera_enabled=1
[offline_node] processing /home/lc/super_livo/bag/NTU/nya_01/nya_01.bag (publish=false)
[diag] sensor_time=1609043693.308 epochs=500 wall=1.953s imu_consumed=19009 lidar_consumed=500 imu_depth=1 lidar_depth=0 voxels=3329 rss=146716KB
[diag] sensor_time=1609043743.323 epochs=1000 wall=7.910s imu_consumed=38455 lidar_consumed=1000 imu_depth=1 lidar_depth=0 voxels=25548 rss=190072KB
[diag] sensor_time=1609043793.337 epochs=1500 wall=17.653s imu_consumed=57930 lidar_consumed=1500 imu_depth=2 lidar_depth=0 voxels=31244 rss=198776KB
[diag] sensor_time=1609043843.452 epochs=2000 wall=27.197s imu_consumed=77434 lidar_consumed=2002 imu_depth=1 lidar_depth=0 voxels=37744 rss=211712KB
[diag] sensor_time=1609043893.466 epochs=2500 wall=36.585s imu_consumed=96896 lidar_consumed=2502 imu_depth=1 lidar_depth=0 voxels=46358 rss=217520KB
[diag] sensor_time=1609043943.481 epochs=3000 wall=45.754s imu_consumed=116363 lidar_consumed=3002 imu_depth=1 lidar_depth=0 voxels=51769 rss=221744KB
[diag] sensor_time=1609043993.495 epochs=3500 wall=55.553s imu_consumed=135826 lidar_consumed=3502 imu_depth=1 lidar_depth=0 voxels=56735 rss=248732KB

=== Offline accounting ===
bag_relevant_messages: 161136
lidar read/dispatched/skipped: 3950/3950/0
imu   read/dispatched/skipped: 153239/153239/0
other messages: 0
first/last bag time: 1609043643.366421 / 1609044038.272233
first/last sensor timestamp: 1609043643.364155 / 1609044038.271950
first/last estimator timestamp: 1609043643.393777 / 1609044038.208421
images read/dispatched/skipped: 3947/3947/0
first/last image timestamp: 1609043643.393777 / 1609044038.208421
camera buffer: size=0 peak=2 dropped=0
G-0 sidecar: accepted=1621354 rejected=8902401 allocations=38554 evictions=0 active=38554 peak=38554 updates=1345337
G-0 N histogram: 1:0 2:150885 3:118672 4:102237 5:91955 6:84365 7:78501 8:73769 9:69555 10:65784 11:62377 12:59403 13:56479 14:53915 15:51387 16:49120 17:46952 18:45035 19:43318 20:41628
G-1 q_flat distribution (percentiles of 0..1): P50=0.005 P90=0.005 P95=0.005 P99=0.005
G-1 parent(0.5m) q_flat distribution: P50=0.005 P90=0.005 P95=0.005 P99=0.005
G-1 child q_flat by N (P50/P90/P95): N5-7=0.055/0.145/0.165 N8-10=0.095/0.175/0.195 N11-19=0.125/0.205/0.225 N20=0.115/0.195/0.215
G-1 parent q_flat by N_parent (P50/P90/P95): N5-9=0.015/0.045/0.065 N10-19=0.025/0.065/0.085 N20-39=0.025/0.075/0.105 N40-79=0.025/0.085/0.115 N80+=0.035/0.095/0.125

G-1 q_line distribution: P50=0.005 P90=0.005 P95=0.005 P99=0.005
process invocations: 161137
sync epochs (heavy process): 3947 / 3947
remaining imu/lidar in buffer: 26/1
front_lidar_end_time: 1609044038.327165  last_imu_time: 1609044038.271950
unprocessed_reason: front lidar lacks IMU coverage beyond its end_time (no more messages)
sensor_duration_s: 394.908
wall_processing_s: 62.941
speed_factor: 6.274x
peak RSS during loop: 259452 KB
G-2 child maturity: cells=128945 first_visible->N5 median=546 P90=2624; ->valid median=630 P90=2824
G-2 parent maturity: parents=32894 first_visible->valid median=52 P90=1082
G-2 mature_while_visible: child=87297/128945 parent_valid_while_visible=28473/32894
G-2 parent sync events: E0=28473 E3=0 E1(>1deg)=300586 >2=174619 >3=126055 >5=83381
G-3 (n=6526055) normal angle vs HKNN (deg, P50/P90/P95): child=22.90/71.10/80.40 parent=16.90/54.40/69.40
G-3 residual diff vs HKNN (m, P50/P90/P95): child=0.3500/1.1980/1.5810 parent=0.3220/1.0500/1.3710
G-3 child d_n/d_t (m, P50/P90/P95): dn=0.2450/0.9340/1.2780 dt=1.0230/1.7680/1.9540
S-0 camera-epoch: epochs=3947 images_consumed=3940 stale_image_drop=7 empty_slice=0
S-0 camera-epoch: lidar_points_emitted=16261870 future_points_retained=8567613 last_epoch=1609044038.208
S-0 camera-epoch dt (epoch_ts - lidar_end, ms): n=3947 median=100.0 P90=100.0 P95=100.0 P99=100.0
V-0C frontend: entered=3112 frame_null=0
V-0C coverage: frames=3112 cells_total=1428408 cells_with_candidates=3112 occupied_existing=677248 filled_new=26492
V-0C visible_existing/frame P10/P50/P90: 179/223/248
V-0C new_created/frame P10/P50/P90: 1/5/19
V-0C accepted/frame P10/P50/P90: 0/0/0
V-2 photometric: frames=14677 accepted_landmarks=190 total_samples=206601102 meanSSE_per_sample=695.30
V-2 6DOF FD gate: double_math_fail=0 trials_attempted=0 structurally_complete=0 all6_smooth=0 with_nonsmooth=0 distinct_epochs=0 distinct_landmarks=0
V-2 BUNDLE rx: smooth=0 nonsmooth_support=0 nonsmooth_cell=0
V-2 BUNDLE ry: smooth=0 nonsmooth_support=0 nonsmooth_cell=0
V-2 BUNDLE rz: smooth=0 nonsmooth_support=0 nonsmooth_cell=0
V-2 BUNDLE tx: smooth=0 nonsmooth_support=0 nonsmooth_cell=0
V-2 BUNDLE ty: smooth=0 nonsmooth_support=0 nonsmooth_cell=0
V-2 BUNDLE tz: smooth=0 nonsmooth_support=0 nonsmooth_cell=0
V-2 FLOAT FD rx: strong_n=0 strong_max_rel=0 max_abs=0 weak_n=0
V-2 DOUBLE FD rx: strong_n=0 strong_max_rel=0 strong_med_rel=0 weak_n=0 weak_max_abs=0 nonsmooth=0 worst_rel=0
V-2 FLOAT FD ry: strong_n=0 strong_max_rel=0 max_abs=0 weak_n=0
V-2 DOUBLE FD ry: strong_n=0 strong_max_rel=0 strong_med_rel=0 weak_n=0 weak_max_abs=0 nonsmooth=0 worst_rel=0
V-2 FLOAT FD rz: strong_n=0 strong_max_rel=0 max_abs=0 weak_n=0
V-2 DOUBLE FD rz: strong_n=0 strong_max_rel=0 strong_med_rel=0 weak_n=0 weak_max_abs=0 nonsmooth=0 worst_rel=0
V-2 FLOAT FD tx: strong_n=0 strong_max_rel=0 max_abs=0 weak_n=0
V-2 DOUBLE FD tx: strong_n=0 strong_max_rel=0 strong_med_rel=0 weak_n=0 weak_max_abs=0 nonsmooth=0 worst_rel=0
V-2 FLOAT FD ty: strong_n=0 strong_max_rel=0 max_abs=0 weak_n=0
V-2 DOUBLE FD ty: strong_n=0 strong_max_rel=0 strong_med_rel=0 weak_n=0 weak_max_abs=0 nonsmooth=0 worst_rel=0
V-2 FLOAT FD tz: strong_n=0 strong_max_rel=0 max_abs=0 weak_n=0
V-2 DOUBLE FD tz: strong_n=0 strong_max_rel=0 strong_med_rel=0 weak_n=0 weak_max_abs=0 nonsmooth=0 worst_rel=0
V-0 VisualMap: parents=22444 landmarks=26492 slots_used=65993 created=26492 frames=3112 attempts=703740
V-1 lifecycle: geo_syncs=0 obs_adds=472801 obs_drops=406808 ref_switches=116850
V-0 sizeof(VisualObservation)=128 sizeof(VisualLandmark)=496
V-0 visual map bytes ~= 21.59 MB (slots=65993 x 128 B + landmarks 26492 x 496 B)
V-2 GATE-M rx: strong_n=0 weak_n=0 med_rel=0 max_abs=0 max_kappa=0
V-2 GATE-RC rx: regular_n=0 conditioned_n=0 regular_fail=0 conditioned_fail=0
  regular_max_dc_rel=0 cond_max_raw_rel=0 cond_max_mean_rel=0 cond_max_closure_abs=0 cond_max_prop_excess=0 cond_max_source_rel=0
V-2 AUDIT-P rx: raw_max_abs=0 mean_max_abs=0 dc_max_abs=0 dc_med_abs=0
V-2 GATE-M ry: strong_n=0 weak_n=0 med_rel=0 max_abs=0 max_kappa=0
V-2 GATE-RC ry: regular_n=0 conditioned_n=0 regular_fail=0 conditioned_fail=0
  regular_max_dc_rel=0 cond_max_raw_rel=0 cond_max_mean_rel=0 cond_max_closure_abs=0 cond_max_prop_excess=0 cond_max_source_rel=0
V-2 AUDIT-P ry: raw_max_abs=0 mean_max_abs=0 dc_max_abs=0 dc_med_abs=0
V-2 GATE-M rz: strong_n=0 weak_n=0 med_rel=0 max_abs=0 max_kappa=0
V-2 GATE-RC rz: regular_n=0 conditioned_n=0 regular_fail=0 conditioned_fail=0
  regular_max_dc_rel=0 cond_max_raw_rel=0 cond_max_mean_rel=0 cond_max_closure_abs=0 cond_max_prop_excess=0 cond_max_source_rel=0
V-2 AUDIT-P rz: raw_max_abs=0 mean_max_abs=0 dc_max_abs=0 dc_med_abs=0
V-2 GATE-M tx: strong_n=0 weak_n=0 med_rel=0 max_abs=0 max_kappa=0
V-2 GATE-RC tx: regular_n=0 conditioned_n=0 regular_fail=0 conditioned_fail=0
  regular_max_dc_rel=0 cond_max_raw_rel=0 cond_max_mean_rel=0 cond_max_closure_abs=0 cond_max_prop_excess=0 cond_max_source_rel=0
V-2 AUDIT-P tx: raw_max_abs=0 mean_max_abs=0 dc_max_abs=0 dc_med_abs=0
V-2 GATE-M ty: strong_n=0 weak_n=0 med_rel=0 max_abs=0 max_kappa=0
V-2 GATE-RC ty: regular_n=0 conditioned_n=0 regular_fail=0 conditioned_fail=0
  regular_max_dc_rel=0 cond_max_raw_rel=0 cond_max_mean_rel=0 cond_max_closure_abs=0 cond_max_prop_excess=0 cond_max_source_rel=0
V-2 AUDIT-P ty: raw_max_abs=0 mean_max_abs=0 dc_max_abs=0 dc_med_abs=0
V-2 GATE-M tz: strong_n=0 weak_n=0 med_rel=0 max_abs=0 max_kappa=0
V-2 GATE-RC tz: regular_n=0 conditioned_n=0 regular_fail=0 conditioned_fail=0
  regular_max_dc_rel=0 cond_max_raw_rel=0 cond_max_mean_rel=0 cond_max_closure_abs=0 cond_max_prop_excess=0 cond_max_source_rel=0
V-2 AUDIT-P tz: raw_max_abs=0 mean_max_abs=0 dc_max_abs=0 dc_med_abs=0
V-2 H/B audit: worst_h_rel=0 worst_b_rel=0
V-4 health: apply_count=3940 cov_fail=0 max_sym_ratio=3.42e-11 lam_min=3.28512e-10 lam_max=0.000106615
VP timing us: total=16616035 patch_eval=4100488 hb_commit=7655308 epochs=14677 lm=3262431 samples=206601102
PL metrics: sensor_start=1609043643.394 sensor_end=1609044038.109 sensor_dur=394.715 frames=3947
PL LiDAR lat ms: P50=17.499 P90=20.314 P95=20.926 P99=22.186 max=33.400 n=3947
PL visual lat ms: P50=1.155 P90=1.330 P95=1.380 P99=1.501 max=3.604 n=14677
PL median LiDAR period ms=100.039  median camera period ms=100.039
PL CPU: total_tick=3595 avg_cpu_pct=57.1
PL deadline miss count=0 ratio=0.0000
PL Q0 [0.0-98.7 s]: LiDAR P50=3.992 P95=16.164 P99=17.774 | visual P50=0.943 P95=1.175 P99=1.285 | RSS_avg=2654292KB | vox_avg=9629 | lm_avg=1336 | n=988
PL Q1 [98.7-197.4 s]: LiDAR P50=18.503 P95=21.049 P99=22.646 | visual P50=1.224 P95=1.414 P99=1.516 | RSS_avg=2702621KB | vox_avg=30534 | lm_avg=9538 | n=985
PL Q2 [197.4-296.0 s]: LiDAR P50=18.325 P95=21.299 P99=22.364 | visual P50=1.165 P95=1.365 P99=1.494 | RSS_avg=2719593KB | vox_avg=45245 | lm_avg=17827 | n=987
PL Q3 [296.0-394.7 s]: LiDAR P50=18.162 P95=20.967 P99=22.678 | visual P50=1.173 P95=1.382 P99=1.519 | RSS_avg=2749866KB | vox_avg=57712 | lm_avg=20917 | n=986
HB-0 summary: epochs_audited=0 epochs_fail=0 total_samples=0 duplicates=0 distinct_landmarks=0
HB-0 worst: rhoH=0 rhoB=0 srcH=0 srcB=0 accH=0 accB=0 last_Hsum=0
=== End offline accounting ===
