WARNING: Logging before InitGoogleLogging() is written to STDERR
I0831 03:17:39.840584 322604 ROSWrapper.cpp:14] [32m ---> [Param] map/save_map: false[0m
I0831 03:17:39.850238 322604 ROSWrapper.cpp:310] [32m ---> Using Lidar type: LIVOX[0m
I0831 03:17:39.859093 322604 super_lio.cpp:91] [32m ---> [SuperLIO]: initialized.[0m
I0831 03:17:39.936080 322604 super_lio.cpp:99] [32m ---> [SuperLIO]: KF init done[0m
I0831 03:17:39.948457 322604 super_lio.cpp:108] [32m ---> [SuperLIO]: Map init done[0m
I0831 03:18:22.652498 322604 timer.h:40] >>> ===== Printing run time =====
I0831 03:18:22.652547 322604 timer.h:46] > [ DownSample ] average time usage: 0.332357 ms , called times: 4661
I0831 03:18:22.652581 322604 timer.h:46] > [ Observe ] average time usage: 5.31186 ms , called times: 4661
I0831 03:18:22.652606 322604 timer.h:46] > [ Undistort ] average time usage: 0.6851 ms , called times: 4661
I0831 03:18:22.652626 322604 timer.h:46] > [ UpdateMap ] average time usage: 0.831186 ms , called times: 4661
I0831 03:18:22.652638 322604 super_lio.cpp:1159] [32m ---> [Prob-LIO P3] QR plane cov shadow: attempted: 13485568, valid: 13485568, rank_invalid: 0, nonfinite: 0[0m
I0831 03:18:22.652652 322604 super_lio.cpp:1220] [32m ---> [Prob-LIO P5] association attempted: 17627612, legacy_accept(shadow): 17611787, prob_accept: 17554447, prob_reject: 73165, invalid_nonfinite: 0, invalid_negative: 0[0m
I0831 03:18:22.652663 322604 super_lio.cpp:1241] [32m ---> [Prob-LIO P4] weights attempted: 17554447, valid: 17554447, invalid_nonfinite: 0, invalid_negative: 0; valid w: count=17554447 min=0.000147603 max=994.576 mean=491.659 near_ceiling(>999)=0 bins=640/4058/28499/296384/17224866; plane var min=7.85406e-07 max=6774.94 mean=0.00640394; point var min=5.0904e-07 max=0.00717211 mean=0.00104255[0m
I0831 03:18:22.652688 322604 super_lio.cpp:1260] [32m ---> [Prob-LIO] pipeline ON (pose model livo2_compat, storage double): cov frames: 4661, points: 6878405, invalid: 0; map cov init inserts: 13239, update inserts: 6878405, hknn cov returns: 98018424, invalid: 18[0m
[offline_node] bag=/home/lc/super_livo/src/Super-LIO/results/prob_lio/p11_mcd_input/ntu_night_08_lio_filtered.bag start_offset=-1.000 duration=-1.000
[offline_node] wrapper subscribers connected
[OfflineReader] view 1645018879.502s..1645019346.271s lidar=4667 imu=185463 other=0 wall=42.666s sensor=466.769s speed=10.940x

=== Offline accounting ===
bag_relevant_messages: 190130
lidar read: 4667   imu read: 185463   other: 0
first/last bag time: 1645018879.502415 / 1645019346.270871
first/last sensor time: 1645018879.502201 / 1645019346.270790
sensor_duration_s: 466.769
wall_processing_s: 42.666
speed_factor: 10.940x
trajectory: /home/lc/super_livo/src/Super-LIO/results/prob_lio/p11_mcd_night08_p5_both_corr/trajectory.tum
