WARNING: Logging before InitGoogleLogging() is written to STDERR
I0830 23:20:37.218601 196968 ROSWrapper.cpp:14] [32m ---> [Param] map/save_map: false[0m
I0830 23:20:37.227808 196968 ROSWrapper.cpp:301] [32m ---> Using Lidar type: UNKNOWN[0m
I0830 23:20:37.234308 196968 super_lio.cpp:89] [32m ---> [SuperLIO]: initialized.[0m
I0830 23:20:37.402834 196968 super_lio.cpp:97] [32m ---> [SuperLIO]: KF init done[0m
I0830 23:20:37.411095 196968 super_lio.cpp:106] [32m ---> [SuperLIO]: Map init done[0m
I0830 23:20:38.345811 196968 timer.h:40] >>> ===== Printing run time =====
I0830 23:20:38.345844 196968 timer.h:46] > [ DownSample ] average time usage: 0.173 ms , called times: 144
I0830 23:20:38.345867 196968 timer.h:46] > [ Observe ] average time usage: 2.90444 ms , called times: 144
I0830 23:20:38.345880 196968 timer.h:46] > [ Undistort ] average time usage: 0.314173 ms , called times: 144
I0830 23:20:38.345891 196968 timer.h:46] > [ UpdateMap ] average time usage: 0.436539 ms , called times: 144
I0830 23:20:38.345901 196968 super_lio.cpp:1122] [32m ---> [Prob-LIO P3] QR plane cov shadow: attempted: 627084, valid: 627084, rank_invalid: 0, nonfinite: 0[0m
I0830 23:20:38.351439 196968 super_lio.cpp:1172] [32m ---> [Prob-LIO P5] shadow frame summaries: 329 frames -> assoc_shadow_frames.csv[0m
I0830 23:20:38.351485 196968 super_lio.cpp:1201] [32m ---> [Prob-LIO P4] weights attempted: 631032, valid: 631032, invalid_nonfinite: 0, invalid_negative: 0; valid w: count=631032 min=4.18459e-11 max=998.633 mean=236.7 near_ceiling(>999)=0 bins=33042/35495/71353/158425/332717; plane var min=3.0097e-07 max=2.38972e+10 mean=41744.8; point var min=2.27995e-07 max=0.000649019 mean=6.05355e-05[0m
I0830 23:20:38.351507 196968 super_lio.cpp:1220] [32m ---> [Prob-LIO] pipeline ON (pose model livo2_compat, storage double): cov frames: 144, points: 348282, invalid: 0; map cov init inserts: 13881, update inserts: 348282, hknn cov returns: 3080954, invalid: 0[0m
[offline_node] bag=/home/lc/super_livo/bag/NTU/eee_01/eee_01.bag start_offset=-1.000 duration=15.000
[offline_node] wrapper subscribers connected
[OfflineReader] view 1609059013.115s..1609059411.798s lidar=150 imu=5787 other=0 wall=0.889s sensor=14.996s speed=16.862x

=== Offline accounting ===
bag_relevant_messages: 5937
lidar read: 150   imu read: 5787   other: 0
first/last bag time: 1609059013.114720 / 1609059028.110391
first/last sensor time: 1609059013.114590 / 1609059028.110208
sensor_duration_s: 14.996
wall_processing_s: 0.889
speed_factor: 16.862x
trajectory: /home/lc/super_livo/src/Super-LIO/results/prob_lio/run_20260830_232031/trajectory.tum
