[rosmaster.main][INFO] 2026-08-31 03:19:14,304: initialization complete, waiting for shutdown
[rosmaster.main][INFO] 2026-08-31 03:19:14,304: Starting ROS Master Node
[xmlrpc][INFO] 2026-08-31 03:19:14,306: XML-RPC server binding to 0.0.0.0:11313
[xmlrpc][INFO] 2026-08-31 03:19:14,307: Started XML-RPC server [http://robot:11313/]
[rosmaster.master][INFO] 2026-08-31 03:19:14,307: Master initialized: port[11313], uri[http://robot:11313/]
[xmlrpc][INFO] 2026-08-31 03:19:14,307: xml rpc node: starting XML-RPC server
[rosmaster.master][INFO] 2026-08-31 03:19:17,600: +PARAM [/lio/map/save_map] by /rosparam-323217
[rosmaster.master][INFO] 2026-08-31 03:19:17,601: +PARAM [/lio/map/if_filter] by /rosparam-323217
[rosmaster.master][INFO] 2026-08-31 03:19:17,602: +PARAM [/lio/map/save_map_dir] by /rosparam-323217
[rosmaster.master][INFO] 2026-08-31 03:19:17,603: +PARAM [/lio/map/map_name] by /rosparam-323217
[rosmaster.master][INFO] 2026-08-31 03:19:17,604: +PARAM [/lio/map/ds_size] by /rosparam-323217
[rosmaster.master][INFO] 2026-08-31 03:19:17,606: +PARAM [/lio/map/save_interval] by /rosparam-323217
[rosmaster.master][INFO] 2026-08-31 03:19:17,607: +PARAM [/lio/ros/lidar_topic] by /rosparam-323217
[rosmaster.master][INFO] 2026-08-31 03:19:17,609: +PARAM [/lio/ros/imu_topic] by /rosparam-323217
[rosmaster.master][INFO] 2026-08-31 03:19:17,610: +PARAM [/lio/sensor/lidar_type] by /rosparam-323217
[rosmaster.master][INFO] 2026-08-31 03:19:17,611: +PARAM [/lio/sensor/blind] by /rosparam-323217
[rosmaster.master][INFO] 2026-08-31 03:19:17,612: +PARAM [/lio/sensor/maxrange] by /rosparam-323217
[rosmaster.master][INFO] 2026-08-31 03:19:17,613: +PARAM [/lio/sensor/filter_rate] by /rosparam-323217
[rosmaster.master][INFO] 2026-08-31 03:19:17,614: +PARAM [/lio/sensor/enable_downsample] by /rosparam-323217
[rosmaster.master][INFO] 2026-08-31 03:19:17,615: +PARAM [/lio/sensor/voxel_fliter_size] by /rosparam-323217
[rosmaster.master][INFO] 2026-08-31 03:19:17,616: +PARAM [/lio/sensor/gravity_norm] by /rosparam-323217
[rosmaster.master][INFO] 2026-08-31 03:19:17,617: +PARAM [/lio/sensor/imu_type] by /rosparam-323217
[rosmaster.master][INFO] 2026-08-31 03:19:17,618: +PARAM [/lio/sensor/imu_na] by /rosparam-323217
[rosmaster.master][INFO] 2026-08-31 03:19:17,619: +PARAM [/lio/sensor/imu_ng] by /rosparam-323217
[rosmaster.master][INFO] 2026-08-31 03:19:17,619: +PARAM [/lio/sensor/imu_nba] by /rosparam-323217
[rosmaster.master][INFO] 2026-08-31 03:19:17,620: +PARAM [/lio/sensor/imu_nbg] by /rosparam-323217
[rosmaster.master][INFO] 2026-08-31 03:19:17,621: +PARAM [/lio/sensor/dept_err] by /rosparam-323217
[rosmaster.master][INFO] 2026-08-31 03:19:17,623: +PARAM [/lio/sensor/beam_err] by /rosparam-323217
[rosmaster.master][INFO] 2026-08-31 03:19:17,623: +PARAM [/lio/prob_lio/cov_enable] by /rosparam-323217
[rosmaster.master][INFO] 2026-08-31 03:19:17,624: +PARAM [/lio/prob_lio/map_pose_cov_model] by /rosparam-323217
[rosmaster.master][INFO] 2026-08-31 03:19:17,625: +PARAM [/lio/prob_lio/map_cov_storage_precision] by /rosparam-323217
[rosmaster.master][INFO] 2026-08-31 03:19:17,626: +PARAM [/lio/prob_lio/qr_plane_cov_enable] by /rosparam-323217
[rosmaster.master][INFO] 2026-08-31 03:19:17,627: +PARAM [/lio/prob_lio/p2p_weight_mode] by /rosparam-323217
[rosmaster.master][INFO] 2026-08-31 03:19:17,628: +PARAM [/lio/prob_lio/cov_validation_mode] by /rosparam-323217
[rosmaster.master][INFO] 2026-08-31 03:19:17,629: +PARAM [/lio/prob_lio/association_mode] by /rosparam-323217
[rosmaster.master][INFO] 2026-08-31 03:19:17,629: +PARAM [/lio/prob_lio/assoc_sigma_num] by /rosparam-323217
[rosmaster.master][INFO] 2026-08-31 03:19:17,630: +PARAM [/lio/prob_lio/prob_assoc_shadow_enable] by /rosparam-323217
[rosmaster.master][INFO] 2026-08-31 03:19:17,632: +PARAM [/lio/prob_lio/association_pose_cov_model] by /rosparam-323217
[rosmaster.master][INFO] 2026-08-31 03:19:17,633: +PARAM [/lio/prob_lio/association_sensor_cov_model] by /rosparam-323217
[rosmaster.master][INFO] 2026-08-31 03:19:17,634: +PARAM [/lio/extrinsic/lidar_imu] by /rosparam-323217
[rosmaster.master][INFO] 2026-08-31 03:19:17,635: +PARAM [/lio/extrinsic/odom_robo] by /rosparam-323217
[rosmaster.master][INFO] 2026-08-31 03:19:17,636: +PARAM [/lio/hash_map/hash_capacity] by /rosparam-323217
[rosmaster.master][INFO] 2026-08-31 03:19:17,637: +PARAM [/lio/hash_map/vox_resolution] by /rosparam-323217
[rosmaster.master][INFO] 2026-08-31 03:19:17,637: +PARAM [/lio/kf/kf_type] by /rosparam-323217
[rosmaster.master][INFO] 2026-08-31 03:19:17,638: +PARAM [/lio/kf/kf_max_iterations] by /rosparam-323217
[rosmaster.master][INFO] 2026-08-31 03:19:17,639: +PARAM [/lio/kf/kf_align_gravity] by /rosparam-323217
[rosmaster.master][INFO] 2026-08-31 03:19:17,640: +PARAM [/lio/kf/kf_quit_eps] by /rosparam-323217
[rosmaster.master][INFO] 2026-08-31 03:19:17,641: +PARAM [/lio/output/robot] by /rosparam-323217
[rosmaster.master][INFO] 2026-08-31 03:19:17,642: +PARAM [/lio/output/plan_env_world] by /rosparam-323217
[rosmaster.master][INFO] 2026-08-31 03:19:17,643: +PARAM [/lio/output/plan_env_body] by /rosparam-323217
[rosmaster.master][INFO] 2026-08-31 03:19:17,644: +PARAM [/lio/output/planner] by /rosparam-323217
[rosmaster.master][INFO] 2026-08-31 03:19:17,645: +PARAM [/lio/output/map] by /rosparam-323217
[rosmaster.master][INFO] 2026-08-31 03:19:17,646: +PARAM [/lio/output/dense] by /rosparam-323217
[rosmaster.master][INFO] 2026-08-31 03:19:17,646: +PARAM [/lio/output/pub_step] by /rosparam-323217
[rosmaster.master][INFO] 2026-08-31 03:19:17,647: +PARAM [/lio/eva/timer] by /rosparam-323217
[rosmaster.master][INFO] 2026-08-31 03:19:17,725: +PARAM [/lio/offline/bag] by /rosparam-323271
[rosmaster.master][INFO] 2026-08-31 03:19:17,805: +PARAM [/lio/prob_lio/cov_enable] by /rosparam-323274
[rosmaster.master][INFO] 2026-08-31 03:19:17,885: +PARAM [/lio/prob_lio/cov_validation_mode] by /rosparam-323279
[rosmaster.master][INFO] 2026-08-31 03:19:17,981: +PARAM [/lio/prob_lio/map_pose_cov_model] by /rosparam-323284
[rosmaster.master][INFO] 2026-08-31 03:19:18,065: +PARAM [/lio/prob_lio/map_cov_storage_precision] by /rosparam-323289
[rosmaster.master][INFO] 2026-08-31 03:19:18,148: +PARAM [/lio/prob_lio/qr_plane_cov_enable] by /rosparam-323294
[rosmaster.master][INFO] 2026-08-31 03:19:18,222: +PARAM [/lio/prob_lio/p2p_weight_mode] by /rosparam-323299
[rosmaster.master][INFO] 2026-08-31 03:19:18,300: +PARAM [/lio/prob_lio/association_mode] by /rosparam-323304
[rosmaster.master][INFO] 2026-08-31 03:19:18,376: +PARAM [/lio/prob_lio/prob_assoc_shadow_enable] by /rosparam-323309
[rosmaster.master][INFO] 2026-08-31 03:19:18,444: +PARAM [/lio/prob_lio/association_pose_cov_model] by /rosparam-323314
[rosmaster.master][INFO] 2026-08-31 03:19:18,523: +PARAM [/lio/prob_lio/association_sensor_cov_model] by /rosparam-323319
[rosmaster.master][INFO] 2026-08-31 03:19:18,614: +PARAM [/lio/offline/out_dir] by /rosparam-323324
[rosmaster.master][INFO] 2026-08-31 03:19:18,983: +PUB [/rosout] /lio_offline http://robot:39591/
[rosmaster.master][INFO] 2026-08-31 03:19:18,983: +SERVICE [/lio_offline/get_loggers] /lio_offline http://robot:39591/
[rosmaster.master][INFO] 2026-08-31 03:19:18,984: +SERVICE [/lio_offline/set_logger_level] /lio_offline http://robot:39591/
[rosmaster.master][INFO] 2026-08-31 03:19:18,999: +PUB [/tf] /lio_offline http://robot:39591/
[rosmaster.master][INFO] 2026-08-31 03:19:19,001: +SUB [/os1_cloud_node1/points] /lio_offline http://robot:39591/
[rosmaster.master][INFO] 2026-08-31 03:19:19,003: +SUB [/imu/imu] /lio_offline http://robot:39591/
[rosmaster.master][INFO] 2026-08-31 03:19:19,003: +PUB [/lio/odom] /lio_offline http://robot:39591/
[rosmaster.master][INFO] 2026-08-31 03:19:19,003: +PUB [/lio/path] /lio_offline http://robot:39591/
[rosmaster.master][INFO] 2026-08-31 03:19:19,004: +PUB [/lio/path_robot] /lio_offline http://robot:39591/
[rosmaster.master][INFO] 2026-08-31 03:19:19,007: +PUB [/os1_cloud_node1/points] /lio_offline http://robot:39591/
[rosmaster.master][INFO] 2026-08-31 03:19:19,008: +PUB [/imu/imu] /lio_offline http://robot:39591/
[rosmaster.master][INFO] 2026-08-31 03:19:19,009: +SUB [/lio/odom] /lio_offline http://robot:39591/
[rosmaster.master][INFO] 2026-08-31 03:19:19,012: publisherUpdate[/os1_cloud_node1/points] -> http://robot:39591/ ['http://robot:39591/']
[rosmaster.master][INFO] 2026-08-31 03:19:19,016: publisherUpdate[/os1_cloud_node1/points] -> http://robot:39591/ ['http://robot:39591/']: sec=0.00, result=[1, '', 0]
[rosmaster.master][INFO] 2026-08-31 03:19:19,017: publisherUpdate[/imu/imu] -> http://robot:39591/ ['http://robot:39591/']
[rosmaster.master][INFO] 2026-08-31 03:19:19,017: publisherUpdate[/imu/imu] -> http://robot:39591/ ['http://robot:39591/']: sec=0.00, result=[1, '', 0]
[rosmaster.master][INFO] 2026-08-31 03:19:19,306: +PUB [/lio/imu/odom] /lio_offline http://robot:39591/
[rosmaster.master][INFO] 2026-08-31 03:19:19,306: +PUB [/lio/robo/odom] /lio_offline http://robot:39591/
[rosmaster.master][INFO] 2026-08-31 03:19:19,326: +PUB [/lio/cloud_world] /lio_offline http://robot:39591/
[rosmaster.master][INFO] 2026-08-31 03:19:51,181: -PUB [/rosout] /lio_offline http://robot:39591/
[rosmaster.master][INFO] 2026-08-31 03:19:51,181: -PUB [/tf] /lio_offline http://robot:39591/
[rosmaster.master][INFO] 2026-08-31 03:19:51,182: -PUB [/lio/odom] /lio_offline http://robot:39591/
[rosmaster.master][INFO] 2026-08-31 03:19:51,182: publisherUpdate[/lio/odom] -> http://robot:39591/ []
[rosmaster.master][INFO] 2026-08-31 03:19:51,183: -PUB [/lio/path] /lio_offline http://robot:39591/
[rosmaster.master][INFO] 2026-08-31 03:19:51,183: -PUB [/lio/path_robot] /lio_offline http://robot:39591/
[rosmaster.master][INFO] 2026-08-31 03:19:51,184: -PUB [/os1_cloud_node1/points] /lio_offline http://robot:39591/
[rosmaster.master][INFO] 2026-08-31 03:19:51,184: -PUB [/imu/imu] /lio_offline http://robot:39591/
[rosmaster.master][INFO] 2026-08-31 03:19:51,185: -PUB [/lio/imu/odom] /lio_offline http://robot:39591/
[rosmaster.master][INFO] 2026-08-31 03:19:51,185: -PUB [/lio/robo/odom] /lio_offline http://robot:39591/
[rosmaster.master][INFO] 2026-08-31 03:19:51,186: -PUB [/lio/cloud_world] /lio_offline http://robot:39591/
[rosmaster.master][INFO] 2026-08-31 03:19:51,186: -SUB [/os1_cloud_node1/points] /lio_offline http://robot:39591/
[rosmaster.master][INFO] 2026-08-31 03:19:51,186: -SUB [/imu/imu] /lio_offline http://robot:39591/
[rosmaster.master][INFO] 2026-08-31 03:19:51,186: -SUB [/lio/odom] /lio_offline http://robot:39591/
[rosmaster.master][INFO] 2026-08-31 03:19:51,187: -SERVICE [/lio_offline/get_loggers] /lio_offline rosrpc://robot:55101
[rosmaster.master][INFO] 2026-08-31 03:19:51,187: -SERVICE [/lio_offline/set_logger_level] /lio_offline rosrpc://robot:55101
[rosmaster.master][INFO] 2026-08-31 03:19:51,198: publisherUpdate[/lio/odom] -> http://robot:39591/ []: sec=0.02, exception=[Errno 111] Connection refused
[rosmaster.threadpool][ERROR] 2026-08-31 03:19:51,200: Traceback (most recent call last):
  File "/opt/ros/noetic/lib/python3/dist-packages/rosmaster/threadpool.py", line 218, in run
    result = cmd(*args)
  File "/opt/ros/noetic/lib/python3/dist-packages/rosmaster/master_api.py", line 210, in publisher_update_task
    ret = xmlrpcapi(api).publisherUpdate('/master', topic, pub_uris)
  File "/usr/lib/python3.8/xmlrpc/client.py", line 1109, in __call__
    return self.__send(self.__name, args)
  File "/usr/lib/python3.8/xmlrpc/client.py", line 1450, in __request
    response = self.__transport.request(
  File "/usr/lib/python3.8/xmlrpc/client.py", line 1153, in request
    return self.single_request(host, handler, request_body, verbose)
  File "/usr/lib/python3.8/xmlrpc/client.py", line 1165, in single_request
    http_conn = self.send_request(host, handler, request_body, verbose)
  File "/usr/lib/python3.8/xmlrpc/client.py", line 1278, in send_request
    self.send_content(connection, request_body)
  File "/usr/lib/python3.8/xmlrpc/client.py", line 1308, in send_content
    connection.endheaders(request_body)
  File "/usr/lib/python3.8/http/client.py", line 1251, in endheaders
    self._send_output(message_body, encode_chunked=encode_chunked)
  File "/usr/lib/python3.8/http/client.py", line 1011, in _send_output
    self.send(msg)
  File "/usr/lib/python3.8/http/client.py", line 951, in send
    self.connect()
  File "/usr/lib/python3.8/http/client.py", line 922, in connect
    self.sock = self._create_connection(
  File "/usr/lib/python3.8/socket.py", line 808, in create_connection
    raise err
  File "/usr/lib/python3.8/socket.py", line 796, in create_connection
    sock.connect(sa)
ConnectionRefusedError: [Errno 111] Connection refused

[rosmaster.master][INFO] 2026-08-31 03:19:51,200: publisherUpdate[/os1_cloud_node1/points] -> http://robot:39591/ []
[rosmaster.master][INFO] 2026-08-31 03:19:51,200: publisherUpdate[/os1_cloud_node1/points] -> http://robot:39591/ []: sec=0.00, exception=[Errno 111] Connection refused
[rosmaster.threadpool][ERROR] 2026-08-31 03:19:51,201: Traceback (most recent call last):
  File "/opt/ros/noetic/lib/python3/dist-packages/rosmaster/threadpool.py", line 218, in run
    result = cmd(*args)
  File "/opt/ros/noetic/lib/python3/dist-packages/rosmaster/master_api.py", line 210, in publisher_update_task
    ret = xmlrpcapi(api).publisherUpdate('/master', topic, pub_uris)
  File "/usr/lib/python3.8/xmlrpc/client.py", line 1109, in __call__
    return self.__send(self.__name, args)
  File "/usr/lib/python3.8/xmlrpc/client.py", line 1450, in __request
    response = self.__transport.request(
  File "/usr/lib/python3.8/xmlrpc/client.py", line 1153, in request
    return self.single_request(host, handler, request_body, verbose)
  File "/usr/lib/python3.8/xmlrpc/client.py", line 1165, in single_request
    http_conn = self.send_request(host, handler, request_body, verbose)
  File "/usr/lib/python3.8/xmlrpc/client.py", line 1278, in send_request
    self.send_content(connection, request_body)
  File "/usr/lib/python3.8/xmlrpc/client.py", line 1308, in send_content
    connection.endheaders(request_body)
  File "/usr/lib/python3.8/http/client.py", line 1251, in endheaders
    self._send_output(message_body, encode_chunked=encode_chunked)
  File "/usr/lib/python3.8/http/client.py", line 1011, in _send_output
    self.send(msg)
  File "/usr/lib/python3.8/http/client.py", line 951, in send
    self.connect()
  File "/usr/lib/python3.8/http/client.py", line 922, in connect
    self.sock = self._create_connection(
  File "/usr/lib/python3.8/socket.py", line 808, in create_connection
    raise err
  File "/usr/lib/python3.8/socket.py", line 796, in create_connection
    sock.connect(sa)
ConnectionRefusedError: [Errno 111] Connection refused

[rosmaster.master][INFO] 2026-08-31 03:19:51,201: publisherUpdate[/imu/imu] -> http://robot:39591/ []
[rosmaster.master][INFO] 2026-08-31 03:19:51,201: publisherUpdate[/imu/imu] -> http://robot:39591/ []: sec=0.00, exception=[Errno 111] Connection refused
[rosmaster.threadpool][ERROR] 2026-08-31 03:19:51,201: Traceback (most recent call last):
  File "/opt/ros/noetic/lib/python3/dist-packages/rosmaster/threadpool.py", line 218, in run
    result = cmd(*args)
  File "/opt/ros/noetic/lib/python3/dist-packages/rosmaster/master_api.py", line 210, in publisher_update_task
    ret = xmlrpcapi(api).publisherUpdate('/master', topic, pub_uris)
  File "/usr/lib/python3.8/xmlrpc/client.py", line 1109, in __call__
    return self.__send(self.__name, args)
  File "/usr/lib/python3.8/xmlrpc/client.py", line 1450, in __request
    response = self.__transport.request(
  File "/usr/lib/python3.8/xmlrpc/client.py", line 1153, in request
    return self.single_request(host, handler, request_body, verbose)
  File "/usr/lib/python3.8/xmlrpc/client.py", line 1165, in single_request
    http_conn = self.send_request(host, handler, request_body, verbose)
  File "/usr/lib/python3.8/xmlrpc/client.py", line 1278, in send_request
    self.send_content(connection, request_body)
  File "/usr/lib/python3.8/xmlrpc/client.py", line 1308, in send_content
    connection.endheaders(request_body)
  File "/usr/lib/python3.8/http/client.py", line 1251, in endheaders
    self._send_output(message_body, encode_chunked=encode_chunked)
  File "/usr/lib/python3.8/http/client.py", line 1011, in _send_output
    self.send(msg)
  File "/usr/lib/python3.8/http/client.py", line 951, in send
    self.connect()
  File "/usr/lib/python3.8/http/client.py", line 922, in connect
    self.sock = self._create_connection(
  File "/usr/lib/python3.8/socket.py", line 808, in create_connection
    raise err
  File "/usr/lib/python3.8/socket.py", line 796, in create_connection
    sock.connect(sa)
ConnectionRefusedError: [Errno 111] Connection refused

