WARNING: Logging before InitGoogleLogging() is written to STDERR
I0830 21:22:25.459254 143564 ROSWrapper.cpp:14] [32m ---> [Param] map/save_map: false[0m
I0830 21:22:25.467538 143564 ROSWrapper.cpp:269] [32m ---> Using Lidar type: UNKNOWN[0m
I0830 21:22:25.471796 143564 super_lio.cpp:85] [32m ---> [SuperLIO]: initialized.[0m
I0830 21:22:25.663249 143564 super_lio.cpp:93] [32m ---> [SuperLIO]: KF init done[0m
I0830 21:22:25.675837 143564 super_lio.cpp:102] [32m ---> [SuperLIO]: Map init done[0m
I0830 21:23:01.724455 143564 timer.h:40] >>> ===== Printing run time =====
I0830 21:23:01.724490 143564 timer.h:46] > [ DownSample ] average time usage: 0.212272 ms , called times: 3981
I0830 21:23:01.724517 143564 timer.h:46] > [ Observe ] average time usage: 4.42829 ms , called times: 3981
I0830 21:23:01.724536 143564 timer.h:46] > [ Undistort ] average time usage: 0.289846 ms , called times: 3981
I0830 21:23:01.724550 143564 timer.h:46] > [ UpdateMap ] average time usage: 2.7807 ms , called times: 3981
I0830 21:23:01.724560 143564 super_lio.cpp:797] [32m ---> [Prob-LIO P3] QR plane cov shadow: attempted: 31334113, valid: 31334113, rank_invalid: 0, nonfinite: 0[0m
I0830 21:23:01.724571 143564 super_lio.cpp:812] [32m ---> [Prob-LIO P4] weights attempted: 40829587, valid: 40829587, invalid_nonfinite: 0, invalid_negative: 0; valid w: count=6811 min=0.444095 max=998.833 mean=767.226 near_ceiling(>999)=0 bins=0/8/16/33/6754; plane var min=4.55955e-07 max=2.25043 mean=0.00333969; point var min=7.10047e-07 max=0.00039993 mean=0.00025797[0m
I0830 21:23:01.724587 143564 super_lio.cpp:831] [32m ---> [Prob-LIO] pipeline ON (pose model livo2_compat, storage double): cov frames: 3981, points: 13787631, invalid: 0; map cov init inserts: 13881, update inserts: 13787631, hknn cov returns: 198749293, invalid: 0[0m
[offline_node] bag=/home/lc/super_livo/bag/NTU/eee_01/eee_01.bag start_offset=-1.000 duration=-1.000
[offline_node] wrapper subscribers connected
[OfflineReader] view 1609059013.115s..1609059411.798s lidar=3987 imu=153347 other=0 wall=35.993s sensor=398.683s speed=11.077x

=== Offline accounting ===
bag_relevant_messages: 157334
lidar read: 3987   imu read: 153347   other: 0
first/last bag time: 1609059013.114720 / 1609059411.797588
first/last sensor time: 1609059013.114590 / 1609059411.797436
sensor_duration_s: 398.683
wall_processing_s: 35.993
speed_factor: 11.077x
trajectory: /home/lc/super_livo/src/Super-LIO/results/prob_lio/run_20260830_212220/trajectory.tum
