WARNING: Logging before InitGoogleLogging() is written to STDERR
I0830 18:56:36.968631 80581 ROSWrapper.cpp:14] [32m ---> [Param] map/save_map: false[0m
I0830 18:56:36.975260 80581 ROSWrapper.cpp:206] [32m ---> Using Lidar type: UNKNOWN[0m
I0830 18:56:36.977916 80581 super_lio.cpp:86] [32m ---> [SuperLIO]: initialized.[0m
I0830 18:56:37.192220 80581 super_lio.cpp:94] [32m ---> [SuperLIO]: KF init done[0m
I0830 18:56:37.205086 80581 super_lio.cpp:103] [32m ---> [SuperLIO]: Map init done[0m
I0830 18:56:56.850497 80581 timer.h:40] >>> ===== Printing run time =====
I0830 18:56:56.850530 80581 timer.h:46] > [ DownSample ] average time usage: 0.185374 ms , called times: 3981
I0830 18:56:56.850555 80581 timer.h:46] > [ Observe ] average time usage: 2.7186 ms , called times: 3981
I0830 18:56:56.850571 80581 timer.h:46] > [ Undistort ] average time usage: 0.279975 ms , called times: 3981
I0830 18:56:56.850586 80581 timer.h:46] > [ UpdateMap ] average time usage: 0.382105 ms , called times: 3981
I0830 18:56:56.850596 80581 super_lio.cpp:600] [32m ---> [Prob-LIO P1] cov frames: 3981, points: 13787537, invalid: 0[0m
[offline_node] bag=/home/lc/super_livo/bag/NTU/eee_01/eee_01.bag start_offset=-1.000 duration=-1.000
[offline_node] wrapper subscribers connected
[OfflineReader] view 1609059013.115s..1609059411.798s lidar=3987 imu=153347 other=0 wall=19.593s sensor=398.683s speed=20.349x

=== Offline accounting ===
bag_relevant_messages: 157334
lidar read: 3987   imu read: 153347   other: 0
first/last bag time: 1609059013.114720 / 1609059411.797588
first/last sensor time: 1609059013.114590 / 1609059411.797436
sensor_duration_s: 398.683
wall_processing_s: 19.593
speed_factor: 20.349x
trajectory: /home/lc/super_livo/src/Super-LIO/results/prob_lio/run_20260830_185631/trajectory.tum
