WARNING: Logging before InitGoogleLogging() is written to STDERR
I0831 02:37:00.508721 308922 ROSWrapper.cpp:14] [32m ---> [Param] map/save_map: false[0m
I0831 02:37:00.519731 308922 ROSWrapper.cpp:302] [32m ---> Using Lidar type: UNKNOWN[0m
I0831 02:37:00.526772 308922 super_lio.cpp:89] [32m ---> [SuperLIO]: initialized.[0m
I0831 02:37:00.775060 308922 super_lio.cpp:97] [32m ---> [SuperLIO]: KF init done[0m
I0831 02:37:00.785714 308922 super_lio.cpp:106] [32m ---> [SuperLIO]: Map init done[0m
I0831 02:38:04.109810 308922 timer.h:40] >>> ===== Printing run time =====
I0831 02:38:04.109861 308922 timer.h:46] > [ DownSample ] average time usage: 0.482801 ms , called times: 3981
I0831 02:38:04.109898 308922 timer.h:46] > [ Observe ] average time usage: 9.83875 ms , called times: 3981
I0831 02:38:04.109923 308922 timer.h:46] > [ Undistort ] average time usage: 0.758622 ms , called times: 3981
I0831 02:38:04.109944 308922 timer.h:46] > [ UpdateMap ] average time usage: 1.71065 ms , called times: 3981
I0831 02:38:04.109957 308922 super_lio.cpp:1150] [32m ---> [Prob-LIO P3] QR plane cov shadow: attempted: 31320040, valid: 31320040, rank_invalid: 0, nonfinite: 0[0m
I0831 02:38:04.109972 308922 super_lio.cpp:1232] [32m ---> [Prob-LIO P4] weights attempted: 40779808, valid: 40779808, invalid_nonfinite: 0, invalid_negative: 0; valid w: count=40779808 min=4.17792e-11 max=999.498 mean=737.626 near_ceiling(>999)=192 bins=109567/143404/285087/684551/39557199; plane var min=7.11707e-08 max=2.39354e+10 mean=1506.96; point var min=1.48412e-07 max=0.000670671 mean=0.000240762[0m
I0831 02:38:04.109997 308922 super_lio.cpp:1251] [32m ---> [Prob-LIO] pipeline ON (pose model super_right_consistent, storage double): cov frames: 3981, points: 13787600, invalid: 0; map cov init inserts: 13881, update inserts: 13787600, hknn cov returns: 199278277, invalid: 0[0m
[offline_node] bag=/home/lc/super_livo/src/Super-LIO/../../bag/NTU/eee_01/eee_01.bag start_offset=-1.000 duration=-1.000
[offline_node] wrapper subscribers connected
[OfflineReader] view 1609059013.115s..1609059411.798s lidar=3987 imu=153347 other=0 wall=63.230s sensor=398.683s speed=6.305x

=== Offline accounting ===
bag_relevant_messages: 157334
lidar read: 3987   imu read: 153347   other: 0
first/last bag time: 1609059013.114720 / 1609059411.797588
first/last sensor time: 1609059013.114590 / 1609059411.797436
sensor_duration_s: 398.683
wall_processing_s: 63.230
speed_factor: 6.305x
trajectory: /home/lc/super_livo/src/Super-LIO/results/prob_lio/p11_eee_p4_rc/trajectory.tum
