WARNING: Logging before InitGoogleLogging() is written to STDERR
I0830 18:23:13.613564 65805 ROSWrapper.cpp:14] [32m ---> [Param] map/save_map: false[0m
I0830 18:23:13.620142 65805 ROSWrapper.cpp:201] [32m ---> Using Lidar type: UNKNOWN[0m
I0830 18:23:13.623154 65805 super_lio.cpp:86] [32m ---> [SuperLIO]: initialized.[0m
I0830 18:23:14.799302 65805 super_lio.cpp:94] [32m ---> [SuperLIO]: KF init done[0m
I0830 18:23:14.812479 65805 super_lio.cpp:103] [32m ---> [SuperLIO]: Map init done[0m
I0830 18:23:39.339819 65805 timer.h:40] >>> ===== Printing run time =====
I0830 18:23:39.339857 65805 timer.h:46] > [ DownSample ] average time usage: 0.22225 ms , called times: 3981
I0830 18:23:39.339880 65805 timer.h:46] > [ Observe ] average time usage: 1.81068 ms , called times: 3981
I0830 18:23:39.339898 65805 timer.h:46] > [ Undistort ] average time usage: 0.352151 ms , called times: 3981
I0830 18:23:39.339912 65805 timer.h:46] > [ UpdateMap ] average time usage: 0.46916 ms , called times: 3981
[offline_node] bag=/home/lc/super_livo/bag/NTU/eee_01/eee_01.bag start_offset=-1.000 duration=-1.000
[offline_node] wrapper subscribers connected
[OfflineReader] view 1609059013.115s..1609059411.798s lidar=3987 imu=153347 other=0 wall=24.477s sensor=398.683s speed=16.288x

=== Offline accounting ===
bag_relevant_messages: 157334
lidar read: 3987   imu read: 153347   other: 0
first/last bag time: 1609059013.114720 / 1609059411.797588
first/last sensor time: 1609059013.114590 / 1609059411.797436
sensor_duration_s: 398.683
wall_processing_s: 24.477
speed_factor: 16.288x
trajectory: /home/lc/super_livo/src/Super-LIO/results/prob_lio/run_20260830_182308/trajectory.tum
