[rosmaster.main][INFO] 2026-08-31 02:41:26,130: initialization complete, waiting for shutdown
[rosmaster.main][INFO] 2026-08-31 02:41:26,131: Starting ROS Master Node
[xmlrpc][INFO] 2026-08-31 02:41:26,132: XML-RPC server binding to 0.0.0.0:11439
[xmlrpc][INFO] 2026-08-31 02:41:26,133: Started XML-RPC server [http://robot:11439/]
[rosmaster.master][INFO] 2026-08-31 02:41:26,133: Master initialized: port[11439], uri[http://robot:11439/]
[xmlrpc][INFO] 2026-08-31 02:41:26,133: xml rpc node: starting XML-RPC server
[rosmaster.master][INFO] 2026-08-31 02:41:29,407: +PARAM [/lio/map/save_map] by /rosparam-310330
[rosmaster.master][INFO] 2026-08-31 02:41:29,408: +PARAM [/lio/map/if_filter] by /rosparam-310330
[rosmaster.master][INFO] 2026-08-31 02:41:29,408: +PARAM [/lio/map/save_map_dir] by /rosparam-310330
[rosmaster.master][INFO] 2026-08-31 02:41:29,409: +PARAM [/lio/map/map_name] by /rosparam-310330
[rosmaster.master][INFO] 2026-08-31 02:41:29,411: +PARAM [/lio/map/ds_size] by /rosparam-310330
[rosmaster.master][INFO] 2026-08-31 02:41:29,412: +PARAM [/lio/map/save_interval] by /rosparam-310330
[rosmaster.master][INFO] 2026-08-31 02:41:29,413: +PARAM [/lio/ros/lidar_topic] by /rosparam-310330
[rosmaster.master][INFO] 2026-08-31 02:41:29,414: +PARAM [/lio/ros/imu_topic] by /rosparam-310330
[rosmaster.master][INFO] 2026-08-31 02:41:29,415: +PARAM [/lio/sensor/lidar_type] by /rosparam-310330
[rosmaster.master][INFO] 2026-08-31 02:41:29,416: +PARAM [/lio/sensor/blind] by /rosparam-310330
[rosmaster.master][INFO] 2026-08-31 02:41:29,417: +PARAM [/lio/sensor/maxrange] by /rosparam-310330
[rosmaster.master][INFO] 2026-08-31 02:41:29,419: +PARAM [/lio/sensor/filter_rate] by /rosparam-310330
[rosmaster.master][INFO] 2026-08-31 02:41:29,419: +PARAM [/lio/sensor/enable_downsample] by /rosparam-310330
[rosmaster.master][INFO] 2026-08-31 02:41:29,420: +PARAM [/lio/sensor/voxel_fliter_size] by /rosparam-310330
[rosmaster.master][INFO] 2026-08-31 02:41:29,421: +PARAM [/lio/sensor/gravity_norm] by /rosparam-310330
[rosmaster.master][INFO] 2026-08-31 02:41:29,422: +PARAM [/lio/sensor/imu_type] by /rosparam-310330
[rosmaster.master][INFO] 2026-08-31 02:41:29,423: +PARAM [/lio/sensor/imu_na] by /rosparam-310330
[rosmaster.master][INFO] 2026-08-31 02:41:29,424: +PARAM [/lio/sensor/imu_ng] by /rosparam-310330
[rosmaster.master][INFO] 2026-08-31 02:41:29,425: +PARAM [/lio/sensor/imu_nba] by /rosparam-310330
[rosmaster.master][INFO] 2026-08-31 02:41:29,425: +PARAM [/lio/sensor/imu_nbg] by /rosparam-310330
[rosmaster.master][INFO] 2026-08-31 02:41:29,426: +PARAM [/lio/sensor/dept_err] by /rosparam-310330
[rosmaster.master][INFO] 2026-08-31 02:41:29,427: +PARAM [/lio/sensor/beam_err] by /rosparam-310330
[rosmaster.master][INFO] 2026-08-31 02:41:29,428: +PARAM [/lio/prob_lio/cov_enable] by /rosparam-310330
[rosmaster.master][INFO] 2026-08-31 02:41:29,429: +PARAM [/lio/prob_lio/map_pose_cov_model] by /rosparam-310330
[rosmaster.master][INFO] 2026-08-31 02:41:29,430: +PARAM [/lio/prob_lio/map_cov_storage_precision] by /rosparam-310330
[rosmaster.master][INFO] 2026-08-31 02:41:29,431: +PARAM [/lio/prob_lio/qr_plane_cov_enable] by /rosparam-310330
[rosmaster.master][INFO] 2026-08-31 02:41:29,432: +PARAM [/lio/prob_lio/p2p_weight_mode] by /rosparam-310330
[rosmaster.master][INFO] 2026-08-31 02:41:29,432: +PARAM [/lio/prob_lio/cov_validation_mode] by /rosparam-310330
[rosmaster.master][INFO] 2026-08-31 02:41:29,433: +PARAM [/lio/prob_lio/association_mode] by /rosparam-310330
[rosmaster.master][INFO] 2026-08-31 02:41:29,434: +PARAM [/lio/prob_lio/assoc_sigma_num] by /rosparam-310330
[rosmaster.master][INFO] 2026-08-31 02:41:29,435: +PARAM [/lio/prob_lio/prob_assoc_shadow_enable] by /rosparam-310330
[rosmaster.master][INFO] 2026-08-31 02:41:29,435: +PARAM [/lio/prob_lio/association_pose_cov_model] by /rosparam-310330
[rosmaster.master][INFO] 2026-08-31 02:41:29,436: +PARAM [/lio/prob_lio/association_sensor_cov_model] by /rosparam-310330
[rosmaster.master][INFO] 2026-08-31 02:41:29,437: +PARAM [/lio/extrinsic/lidar_imu] by /rosparam-310330
[rosmaster.master][INFO] 2026-08-31 02:41:29,438: +PARAM [/lio/extrinsic/odom_robo] by /rosparam-310330
[rosmaster.master][INFO] 2026-08-31 02:41:29,439: +PARAM [/lio/hash_map/hash_capacity] by /rosparam-310330
[rosmaster.master][INFO] 2026-08-31 02:41:29,439: +PARAM [/lio/hash_map/vox_resolution] by /rosparam-310330
[rosmaster.master][INFO] 2026-08-31 02:41:29,441: +PARAM [/lio/kf/kf_type] by /rosparam-310330
[rosmaster.master][INFO] 2026-08-31 02:41:29,442: +PARAM [/lio/kf/kf_max_iterations] by /rosparam-310330
[rosmaster.master][INFO] 2026-08-31 02:41:29,442: +PARAM [/lio/kf/kf_align_gravity] by /rosparam-310330
[rosmaster.master][INFO] 2026-08-31 02:41:29,444: +PARAM [/lio/kf/kf_quit_eps] by /rosparam-310330
[rosmaster.master][INFO] 2026-08-31 02:41:29,444: +PARAM [/lio/output/robot] by /rosparam-310330
[rosmaster.master][INFO] 2026-08-31 02:41:29,445: +PARAM [/lio/output/plan_env_world] by /rosparam-310330
[rosmaster.master][INFO] 2026-08-31 02:41:29,446: +PARAM [/lio/output/plan_env_body] by /rosparam-310330
[rosmaster.master][INFO] 2026-08-31 02:41:29,447: +PARAM [/lio/output/planner] by /rosparam-310330
[rosmaster.master][INFO] 2026-08-31 02:41:29,448: +PARAM [/lio/output/map] by /rosparam-310330
[rosmaster.master][INFO] 2026-08-31 02:41:29,448: +PARAM [/lio/output/dense] by /rosparam-310330
[rosmaster.master][INFO] 2026-08-31 02:41:29,449: +PARAM [/lio/output/pub_step] by /rosparam-310330
[rosmaster.master][INFO] 2026-08-31 02:41:29,450: +PARAM [/lio/eva/timer] by /rosparam-310330
[rosmaster.master][INFO] 2026-08-31 02:41:29,526: +PARAM [/lio/offline/bag] by /rosparam-310381
[rosmaster.master][INFO] 2026-08-31 02:41:29,602: +PARAM [/lio/prob_lio/cov_enable] by /rosparam-310384
[rosmaster.master][INFO] 2026-08-31 02:41:29,706: +PARAM [/lio/prob_lio/cov_validation_mode] by /rosparam-310389
[rosmaster.master][INFO] 2026-08-31 02:41:29,804: +PARAM [/lio/prob_lio/map_pose_cov_model] by /rosparam-310394
[rosmaster.master][INFO] 2026-08-31 02:41:29,895: +PARAM [/lio/prob_lio/map_cov_storage_precision] by /rosparam-310399
[rosmaster.master][INFO] 2026-08-31 02:41:29,980: +PARAM [/lio/prob_lio/qr_plane_cov_enable] by /rosparam-310404
[rosmaster.master][INFO] 2026-08-31 02:41:30,067: +PARAM [/lio/prob_lio/p2p_weight_mode] by /rosparam-310409
[rosmaster.master][INFO] 2026-08-31 02:41:30,144: +PARAM [/lio/prob_lio/association_mode] by /rosparam-310414
[rosmaster.master][INFO] 2026-08-31 02:41:30,225: +PARAM [/lio/prob_lio/prob_assoc_shadow_enable] by /rosparam-310419
[rosmaster.master][INFO] 2026-08-31 02:41:30,305: +PARAM [/lio/prob_lio/association_pose_cov_model] by /rosparam-310424
[rosmaster.master][INFO] 2026-08-31 02:41:30,380: +PARAM [/lio/prob_lio/association_sensor_cov_model] by /rosparam-310429
[rosmaster.master][INFO] 2026-08-31 02:41:30,458: +PARAM [/lio/offline/out_dir] by /rosparam-310434
[rosmaster.master][INFO] 2026-08-31 02:41:30,812: +PUB [/rosout] /lio_offline http://robot:42305/
[rosmaster.master][INFO] 2026-08-31 02:41:30,813: +SERVICE [/lio_offline/get_loggers] /lio_offline http://robot:42305/
[rosmaster.master][INFO] 2026-08-31 02:41:30,813: +SERVICE [/lio_offline/set_logger_level] /lio_offline http://robot:42305/
[rosmaster.master][INFO] 2026-08-31 02:41:30,825: +PUB [/tf] /lio_offline http://robot:42305/
[rosmaster.master][INFO] 2026-08-31 02:41:30,826: +SUB [/os1_cloud_node1/points] /lio_offline http://robot:42305/
[rosmaster.master][INFO] 2026-08-31 02:41:30,827: +SUB [/imu/imu] /lio_offline http://robot:42305/
[rosmaster.master][INFO] 2026-08-31 02:41:30,827: +PUB [/lio/odom] /lio_offline http://robot:42305/
[rosmaster.master][INFO] 2026-08-31 02:41:30,827: +PUB [/lio/path] /lio_offline http://robot:42305/
[rosmaster.master][INFO] 2026-08-31 02:41:30,827: +PUB [/lio/path_robot] /lio_offline http://robot:42305/
[rosmaster.master][INFO] 2026-08-31 02:41:30,831: +PUB [/os1_cloud_node1/points] /lio_offline http://robot:42305/
[rosmaster.master][INFO] 2026-08-31 02:41:30,831: +PUB [/imu/imu] /lio_offline http://robot:42305/
[rosmaster.master][INFO] 2026-08-31 02:41:30,833: +SUB [/lio/odom] /lio_offline http://robot:42305/
[rosmaster.master][INFO] 2026-08-31 02:41:30,839: publisherUpdate[/os1_cloud_node1/points] -> http://robot:42305/ ['http://robot:42305/']
[rosmaster.master][INFO] 2026-08-31 02:41:30,842: publisherUpdate[/os1_cloud_node1/points] -> http://robot:42305/ ['http://robot:42305/']: sec=0.00, result=[1, '', 0]
[rosmaster.master][INFO] 2026-08-31 02:41:30,842: publisherUpdate[/imu/imu] -> http://robot:42305/ ['http://robot:42305/']
[rosmaster.master][INFO] 2026-08-31 02:41:30,842: publisherUpdate[/imu/imu] -> http://robot:42305/ ['http://robot:42305/']: sec=0.00, result=[1, '', 0]
[rosmaster.master][INFO] 2026-08-31 02:41:31,054: +PUB [/lio/imu/odom] /lio_offline http://robot:42305/
[rosmaster.master][INFO] 2026-08-31 02:41:31,055: +PUB [/lio/robo/odom] /lio_offline http://robot:42305/
[rosmaster.master][INFO] 2026-08-31 02:41:31,072: +PUB [/lio/cloud_world] /lio_offline http://robot:42305/
[rosmaster.master][INFO] 2026-08-31 02:42:37,298: -PUB [/rosout] /lio_offline http://robot:42305/
[rosmaster.master][INFO] 2026-08-31 02:42:37,298: -PUB [/tf] /lio_offline http://robot:42305/
[rosmaster.master][INFO] 2026-08-31 02:42:37,298: -PUB [/lio/odom] /lio_offline http://robot:42305/
[rosmaster.master][INFO] 2026-08-31 02:42:37,299: -PUB [/lio/path] /lio_offline http://robot:42305/
[rosmaster.master][INFO] 2026-08-31 02:42:37,299: -PUB [/lio/path_robot] /lio_offline http://robot:42305/
[rosmaster.master][INFO] 2026-08-31 02:42:37,299: -PUB [/os1_cloud_node1/points] /lio_offline http://robot:42305/
[rosmaster.master][INFO] 2026-08-31 02:42:37,299: -PUB [/imu/imu] /lio_offline http://robot:42305/
[rosmaster.master][INFO] 2026-08-31 02:42:37,299: -PUB [/lio/imu/odom] /lio_offline http://robot:42305/
[rosmaster.master][INFO] 2026-08-31 02:42:37,300: -PUB [/lio/robo/odom] /lio_offline http://robot:42305/
[rosmaster.master][INFO] 2026-08-31 02:42:37,300: -PUB [/lio/cloud_world] /lio_offline http://robot:42305/
[rosmaster.master][INFO] 2026-08-31 02:42:37,300: -SUB [/os1_cloud_node1/points] /lio_offline http://robot:42305/
[rosmaster.master][INFO] 2026-08-31 02:42:37,300: -SUB [/imu/imu] /lio_offline http://robot:42305/
[rosmaster.master][INFO] 2026-08-31 02:42:37,300: -SUB [/lio/odom] /lio_offline http://robot:42305/
[rosmaster.master][INFO] 2026-08-31 02:42:37,300: -SERVICE [/lio_offline/get_loggers] /lio_offline rosrpc://robot:37993
[rosmaster.master][INFO] 2026-08-31 02:42:37,301: -SERVICE [/lio_offline/set_logger_level] /lio_offline rosrpc://robot:37993
[rosmaster.master][INFO] 2026-08-31 02:42:37,307: publisherUpdate[/lio/odom] -> http://robot:42305/ []
[rosmaster.master][INFO] 2026-08-31 02:42:37,308: publisherUpdate[/lio/odom] -> http://robot:42305/ []: sec=0.00, exception=[Errno 111] Connection refused
[rosmaster.threadpool][ERROR] 2026-08-31 02:42:37,309: Traceback (most recent call last):
  File "/opt/ros/noetic/lib/python3/dist-packages/rosmaster/threadpool.py", line 218, in run
    result = cmd(*args)
  File "/opt/ros/noetic/lib/python3/dist-packages/rosmaster/master_api.py", line 210, in publisher_update_task
    ret = xmlrpcapi(api).publisherUpdate('/master', topic, pub_uris)
  File "/usr/lib/python3.8/xmlrpc/client.py", line 1109, in __call__
    return self.__send(self.__name, args)
  File "/usr/lib/python3.8/xmlrpc/client.py", line 1450, in __request
    response = self.__transport.request(
  File "/usr/lib/python3.8/xmlrpc/client.py", line 1153, in request
    return self.single_request(host, handler, request_body, verbose)
  File "/usr/lib/python3.8/xmlrpc/client.py", line 1165, in single_request
    http_conn = self.send_request(host, handler, request_body, verbose)
  File "/usr/lib/python3.8/xmlrpc/client.py", line 1278, in send_request
    self.send_content(connection, request_body)
  File "/usr/lib/python3.8/xmlrpc/client.py", line 1308, in send_content
    connection.endheaders(request_body)
  File "/usr/lib/python3.8/http/client.py", line 1251, in endheaders
    self._send_output(message_body, encode_chunked=encode_chunked)
  File "/usr/lib/python3.8/http/client.py", line 1011, in _send_output
    self.send(msg)
  File "/usr/lib/python3.8/http/client.py", line 951, in send
    self.connect()
  File "/usr/lib/python3.8/http/client.py", line 922, in connect
    self.sock = self._create_connection(
  File "/usr/lib/python3.8/socket.py", line 808, in create_connection
    raise err
  File "/usr/lib/python3.8/socket.py", line 796, in create_connection
    sock.connect(sa)
ConnectionRefusedError: [Errno 111] Connection refused

[rosmaster.master][INFO] 2026-08-31 02:42:37,309: publisherUpdate[/os1_cloud_node1/points] -> http://robot:42305/ []
[rosmaster.master][INFO] 2026-08-31 02:42:37,309: publisherUpdate[/os1_cloud_node1/points] -> http://robot:42305/ []: sec=0.00, exception=[Errno 111] Connection refused
[rosmaster.threadpool][ERROR] 2026-08-31 02:42:37,309: Traceback (most recent call last):
  File "/opt/ros/noetic/lib/python3/dist-packages/rosmaster/threadpool.py", line 218, in run
    result = cmd(*args)
  File "/opt/ros/noetic/lib/python3/dist-packages/rosmaster/master_api.py", line 210, in publisher_update_task
    ret = xmlrpcapi(api).publisherUpdate('/master', topic, pub_uris)
  File "/usr/lib/python3.8/xmlrpc/client.py", line 1109, in __call__
    return self.__send(self.__name, args)
  File "/usr/lib/python3.8/xmlrpc/client.py", line 1450, in __request
    response = self.__transport.request(
  File "/usr/lib/python3.8/xmlrpc/client.py", line 1153, in request
    return self.single_request(host, handler, request_body, verbose)
  File "/usr/lib/python3.8/xmlrpc/client.py", line 1165, in single_request
    http_conn = self.send_request(host, handler, request_body, verbose)
  File "/usr/lib/python3.8/xmlrpc/client.py", line 1278, in send_request
    self.send_content(connection, request_body)
  File "/usr/lib/python3.8/xmlrpc/client.py", line 1308, in send_content
    connection.endheaders(request_body)
  File "/usr/lib/python3.8/http/client.py", line 1251, in endheaders
    self._send_output(message_body, encode_chunked=encode_chunked)
  File "/usr/lib/python3.8/http/client.py", line 1011, in _send_output
    self.send(msg)
  File "/usr/lib/python3.8/http/client.py", line 951, in send
    self.connect()
  File "/usr/lib/python3.8/http/client.py", line 922, in connect
    self.sock = self._create_connection(
  File "/usr/lib/python3.8/socket.py", line 808, in create_connection
    raise err
  File "/usr/lib/python3.8/socket.py", line 796, in create_connection
    sock.connect(sa)
ConnectionRefusedError: [Errno 111] Connection refused

[rosmaster.master][INFO] 2026-08-31 02:42:37,309: publisherUpdate[/imu/imu] -> http://robot:42305/ []
[rosmaster.master][INFO] 2026-08-31 02:42:37,309: publisherUpdate[/imu/imu] -> http://robot:42305/ []: sec=0.00, exception=[Errno 111] Connection refused
[rosmaster.threadpool][ERROR] 2026-08-31 02:42:37,310: Traceback (most recent call last):
  File "/opt/ros/noetic/lib/python3/dist-packages/rosmaster/threadpool.py", line 218, in run
    result = cmd(*args)
  File "/opt/ros/noetic/lib/python3/dist-packages/rosmaster/master_api.py", line 210, in publisher_update_task
    ret = xmlrpcapi(api).publisherUpdate('/master', topic, pub_uris)
  File "/usr/lib/python3.8/xmlrpc/client.py", line 1109, in __call__
    return self.__send(self.__name, args)
  File "/usr/lib/python3.8/xmlrpc/client.py", line 1450, in __request
    response = self.__transport.request(
  File "/usr/lib/python3.8/xmlrpc/client.py", line 1153, in request
    return self.single_request(host, handler, request_body, verbose)
  File "/usr/lib/python3.8/xmlrpc/client.py", line 1165, in single_request
    http_conn = self.send_request(host, handler, request_body, verbose)
  File "/usr/lib/python3.8/xmlrpc/client.py", line 1278, in send_request
    self.send_content(connection, request_body)
  File "/usr/lib/python3.8/xmlrpc/client.py", line 1308, in send_content
    connection.endheaders(request_body)
  File "/usr/lib/python3.8/http/client.py", line 1251, in endheaders
    self._send_output(message_body, encode_chunked=encode_chunked)
  File "/usr/lib/python3.8/http/client.py", line 1011, in _send_output
    self.send(msg)
  File "/usr/lib/python3.8/http/client.py", line 951, in send
    self.connect()
  File "/usr/lib/python3.8/http/client.py", line 922, in connect
    self.sock = self._create_connection(
  File "/usr/lib/python3.8/socket.py", line 808, in create_connection
    raise err
  File "/usr/lib/python3.8/socket.py", line 796, in create_connection
    sock.connect(sa)
ConnectionRefusedError: [Errno 111] Connection refused

