[rosmaster.main][INFO] 2026-08-31 03:22:01,297: initialization complete, waiting for shutdown
[rosmaster.main][INFO] 2026-08-31 03:22:01,297: Starting ROS Master Node
[xmlrpc][INFO] 2026-08-31 03:22:01,299: XML-RPC server binding to 0.0.0.0:11343
[xmlrpc][INFO] 2026-08-31 03:22:01,300: Started XML-RPC server [http://robot:11343/]
[rosmaster.master][INFO] 2026-08-31 03:22:01,300: Master initialized: port[11343], uri[http://robot:11343/]
[xmlrpc][INFO] 2026-08-31 03:22:01,300: xml rpc node: starting XML-RPC server
[rosmaster.master][INFO] 2026-08-31 03:22:04,573: +PARAM [/lio/map/save_map] by /rosparam-324480
[rosmaster.master][INFO] 2026-08-31 03:22:04,574: +PARAM [/lio/map/if_filter] by /rosparam-324480
[rosmaster.master][INFO] 2026-08-31 03:22:04,576: +PARAM [/lio/map/save_map_dir] by /rosparam-324480
[rosmaster.master][INFO] 2026-08-31 03:22:04,577: +PARAM [/lio/map/map_name] by /rosparam-324480
[rosmaster.master][INFO] 2026-08-31 03:22:04,578: +PARAM [/lio/map/ds_size] by /rosparam-324480
[rosmaster.master][INFO] 2026-08-31 03:22:04,579: +PARAM [/lio/map/save_interval] by /rosparam-324480
[rosmaster.master][INFO] 2026-08-31 03:22:04,581: +PARAM [/lio/ros/lidar_topic] by /rosparam-324480
[rosmaster.master][INFO] 2026-08-31 03:22:04,582: +PARAM [/lio/ros/imu_topic] by /rosparam-324480
[rosmaster.master][INFO] 2026-08-31 03:22:04,583: +PARAM [/lio/sensor/lidar_type] by /rosparam-324480
[rosmaster.master][INFO] 2026-08-31 03:22:04,585: +PARAM [/lio/sensor/blind] by /rosparam-324480
[rosmaster.master][INFO] 2026-08-31 03:22:04,586: +PARAM [/lio/sensor/maxrange] by /rosparam-324480
[rosmaster.master][INFO] 2026-08-31 03:22:04,587: +PARAM [/lio/sensor/filter_rate] by /rosparam-324480
[rosmaster.master][INFO] 2026-08-31 03:22:04,588: +PARAM [/lio/sensor/enable_downsample] by /rosparam-324480
[rosmaster.master][INFO] 2026-08-31 03:22:04,589: +PARAM [/lio/sensor/voxel_fliter_size] by /rosparam-324480
[rosmaster.master][INFO] 2026-08-31 03:22:04,590: +PARAM [/lio/sensor/gravity_norm] by /rosparam-324480
[rosmaster.master][INFO] 2026-08-31 03:22:04,591: +PARAM [/lio/sensor/imu_type] by /rosparam-324480
[rosmaster.master][INFO] 2026-08-31 03:22:04,592: +PARAM [/lio/sensor/imu_na] by /rosparam-324480
[rosmaster.master][INFO] 2026-08-31 03:22:04,593: +PARAM [/lio/sensor/imu_ng] by /rosparam-324480
[rosmaster.master][INFO] 2026-08-31 03:22:04,594: +PARAM [/lio/sensor/imu_nba] by /rosparam-324480
[rosmaster.master][INFO] 2026-08-31 03:22:04,595: +PARAM [/lio/sensor/imu_nbg] by /rosparam-324480
[rosmaster.master][INFO] 2026-08-31 03:22:04,596: +PARAM [/lio/sensor/dept_err] by /rosparam-324480
[rosmaster.master][INFO] 2026-08-31 03:22:04,597: +PARAM [/lio/sensor/beam_err] by /rosparam-324480
[rosmaster.master][INFO] 2026-08-31 03:22:04,598: +PARAM [/lio/prob_lio/cov_enable] by /rosparam-324480
[rosmaster.master][INFO] 2026-08-31 03:22:04,599: +PARAM [/lio/prob_lio/map_pose_cov_model] by /rosparam-324480
[rosmaster.master][INFO] 2026-08-31 03:22:04,600: +PARAM [/lio/prob_lio/map_cov_storage_precision] by /rosparam-324480
[rosmaster.master][INFO] 2026-08-31 03:22:04,601: +PARAM [/lio/prob_lio/qr_plane_cov_enable] by /rosparam-324480
[rosmaster.master][INFO] 2026-08-31 03:22:04,602: +PARAM [/lio/prob_lio/p2p_weight_mode] by /rosparam-324480
[rosmaster.master][INFO] 2026-08-31 03:22:04,603: +PARAM [/lio/prob_lio/cov_validation_mode] by /rosparam-324480
[rosmaster.master][INFO] 2026-08-31 03:22:04,604: +PARAM [/lio/prob_lio/association_mode] by /rosparam-324480
[rosmaster.master][INFO] 2026-08-31 03:22:04,606: +PARAM [/lio/prob_lio/assoc_sigma_num] by /rosparam-324480
[rosmaster.master][INFO] 2026-08-31 03:22:04,607: +PARAM [/lio/prob_lio/prob_assoc_shadow_enable] by /rosparam-324480
[rosmaster.master][INFO] 2026-08-31 03:22:04,608: +PARAM [/lio/prob_lio/association_pose_cov_model] by /rosparam-324480
[rosmaster.master][INFO] 2026-08-31 03:22:04,609: +PARAM [/lio/prob_lio/association_sensor_cov_model] by /rosparam-324480
[rosmaster.master][INFO] 2026-08-31 03:22:04,610: +PARAM [/lio/extrinsic/lidar_imu] by /rosparam-324480
[rosmaster.master][INFO] 2026-08-31 03:22:04,611: +PARAM [/lio/extrinsic/odom_robo] by /rosparam-324480
[rosmaster.master][INFO] 2026-08-31 03:22:04,611: +PARAM [/lio/hash_map/hash_capacity] by /rosparam-324480
[rosmaster.master][INFO] 2026-08-31 03:22:04,612: +PARAM [/lio/hash_map/vox_resolution] by /rosparam-324480
[rosmaster.master][INFO] 2026-08-31 03:22:04,613: +PARAM [/lio/kf/kf_type] by /rosparam-324480
[rosmaster.master][INFO] 2026-08-31 03:22:04,614: +PARAM [/lio/kf/kf_max_iterations] by /rosparam-324480
[rosmaster.master][INFO] 2026-08-31 03:22:04,615: +PARAM [/lio/kf/kf_align_gravity] by /rosparam-324480
[rosmaster.master][INFO] 2026-08-31 03:22:04,616: +PARAM [/lio/kf/kf_quit_eps] by /rosparam-324480
[rosmaster.master][INFO] 2026-08-31 03:22:04,617: +PARAM [/lio/output/robot] by /rosparam-324480
[rosmaster.master][INFO] 2026-08-31 03:22:04,618: +PARAM [/lio/output/plan_env_world] by /rosparam-324480
[rosmaster.master][INFO] 2026-08-31 03:22:04,619: +PARAM [/lio/output/plan_env_body] by /rosparam-324480
[rosmaster.master][INFO] 2026-08-31 03:22:04,620: +PARAM [/lio/output/planner] by /rosparam-324480
[rosmaster.master][INFO] 2026-08-31 03:22:04,621: +PARAM [/lio/output/map] by /rosparam-324480
[rosmaster.master][INFO] 2026-08-31 03:22:04,622: +PARAM [/lio/output/dense] by /rosparam-324480
[rosmaster.master][INFO] 2026-08-31 03:22:04,623: +PARAM [/lio/output/pub_step] by /rosparam-324480
[rosmaster.master][INFO] 2026-08-31 03:22:04,624: +PARAM [/lio/eva/timer] by /rosparam-324480
[rosmaster.master][INFO] 2026-08-31 03:22:04,699: +PARAM [/lio/offline/bag] by /rosparam-324531
[rosmaster.master][INFO] 2026-08-31 03:22:04,768: +PARAM [/lio/prob_lio/cov_enable] by /rosparam-324534
[rosmaster.master][INFO] 2026-08-31 03:22:04,869: +PARAM [/lio/prob_lio/cov_validation_mode] by /rosparam-324539
[rosmaster.master][INFO] 2026-08-31 03:22:04,946: +PARAM [/lio/prob_lio/map_pose_cov_model] by /rosparam-324544
[rosmaster.master][INFO] 2026-08-31 03:22:05,021: +PARAM [/lio/prob_lio/map_cov_storage_precision] by /rosparam-324549
[rosmaster.master][INFO] 2026-08-31 03:22:05,099: +PARAM [/lio/prob_lio/qr_plane_cov_enable] by /rosparam-324554
[rosmaster.master][INFO] 2026-08-31 03:22:05,180: +PARAM [/lio/prob_lio/p2p_weight_mode] by /rosparam-324559
[rosmaster.master][INFO] 2026-08-31 03:22:05,252: +PARAM [/lio/prob_lio/association_mode] by /rosparam-324564
[rosmaster.master][INFO] 2026-08-31 03:22:05,325: +PARAM [/lio/prob_lio/prob_assoc_shadow_enable] by /rosparam-324569
[rosmaster.master][INFO] 2026-08-31 03:22:05,398: +PARAM [/lio/prob_lio/association_pose_cov_model] by /rosparam-324574
[rosmaster.master][INFO] 2026-08-31 03:22:05,471: +PARAM [/lio/prob_lio/association_sensor_cov_model] by /rosparam-324579
[rosmaster.master][INFO] 2026-08-31 03:22:05,551: +PARAM [/lio/offline/out_dir] by /rosparam-324584
[rosmaster.master][INFO] 2026-08-31 03:22:05,919: +PUB [/rosout] /lio_offline http://robot:34765/
[rosmaster.master][INFO] 2026-08-31 03:22:05,920: +SERVICE [/lio_offline/get_loggers] /lio_offline http://robot:34765/
[rosmaster.master][INFO] 2026-08-31 03:22:05,921: +SERVICE [/lio_offline/set_logger_level] /lio_offline http://robot:34765/
[rosmaster.master][INFO] 2026-08-31 03:22:05,933: +PUB [/tf] /lio_offline http://robot:34765/
[rosmaster.master][INFO] 2026-08-31 03:22:05,934: +SUB [/os1_cloud_node1/points] /lio_offline http://robot:34765/
[rosmaster.master][INFO] 2026-08-31 03:22:05,935: +SUB [/imu/imu] /lio_offline http://robot:34765/
[rosmaster.master][INFO] 2026-08-31 03:22:05,935: +PUB [/lio/odom] /lio_offline http://robot:34765/
[rosmaster.master][INFO] 2026-08-31 03:22:05,935: +PUB [/lio/path] /lio_offline http://robot:34765/
[rosmaster.master][INFO] 2026-08-31 03:22:05,936: +PUB [/lio/path_robot] /lio_offline http://robot:34765/
[rosmaster.master][INFO] 2026-08-31 03:22:05,939: +PUB [/os1_cloud_node1/points] /lio_offline http://robot:34765/
[rosmaster.master][INFO] 2026-08-31 03:22:05,939: +PUB [/imu/imu] /lio_offline http://robot:34765/
[rosmaster.master][INFO] 2026-08-31 03:22:05,941: +SUB [/lio/odom] /lio_offline http://robot:34765/
[rosmaster.master][INFO] 2026-08-31 03:22:06,005: publisherUpdate[/os1_cloud_node1/points] -> http://robot:34765/ ['http://robot:34765/']
[rosmaster.master][INFO] 2026-08-31 03:22:06,007: publisherUpdate[/os1_cloud_node1/points] -> http://robot:34765/ ['http://robot:34765/']: sec=0.00, result=[1, '', 0]
[rosmaster.master][INFO] 2026-08-31 03:22:06,007: publisherUpdate[/imu/imu] -> http://robot:34765/ ['http://robot:34765/']
[rosmaster.master][INFO] 2026-08-31 03:22:06,008: publisherUpdate[/imu/imu] -> http://robot:34765/ ['http://robot:34765/']: sec=0.00, result=[1, '', 0]
[rosmaster.master][INFO] 2026-08-31 03:22:06,220: +PUB [/lio/imu/odom] /lio_offline http://robot:34765/
[rosmaster.master][INFO] 2026-08-31 03:22:06,221: +PUB [/lio/robo/odom] /lio_offline http://robot:34765/
[rosmaster.master][INFO] 2026-08-31 03:22:06,240: +PUB [/lio/cloud_world] /lio_offline http://robot:34765/
[rosmaster.master][INFO] 2026-08-31 03:22:55,299: -PUB [/rosout] /lio_offline http://robot:34765/
[rosmaster.master][INFO] 2026-08-31 03:22:55,300: -PUB [/tf] /lio_offline http://robot:34765/
[rosmaster.master][INFO] 2026-08-31 03:22:55,300: -PUB [/lio/odom] /lio_offline http://robot:34765/
[rosmaster.master][INFO] 2026-08-31 03:22:55,300: -PUB [/lio/path] /lio_offline http://robot:34765/
[rosmaster.master][INFO] 2026-08-31 03:22:55,301: -PUB [/lio/path_robot] /lio_offline http://robot:34765/
[rosmaster.master][INFO] 2026-08-31 03:22:55,301: -PUB [/os1_cloud_node1/points] /lio_offline http://robot:34765/
[rosmaster.master][INFO] 2026-08-31 03:22:55,301: -PUB [/imu/imu] /lio_offline http://robot:34765/
[rosmaster.master][INFO] 2026-08-31 03:22:55,301: -PUB [/lio/imu/odom] /lio_offline http://robot:34765/
[rosmaster.master][INFO] 2026-08-31 03:22:55,302: -PUB [/lio/robo/odom] /lio_offline http://robot:34765/
[rosmaster.master][INFO] 2026-08-31 03:22:55,302: -PUB [/lio/cloud_world] /lio_offline http://robot:34765/
[rosmaster.master][INFO] 2026-08-31 03:22:55,302: -SUB [/os1_cloud_node1/points] /lio_offline http://robot:34765/
[rosmaster.master][INFO] 2026-08-31 03:22:55,302: -SUB [/imu/imu] /lio_offline http://robot:34765/
[rosmaster.master][INFO] 2026-08-31 03:22:55,303: -SUB [/lio/odom] /lio_offline http://robot:34765/
[rosmaster.master][INFO] 2026-08-31 03:22:55,303: -SERVICE [/lio_offline/get_loggers] /lio_offline rosrpc://robot:59281
[rosmaster.master][INFO] 2026-08-31 03:22:55,303: -SERVICE [/lio_offline/set_logger_level] /lio_offline rosrpc://robot:59281
[rosmaster.master][INFO] 2026-08-31 03:22:55,312: publisherUpdate[/lio/odom] -> http://robot:34765/ []
[rosmaster.master][INFO] 2026-08-31 03:22:55,313: publisherUpdate[/lio/odom] -> http://robot:34765/ []: sec=0.00, exception=[Errno 111] Connection refused
[rosmaster.master][INFO] 2026-08-31 03:22:55,313: publisherUpdate[/os1_cloud_node1/points] -> http://robot:34765/ []
[rosmaster.threadpool][ERROR] 2026-08-31 03:22:55,314: Traceback (most recent call last):
  File "/opt/ros/noetic/lib/python3/dist-packages/rosmaster/threadpool.py", line 218, in run
    result = cmd(*args)
  File "/opt/ros/noetic/lib/python3/dist-packages/rosmaster/master_api.py", line 210, in publisher_update_task
    ret = xmlrpcapi(api).publisherUpdate('/master', topic, pub_uris)
  File "/usr/lib/python3.8/xmlrpc/client.py", line 1109, in __call__
    return self.__send(self.__name, args)
  File "/usr/lib/python3.8/xmlrpc/client.py", line 1450, in __request
    response = self.__transport.request(
  File "/usr/lib/python3.8/xmlrpc/client.py", line 1153, in request
    return self.single_request(host, handler, request_body, verbose)
  File "/usr/lib/python3.8/xmlrpc/client.py", line 1165, in single_request
    http_conn = self.send_request(host, handler, request_body, verbose)
  File "/usr/lib/python3.8/xmlrpc/client.py", line 1278, in send_request
    self.send_content(connection, request_body)
  File "/usr/lib/python3.8/xmlrpc/client.py", line 1308, in send_content
    connection.endheaders(request_body)
  File "/usr/lib/python3.8/http/client.py", line 1251, in endheaders
    self._send_output(message_body, encode_chunked=encode_chunked)
  File "/usr/lib/python3.8/http/client.py", line 1011, in _send_output
    self.send(msg)
  File "/usr/lib/python3.8/http/client.py", line 951, in send
    self.connect()
  File "/usr/lib/python3.8/http/client.py", line 922, in connect
    self.sock = self._create_connection(
  File "/usr/lib/python3.8/socket.py", line 808, in create_connection
    raise err
  File "/usr/lib/python3.8/socket.py", line 796, in create_connection
    sock.connect(sa)
ConnectionRefusedError: [Errno 111] Connection refused

[rosmaster.master][INFO] 2026-08-31 03:22:55,314: publisherUpdate[/os1_cloud_node1/points] -> http://robot:34765/ []: sec=0.00, exception=[Errno 111] Connection refused
[rosmaster.threadpool][ERROR] 2026-08-31 03:22:55,314: Traceback (most recent call last):
  File "/opt/ros/noetic/lib/python3/dist-packages/rosmaster/threadpool.py", line 218, in run
    result = cmd(*args)
  File "/opt/ros/noetic/lib/python3/dist-packages/rosmaster/master_api.py", line 210, in publisher_update_task
    ret = xmlrpcapi(api).publisherUpdate('/master', topic, pub_uris)
  File "/usr/lib/python3.8/xmlrpc/client.py", line 1109, in __call__
    return self.__send(self.__name, args)
  File "/usr/lib/python3.8/xmlrpc/client.py", line 1450, in __request
    response = self.__transport.request(
  File "/usr/lib/python3.8/xmlrpc/client.py", line 1153, in request
    return self.single_request(host, handler, request_body, verbose)
  File "/usr/lib/python3.8/xmlrpc/client.py", line 1165, in single_request
    http_conn = self.send_request(host, handler, request_body, verbose)
  File "/usr/lib/python3.8/xmlrpc/client.py", line 1278, in send_request
    self.send_content(connection, request_body)
  File "/usr/lib/python3.8/xmlrpc/client.py", line 1308, in send_content
    connection.endheaders(request_body)
  File "/usr/lib/python3.8/http/client.py", line 1251, in endheaders
    self._send_output(message_body, encode_chunked=encode_chunked)
  File "/usr/lib/python3.8/http/client.py", line 1011, in _send_output
    self.send(msg)
  File "/usr/lib/python3.8/http/client.py", line 951, in send
    self.connect()
  File "/usr/lib/python3.8/http/client.py", line 922, in connect
    self.sock = self._create_connection(
  File "/usr/lib/python3.8/socket.py", line 808, in create_connection
    raise err
  File "/usr/lib/python3.8/socket.py", line 796, in create_connection
    sock.connect(sa)
ConnectionRefusedError: [Errno 111] Connection refused

[rosmaster.master][INFO] 2026-08-31 03:22:55,314: publisherUpdate[/imu/imu] -> http://robot:34765/ []
[rosmaster.master][INFO] 2026-08-31 03:22:55,314: publisherUpdate[/imu/imu] -> http://robot:34765/ []: sec=0.00, exception=[Errno 111] Connection refused
[rosmaster.threadpool][ERROR] 2026-08-31 03:22:55,314: Traceback (most recent call last):
  File "/opt/ros/noetic/lib/python3/dist-packages/rosmaster/threadpool.py", line 218, in run
    result = cmd(*args)
  File "/opt/ros/noetic/lib/python3/dist-packages/rosmaster/master_api.py", line 210, in publisher_update_task
    ret = xmlrpcapi(api).publisherUpdate('/master', topic, pub_uris)
  File "/usr/lib/python3.8/xmlrpc/client.py", line 1109, in __call__
    return self.__send(self.__name, args)
  File "/usr/lib/python3.8/xmlrpc/client.py", line 1450, in __request
    response = self.__transport.request(
  File "/usr/lib/python3.8/xmlrpc/client.py", line 1153, in request
    return self.single_request(host, handler, request_body, verbose)
  File "/usr/lib/python3.8/xmlrpc/client.py", line 1165, in single_request
    http_conn = self.send_request(host, handler, request_body, verbose)
  File "/usr/lib/python3.8/xmlrpc/client.py", line 1278, in send_request
    self.send_content(connection, request_body)
  File "/usr/lib/python3.8/xmlrpc/client.py", line 1308, in send_content
    connection.endheaders(request_body)
  File "/usr/lib/python3.8/http/client.py", line 1251, in endheaders
    self._send_output(message_body, encode_chunked=encode_chunked)
  File "/usr/lib/python3.8/http/client.py", line 1011, in _send_output
    self.send(msg)
  File "/usr/lib/python3.8/http/client.py", line 951, in send
    self.connect()
  File "/usr/lib/python3.8/http/client.py", line 922, in connect
    self.sock = self._create_connection(
  File "/usr/lib/python3.8/socket.py", line 808, in create_connection
    raise err
  File "/usr/lib/python3.8/socket.py", line 796, in create_connection
    sock.connect(sa)
ConnectionRefusedError: [Errno 111] Connection refused

