WARNING: Logging before InitGoogleLogging() is written to STDERR
I0831 03:19:18.985435 323337 ROSWrapper.cpp:14] [32m ---> [Param] map/save_map: false[0m
I0831 03:19:18.999531 323337 ROSWrapper.cpp:310] [32m ---> Using Lidar type: UNKNOWN[0m
I0831 03:19:19.007654 323337 super_lio.cpp:91] [32m ---> [SuperLIO]: initialized.[0m
I0831 03:19:19.310635 323337 super_lio.cpp:99] [32m ---> [SuperLIO]: KF init done[0m
I0831 03:19:19.322791 323337 super_lio.cpp:108] [32m ---> [SuperLIO]: Map init done[0m
I0831 03:19:51.082073 323337 timer.h:40] >>> ===== Printing run time =====
I0831 03:19:51.082111 323337 timer.h:46] > [ DownSample ] average time usage: 0.444189 ms , called times: 3943
I0831 03:19:51.082136 323337 timer.h:46] > [ Observe ] average time usage: 3.28537 ms , called times: 3943
I0831 03:19:51.082152 323337 timer.h:46] > [ Undistort ] average time usage: 0.649239 ms , called times: 3943
I0831 03:19:51.082168 323337 timer.h:46] > [ UpdateMap ] average time usage: 0.575147 ms , called times: 3943
[offline_node] bag=/home/lc/super_livo/src/Super-LIO/../../bag/NTU/nya_01/nya_01.bag start_offset=-1.000 duration=-1.000
[offline_node] wrapper subscribers connected
[OfflineReader] view 1609043643.366s..1609044038.272s lidar=3950 imu=153239 other=0 wall=31.647s sensor=394.906s speed=12.478x

=== Offline accounting ===
bag_relevant_messages: 157189
lidar read: 3950   imu read: 153239   other: 0
first/last bag time: 1609043643.366421 / 1609044038.272233
first/last sensor time: 1609043643.365510 / 1609044038.271950
sensor_duration_s: 394.906
wall_processing_s: 31.647
speed_factor: 12.478x
trajectory: /home/lc/super_livo/src/Super-LIO/results/prob_lio/p11_ntu_nya01_b0/trajectory.tum
