WARNING: Logging before InitGoogleLogging() is written to STDERR
I0831 03:15:32.140098 321447 ROSWrapper.cpp:14] [32m ---> [Param] map/save_map: false[0m
I0831 03:15:32.151212 321447 ROSWrapper.cpp:310] [32m ---> Using Lidar type: LIVOX[0m
I0831 03:15:32.157855 321447 super_lio.cpp:91] [32m ---> [SuperLIO]: initialized.[0m
I0831 03:15:32.245463 321447 super_lio.cpp:99] [32m ---> [SuperLIO]: KF init done[0m
I0831 03:15:32.253640 321447 super_lio.cpp:108] [32m ---> [SuperLIO]: Map init done[0m
I0831 03:16:14.191289 321447 timer.h:40] >>> ===== Printing run time =====
I0831 03:16:14.191339 321447 timer.h:46] > [ DownSample ] average time usage: 0.3275 ms , called times: 4661
I0831 03:16:14.191373 321447 timer.h:46] > [ Observe ] average time usage: 5.188 ms , called times: 4661
I0831 03:16:14.191394 321447 timer.h:46] > [ Undistort ] average time usage: 0.679161 ms , called times: 4661
I0831 03:16:14.191414 321447 timer.h:46] > [ UpdateMap ] average time usage: 0.825768 ms , called times: 4661
I0831 03:16:14.191426 321447 super_lio.cpp:1159] [32m ---> [Prob-LIO P3] QR plane cov shadow: attempted: 13503135, valid: 13503135, rank_invalid: 0, nonfinite: 0[0m
I0831 03:16:14.191438 321447 super_lio.cpp:1220] [32m ---> [Prob-LIO P5] association attempted: 17629636, legacy_accept(shadow): 17613152, prob_accept: 17521427, prob_reject: 108209, invalid_nonfinite: 0, invalid_negative: 0[0m
I0831 03:16:14.191450 321447 super_lio.cpp:1241] [32m ---> [Prob-LIO P4] weights attempted: 17521427, valid: 17521427, invalid_nonfinite: 0, invalid_negative: 0; valid w: count=17521427 min=0.000147603 max=994.792 mean=491.542 near_ceiling(>999)=0 bins=672/4136/28134/298682/17189803; plane var min=1.02687e-06 max=6774.94 mean=0.00499178; point var min=8.75871e-07 max=0.00880259 mean=0.00104414[0m
I0831 03:16:14.191473 321447 super_lio.cpp:1260] [32m ---> [Prob-LIO] pipeline ON (pose model livo2_compat, storage double): cov frames: 4661, points: 6878355, invalid: 0; map cov init inserts: 13239, update inserts: 6878355, hknn cov returns: 97795661, invalid: 13[0m
[offline_node] bag=/home/lc/super_livo/src/Super-LIO/results/prob_lio/p11_mcd_input/ntu_night_08_lio_filtered.bag start_offset=-1.000 duration=-1.000
[offline_node] wrapper subscribers connected
[OfflineReader] view 1645018879.502s..1645019346.271s lidar=4667 imu=185463 other=0 wall=41.896s sensor=466.769s speed=11.141x

=== Offline accounting ===
bag_relevant_messages: 190130
lidar read: 4667   imu read: 185463   other: 0
first/last bag time: 1645018879.502415 / 1645019346.270871
first/last sensor time: 1645018879.502201 / 1645019346.270790
sensor_duration_s: 466.769
wall_processing_s: 41.896
speed_factor: 11.141x
trajectory: /home/lc/super_livo/src/Super-LIO/results/prob_lio/p11_mcd_night08_p5_active/trajectory.tum
