WARNING: Logging before InitGoogleLogging() is written to STDERR
I0831 03:22:05.922561 324597 ROSWrapper.cpp:14] [32m ---> [Param] map/save_map: false[0m
I0831 03:22:05.933404 324597 ROSWrapper.cpp:310] [32m ---> Using Lidar type: UNKNOWN[0m
I0831 03:22:05.939102 324597 super_lio.cpp:91] [32m ---> [SuperLIO]: initialized.[0m
I0831 03:22:06.224481 324597 super_lio.cpp:99] [32m ---> [SuperLIO]: KF init done[0m
I0831 03:22:06.236426 324597 super_lio.cpp:108] [32m ---> [SuperLIO]: Map init done[0m
I0831 03:22:55.173512 324597 timer.h:40] >>> ===== Printing run time =====
I0831 03:22:55.173552 324597 timer.h:46] > [ DownSample ] average time usage: 0.460191 ms , called times: 3943
I0831 03:22:55.173578 324597 timer.h:46] > [ Observe ] average time usage: 7.32908 ms , called times: 3943
I0831 03:22:55.173595 324597 timer.h:46] > [ Undistort ] average time usage: 0.681597 ms , called times: 3943
I0831 03:22:55.173611 324597 timer.h:46] > [ UpdateMap ] average time usage: 1.03577 ms , called times: 3943
I0831 03:22:55.173620 324597 super_lio.cpp:1159] [32m ---> [Prob-LIO P3] QR plane cov shadow: attempted: 26725623, valid: 26725623, rank_invalid: 0, nonfinite: 0[0m
I0831 03:22:55.173630 324597 super_lio.cpp:1241] [32m ---> [Prob-LIO P4] weights attempted: 34371589, valid: 34371589, invalid_nonfinite: 0, invalid_negative: 0; valid w: count=34371589 min=1.68383e-08 max=999.207 mean=738.528 near_ceiling(>999)=7 bins=97671/118205/240233/619995/33295485; plane var min=8.4158e-08 max=5.93883e+07 mean=18.7658; point var min=1.34424e-07 max=0.000400189 mean=0.000232959[0m
I0831 03:22:55.173645 324597 super_lio.cpp:1260] [32m ---> [Prob-LIO] pipeline ON (pose model super_right_consistent, storage double): cov frames: 3943, points: 10705162, invalid: 0; map cov init inserts: 13953, update inserts: 10705162, hknn cov returns: 155293600, invalid: 0[0m
[offline_node] bag=/home/lc/super_livo/src/Super-LIO/../../bag/NTU/nya_01/nya_01.bag start_offset=-1.000 duration=-1.000
[offline_node] wrapper subscribers connected
[OfflineReader] view 1609043643.366s..1609044038.272s lidar=3950 imu=153239 other=0 wall=48.842s sensor=394.906s speed=8.085x

=== Offline accounting ===
bag_relevant_messages: 157189
lidar read: 3950   imu read: 153239   other: 0
first/last bag time: 1609043643.366421 / 1609044038.272233
first/last sensor time: 1609043643.365510 / 1609044038.271950
sensor_duration_s: 394.906
wall_processing_s: 48.842
speed_factor: 8.085x
trajectory: /home/lc/super_livo/src/Super-LIO/results/prob_lio/p11_ntu_nya01_p4_rc/trajectory.tum
