WARNING: Logging before InitGoogleLogging() is written to STDERR
I0830 19:13:53.580235 92486 ROSWrapper.cpp:14] [32m ---> [Param] map/save_map: false[0m
I0830 19:13:53.586580 92486 ROSWrapper.cpp:209] [32m ---> Using Lidar type: UNKNOWN[0m
I0830 19:13:53.589252 92486 super_lio.cpp:86] [32m ---> [SuperLIO]: initialized.[0m
I0830 19:13:53.771392 92486 super_lio.cpp:94] [32m ---> [SuperLIO]: KF init done[0m
I0830 19:13:53.779824 92486 super_lio.cpp:103] [32m ---> [SuperLIO]: Map init done[0m
I0830 19:14:12.260591 92486 timer.h:40] >>> ===== Printing run time =====
I0830 19:14:12.260624 92486 timer.h:46] > [ DownSample ] average time usage: 0.241795 ms , called times: 3981
I0830 19:14:12.260648 92486 timer.h:46] > [ Observe ] average time usage: 1.96891 ms , called times: 3981
I0830 19:14:12.260663 92486 timer.h:46] > [ Undistort ] average time usage: 0.339711 ms , called times: 3981
I0830 19:14:12.260674 92486 timer.h:46] > [ UpdateMap ] average time usage: 0.502328 ms , called times: 3981
[offline_node] bag=/home/lc/super_livo/bag/NTU/eee_01/eee_01.bag start_offset=-1.000 duration=-1.000
[offline_node] wrapper subscribers connected
[OfflineReader] view 1609059013.115s..1609059411.798s lidar=3987 imu=153347 other=0 wall=18.429s sensor=398.683s speed=21.634x

=== Offline accounting ===
bag_relevant_messages: 157334
lidar read: 3987   imu read: 153347   other: 0
first/last bag time: 1609059013.114720 / 1609059411.797588
first/last sensor time: 1609059013.114590 / 1609059411.797436
sensor_duration_s: 398.683
wall_processing_s: 18.429
speed_factor: 21.634x
trajectory: /home/lc/super_livo/src/Super-LIO/results/prob_lio/run_20260830_191348/trajectory.tum
