WARNING: Logging before InitGoogleLogging() is written to STDERR
I0830 21:25:30.677825 146227 ROSWrapper.cpp:14] [32m ---> [Param] map/save_map: false[0m
I0830 21:25:30.685853 146227 ROSWrapper.cpp:269] [32m ---> Using Lidar type: UNKNOWN[0m
I0830 21:25:30.690220 146227 super_lio.cpp:85] [32m ---> [SuperLIO]: initialized.[0m
I0830 21:25:30.872223 146227 super_lio.cpp:93] [32m ---> [SuperLIO]: KF init done[0m
I0830 21:25:30.885274 146227 super_lio.cpp:102] [32m ---> [SuperLIO]: Map init done[0m
I0830 21:26:07.154636 146227 timer.h:40] >>> ===== Printing run time =====
I0830 21:26:07.154670 146227 timer.h:46] > [ DownSample ] average time usage: 0.211237 ms , called times: 3981
I0830 21:26:07.154691 146227 timer.h:46] > [ Observe ] average time usage: 4.48022 ms , called times: 3981
I0830 21:26:07.154706 146227 timer.h:46] > [ Undistort ] average time usage: 0.287792 ms , called times: 3981
I0830 21:26:07.154718 146227 timer.h:46] > [ UpdateMap ] average time usage: 2.80492 ms , called times: 3981
I0830 21:26:07.154735 146227 super_lio.cpp:793] [32m ---> [Prob-LIO P3] QR plane cov shadow: attempted: 31320040, valid: 31320040, rank_invalid: 0, nonfinite: 0[0m
I0830 21:26:07.154745 146227 super_lio.cpp:808] [32m ---> [Prob-LIO P4] weights attempted: 40779808, valid: 40779808, invalid_nonfinite: 0, invalid_negative: 0; valid w: count=40779808 min=4.17792e-11 max=999.498 mean=737.626 near_ceiling(>999)=192 bins=109567/143404/285087/684551/39557199; plane var min=7.11707e-08 max=2.39354e+10 mean=1506.96; point var min=1.48412e-07 max=0.000670671 mean=0.000240762[0m
I0830 21:26:07.154758 146227 super_lio.cpp:827] [32m ---> [Prob-LIO] pipeline ON (pose model super_right_consistent, storage double): cov frames: 3981, points: 13787600, invalid: 0; map cov init inserts: 13881, update inserts: 13787600, hknn cov returns: 199278277, invalid: 0[0m
[offline_node] bag=/home/lc/super_livo/bag/NTU/eee_01/eee_01.bag start_offset=-1.000 duration=-1.000
[offline_node] wrapper subscribers connected
[OfflineReader] view 1609059013.115s..1609059411.798s lidar=3987 imu=153347 other=0 wall=36.224s sensor=398.683s speed=11.006x

=== Offline accounting ===
bag_relevant_messages: 157334
lidar read: 3987   imu read: 153347   other: 0
first/last bag time: 1609059013.114720 / 1609059411.797588
first/last sensor time: 1609059013.114590 / 1609059411.797436
sensor_duration_s: 398.683
wall_processing_s: 36.224
speed_factor: 11.006x
trajectory: /home/lc/super_livo/src/Super-LIO/results/prob_lio/run_20260830_212525/trajectory.tum
