WARNING: Logging before InitGoogleLogging() is written to STDERR
I0831 03:20:34.141685 323967 ROSWrapper.cpp:14] [32m ---> [Param] map/save_map: false[0m
I0831 03:20:34.151914 323967 ROSWrapper.cpp:310] [32m ---> Using Lidar type: UNKNOWN[0m
I0831 03:20:34.157606 323967 super_lio.cpp:91] [32m ---> [SuperLIO]: initialized.[0m
I0831 03:20:34.460395 323967 super_lio.cpp:99] [32m ---> [SuperLIO]: KF init done[0m
I0831 03:20:34.471302 323967 super_lio.cpp:108] [32m ---> [SuperLIO]: Map init done[0m
I0831 03:21:22.867383 323967 timer.h:40] >>> ===== Printing run time =====
I0831 03:21:22.867419 323967 timer.h:46] > [ DownSample ] average time usage: 0.451041 ms , called times: 3943
I0831 03:21:22.867445 323967 timer.h:46] > [ Observe ] average time usage: 7.13581 ms , called times: 3943
I0831 03:21:22.867465 323967 timer.h:46] > [ Undistort ] average time usage: 0.66131 ms , called times: 3943
I0831 03:21:22.867480 323967 timer.h:46] > [ UpdateMap ] average time usage: 1.0165 ms , called times: 3943
I0831 03:21:22.867491 323967 super_lio.cpp:1159] [32m ---> [Prob-LIO P3] QR plane cov shadow: attempted: 26668870, valid: 26668870, rank_invalid: 0, nonfinite: 0[0m
I0831 03:21:22.867502 323967 super_lio.cpp:1241] [32m ---> [Prob-LIO P4] weights attempted: 34300748, valid: 34300748, invalid_nonfinite: 0, invalid_negative: 0; valid w: count=34300748 min=1.09946e-07 max=999.459 mean=735.583 near_ceiling(>999)=9 bins=91608/110196/228848/586490/33283606; plane var min=7.27373e-08 max=9.09534e+06 mean=13.1648; point var min=1.36501e-07 max=0.000400188 mean=0.000233406[0m
I0831 03:21:22.867520 323967 super_lio.cpp:1260] [32m ---> [Prob-LIO] pipeline ON (pose model livo2_compat, storage double): cov frames: 3943, points: 10705174, invalid: 0; map cov init inserts: 13953, update inserts: 10705174, hknn cov returns: 154995703, invalid: 0[0m
[offline_node] bag=/home/lc/super_livo/src/Super-LIO/../../bag/NTU/nya_01/nya_01.bag start_offset=-1.000 duration=-1.000
[offline_node] wrapper subscribers connected
[OfflineReader] view 1609043643.366s..1609044038.272s lidar=3950 imu=153239 other=0 wall=48.295s sensor=394.906s speed=8.177x

=== Offline accounting ===
bag_relevant_messages: 157189
lidar read: 3950   imu read: 153239   other: 0
first/last bag time: 1609043643.366421 / 1609044038.272233
first/last sensor time: 1609043643.365510 / 1609044038.271950
sensor_duration_s: 394.906
wall_processing_s: 48.295
speed_factor: 8.177x
trajectory: /home/lc/super_livo/src/Super-LIO/results/prob_lio/p11_ntu_nya01_p4_lc/trajectory.tum
