WARNING: Logging before InitGoogleLogging() is written to STDERR
I0831 02:45:24.790081 311814 ROSWrapper.cpp:14] [32m ---> [Param] map/save_map: false[0m
I0831 02:45:24.801342 311814 ROSWrapper.cpp:302] [32m ---> Using Lidar type: UNKNOWN[0m
I0831 02:45:24.807461 311814 super_lio.cpp:89] [32m ---> [SuperLIO]: initialized.[0m
I0831 02:45:25.054940 311814 super_lio.cpp:97] [32m ---> [SuperLIO]: KF init done[0m
I0831 02:45:25.063063 311814 super_lio.cpp:106] [32m ---> [SuperLIO]: Map init done[0m
I0831 02:46:06.307065 311814 timer.h:40] >>> ===== Printing run time =====
I0831 02:46:06.307107 311814 timer.h:46] > [ DownSample ] average time usage: 0.485545 ms , called times: 3981
I0831 02:46:06.307142 311814 timer.h:46] > [ Observe ] average time usage: 4.95103 ms , called times: 3981
I0831 02:46:06.307163 311814 timer.h:46] > [ Undistort ] average time usage: 0.76783 ms , called times: 3981
I0831 02:46:06.307181 311814 timer.h:46] > [ UpdateMap ] average time usage: 1.03602 ms , called times: 3981
[offline_node] bag=/home/lc/super_livo/src/Super-LIO/../../bag/NTU/eee_01/eee_01.bag start_offset=-1.000 duration=-1.000
[offline_node] wrapper subscribers connected
[OfflineReader] view 1609059013.115s..1609059411.798s lidar=3987 imu=153347 other=0 wall=41.160s sensor=398.683s speed=9.686x

=== Offline accounting ===
bag_relevant_messages: 157334
lidar read: 3987   imu read: 153347   other: 0
first/last bag time: 1609059013.114720 / 1609059411.797588
first/last sensor time: 1609059013.114590 / 1609059411.797436
sensor_duration_s: 398.683
wall_processing_s: 41.160
speed_factor: 9.686x
trajectory: /home/lc/super_livo/src/Super-LIO/results/prob_lio/p11_eee_b0/trajectory.tum
