[rosmaster.main][INFO] 2026-08-31 03:13:24,715: initialization complete, waiting for shutdown
[rosmaster.main][INFO] 2026-08-31 03:13:24,715: Starting ROS Master Node
[xmlrpc][INFO] 2026-08-31 03:13:24,717: XML-RPC server binding to 0.0.0.0:11338
[xmlrpc][INFO] 2026-08-31 03:13:24,717: Started XML-RPC server [http://robot:11338/]
[rosmaster.master][INFO] 2026-08-31 03:13:24,718: Master initialized: port[11338], uri[http://robot:11338/]
[xmlrpc][INFO] 2026-08-31 03:13:24,718: xml rpc node: starting XML-RPC server
[rosmaster.master][INFO] 2026-08-31 03:13:27,936: +PARAM [/lio/map/save_map] by /rosparam-320172
[rosmaster.master][INFO] 2026-08-31 03:13:27,937: +PARAM [/lio/map/if_filter] by /rosparam-320172
[rosmaster.master][INFO] 2026-08-31 03:13:27,938: +PARAM [/lio/map/save_map_dir] by /rosparam-320172
[rosmaster.master][INFO] 2026-08-31 03:13:27,940: +PARAM [/lio/map/map_name] by /rosparam-320172
[rosmaster.master][INFO] 2026-08-31 03:13:27,941: +PARAM [/lio/map/ds_size] by /rosparam-320172
[rosmaster.master][INFO] 2026-08-31 03:13:27,942: +PARAM [/lio/map/save_interval] by /rosparam-320172
[rosmaster.master][INFO] 2026-08-31 03:13:27,943: +PARAM [/lio/ros/lidar_topic] by /rosparam-320172
[rosmaster.master][INFO] 2026-08-31 03:13:27,944: +PARAM [/lio/ros/imu_topic] by /rosparam-320172
[rosmaster.master][INFO] 2026-08-31 03:13:27,944: +PARAM [/lio/sensor/lidar_type] by /rosparam-320172
[rosmaster.master][INFO] 2026-08-31 03:13:27,946: +PARAM [/lio/sensor/blind] by /rosparam-320172
[rosmaster.master][INFO] 2026-08-31 03:13:27,946: +PARAM [/lio/sensor/maxrange] by /rosparam-320172
[rosmaster.master][INFO] 2026-08-31 03:13:27,948: +PARAM [/lio/sensor/filter_rate] by /rosparam-320172
[rosmaster.master][INFO] 2026-08-31 03:13:27,948: +PARAM [/lio/sensor/enable_downsample] by /rosparam-320172
[rosmaster.master][INFO] 2026-08-31 03:13:27,950: +PARAM [/lio/sensor/voxel_fliter_size] by /rosparam-320172
[rosmaster.master][INFO] 2026-08-31 03:13:27,951: +PARAM [/lio/sensor/gravity_norm] by /rosparam-320172
[rosmaster.master][INFO] 2026-08-31 03:13:27,952: +PARAM [/lio/sensor/imu_type] by /rosparam-320172
[rosmaster.master][INFO] 2026-08-31 03:13:27,953: +PARAM [/lio/sensor/imu_na] by /rosparam-320172
[rosmaster.master][INFO] 2026-08-31 03:13:27,954: +PARAM [/lio/sensor/imu_ng] by /rosparam-320172
[rosmaster.master][INFO] 2026-08-31 03:13:27,955: +PARAM [/lio/sensor/imu_nba] by /rosparam-320172
[rosmaster.master][INFO] 2026-08-31 03:13:27,956: +PARAM [/lio/sensor/imu_nbg] by /rosparam-320172
[rosmaster.master][INFO] 2026-08-31 03:13:27,957: +PARAM [/lio/extrinsic/lidar_imu] by /rosparam-320172
[rosmaster.master][INFO] 2026-08-31 03:13:27,958: +PARAM [/lio/extrinsic/odom_robo] by /rosparam-320172
[rosmaster.master][INFO] 2026-08-31 03:13:27,959: +PARAM [/lio/hash_map/hash_capacity] by /rosparam-320172
[rosmaster.master][INFO] 2026-08-31 03:13:27,959: +PARAM [/lio/hash_map/vox_resolution] by /rosparam-320172
[rosmaster.master][INFO] 2026-08-31 03:13:27,960: +PARAM [/lio/kf/kf_type] by /rosparam-320172
[rosmaster.master][INFO] 2026-08-31 03:13:27,961: +PARAM [/lio/kf/kf_max_iterations] by /rosparam-320172
[rosmaster.master][INFO] 2026-08-31 03:13:27,962: +PARAM [/lio/kf/kf_align_gravity] by /rosparam-320172
[rosmaster.master][INFO] 2026-08-31 03:13:27,963: +PARAM [/lio/kf/kf_quit_eps] by /rosparam-320172
[rosmaster.master][INFO] 2026-08-31 03:13:27,964: +PARAM [/lio/output/robot] by /rosparam-320172
[rosmaster.master][INFO] 2026-08-31 03:13:27,965: +PARAM [/lio/output/plan_env_world] by /rosparam-320172
[rosmaster.master][INFO] 2026-08-31 03:13:27,966: +PARAM [/lio/output/plan_env_body] by /rosparam-320172
[rosmaster.master][INFO] 2026-08-31 03:13:27,967: +PARAM [/lio/output/ml_map] by /rosparam-320172
[rosmaster.master][INFO] 2026-08-31 03:13:27,968: +PARAM [/lio/output/planner] by /rosparam-320172
[rosmaster.master][INFO] 2026-08-31 03:13:27,969: +PARAM [/lio/output/map] by /rosparam-320172
[rosmaster.master][INFO] 2026-08-31 03:13:27,970: +PARAM [/lio/output/dense] by /rosparam-320172
[rosmaster.master][INFO] 2026-08-31 03:13:27,971: +PARAM [/lio/output/pub_step] by /rosparam-320172
[rosmaster.master][INFO] 2026-08-31 03:13:27,972: +PARAM [/lio/eva/timer] by /rosparam-320172
[rosmaster.master][INFO] 2026-08-31 03:13:28,051: +PARAM [/lio/offline/bag] by /rosparam-320211
[rosmaster.master][INFO] 2026-08-31 03:13:28,130: +PARAM [/lio/prob_lio/cov_enable] by /rosparam-320214
[rosmaster.master][INFO] 2026-08-31 03:13:28,205: +PARAM [/lio/prob_lio/cov_validation_mode] by /rosparam-320219
[rosmaster.master][INFO] 2026-08-31 03:13:28,283: +PARAM [/lio/prob_lio/map_pose_cov_model] by /rosparam-320224
[rosmaster.master][INFO] 2026-08-31 03:13:28,371: +PARAM [/lio/prob_lio/map_cov_storage_precision] by /rosparam-320229
[rosmaster.master][INFO] 2026-08-31 03:13:28,445: +PARAM [/lio/prob_lio/qr_plane_cov_enable] by /rosparam-320234
[rosmaster.master][INFO] 2026-08-31 03:13:28,517: +PARAM [/lio/prob_lio/p2p_weight_mode] by /rosparam-320239
[rosmaster.master][INFO] 2026-08-31 03:13:28,589: +PARAM [/lio/prob_lio/association_mode] by /rosparam-320244
[rosmaster.master][INFO] 2026-08-31 03:13:28,669: +PARAM [/lio/prob_lio/prob_assoc_shadow_enable] by /rosparam-320249
[rosmaster.master][INFO] 2026-08-31 03:13:28,743: +PARAM [/lio/prob_lio/association_pose_cov_model] by /rosparam-320254
[rosmaster.master][INFO] 2026-08-31 03:13:28,828: +PARAM [/lio/prob_lio/association_sensor_cov_model] by /rosparam-320259
[rosmaster.master][INFO] 2026-08-31 03:13:28,908: +PARAM [/lio/offline/out_dir] by /rosparam-320264
[rosmaster.master][INFO] 2026-08-31 03:13:29,273: +PUB [/rosout] /lio_offline http://robot:41207/
[rosmaster.master][INFO] 2026-08-31 03:13:29,273: +SERVICE [/lio_offline/get_loggers] /lio_offline http://robot:41207/
[rosmaster.master][INFO] 2026-08-31 03:13:29,274: +SERVICE [/lio_offline/set_logger_level] /lio_offline http://robot:41207/
[rosmaster.master][INFO] 2026-08-31 03:13:29,283: +PUB [/tf] /lio_offline http://robot:41207/
[rosmaster.master][INFO] 2026-08-31 03:13:29,284: +SUB [/livox/lidar] /lio_offline http://robot:41207/
[rosmaster.master][INFO] 2026-08-31 03:13:29,285: +SUB [/vn100/imu] /lio_offline http://robot:41207/
[rosmaster.master][INFO] 2026-08-31 03:13:29,286: +PUB [/lio/odom] /lio_offline http://robot:41207/
[rosmaster.master][INFO] 2026-08-31 03:13:29,286: +PUB [/lio/path] /lio_offline http://robot:41207/
[rosmaster.master][INFO] 2026-08-31 03:13:29,286: +PUB [/lio/path_robot] /lio_offline http://robot:41207/
[rosmaster.master][INFO] 2026-08-31 03:13:29,290: +PUB [/livox/lidar] /lio_offline http://robot:41207/
[rosmaster.master][INFO] 2026-08-31 03:13:29,290: +PUB [/vn100/imu] /lio_offline http://robot:41207/
[rosmaster.master][INFO] 2026-08-31 03:13:29,292: +SUB [/lio/odom] /lio_offline http://robot:41207/
[rosmaster.master][INFO] 2026-08-31 03:13:29,322: publisherUpdate[/livox/lidar] -> http://robot:41207/ ['http://robot:41207/']
[rosmaster.master][INFO] 2026-08-31 03:13:29,324: publisherUpdate[/livox/lidar] -> http://robot:41207/ ['http://robot:41207/']: sec=0.00, result=[1, '', 0]
[rosmaster.master][INFO] 2026-08-31 03:13:29,324: publisherUpdate[/vn100/imu] -> http://robot:41207/ ['http://robot:41207/']
[rosmaster.master][INFO] 2026-08-31 03:13:29,325: publisherUpdate[/vn100/imu] -> http://robot:41207/ ['http://robot:41207/']: sec=0.00, result=[1, '', 0]
[rosmaster.master][INFO] 2026-08-31 03:13:29,369: +PUB [/lio/imu/odom] /lio_offline http://robot:41207/
[rosmaster.master][INFO] 2026-08-31 03:13:29,369: +PUB [/lio/robo/odom] /lio_offline http://robot:41207/
[rosmaster.master][INFO] 2026-08-31 03:13:29,381: +PUB [/lio/cloud_world] /lio_offline http://robot:41207/
[rosmaster.master][INFO] 2026-08-31 03:14:09,897: -PUB [/rosout] /lio_offline http://robot:41207/
[rosmaster.master][INFO] 2026-08-31 03:14:09,898: -PUB [/tf] /lio_offline http://robot:41207/
[rosmaster.master][INFO] 2026-08-31 03:14:09,898: -PUB [/lio/odom] /lio_offline http://robot:41207/
[rosmaster.master][INFO] 2026-08-31 03:14:09,898: -PUB [/lio/path] /lio_offline http://robot:41207/
[rosmaster.master][INFO] 2026-08-31 03:14:09,899: -PUB [/lio/path_robot] /lio_offline http://robot:41207/
[rosmaster.master][INFO] 2026-08-31 03:14:09,899: -PUB [/livox/lidar] /lio_offline http://robot:41207/
[rosmaster.master][INFO] 2026-08-31 03:14:09,899: -PUB [/vn100/imu] /lio_offline http://robot:41207/
[rosmaster.master][INFO] 2026-08-31 03:14:09,900: -PUB [/lio/imu/odom] /lio_offline http://robot:41207/
[rosmaster.master][INFO] 2026-08-31 03:14:09,900: -PUB [/lio/robo/odom] /lio_offline http://robot:41207/
[rosmaster.master][INFO] 2026-08-31 03:14:09,900: -PUB [/lio/cloud_world] /lio_offline http://robot:41207/
[rosmaster.master][INFO] 2026-08-31 03:14:09,900: -SUB [/livox/lidar] /lio_offline http://robot:41207/
[rosmaster.master][INFO] 2026-08-31 03:14:09,901: -SUB [/vn100/imu] /lio_offline http://robot:41207/
[rosmaster.master][INFO] 2026-08-31 03:14:09,901: -SUB [/lio/odom] /lio_offline http://robot:41207/
[rosmaster.master][INFO] 2026-08-31 03:14:09,901: -SERVICE [/lio_offline/get_loggers] /lio_offline rosrpc://robot:38781
[rosmaster.master][INFO] 2026-08-31 03:14:09,901: -SERVICE [/lio_offline/set_logger_level] /lio_offline rosrpc://robot:38781
[rosmaster.master][INFO] 2026-08-31 03:14:09,905: publisherUpdate[/lio/odom] -> http://robot:41207/ []
[rosmaster.master][INFO] 2026-08-31 03:14:09,907: publisherUpdate[/lio/odom] -> http://robot:41207/ []: sec=0.00, exception=[Errno 111] Connection refused
[rosmaster.threadpool][ERROR] 2026-08-31 03:14:09,909: Traceback (most recent call last):
  File "/opt/ros/noetic/lib/python3/dist-packages/rosmaster/threadpool.py", line 218, in run
    result = cmd(*args)
  File "/opt/ros/noetic/lib/python3/dist-packages/rosmaster/master_api.py", line 210, in publisher_update_task
    ret = xmlrpcapi(api).publisherUpdate('/master', topic, pub_uris)
  File "/usr/lib/python3.8/xmlrpc/client.py", line 1109, in __call__
    return self.__send(self.__name, args)
  File "/usr/lib/python3.8/xmlrpc/client.py", line 1450, in __request
    response = self.__transport.request(
  File "/usr/lib/python3.8/xmlrpc/client.py", line 1153, in request
    return self.single_request(host, handler, request_body, verbose)
  File "/usr/lib/python3.8/xmlrpc/client.py", line 1165, in single_request
    http_conn = self.send_request(host, handler, request_body, verbose)
  File "/usr/lib/python3.8/xmlrpc/client.py", line 1278, in send_request
    self.send_content(connection, request_body)
  File "/usr/lib/python3.8/xmlrpc/client.py", line 1308, in send_content
    connection.endheaders(request_body)
  File "/usr/lib/python3.8/http/client.py", line 1251, in endheaders
    self._send_output(message_body, encode_chunked=encode_chunked)
  File "/usr/lib/python3.8/http/client.py", line 1011, in _send_output
    self.send(msg)
  File "/usr/lib/python3.8/http/client.py", line 951, in send
    self.connect()
  File "/usr/lib/python3.8/http/client.py", line 922, in connect
    self.sock = self._create_connection(
  File "/usr/lib/python3.8/socket.py", line 808, in create_connection
    raise err
  File "/usr/lib/python3.8/socket.py", line 796, in create_connection
    sock.connect(sa)
ConnectionRefusedError: [Errno 111] Connection refused

[rosmaster.master][INFO] 2026-08-31 03:14:09,909: publisherUpdate[/livox/lidar] -> http://robot:41207/ []
[rosmaster.master][INFO] 2026-08-31 03:14:09,910: publisherUpdate[/livox/lidar] -> http://robot:41207/ []: sec=0.00, exception=[Errno 111] Connection refused
[rosmaster.threadpool][ERROR] 2026-08-31 03:14:09,910: Traceback (most recent call last):
  File "/opt/ros/noetic/lib/python3/dist-packages/rosmaster/threadpool.py", line 218, in run
    result = cmd(*args)
  File "/opt/ros/noetic/lib/python3/dist-packages/rosmaster/master_api.py", line 210, in publisher_update_task
    ret = xmlrpcapi(api).publisherUpdate('/master', topic, pub_uris)
  File "/usr/lib/python3.8/xmlrpc/client.py", line 1109, in __call__
    return self.__send(self.__name, args)
  File "/usr/lib/python3.8/xmlrpc/client.py", line 1450, in __request
    response = self.__transport.request(
  File "/usr/lib/python3.8/xmlrpc/client.py", line 1153, in request
    return self.single_request(host, handler, request_body, verbose)
  File "/usr/lib/python3.8/xmlrpc/client.py", line 1165, in single_request
    http_conn = self.send_request(host, handler, request_body, verbose)
  File "/usr/lib/python3.8/xmlrpc/client.py", line 1278, in send_request
    self.send_content(connection, request_body)
  File "/usr/lib/python3.8/xmlrpc/client.py", line 1308, in send_content
    connection.endheaders(request_body)
  File "/usr/lib/python3.8/http/client.py", line 1251, in endheaders
    self._send_output(message_body, encode_chunked=encode_chunked)
  File "/usr/lib/python3.8/http/client.py", line 1011, in _send_output
    self.send(msg)
  File "/usr/lib/python3.8/http/client.py", line 951, in send
    self.connect()
  File "/usr/lib/python3.8/http/client.py", line 922, in connect
    self.sock = self._create_connection(
  File "/usr/lib/python3.8/socket.py", line 808, in create_connection
    raise err
  File "/usr/lib/python3.8/socket.py", line 796, in create_connection
    sock.connect(sa)
ConnectionRefusedError: [Errno 111] Connection refused

[rosmaster.master][INFO] 2026-08-31 03:14:09,910: publisherUpdate[/vn100/imu] -> http://robot:41207/ []
[rosmaster.master][INFO] 2026-08-31 03:14:09,911: publisherUpdate[/vn100/imu] -> http://robot:41207/ []: sec=0.00, exception=[Errno 111] Connection refused
[rosmaster.threadpool][ERROR] 2026-08-31 03:14:09,911: Traceback (most recent call last):
  File "/opt/ros/noetic/lib/python3/dist-packages/rosmaster/threadpool.py", line 218, in run
    result = cmd(*args)
  File "/opt/ros/noetic/lib/python3/dist-packages/rosmaster/master_api.py", line 210, in publisher_update_task
    ret = xmlrpcapi(api).publisherUpdate('/master', topic, pub_uris)
  File "/usr/lib/python3.8/xmlrpc/client.py", line 1109, in __call__
    return self.__send(self.__name, args)
  File "/usr/lib/python3.8/xmlrpc/client.py", line 1450, in __request
    response = self.__transport.request(
  File "/usr/lib/python3.8/xmlrpc/client.py", line 1153, in request
    return self.single_request(host, handler, request_body, verbose)
  File "/usr/lib/python3.8/xmlrpc/client.py", line 1165, in single_request
    http_conn = self.send_request(host, handler, request_body, verbose)
  File "/usr/lib/python3.8/xmlrpc/client.py", line 1278, in send_request
    self.send_content(connection, request_body)
  File "/usr/lib/python3.8/xmlrpc/client.py", line 1308, in send_content
    connection.endheaders(request_body)
  File "/usr/lib/python3.8/http/client.py", line 1251, in endheaders
    self._send_output(message_body, encode_chunked=encode_chunked)
  File "/usr/lib/python3.8/http/client.py", line 1011, in _send_output
    self.send(msg)
  File "/usr/lib/python3.8/http/client.py", line 951, in send
    self.connect()
  File "/usr/lib/python3.8/http/client.py", line 922, in connect
    self.sock = self._create_connection(
  File "/usr/lib/python3.8/socket.py", line 808, in create_connection
    raise err
  File "/usr/lib/python3.8/socket.py", line 796, in create_connection
    sock.connect(sa)
ConnectionRefusedError: [Errno 111] Connection refused

