[rosmaster.main][INFO] 2026-08-31 03:17:35,212: initialization complete, waiting for shutdown
[rosmaster.main][INFO] 2026-08-31 03:17:35,212: Starting ROS Master Node
[xmlrpc][INFO] 2026-08-31 03:17:35,214: XML-RPC server binding to 0.0.0.0:11477
[xmlrpc][INFO] 2026-08-31 03:17:35,214: Started XML-RPC server [http://robot:11477/]
[rosmaster.master][INFO] 2026-08-31 03:17:35,214: Master initialized: port[11477], uri[http://robot:11477/]
[xmlrpc][INFO] 2026-08-31 03:17:35,214: xml rpc node: starting XML-RPC server
[rosmaster.master][INFO] 2026-08-31 03:17:38,481: +PARAM [/lio/map/save_map] by /rosparam-322499
[rosmaster.master][INFO] 2026-08-31 03:17:38,483: +PARAM [/lio/map/if_filter] by /rosparam-322499
[rosmaster.master][INFO] 2026-08-31 03:17:38,484: +PARAM [/lio/map/save_map_dir] by /rosparam-322499
[rosmaster.master][INFO] 2026-08-31 03:17:38,485: +PARAM [/lio/map/map_name] by /rosparam-322499
[rosmaster.master][INFO] 2026-08-31 03:17:38,486: +PARAM [/lio/map/ds_size] by /rosparam-322499
[rosmaster.master][INFO] 2026-08-31 03:17:38,487: +PARAM [/lio/map/save_interval] by /rosparam-322499
[rosmaster.master][INFO] 2026-08-31 03:17:38,488: +PARAM [/lio/ros/lidar_topic] by /rosparam-322499
[rosmaster.master][INFO] 2026-08-31 03:17:38,489: +PARAM [/lio/ros/imu_topic] by /rosparam-322499
[rosmaster.master][INFO] 2026-08-31 03:17:38,490: +PARAM [/lio/sensor/lidar_type] by /rosparam-322499
[rosmaster.master][INFO] 2026-08-31 03:17:38,491: +PARAM [/lio/sensor/blind] by /rosparam-322499
[rosmaster.master][INFO] 2026-08-31 03:17:38,492: +PARAM [/lio/sensor/maxrange] by /rosparam-322499
[rosmaster.master][INFO] 2026-08-31 03:17:38,493: +PARAM [/lio/sensor/filter_rate] by /rosparam-322499
[rosmaster.master][INFO] 2026-08-31 03:17:38,494: +PARAM [/lio/sensor/enable_downsample] by /rosparam-322499
[rosmaster.master][INFO] 2026-08-31 03:17:38,495: +PARAM [/lio/sensor/voxel_fliter_size] by /rosparam-322499
[rosmaster.master][INFO] 2026-08-31 03:17:38,496: +PARAM [/lio/sensor/gravity_norm] by /rosparam-322499
[rosmaster.master][INFO] 2026-08-31 03:17:38,496: +PARAM [/lio/sensor/imu_type] by /rosparam-322499
[rosmaster.master][INFO] 2026-08-31 03:17:38,497: +PARAM [/lio/sensor/imu_na] by /rosparam-322499
[rosmaster.master][INFO] 2026-08-31 03:17:38,498: +PARAM [/lio/sensor/imu_ng] by /rosparam-322499
[rosmaster.master][INFO] 2026-08-31 03:17:38,499: +PARAM [/lio/sensor/imu_nba] by /rosparam-322499
[rosmaster.master][INFO] 2026-08-31 03:17:38,499: +PARAM [/lio/sensor/imu_nbg] by /rosparam-322499
[rosmaster.master][INFO] 2026-08-31 03:17:38,500: +PARAM [/lio/extrinsic/lidar_imu] by /rosparam-322499
[rosmaster.master][INFO] 2026-08-31 03:17:38,501: +PARAM [/lio/extrinsic/odom_robo] by /rosparam-322499
[rosmaster.master][INFO] 2026-08-31 03:17:38,502: +PARAM [/lio/hash_map/hash_capacity] by /rosparam-322499
[rosmaster.master][INFO] 2026-08-31 03:17:38,503: +PARAM [/lio/hash_map/vox_resolution] by /rosparam-322499
[rosmaster.master][INFO] 2026-08-31 03:17:38,504: +PARAM [/lio/kf/kf_type] by /rosparam-322499
[rosmaster.master][INFO] 2026-08-31 03:17:38,505: +PARAM [/lio/kf/kf_max_iterations] by /rosparam-322499
[rosmaster.master][INFO] 2026-08-31 03:17:38,506: +PARAM [/lio/kf/kf_align_gravity] by /rosparam-322499
[rosmaster.master][INFO] 2026-08-31 03:17:38,507: +PARAM [/lio/kf/kf_quit_eps] by /rosparam-322499
[rosmaster.master][INFO] 2026-08-31 03:17:38,508: +PARAM [/lio/output/robot] by /rosparam-322499
[rosmaster.master][INFO] 2026-08-31 03:17:38,509: +PARAM [/lio/output/plan_env_world] by /rosparam-322499
[rosmaster.master][INFO] 2026-08-31 03:17:38,510: +PARAM [/lio/output/plan_env_body] by /rosparam-322499
[rosmaster.master][INFO] 2026-08-31 03:17:38,512: +PARAM [/lio/output/ml_map] by /rosparam-322499
[rosmaster.master][INFO] 2026-08-31 03:17:38,513: +PARAM [/lio/output/planner] by /rosparam-322499
[rosmaster.master][INFO] 2026-08-31 03:17:38,514: +PARAM [/lio/output/map] by /rosparam-322499
[rosmaster.master][INFO] 2026-08-31 03:17:38,516: +PARAM [/lio/output/dense] by /rosparam-322499
[rosmaster.master][INFO] 2026-08-31 03:17:38,516: +PARAM [/lio/output/pub_step] by /rosparam-322499
[rosmaster.master][INFO] 2026-08-31 03:17:38,518: +PARAM [/lio/eva/timer] by /rosparam-322499
[rosmaster.master][INFO] 2026-08-31 03:17:38,596: +PARAM [/lio/offline/bag] by /rosparam-322538
[rosmaster.master][INFO] 2026-08-31 03:17:38,671: +PARAM [/lio/prob_lio/cov_enable] by /rosparam-322541
[rosmaster.master][INFO] 2026-08-31 03:17:38,769: +PARAM [/lio/prob_lio/cov_validation_mode] by /rosparam-322546
[rosmaster.master][INFO] 2026-08-31 03:17:38,856: +PARAM [/lio/prob_lio/map_pose_cov_model] by /rosparam-322551
[rosmaster.master][INFO] 2026-08-31 03:17:38,940: +PARAM [/lio/prob_lio/map_cov_storage_precision] by /rosparam-322556
[rosmaster.master][INFO] 2026-08-31 03:17:39,017: +PARAM [/lio/prob_lio/qr_plane_cov_enable] by /rosparam-322561
[rosmaster.master][INFO] 2026-08-31 03:17:39,088: +PARAM [/lio/prob_lio/p2p_weight_mode] by /rosparam-322566
[rosmaster.master][INFO] 2026-08-31 03:17:39,167: +PARAM [/lio/prob_lio/association_mode] by /rosparam-322571
[rosmaster.master][INFO] 2026-08-31 03:17:39,244: +PARAM [/lio/prob_lio/prob_assoc_shadow_enable] by /rosparam-322576
[rosmaster.master][INFO] 2026-08-31 03:17:39,319: +PARAM [/lio/prob_lio/association_pose_cov_model] by /rosparam-322581
[rosmaster.master][INFO] 2026-08-31 03:17:39,402: +PARAM [/lio/prob_lio/association_sensor_cov_model] by /rosparam-322586
[rosmaster.master][INFO] 2026-08-31 03:17:39,482: +PARAM [/lio/offline/out_dir] by /rosparam-322591
[rosmaster.master][INFO] 2026-08-31 03:17:39,838: +PUB [/rosout] /lio_offline http://robot:34423/
[rosmaster.master][INFO] 2026-08-31 03:17:39,838: +SERVICE [/lio_offline/get_loggers] /lio_offline http://robot:34423/
[rosmaster.master][INFO] 2026-08-31 03:17:39,839: +SERVICE [/lio_offline/set_logger_level] /lio_offline http://robot:34423/
[rosmaster.master][INFO] 2026-08-31 03:17:39,850: +PUB [/tf] /lio_offline http://robot:34423/
[rosmaster.master][INFO] 2026-08-31 03:17:39,851: +SUB [/livox/lidar] /lio_offline http://robot:34423/
[rosmaster.master][INFO] 2026-08-31 03:17:39,852: +SUB [/vn100/imu] /lio_offline http://robot:34423/
[rosmaster.master][INFO] 2026-08-31 03:17:39,852: +PUB [/lio/odom] /lio_offline http://robot:34423/
[rosmaster.master][INFO] 2026-08-31 03:17:39,852: +PUB [/lio/path] /lio_offline http://robot:34423/
[rosmaster.master][INFO] 2026-08-31 03:17:39,853: +PUB [/lio/path_robot] /lio_offline http://robot:34423/
[rosmaster.master][INFO] 2026-08-31 03:17:39,859: +PUB [/livox/lidar] /lio_offline http://robot:34423/
[rosmaster.master][INFO] 2026-08-31 03:17:39,859: +PUB [/vn100/imu] /lio_offline http://robot:34423/
[rosmaster.master][INFO] 2026-08-31 03:17:39,862: +SUB [/lio/odom] /lio_offline http://robot:34423/
[rosmaster.master][INFO] 2026-08-31 03:17:39,919: publisherUpdate[/livox/lidar] -> http://robot:34423/ ['http://robot:34423/']
[rosmaster.master][INFO] 2026-08-31 03:17:39,922: publisherUpdate[/livox/lidar] -> http://robot:34423/ ['http://robot:34423/']: sec=0.00, result=[1, '', 0]
[rosmaster.master][INFO] 2026-08-31 03:17:39,922: publisherUpdate[/vn100/imu] -> http://robot:34423/ ['http://robot:34423/']
[rosmaster.master][INFO] 2026-08-31 03:17:39,923: publisherUpdate[/vn100/imu] -> http://robot:34423/ ['http://robot:34423/']: sec=0.00, result=[1, '', 0]
[rosmaster.master][INFO] 2026-08-31 03:17:39,934: +PUB [/lio/imu/odom] /lio_offline http://robot:34423/
[rosmaster.master][INFO] 2026-08-31 03:17:39,934: +PUB [/lio/robo/odom] /lio_offline http://robot:34423/
[rosmaster.master][INFO] 2026-08-31 03:17:39,952: +PUB [/lio/cloud_world] /lio_offline http://robot:34423/
[rosmaster.master][INFO] 2026-08-31 03:18:22,700: -PUB [/rosout] /lio_offline http://robot:34423/
[rosmaster.master][INFO] 2026-08-31 03:18:22,701: -PUB [/tf] /lio_offline http://robot:34423/
[rosmaster.master][INFO] 2026-08-31 03:18:22,701: -PUB [/lio/odom] /lio_offline http://robot:34423/
[rosmaster.master][INFO] 2026-08-31 03:18:22,701: -PUB [/lio/path] /lio_offline http://robot:34423/
[rosmaster.master][INFO] 2026-08-31 03:18:22,702: -PUB [/lio/path_robot] /lio_offline http://robot:34423/
[rosmaster.master][INFO] 2026-08-31 03:18:22,702: -PUB [/livox/lidar] /lio_offline http://robot:34423/
[rosmaster.master][INFO] 2026-08-31 03:18:22,702: -PUB [/vn100/imu] /lio_offline http://robot:34423/
[rosmaster.master][INFO] 2026-08-31 03:18:22,703: -PUB [/lio/imu/odom] /lio_offline http://robot:34423/
[rosmaster.master][INFO] 2026-08-31 03:18:22,703: -PUB [/lio/robo/odom] /lio_offline http://robot:34423/
[rosmaster.master][INFO] 2026-08-31 03:18:22,703: -PUB [/lio/cloud_world] /lio_offline http://robot:34423/
[rosmaster.master][INFO] 2026-08-31 03:18:22,703: -SUB [/livox/lidar] /lio_offline http://robot:34423/
[rosmaster.master][INFO] 2026-08-31 03:18:22,704: -SUB [/vn100/imu] /lio_offline http://robot:34423/
[rosmaster.master][INFO] 2026-08-31 03:18:22,704: -SUB [/lio/odom] /lio_offline http://robot:34423/
[rosmaster.master][INFO] 2026-08-31 03:18:22,704: -SERVICE [/lio_offline/get_loggers] /lio_offline rosrpc://robot:47861
[rosmaster.master][INFO] 2026-08-31 03:18:22,704: -SERVICE [/lio_offline/set_logger_level] /lio_offline rosrpc://robot:47861
[rosmaster.master][INFO] 2026-08-31 03:18:22,709: publisherUpdate[/lio/odom] -> http://robot:34423/ []
[rosmaster.master][INFO] 2026-08-31 03:18:22,838: publisherUpdate[/lio/odom] -> http://robot:34423/ []: sec=0.13, exception=[Errno 111] Connection refused
[rosmaster.threadpool][ERROR] 2026-08-31 03:18:22,840: Traceback (most recent call last):
  File "/opt/ros/noetic/lib/python3/dist-packages/rosmaster/threadpool.py", line 218, in run
    result = cmd(*args)
  File "/opt/ros/noetic/lib/python3/dist-packages/rosmaster/master_api.py", line 210, in publisher_update_task
    ret = xmlrpcapi(api).publisherUpdate('/master', topic, pub_uris)
  File "/usr/lib/python3.8/xmlrpc/client.py", line 1109, in __call__
    return self.__send(self.__name, args)
  File "/usr/lib/python3.8/xmlrpc/client.py", line 1450, in __request
    response = self.__transport.request(
  File "/usr/lib/python3.8/xmlrpc/client.py", line 1153, in request
    return self.single_request(host, handler, request_body, verbose)
  File "/usr/lib/python3.8/xmlrpc/client.py", line 1165, in single_request
    http_conn = self.send_request(host, handler, request_body, verbose)
  File "/usr/lib/python3.8/xmlrpc/client.py", line 1278, in send_request
    self.send_content(connection, request_body)
  File "/usr/lib/python3.8/xmlrpc/client.py", line 1308, in send_content
    connection.endheaders(request_body)
  File "/usr/lib/python3.8/http/client.py", line 1251, in endheaders
    self._send_output(message_body, encode_chunked=encode_chunked)
  File "/usr/lib/python3.8/http/client.py", line 1011, in _send_output
    self.send(msg)
  File "/usr/lib/python3.8/http/client.py", line 951, in send
    self.connect()
  File "/usr/lib/python3.8/http/client.py", line 922, in connect
    self.sock = self._create_connection(
  File "/usr/lib/python3.8/socket.py", line 808, in create_connection
    raise err
  File "/usr/lib/python3.8/socket.py", line 796, in create_connection
    sock.connect(sa)
ConnectionRefusedError: [Errno 111] Connection refused

[rosmaster.master][INFO] 2026-08-31 03:18:22,840: publisherUpdate[/livox/lidar] -> http://robot:34423/ []
[rosmaster.master][INFO] 2026-08-31 03:18:22,841: publisherUpdate[/livox/lidar] -> http://robot:34423/ []: sec=0.00, exception=[Errno 111] Connection refused
[rosmaster.threadpool][ERROR] 2026-08-31 03:18:22,841: Traceback (most recent call last):
  File "/opt/ros/noetic/lib/python3/dist-packages/rosmaster/threadpool.py", line 218, in run
    result = cmd(*args)
  File "/opt/ros/noetic/lib/python3/dist-packages/rosmaster/master_api.py", line 210, in publisher_update_task
    ret = xmlrpcapi(api).publisherUpdate('/master', topic, pub_uris)
  File "/usr/lib/python3.8/xmlrpc/client.py", line 1109, in __call__
    return self.__send(self.__name, args)
  File "/usr/lib/python3.8/xmlrpc/client.py", line 1450, in __request
    response = self.__transport.request(
  File "/usr/lib/python3.8/xmlrpc/client.py", line 1153, in request
    return self.single_request(host, handler, request_body, verbose)
  File "/usr/lib/python3.8/xmlrpc/client.py", line 1165, in single_request
    http_conn = self.send_request(host, handler, request_body, verbose)
  File "/usr/lib/python3.8/xmlrpc/client.py", line 1278, in send_request
    self.send_content(connection, request_body)
  File "/usr/lib/python3.8/xmlrpc/client.py", line 1308, in send_content
    connection.endheaders(request_body)
  File "/usr/lib/python3.8/http/client.py", line 1251, in endheaders
    self._send_output(message_body, encode_chunked=encode_chunked)
  File "/usr/lib/python3.8/http/client.py", line 1011, in _send_output
    self.send(msg)
  File "/usr/lib/python3.8/http/client.py", line 951, in send
    self.connect()
  File "/usr/lib/python3.8/http/client.py", line 922, in connect
    self.sock = self._create_connection(
  File "/usr/lib/python3.8/socket.py", line 808, in create_connection
    raise err
  File "/usr/lib/python3.8/socket.py", line 796, in create_connection
    sock.connect(sa)
ConnectionRefusedError: [Errno 111] Connection refused

[rosmaster.master][INFO] 2026-08-31 03:18:22,841: publisherUpdate[/vn100/imu] -> http://robot:34423/ []
[rosmaster.master][INFO] 2026-08-31 03:18:22,841: publisherUpdate[/vn100/imu] -> http://robot:34423/ []: sec=0.00, exception=[Errno 111] Connection refused
[rosmaster.threadpool][ERROR] 2026-08-31 03:18:22,842: Traceback (most recent call last):
  File "/opt/ros/noetic/lib/python3/dist-packages/rosmaster/threadpool.py", line 218, in run
    result = cmd(*args)
  File "/opt/ros/noetic/lib/python3/dist-packages/rosmaster/master_api.py", line 210, in publisher_update_task
    ret = xmlrpcapi(api).publisherUpdate('/master', topic, pub_uris)
  File "/usr/lib/python3.8/xmlrpc/client.py", line 1109, in __call__
    return self.__send(self.__name, args)
  File "/usr/lib/python3.8/xmlrpc/client.py", line 1450, in __request
    response = self.__transport.request(
  File "/usr/lib/python3.8/xmlrpc/client.py", line 1153, in request
    return self.single_request(host, handler, request_body, verbose)
  File "/usr/lib/python3.8/xmlrpc/client.py", line 1165, in single_request
    http_conn = self.send_request(host, handler, request_body, verbose)
  File "/usr/lib/python3.8/xmlrpc/client.py", line 1278, in send_request
    self.send_content(connection, request_body)
  File "/usr/lib/python3.8/xmlrpc/client.py", line 1308, in send_content
    connection.endheaders(request_body)
  File "/usr/lib/python3.8/http/client.py", line 1251, in endheaders
    self._send_output(message_body, encode_chunked=encode_chunked)
  File "/usr/lib/python3.8/http/client.py", line 1011, in _send_output
    self.send(msg)
  File "/usr/lib/python3.8/http/client.py", line 951, in send
    self.connect()
  File "/usr/lib/python3.8/http/client.py", line 922, in connect
    self.sock = self._create_connection(
  File "/usr/lib/python3.8/socket.py", line 808, in create_connection
    raise err
  File "/usr/lib/python3.8/socket.py", line 796, in create_connection
    sock.connect(sa)
ConnectionRefusedError: [Errno 111] Connection refused

