[ 10%] Built target basic
[ 10%] Built target geometry_msgs_generate_messages_nodejs
[ 10%] Built target std_msgs_generate_messages_nodejs
[ 10%] Built target sensor_msgs_generate_messages_eus
[ 10%] Built target std_msgs_generate_messages_eus
[ 10%] Built target geometry_msgs_generate_messages_cpp
[ 10%] Built target sensor_msgs_generate_messages_nodejs
[ 10%] Built target geometry_msgs_generate_messages_eus
[ 10%] Built target std_msgs_generate_messages_cpp
[ 10%] Built target sensor_msgs_generate_messages_py
[ 10%] Built target std_msgs_generate_messages_py
[ 10%] Built target geometry_msgs_generate_messages_py
[ 10%] Built target sensor_msgs_generate_messages_lisp
[ 10%] Built target std_msgs_generate_messages_lisp
[ 10%] Built target sensor_msgs_generate_messages_cpp
[ 10%] Built target geometry_msgs_generate_messages_lisp
[ 10%] Built target _super_lio_generate_messages_check_deps_CloudPose2
[ 32%] Built target lio
[ 32%] Built target _super_lio_generate_messages_check_deps_CloudPose
[ 46%] Built target super_lio_generate_messages_nodejs
[ 50%] Built target super_lio_generate_messages_eus
[ 57%] Built target super_lio_generate_messages_cpp
[ 64%] Built target super_lio_generate_messages_lisp
[ 71%] Built target super_lio_node
[ 78%] Built target relocation_node
[ 89%] Built target super_lio_generate_messages_py
Scanning dependencies of target super_lio_offline_node
[ 89%] Built target super_lio_generate_messages
[ 92%] Building CXX object super_lio/CMakeFiles/super_lio_offline_node.dir/src/apps/super_lio_offline_node.cpp.o
[ 96%] Linking CXX executable /home/lc/super_livo/src/Super-LIO/devel/lib/super_lio/super_lio_offline_node
[100%] Built target super_lio_offline_node
Base path: /home/lc/super_livo/src/Super-LIO
Source space: /home/lc/super_livo/src/Super-LIO/src
Build space: /home/lc/super_livo/src/Super-LIO/build
Devel space: /home/lc/super_livo/src/Super-LIO/devel
Install space: /home/lc/super_livo/src/Super-LIO/install
####
#### Running command: "make cmake_check_build_system" in "/home/lc/super_livo/src/Super-LIO/build"
####
####
#### Running command: "make -j32 -l32" in "/home/lc/super_livo/src/Super-LIO/build"
####
