WARNING: Logging before InitGoogleLogging() is written to STDERR
I0825 20:21:27.713492 56675 ROSWrapper.cpp:38] [32m ---> [Param] map/save_map: false[0m
I0825 20:21:27.718029 56675 ROSWrapper.cpp:57] [32m ---> [Param] eva/instrumentation: false[0m
I0825 20:21:27.725611 56675 ROSWrapper.cpp:257] [32m ---> Using Lidar type: UNKNOWN[0m
I0825 20:21:27.726821 56675 ROSWrapper.cpp:275] [32m ---> [Param] camera calibration loaded: /home/lc/super_livo/bag/NTU/nya_01/camera_left.yaml[0m
I0825 20:21:27.730331 56675 super_lio.cpp:117] [32m ---> [SuperLIO]: G-1 visual support diagnostics enabled[0m
I0825 20:21:27.730350 56675 super_lio.cpp:136] [32m ---> [SuperLIO]: G-0 shadow sidecar enabled[0m
I0825 20:21:27.730355 56675 super_lio.cpp:163] [32m ---> [SuperLIO]: initialized.[0m
I0825 20:21:28.023272 56675 super_lio.cpp:171] [32m ---> [SuperLIO]: KF init done[0m
I0825 20:21:28.034350 56675 super_lio.cpp:180] [32m ---> [SuperLIO]: Map init done[0m
[offline_node] camera_epoch=1 camera_enabled=1
[offline_node] processing /home/lc/super_livo/bag/NTU/nya_01/nya_01.bag (publish=false)
HB0DBG s=0 Jp=(-1265.44,-1200.35,-380.457,0.61357,3.40872,-5.95417) Jd=(-1347.9,-1312.21,-308.806,7.93087,22.1151,-64.7351) r=-0.177984
HB0DBG s=1 Jp=(-567.785,344.232,-2281.7,-231.023,240.757,15.6326) Jd=(-650.243,232.367,-2210.04,-223.705,259.463,-43.1484) r=0.291877
HB-0 epoch=1 samples=11827 oracle_valid=11827 dup=0 rhoH=0.0125866 rhoB=0.00147933 srcH=0.00142677 srcB=0.00053694 accH=0.0126645 accB=0.00148728 sym=0 sym_budget=7.41e+04 lamD=5.80289e+08 lamP=5.80279e+08 finite=1 PASS
HB0DBG s=0 Jp=(-1084.64,-1310.31,250.024,29.0576,-1.13591,-65.8362) Jd=(-1016.12,-706.774,-956.88,-10.9501,28.5618,-33.6188) r=0.269115
HB0DBG s=1 Jp=(-245.554,397.642,-1487.58,-11.1792,20.2766,-17.9775) Jd=(-177.033,1001.18,-2694.49,-51.1868,49.9743,14.2399) r=-0.032251
HB-0 epoch=2 samples=11661 oracle_valid=11661 dup=0 rhoH=0.0117538 rhoB=0.0019941 srcH=0.00284366 srcB=0.00068607 accH=0.0118309 accB=0.00200787 sym=0 sym_budget=5.33e+04 lamD=2.37194e+09 lamP=2.37189e+09 finite=1 PASS
HB0DBG s=0 Jp=(-844.906,-1320.22,871.78,39.9061,-16.2433,-59.3734) Jd=(-798.82,-790.285,-223.908,3.27367,11.5261,-31.0515) r=1.06321
HB0DBG s=1 Jp=(-1315.74,-493.773,-2174.46,-15.8802,40.8197,-49.1006) Jd=(-1269.66,36.1593,-3270.15,-52.5127,68.5891,-20.7787) r=0.461194
HB-0 epoch=3 samples=12060 oracle_valid=12060 dup=0 rhoH=0.0595414 rhoB=0.000775418 srcH=0.00450991 srcB=0.000507698 accH=0.0599404 accB=0.00078036 sym=0 sym_budget=4.9e+04 lamD=4.11317e+08 lamP=4.10769e+08 finite=1 PASS
HB0DBG s=0 Jp=(-218.812,-290.903,121.229,13.8084,-4.95081,-22.7737) Jd=(-266.473,136.434,-977.232,-19.2025,22.5117,-2.4694) r=0.214083
HB0DBG s=1 Jp=(-1016.83,-825.338,-680.346,7.85046,12.6646,-45.0935) Jd=(-1064.5,-398.002,-1778.81,-25.1604,40.1271,-24.7892) r=-0.266401
HB-0 epoch=4 samples=11953 oracle_valid=11953 dup=0 rhoH=0.00781211 rhoB=0.000886264 srcH=0.0010194 srcB=0.00026948 accH=0.00785817 accB=0.000890672 sym=0 sym_budget=4.88e+04 lamD=3.87389e+08 lamP=3.87388e+08 finite=1 PASS
HB0DBG s=0 Jp=(-279.71,-166.152,-311.073,7.09895,2.31294,-22.8191) Jd=(-276.01,355.186,-1494.99,-30.7475,33.3096,1.65507) r=1.75726
HB0DBG s=1 Jp=(1289.18,673.685,1743.89,37.045,-50.8455,17.8907) Jd=(1292.88,1195.02,559.97,-0.801495,-19.8489,42.3649) r=1.63237
HB-0 epoch=5 samples=12208 oracle_valid=12208 dup=0 rhoH=0.0118171 rhoB=0.000695451 srcH=0.000782499 srcB=0.000765063 accH=0.0118894 accB=0.00070007 sym=0 sym_budget=5.21e+04 lamD=4.56585e+08 lamP=4.5658e+08 finite=1 PASS
[diag] sensor_time=1609043693.308 epochs=500 wall=1.722s imu_consumed=19009 lidar_consumed=500 imu_depth=1 lidar_depth=0 voxels=3334 rss=151268KB
HB0DBG s=0 Jp=(-220.125,-2119.19,4329.56,123.264,-105.629,-66.0821) Jd=(-244.798,-1490.29,2787.79,65.1028,-55.4995,-34.3896) r=-2.06088
HB0DBG s=1 Jp=(-16.5798,-254.597,582.085,39.7665,-32.5048,-25.8724) Jd=(-41.2533,374.304,-959.687,-18.3944,17.6251,5.82008) r=-5.16875
HB-0 epoch=6 samples=8597 oracle_valid=8597 dup=0 rhoH=0.0133279 rhoB=0.00306293 srcH=0.00133464 srcB=0.000414123 accH=0.0134401 accB=0.00308909 sym=0 sym_budget=5.58e+04 lamD=4.04093e+08 lamP=4.04091e+08 finite=1 PASS
HB0DBG s=0 Jp=(-385.909,-1705.65,2948.75,89.3808,-79.7562,-40.5517) Jd=(-1982.65,-2791.63,1312.55,49.8069,-9.68738,-93.8225) r=13.4277
HB0DBG s=1 Jp=(499.673,6.8692,1304.32,42.8817,-55.6793,16.1912) Jd=(-1097.07,-1079.11,-331.878,3.30787,14.3895,-37.0796) r=12.0584
HB-0 epoch=7 samples=9248 oracle_valid=9248 dup=0 rhoH=0.0522298 rhoB=0.0012326 srcH=0.0032152 srcB=0.00166913 accH=0.052693 accB=0.00122865 sym=0 sym_budget=2.6e+04 lamD=2.60813e+08 lamP=2.60726e+08 finite=1 PASS
HB0DBG s=0 Jp=(-5154.15,-5177.93,-1204.89,51.0435,42.9749,-206.406) Jd=(-6647.12,-6088.59,-2985,0.57867,119.993,-248.735) r=13.0214
HB0DBG s=1 Jp=(7.52544,-1666.14,3838.98,104.093,-102.697,-27.4842) Jd=(-1485.44,-2576.8,2058.88,53.6287,-25.6789,-69.8138) r=14.7781
HB-0 epoch=8 samples=10498 oracle_valid=10498 dup=0 rhoH=0.0116272 rhoB=0.000572985 srcH=0.00125348 srcB=0.00104554 accH=0.0117175 accB=0.000574503 sym=0 sym_budget=4.75e+04 lamD=3.6335e+08 lamP=3.63346e+08 finite=1 PASS
HB0DBG s=0 Jp=(-5234.45,-7056.76,2911.05,143.896,-37.8993,-254.287) Jd=(-6567.2,-7767.99,1079.09,90.2045,35.5187,-281.562) r=6.3806
HB0DBG s=1 Jp=(-3316.21,-3019.27,-1446.29,30.3578,21.3628,-115.068) Jd=(-4648.95,-3730.5,-3278.25,-23.334,94.7808,-142.342) r=10.428
HB-0 epoch=9 samples=10552 oracle_valid=10552 dup=0 rhoH=0.015049 rhoB=0.0024948 srcH=0.00369661 srcB=0.000812061 accH=0.0151589 accB=0.00250876 sym=0 sym_budget=3.62e+04 lamD=2.45345e+08 lamP=2.45325e+08 finite=1 PASS
HB0DBG s=0 Jp=(-650.175,-994.995,680.076,31.326,-12.0707,-50.8611) Jd=(-1194.11,-1081.99,-548.575,-0.801832,21.9589,-44.5076) r=-0.513608
HB0DBG s=1 Jp=(-3938.16,-3705.83,-1469.07,17.2963,49.4552,-146.941) Jd=(-4482.09,-3792.83,-2697.72,-14.8315,83.4848,-140.587) r=5.36155
HB-0 epoch=10 samples=8887 oracle_valid=8887 dup=0 rhoH=0.0171643 rhoB=0.00118651 srcH=0.00239489 srcB=0.000456286 accH=0.0173256 accB=0.00119463 sym=0 sym_budget=4.07e+04 lamD=1.70958e+08 lamP=1.70956e+08 finite=1 PASS
HB0DBG s=0 Jp=(-3718.42,-5660.37,2828.03,175.879,-51.9278,-332.202) Jd=(56.6851,-234.305,695.051,24.8701,-26.1663,-6.99844) r=-49.4828
HB0DBG s=1 Jp=(-501.921,-152.369,-1127.93,-27.6587,45.5387,-26.5878) Jd=(3273.18,5273.7,-3260.91,-178.668,71.3002,298.616) r=-50.0476
HB-0 epoch=11 samples=7693 oracle_valid=7693 dup=0 rhoH=0.0113114 rhoB=0.000248866 srcH=0.00129642 srcB=0.000302653 accH=0.0114153 accB=0.00024964 sym=0 sym_budget=3.6e+04 lamD=1.60622e+08 lamP=1.60621e+08 finite=1 PASS
HB0DBG s=0 Jp=(9162.6,14674.6,-7274.77,-433.461,130.794,819.186) Jd=(11289.3,16882.8,-6296.57,-435.915,62.0101,966.573) r=0.356386
HB0DBG s=1 Jp=(11383.2,20894.6,-14621.5,-748.626,371.477,1126.27) Jd=(13510,23102.7,-13643.3,-751.08,302.693,1273.66) r=0.540191
HB-0 epoch=12 samples=6988 oracle_valid=6988 dup=0 rhoH=0.0123555 rhoB=0.000820973 srcH=0.00103103 srcB=0.000497749 accH=0.0125018 accB=0.000827203 sym=0 sym_budget=2.77e+04 lamD=8.11876e+07 lamP=8.11873e+07 finite=1 PASS
HB0DBG s=0 Jp=(14901.5,26851,-18168.2,-941.026,460.858,1446.78) Jd=(16331.3,27725.1,-16183.5,-892.867,364.746,1523.67) r=35.0243
HB0DBG s=1 Jp=(15916.2,27292.7,-16219.2,-893.436,375.254,1503.09) Jd=(17345.9,28166.8,-14234.6,-845.277,279.142,1579.98) r=41.6324
HB-0 epoch=13 samples=8040 oracle_valid=8040 dup=0 rhoH=0.00994536 rhoB=0.0016507 srcH=0.00112421 srcB=0.000908773 accH=0.010039 accB=0.00166205 sym=0 sym_budget=4.45e+04 lamD=6.06215e+07 lamP=6.06203e+07 finite=1 PASS
HB0DBG s=0 Jp=(15028.3,24491.5,-12905.7,-746.655,262.832,1363.29) Jd=(16189.1,24863.9,-10528.4,-680.232,157.433,1415.17) r=96.6479
HB0DBG s=1 Jp=(5428.5,9557.22,-6182.34,-327.475,151.873,520.384) Jd=(6589.28,9929.64,-3805.11,-261.053,46.475,572.258) r=92.7866
HB-0 epoch=14 samples=7834 oracle_valid=7834 dup=0 rhoH=0.0147858 rhoB=0.00278046 srcH=0.000828193 srcB=0.000546867 accH=0.0149347 accB=0.00280732 sym=0 sym_budget=2.98e+04 lamD=8.11215e+07 lamP=8.11211e+07 finite=1 PASS
HB0DBG s=0 Jp=(396.988,-451.144,193.762,2.24431,-20.6994,-45.0731) Jd=(487.302,-164.639,1033.67,-40.9927,-74.0539,-32.7162) r=0.271
HB0DBG s=1 Jp=(195.344,-257.703,12.686,5.58377,-4.93114,-24.1765) Jd=(285.658,28.8023,852.594,-37.6532,-58.2856,-11.8196) r=-0.144228
HB-0 epoch=15 samples=9026 oracle_valid=9026 dup=0 rhoH=0.0102467 rhoB=0.000936688 srcH=0.00175024 srcB=0.000606116 accH=0.0103412 accB=0.000941961 sym=0 sym_budget=5.02e+04 lamD=9.48417e+07 lamP=9.48401e+07 finite=1 PASS
HB0DBG s=0 Jp=(-1652.05,-3734.33,5580.88,321.647,-274.988,-193.83) Jd=(-2232.27,-1504.38,-2335.15,-30.792,67.1149,-73.9709) r=-52.8754
HB0DBG s=1 Jp=(-3731.79,-5436.42,4133.25,315.272,-242.065,-249.377) Jd=(-4312.02,-3206.46,-3782.78,-37.167,100.039,-129.518) r=-40.2363
HB-0 epoch=16 samples=9627 oracle_valid=9627 dup=0 rhoH=0.0083957 rhoB=0.000736646 srcH=0.00103658 srcB=0.0010028 accH=0.00846719 accB=0.000740847 sym=0 sym_budget=4.17e+04 lamD=5.8664e+07 lamP=5.86641e+07 finite=1 PASS
HB0DBG s=0 Jp=(-79.4728,-255.81,32.156,-93.3394,62.024,129.909) Jd=(0,0,-0,-0,0,0) r=71.8711
HB0DBG s=1 Jp=(-79.4728,-255.81,32.156,-93.3394,62.024,129.909) Jd=(0,0,-0,-0,0,0) r=68.8711
HB-0 epoch=17 samples=8509 oracle_valid=8509 dup=0 rhoH=0.00987904 rhoB=0.00066663 srcH=0.00147017 srcB=0.00106607 accH=0.00996316 accB=0.000672199 sym=0 sym_budget=6.2e+04 lamD=8.78998e+07 lamP=8.78967e+07 finite=1 PASS
HB0DBG s=0 Jp=(5561.95,6018.52,1225.02,-41.4601,-124.689,398.131) Jd=(7537.22,8261.27,1453.57,-67.6543,-155.422,543.314) r=28.1115
HB0DBG s=1 Jp=(3277.32,2218.41,4067.44,101.149,-202.459,190.452) Jd=(5252.59,4461.16,4295.98,74.9548,-233.192,335.634) r=25.6151
HB-0 epoch=18 samples=9131 oracle_valid=9131 dup=0 rhoH=0.0109713 rhoB=0.00126109 srcH=0.00373439 srcB=0.000484218 accH=0.0110306 accB=0.0012689 sym=0 sym_budget=5.58e+04 lamD=1.58965e+08 lamP=1.58965e+08 finite=1 PASS
HB0DBG s=0 Jp=(-1256.49,-1484.9,95.5154,24.7911,15.6393,-92.2791) Jd=(-1295.71,-1628.88,318.47,33.8232,8.21258,-98.7354) r=0.401722
HB0DBG s=1 Jp=(1705.78,673.379,2890.4,80.2641,-129.309,76.5467) Jd=(1666.56,529.399,3113.35,89.2962,-136.736,70.0904) r=0.505546
HB-0 epoch=19 samples=8860 oracle_valid=8860 dup=0 rhoH=0.0139615 rhoB=0.000773181 srcH=0.000946528 srcB=0.000504089 accH=0.0140892 accB=0.000779722 sym=0 sym_budget=4.85e+04 lamD=1.29262e+08 lamP=1.29262e+08 finite=1 PASS
HB0DBG s=0 Jp=(-456.787,520.499,-2372.49,-81.7788,91.8127,5.72734) Jd=(-631.357,173.472,-2038.84,-66.4265,82.4244,-12.4266) r=-0.685104
HB0DBG s=1 Jp=(-728.617,-2354,3446.77,141.905,-111.876,-108.992) Jd=(-903.187,-2701.03,3780.42,157.257,-121.265,-127.146) r=2.63601
HB-0 epoch=20 samples=8161 oracle_valid=8161 dup=0 rhoH=0.00717503 rhoB=0.00037637 srcH=0.00114117 srcB=0.000485967 accH=0.00724138 accB=0.000376105 sym=0 sym_budget=5.5e+04 lamD=1.38261e+08 lamP=1.38259e+08 finite=1 PASS
HB0DBG s=0 Jp=(2955.41,4096.57,-660.449,-83.3575,-23.5454,254.355) Jd=(4272.89,5542.49,-103.051,-87.8319,-67.8005,352.982) r=0.341092
HB0DBG s=1 Jp=(2388.89,5765.97,-5634.37,-263.501,183.204,307.893) Jd=(3706.38,7211.89,-5076.97,-267.976,138.949,406.52) r=0.314752
HB-0 epoch=21 samples=11239 oracle_valid=11239 dup=0 rhoH=0.0123448 rhoB=0.00159656 srcH=0.0014968 srcB=0.000580617 accH=0.0124329 accB=0.0016082 sym=0 sym_budget=5.74e+04 lamD=8.39247e+07 lamP=8.39247e+07 finite=1 PASS
HB0DBG s=0 Jp=(-13473.4,-19736,9504.36,530.928,-113.019,-1042.39) Jd=(-13929,-22024.1,13462.6,678.074,-239.348,-1134.76) r=-0.686558
HB0DBG s=1 Jp=(17177.3,-18257.7,84888.2,2733.03,-3087.86,-173.745) Jd=(16721.7,-20545.8,88846.4,2880.18,-3214.19,-266.108) r=3.93562
HB-0 epoch=22 samples=10539 oracle_valid=10539 dup=0 rhoH=0.017164 rhoB=0.00130654 srcH=0.00137451 srcB=0.000940818 accH=0.0172988 accB=0.00131156 sym=0 sym_budget=6.14e+04 lamD=2.07627e+08 lamP=2.07625e+08 finite=1 PASS
HB0DBG s=0 Jp=(-3731.5,-5892.65,5381.38,246.864,-146.638,-334.386) Jd=(1124.46,2012.76,-2305.87,-99.5841,66.399,107.325) r=-19.252
HB0DBG s=1 Jp=(-4286.81,-6421.35,5154.96,246.117,-131.21,-370.573) Jd=(569.14,1484.06,-2532.29,-100.331,81.8271,71.1383) r=-12.6313
HB-0 epoch=23 samples=9834 oracle_valid=9834 dup=0 rhoH=0.00574767 rhoB=0.00159904 srcH=0.000783891 srcB=0.000200391 accH=0.00579385 accB=0.0016118 sym=0 sym_budget=6.21e+04 lamD=6.13342e+07 lamP=6.13313e+07 finite=1 PASS
HB0DBG s=0 Jp=(-1007.49,-1858.23,2447.53,100.614,-69.4389,-94.2976) Jd=(-1237.34,-2223.04,2823.08,117.187,-79.3109,-114.194) r=1.17755
HB0DBG s=1 Jp=(-1388.15,-1503.31,121.437,22.114,13.1782,-94.7467) Jd=(-1618,-1868.12,496.992,38.687,3.30623,-114.644) r=0.224771
HB-0 epoch=24 samples=9776 oracle_valid=9776 dup=0 rhoH=0.0121733 rhoB=0.000224137 srcH=0.00209485 srcB=0.000574643 accH=0.0122701 accB=0.000225095 sym=0 sym_budget=5.42e+04 lamD=4.13562e+07 lamP=4.13514e+07 finite=1 PASS
HB0DBG s=0 Jp=(-4246.23,-6340.64,6025.01,284.087,-173.681,-352.996) Jd=(335.333,1390.18,-3770.29,-139.983,131.789,52.9377) r=-100.567
HB0DBG s=1 Jp=(-3258,-5759.27,7955.48,337.17,-253.36,-296.866) Jd=(1323.57,1971.54,-1839.82,-86.9004,52.11,109.068) r=-91.9165
HB-0 epoch=25 samples=9489 oracle_valid=9489 dup=0 rhoH=0.0132395 rhoB=0.00105225 srcH=0.000973673 srcB=0.000691071 accH=0.013348 accB=0.00105544 sym=0 sym_budget=5.01e+04 lamD=2.31299e+07 lamP=2.3122e+07 finite=1 PASS
HB0DBG s=0 Jp=(-1736.13,-2528.42,1757.3,95.509,-45.4393,-144.335) Jd=(-2038.55,-2858.04,1682.76,98.1657,-39.3601,-166.382) r=-4.80781
HB0DBG s=1 Jp=(106.505,1217.75,-3607.11,-133.381,133.674,40.4583) Jd=(-195.911,888.123,-3681.66,-130.725,139.754,18.4115) r=0.769163
HB-0 epoch=26 samples=8902 oracle_valid=8902 dup=0 rhoH=0.0151336 rhoB=0.000223012 srcH=0.00149075 srcB=0.000618881 accH=0.0152699 accB=0.000221034 sym=0 sym_budget=4.08e+04 lamD=2.76056e+07 lamP=2.7605e+07 finite=1 PASS
HB0DBG s=0 Jp=(-2490.51,9447.42,-60735.9,-1997.64,2116.68,55.4608) Jd=(-3960.89,7854.4,-60918.7,-1975.54,2131.04,-55.8615) r=-16.8129
HB0DBG s=1 Jp=(1470.39,1593.02,182.758,-22.0902,-14.3598,111.322) Jd=(0,0,-0,-0,0,0) r=11.4678
HB-0 epoch=27 samples=8847 oracle_valid=8847 dup=0 rhoH=0.00692843 rhoB=0.000246836 srcH=0.00226332 srcB=0.000344437 accH=0.00699034 accB=0.000245918 sym=0 sym_budget=3.58e+04 lamD=1.92265e+07 lamP=1.92274e+07 finite=1 PASS
HB0DBG s=0 Jp=(-4433.7,-6829.24,5343.15,275.978,-148.52,-363.204) Jd=(704.635,554.075,1002.42,19.0634,-41.382,42.0425) r=-225.858
HB0DBG s=1 Jp=(-4584.98,-5984.89,1753.2,159.801,-21.5638,-350.569) Jd=(553.351,1398.42,-2587.53,-97.1142,85.574,54.6774) r=-121.502
HB-0 epoch=28 samples=11064 oracle_valid=11064 dup=0 rhoH=0.00733663 rhoB=0.000454328 srcH=0.000815317 srcB=0.000799398 accH=0.00738789 accB=0.00045173 sym=0 sym_budget=5.12e+04 lamD=2.23212e+07 lamP=2.232e+07 finite=1 PASS
HB0DBG s=0 Jp=(7479.42,9227.03,1024.48,-134.798,-120.896,600.878) Jd=(3765.69,3364.93,4700.39,82.5905,-231.067,265.569) r=35.4898
HB0DBG s=1 Jp=(8383.97,4673.59,19586.9,515.377,-881.857,517.45) Jd=(4670.24,-1188.51,23262.8,732.765,-992.028,182.141) r=14.8389
HB-0 epoch=29 samples=10280 oracle_valid=10280 dup=0 rhoH=0.00537824 rhoB=0.0012021 srcH=0.00129426 srcB=0.000409185 accH=0.0054115 accB=0.0012114 sym=0 sym_budget=4.13e+04 lamD=2.81659e+07 lamP=2.81649e+07 finite=1 PASS
HB0DBG s=0 Jp=(-3626.08,-6265.07,7248.12,332.602,-236.084,-318.818) Jd=(-3997.06,-6828.39,7704.3,356.279,-249.666,-349.725) r=12.8363
HB0DBG s=1 Jp=(38.2202,-1644.43,6007.41,215.792,-226.478,-37.8535) Jd=(-332.758,-2207.76,6463.58,239.47,-240.061,-68.7599) r=6.86188
HB-0 epoch=30 samples=9890 oracle_valid=9890 dup=0 rhoH=0.00534216 rhoB=0.000267098 srcH=0.00104916 srcB=0.000453183 accH=0.00537507 accB=0.000265521 sym=0 sym_budget=3.98e+04 lamD=2.29347e+07 lamP=2.29332e+07 finite=1 PASS
HB0DBG s=0 Jp=(120.906,1768.66,-5312.84,-199.952,186.552,50.2821) Jd=(4064.29,2289.3,6245.75,162.167,-268.717,230.919) r=-0.349281
HB0DBG s=1 Jp=(-728.943,1248,-6479.49,-228.874,237.477,0.879226) Jd=(3214.44,1768.64,5079.1,133.245,-217.792,181.516) r=-0.265686
HB-0 epoch=31 samples=11107 oracle_valid=11107 dup=0 rhoH=0.016186 rhoB=0.000805026 srcH=0.00109362 srcB=0.000565051 accH=0.0163048 accB=0.000811004 sym=0 sym_budget=6.81e+04 lamD=2.46449e+07 lamP=2.46413e+07 finite=1 PASS
HB0DBG s=0 Jp=(16073.1,21718.6,-11169.6,-663.519,227.336,1256.88) Jd=(16390,22287,-11801.3,-691.62,246.56,1285.84) r=-27.8104
HB0DBG s=1 Jp=(3571.52,13519.6,-27997.2,-1078.79,964.512,538.828) Jd=(3888.37,14088,-28628.9,-1106.9,983.735,567.791) r=-1.27714
HB-0 epoch=32 samples=10358 oracle_valid=10358 dup=0 rhoH=0.00577776 rhoB=0.000353208 srcH=0.00143134 srcB=0.000573696 accH=0.00581998 accB=0.000354188 sym=0 sym_budget=7.79e+04 lamD=1.54916e+07 lamP=1.54912e+07 finite=1 PASS
HB0DBG s=0 Jp=(2875.25,4295.8,-3013.46,-160.952,84.802,262.92) Jd=(0,0,-0,-0,0,0) r=182.321
HB0DBG s=1 Jp=(2875.25,4295.8,-3013.46,-160.952,84.802,262.92) Jd=(0,0,-0,-0,0,0) r=176.321
HB-0 epoch=33 samples=10163 oracle_valid=10163 dup=0 rhoH=0.00720989 rhoB=0.000496015 srcH=0.00126889 srcB=0.000498148 accH=0.00726752 accB=0.000499559 sym=0 sym_budget=4.38e+04 lamD=1.7574e+07 lamP=1.75743e+07 finite=1 PASS
HB0DBG s=0 Jp=(10585,10542.2,1930.25,-90.4542,-209.435,711.097) Jd=(0,0,-0,-0,0,0) r=79.6905
HB0DBG s=1 Jp=(10585,10542.2,1930.25,-90.4542,-209.435,711.097) Jd=(0,0,-0,-0,0,0) r=87.6905
HB-0 epoch=34 samples=11152 oracle_valid=11152 dup=0 rhoH=0.0103694 rhoB=0.000667778 srcH=0.00183808 srcB=0.00055619 accH=0.0104462 accB=0.000672391 sym=0 sym_budget=4.14e+04 lamD=3.99754e+07 lamP=3.99734e+07 finite=1 PASS
HB0DBG s=0 Jp=(2614.82,2306.94,1151.55,5.3489,-75.58,164.815) Jd=(0,0,-0,-0,0,0) r=29.7825
HB0DBG s=1 Jp=(2614.82,2306.94,1151.55,5.3489,-75.58,164.815) Jd=(0,0,-0,-0,0,0) r=37.7825
HB-0 epoch=35 samples=10734 oracle_valid=10734 dup=0 rhoH=0.00982805 rhoB=0.000972048 srcH=0.00194202 srcB=0.000934738 accH=0.00990367 accB=0.000974947 sym=0 sym_budget=5.16e+04 lamD=2.19258e+07 lamP=2.1924e+07 finite=1 PASS
HB0DBG s=0 Jp=(1827.39,6382.53,-8263.66,-353.231,297.436,310.466) Jd=(3305.88,7837.62,-7285.11,-345.335,234.994,413.659) r=-39.8762
HB0DBG s=1 Jp=(3102.72,6100.77,-4282.15,-225.963,120.183,337.799) Jd=(4581.2,7555.87,-3303.61,-218.067,57.7403,440.991) r=-30.5195
HB-0 epoch=36 samples=10284 oracle_valid=10284 dup=0 rhoH=0.00737204 rhoB=0.000496888 srcH=0.00080292 srcB=0.00089052 accH=0.00742905 accB=0.000498594 sym=0 sym_budget=3.84e+04 lamD=1.58646e+07 lamP=1.58643e+07 finite=1 PASS
HB0DBG s=0 Jp=(-16581.3,-36177.1,35502.5,1489.62,-940.806,-1630.93) Jd=(-16778.5,-37093,36963.2,1543.79,-987.164,-1665.01) r=46.669
HB0DBG s=1 Jp=(-4057.73,-15181.5,21999.2,839.355,-678.349,-613.655) Jd=(-4254.97,-16097.4,23459.9,893.521,-724.707,-647.74) r=14.0525
HB-0 epoch=37 samples=11139 oracle_valid=11139 dup=0 rhoH=0.0120021 rhoB=0.00127088 srcH=0.00107102 srcB=0.000753402 accH=0.0120864 accB=0.00127947 sym=0 sym_budget=3.01e+04 lamD=2.65367e+07 lamP=2.65355e+07 finite=1 PASS
HB0DBG s=0 Jp=(-7509.41,-11876.2,6631.14,381.72,-154.122,-668.874) Jd=(-2541.19,-3038.71,46.5895,46.7514,31.0385,-190.097) r=-0.559505
HB0DBG s=1 Jp=(-6031.49,-10872.9,8299.21,418.176,-234.789,-584.505) Jd=(-1063.28,-2035.33,1714.66,83.2075,-49.6284,-105.727) r=-0.319122
HB-0 epoch=38 samples=12196 oracle_valid=12196 dup=0 rhoH=0.0163344 rhoB=0.00086442 srcH=0.00133884 srcB=0.000498601 accH=0.0164415 accB=0.000866935 sym=0 sym_budget=4.44e+04 lamD=3.00187e+07 lamP=3.00125e+07 finite=1 PASS
HB0DBG s=0 Jp=(692.242,473.2,755.827,16.168,-36.8281,39.3123) Jd=(908.995,596.048,1057.6,23.6566,-50.8118,50.9961) r=23.9248
HB0DBG s=1 Jp=(-1500.02,-1954.22,347.661,39.8028,6.74414,-117.746) Jd=(-1283.27,-1831.37,649.433,47.2915,-7.23954,-106.063) r=23.8127
HB-0 epoch=39 samples=12315 oracle_valid=12315 dup=0 rhoH=0.00795729 rhoB=0.000711404 srcH=0.000973315 srcB=0.000690989 accH=0.00799542 accB=0.000711906 sym=0 sym_budget=4.57e+04 lamD=2.57752e+07 lamP=2.57752e+07 finite=1 PASS
HB0DBG s=0 Jp=(455.208,663.5,-473.208,-22.6849,9.76975,34.5191) Jd=(621.719,784.736,-329.137,-19.683,3.09218,43.8903) r=-46.8445
HB0DBG s=1 Jp=(931.926,543.868,1119.43,27.3173,-47.0859,45.7869) Jd=(1098.44,665.103,1263.5,30.3192,-53.7635,55.1582) r=-48.7158
HB-0 epoch=40 samples=12597 oracle_valid=12597 dup=0 rhoH=0.0157548 rhoB=0.000462892 srcH=0.000620784 srcB=0.000858812 accH=0.0158584 accB=0.000465757 sym=0 sym_budget=5.37e+04 lamD=2.7861e+07 lamP=2.78613e+07 finite=1 PASS
HB0DBG s=0 Jp=(5627.83,-0.945204,14018.4,437.603,-561.662,168.145) Jd=(827.261,-518.858,3185.96,105.689,-119.308,6.1929) r=0.844861
HB0DBG s=1 Jp=(5369.71,1492.4,10069.9,294.943,-424.929,213.086) Jd=(569.135,974.484,-762.522,-36.9699,17.4253,51.1344) r=0.588662
HB-0 epoch=41 samples=14383 oracle_valid=14383 dup=0 rhoH=0.0113937 rhoB=0.000601931 srcH=0.000579356 srcB=0.000715282 accH=0.0114568 accB=0.000605219 sym=0 sym_budget=4.34e+04 lamD=3.52781e+07 lamP=3.52739e+07 finite=1 PASS
HB0DBG s=0 Jp=(-408.103,-76.8969,-891.682,-27.2343,35.3458,-15.0831) Jd=(-153.946,883.241,-2541.49,-90.7959,89.3919,28.6819) r=96.4942
HB0DBG s=1 Jp=(1491.82,652.859,2454.7,69.4691,-106.693,65.9887) Jd=(1745.98,1613,804.894,5.90754,-52.6471,109.754) r=96.2011
HB-0 epoch=42 samples=12110 oracle_valid=12110 dup=0 rhoH=0.00761205 rhoB=0.000673824 srcH=0.00206497 srcB=0.000621996 accH=0.00764995 accB=0.000677088 sym=0 sym_budget=4.84e+04 lamD=2.64618e+07 lamP=2.64626e+07 finite=1 PASS
HB0DBG s=0 Jp=(607.504,1518.82,-1733.34,-74.0969,52.3196,76.5513) Jd=(812.291,1656.84,-1508.86,-68.8973,40.8664,87.4527) r=19.8387
HB0DBG s=1 Jp=(596.051,461.307,502.25,9.69846,-27.3572,34.4486) Jd=(800.838,599.324,726.733,14.8981,-38.8104,45.35) r=20.5782
HB-0 epoch=43 samples=11383 oracle_valid=11383 dup=0 rhoH=0.00971456 rhoB=0.000906053 srcH=0.00202366 srcB=0.000998106 accH=0.00978203 accB=0.000910014 sym=0 sym_budget=2.89e+04 lamD=2.77179e+07 lamP=2.77171e+07 finite=1 PASS
HB0DBG s=0 Jp=(-1885.81,-2555.63,1132.99,66.2215,-12.2515,-148.481) Jd=(-2797.79,-3035.54,-201.889,29.8492,47.3835,-192.027) r=104.313
HB0DBG s=1 Jp=(-709.703,1.67494,-1870.72,-58.8747,74.026,-19.3913) Jd=(-1621.68,-478.235,-3205.6,-95.247,133.661,-62.9379) r=104.048
HB-0 epoch=44 samples=12734 oracle_valid=12734 dup=0 rhoH=0.00409716 rhoB=0.000421284 srcH=0.0016815 srcB=0.000487977 accH=0.00411957 accB=0.000421954 sym=0 sym_budget=4.18e+04 lamD=4.23446e+07 lamP=4.2343e+07 finite=1 PASS
HB0DBG s=0 Jp=(1576.21,651.66,2701.48,75.2777,-121.396,69.0654) Jd=(1842.14,776.786,3136.49,87.2217,-141.331,81.4038) r=20.8021
HB0DBG s=1 Jp=(-442.65,736.577,-2829.14,-97.8325,108.784,16.264) Jd=(-176.719,861.703,-2394.13,-85.8885,88.8495,28.6024) r=22.5625
HB-0 epoch=45 samples=11785 oracle_valid=11785 dup=0 rhoH=0.00675007 rhoB=0.00106413 srcH=0.00109122 srcB=0.000776979 accH=0.0067826 accB=0.00106992 sym=0 sym_budget=4.56e+04 lamD=5.94865e+07 lamP=5.94855e+07 finite=1 PASS
HB0DBG s=0 Jp=(669.459,-5854.74,15648.6,564.124,-546.595,-192.335) Jd=(-480.26,-108.208,-998.11,-29.2602,40.7003,-17.6479) r=-19.7034
HB0DBG s=1 Jp=(646.493,-6680.25,17514.8,632.832,-609.131,-222.495) Jd=(-503.226,-933.717,868.074,39.4475,-21.8353,-47.8081) r=-18.2823
HB-0 epoch=46 samples=11621 oracle_valid=11621 dup=0 rhoH=0.00739536 rhoB=0.000451303 srcH=0.000839693 srcB=0.000753698 accH=0.00744676 accB=0.000454129 sym=0 sym_budget=5.41e+04 lamD=2.70546e+07 lamP=2.70498e+07 finite=1 PASS
HB0DBG s=0 Jp=(-4262.12,-3416.45,-3859.09,-97.6967,202.533,-259.6) Jd=(-652.774,-878.402,526.044,25.3994,-8.96377,-46.6762) r=-0.635938
HB0DBG s=1 Jp=(-2629.16,-1814.03,-3362.61,-101.601,168.719,-162.278) Jd=(980.192,724.013,1022.52,21.4951,-42.7775,50.6457) r=-0.301022
HB-0 epoch=47 samples=11895 oracle_valid=11895 dup=0 rhoH=0.00697973 rhoB=0.000406839 srcH=0.0013796 srcB=0.00110516 accH=0.00702869 accB=0.000408089 sym=0 sym_budget=3.27e+04 lamD=2.26637e+07 lamP=2.26623e+07 finite=1 PASS
HB0DBG s=0 Jp=(-896.934,1708.1,1010.71,-57.5461,-30.1026,92.9888) Jd=(-465.784,1027.39,792.726,-40.1227,-26.4206,53.2314) r=1.96991
HB0DBG s=1 Jp=(-1638.09,2634.12,871.667,-68.8135,-15.0918,152.086) Jd=(-1206.94,1953.41,653.682,-51.3901,-11.4098,112.329) r=-0.338511
HB-0 epoch=48 samples=13258 oracle_valid=13258 dup=0 rhoH=0.0115303 rhoB=0.000756632 srcH=0.00325579 srcB=0.000794743 accH=0.0115913 accB=0.000761329 sym=0 sym_budget=5.04e+04 lamD=3.94984e+07 lamP=3.94964e+07 finite=1 PASS
HB0DBG s=0 Jp=(-382.065,-4082.23,10917.9,392.074,-369.115,-154.061) Jd=(3352.16,3899.74,-639.277,-69.1972,-19.696,232.423) r=-60.2335
HB0DBG s=1 Jp=(-723.152,-4314.63,10524.8,382.726,-351.829,-171.608) Jd=(3011.07,3667.34,-1032.34,-78.5448,-2.40966,214.877) r=-58.2355
HB-0 epoch=49 samples=12903 oracle_valid=12903 dup=0 rhoH=0.00870144 rhoB=0.000383148 srcH=0.00135529 srcB=0.00036384 accH=0.00874908 accB=0.000384404 sym=0 sym_budget=4.82e+04 lamD=1.85685e+07 lamP=1.85686e+07 finite=1 PASS
HB0DBG s=0 Jp=(-242.572,5579.72,-12969.9,-491.728,472.129,195.582) Jd=(0,0,-0,-0,0,0) r=-0.571571
HB0DBG s=1 Jp=(-242.572,5579.72,-12969.9,-491.728,472.129,195.582) Jd=(0,0,-0,-0,0,0) r=-0.571571
HB-0 epoch=50 samples=13425 oracle_valid=13425 dup=0 rhoH=0.00967481 rhoB=0.000275983 srcH=0.0017333 srcB=0.000752481 accH=0.00973371 accB=0.000273038 sym=0 sym_budget=6.68e+04 lamD=2.75569e+07 lamP=2.75512e+07 finite=1 PASS
HB0DBG s=0 Jp=(6706.61,-20987.5,64663.1,2321.66,-2302.47,-531.859) Jd=(6573.08,-19110.6,59997.5,2140.99,-2129.61,-465.982) r=2.46435
HB0DBG s=1 Jp=(618.962,-4919.82,12787.1,478.799,-457.167,-157.693) Jd=(485.425,-3042.91,8121.56,298.123,-284.308,-91.8169) r=0.00108203
HB-0 epoch=51 samples=14787 oracle_valid=14787 dup=0 rhoH=0.0119224 rhoB=0.00025344 srcH=0.00150437 srcB=0.00071589 accH=0.0119775 accB=0.000254621 sym=0 sym_budget=6.37e+04 lamD=3.21742e+07 lamP=3.21722e+07 finite=1 PASS
HB0DBG s=0 Jp=(1566.28,-9625.84,26004.8,958.41,-923.226,-298.149) Jd=(367.604,-6285.87,15225.8,562.969,-520.285,-210.504) r=-9.04648
HB0DBG s=1 Jp=(3711.52,-1442.72,12817.2,432.021,-511.051,54.3531) Jd=(2512.84,1897.26,2038.2,36.5799,-108.11,141.998) r=-3.30183
HB-0 epoch=52 samples=12809 oracle_valid=12809 dup=0 rhoH=0.0129594 rhoB=0.000474137 srcH=0.00113823 srcB=0.000550089 accH=0.0130367 accB=0.000474887 sym=0 sym_budget=6.48e+04 lamD=2.37856e+07 lamP=2.37872e+07 finite=1 PASS
HB0DBG s=0 Jp=(2767.46,-11071.1,32323.9,1174.28,-1153.57,-314.232) Jd=(1792.8,-8207.1,23205.8,838.384,-811.922,-236.755) r=1.41463
HB0DBG s=1 Jp=(2382.3,-3809.88,14821.6,527.887,-557.585,-69.3554) Jd=(1407.64,-945.857,5703.5,191.991,-215.938,8.12204) r=-0.202401
HB-0 epoch=53 samples=13320 oracle_valid=13320 dup=0 rhoH=0.0155691 rhoB=0.000810771 srcH=0.00107948 srcB=0.000542096 accH=0.0156645 accB=0.00081245 sym=0 sym_budget=6.74e+04 lamD=1.95788e+07 lamP=1.95726e+07 finite=1 PASS
HB0DBG s=0 Jp=(7303.62,-12113.9,46697.6,1636.9,-1705.24,-217.759) Jd=(7220.04,-9221.16,39719,1368.71,-1452.42,-112.22) r=-11.215
HB0DBG s=1 Jp=(1572.43,-2992.64,11014.6,396.276,-413.024,-64.8295) Jd=(1488.84,-99.88,4035.97,128.078,-160.207,40.7092) r=-7.32124
HB-0 epoch=54 samples=14439 oracle_valid=14439 dup=0 rhoH=0.0142078 rhoB=0.0011042 srcH=0.000630313 srcB=0.0006487 accH=0.0142882 accB=0.00110682 sym=0 sym_budget=7.94e+04 lamD=3.24534e+07 lamP=3.24516e+07 finite=1 PASS
HB0DBG s=0 Jp=(867.843,1739.16,-1535.98,-73.1466,41.3307,91.4157) Jd=(0,0,-0,-0,0,0) r=-13.9617
HB0DBG s=1 Jp=(867.843,1739.16,-1535.98,-73.1466,41.3307,91.4157) Jd=(0,0,-0,-0,0,0) r=-13.9617
HB-0 epoch=55 samples=11595 oracle_valid=11595 dup=0 rhoH=0.00861801 rhoB=0.000704674 srcH=0.00125925 srcB=0.000314543 accH=0.00867493 accB=0.000708431 sym=0 sym_budget=4.84e+04 lamD=2.00273e+07 lamP=2.00259e+07 finite=1 PASS
HB0DBG s=0 Jp=(2824.96,-4180.45,17020.2,603.305,-634.785,-78.3634) Jd=(1406,541.786,2499.99,71.373,-105.902,59.4783) r=-72.3695
HB0DBG s=1 Jp=(210.67,-6949.18,16307.9,618.49,-570.402,-253.956) Jd=(-1208.3,-2226.94,1787.67,86.5583,-41.5187,-116.114) r=-52.2856
HB-0 epoch=56 samples=12888 oracle_valid=12888 dup=0 rhoH=0.0105762 rhoB=0.000837408 srcH=0.000625204 srcB=0.000498204 accH=0.0106414 accB=0.000840939 sym=0 sym_budget=3.71e+04 lamD=2.02105e+07 lamP=2.02093e+07 finite=1 PASS
HB0DBG s=0 Jp=(5194.24,-15166.2,45050.3,1652.6,-1664.19,-442.606) Jd=(1841.84,-18846.3,43727.3,1661.48,-1559.11,-678.754) r=20.2244
HB0DBG s=1 Jp=(117.699,-4065.94,8728.85,336.401,-309.045,-153.717) Jd=(-3234.69,-7746.03,7405.87,345.28,-203.967,-389.865) r=-34.9944
HB-0 epoch=57 samples=13167 oracle_valid=13167 dup=0 rhoH=0.00865117 rhoB=0.00040426 srcH=0.00122848 srcB=0.000867488 accH=0.00870482 accB=0.000406434 sym=0 sym_budget=7.92e+04 lamD=2.02718e+07 lamP=2.02688e+07 finite=1 PASS
HB0DBG s=0 Jp=(-1151.47,-2984.27,2778.87,130.027,-75.3819,-148.829) Jd=(-1035.89,-2953.29,3037.91,137.961,-86.4718,-144.549) r=-14.4601
HB0DBG s=1 Jp=(-2390.86,-2382.9,-1771.51,-24.7429,104.515,-157.472) Jd=(-2275.28,-2351.93,-1512.47,-16.8089,93.4253,-153.192) r=-17.0963
HB-0 epoch=58 samples=13088 oracle_valid=13088 dup=0 rhoH=0.0101512 rhoB=0.00194813 srcH=0.00124821 srcB=0.000754257 accH=0.0102136 accB=0.0019572 sym=0 sym_budget=5.14e+04 lamD=2.15538e+07 lamP=2.15524e+07 finite=1 PASS
HB0DBG s=0 Jp=(2759.12,7238.93,-7363.83,-329.092,194.115,351.48) Jd=(0,0,-0,-0,0,0) r=-0.284645
HB0DBG s=1 Jp=(2759.12,7238.93,-7363.83,-329.092,194.115,351.48) Jd=(0,0,-0,-0,0,0) r=-0.284645
HB-0 epoch=59 samples=12857 oracle_valid=12857 dup=0 rhoH=0.00879876 rhoB=0.000792499 srcH=0.000659331 srcB=0.000398316 accH=0.00885175 accB=0.000795514 sym=0 sym_budget=4e+04 lamD=2.35253e+07 lamP=2.35228e+07 finite=1 PASS
HB0DBG s=0 Jp=(1404.23,1948.47,-573.097,-38.5987,-3.34916,105.235) Jd=(1834.35,2236.81,41.2,-21.8229,-27.4213,126.744) r=8.26351
HB0DBG s=1 Jp=(-2390.82,-3135.23,458.93,47.0887,20.2913,-172.636) Jd=(-1960.7,-2846.9,1073.23,63.8645,-3.78087,-151.127) r=3.59917
HB-0 epoch=60 samples=13215 oracle_valid=13215 dup=0 rhoH=0.00764986 rhoB=0.000724643 srcH=0.00175121 srcB=0.000417533 accH=0.00769682 accB=0.000727095 sym=0 sym_budget=3.49e+04 lamD=3.15309e+07 lamP=3.15284e+07 finite=1 PASS
HB0DBG s=0 Jp=(2700.56,-4977.41,-1165.26,162.237,42.9178,-430.117) Jd=(3479.22,-6335.7,-1406.97,204.272,48.4749,-549.932) r=0.0113565
HB0DBG s=1 Jp=(3120.29,-6178.48,-2137.67,223.021,106.544,-523.945) Jd=(3898.95,-7536.77,-2379.38,265.056,112.102,-643.76) r=0.353449
HB-0 epoch=61 samples=13906 oracle_valid=13906 dup=0 rhoH=0.0151674 rhoB=0.000514007 srcH=0.0012232 srcB=0.000444685 accH=0.0152561 accB=0.000516149 sym=0 sym_budget=3.49e+04 lamD=2.76158e+07 lamP=2.76128e+07 finite=1 PASS
HB0DBG s=0 Jp=(3354.08,-4799.36,675.183,102.928,-98.1482,-448.724) Jd=(4220.25,-6311.25,321.706,152.799,-85.3643,-581.745) r=0.0245978
HB0DBG s=1 Jp=(4190.27,-7012.77,-1025.85,212.1,12.3126,-623.26) Jd=(5056.44,-8524.66,-1379.33,261.972,25.0965,-756.281) r=-0.610645
HB-0 epoch=62 samples=14424 oracle_valid=14424 dup=0 rhoH=0.0112793 rhoB=0.00146603 srcH=0.000772352 srcB=0.000559322 accH=0.0113445 accB=0.00147313 sym=0 sym_budget=3.62e+04 lamD=2.71932e+07 lamP=2.71922e+07 finite=1 PASS
HB0DBG s=0 Jp=(-381.523,-392.421,-270.022,-5.537,12.6454,-21.4668) Jd=(423.454,374.878,412.583,9.56146,-17.6835,23.3565) r=2.01127
HB0DBG s=1 Jp=(874.394,1455.75,-798.791,-40.2731,8.91272,74.7446) Jd=(1679.37,2223.05,-116.185,-25.1746,-21.4162,119.568) r=0.245531
HB-0 epoch=63 samples=14373 oracle_valid=14373 dup=0 rhoH=0.0175176 rhoB=0.00140777 srcH=0.00115301 srcB=0.000477431 accH=0.0176186 accB=0.0014138 sym=0 sym_budget=2.57e+04 lamD=1.78016e+07 lamP=1.7799e+07 finite=1 PASS
HB0DBG s=0 Jp=(-133.423,864.479,952.826,-44.2561,-70.5954,60.1523) Jd=(-129.06,991.707,1167.17,-52.1664,-85.5791,67.7628) r=-2.17605
HB0DBG s=1 Jp=(-299.977,77.1499,-711.612,13.887,55.3835,17.2636) Jd=(-295.615,204.378,-497.266,5.97671,40.3998,24.874) r=-4.1503
HB-0 epoch=64 samples=15057 oracle_valid=15057 dup=0 rhoH=0.00821949 rhoB=0.000322475 srcH=0.00101215 srcB=0.000571706 accH=0.00826179 accB=0.000321088 sym=0 sym_budget=2.31e+04 lamD=1.64762e+07 lamP=1.64775e+07 finite=1 PASS
HB0DBG s=0 Jp=(-1203.6,1105.77,-1533.77,5.15263,129.164,120.522) Jd=(-1288.84,1305.85,-1444.39,-1.87644,123.91,136.159) r=-2.34314
HB0DBG s=1 Jp=(-347.679,506.608,-147.962,-10.0521,14.8061,46.1938) Jd=(-432.921,706.683,-58.5878,-17.0812,9.55192,61.8308) r=-2.93565
HB-0 epoch=65 samples=13421 oracle_valid=13421 dup=0 rhoH=0.0112746 rhoB=0.000485534 srcH=0.000964046 srcB=0.000448028 accH=0.0113431 accB=0.000488563 sym=0 sym_budget=1.84e+04 lamD=1.53624e+07 lamP=1.5362e+07 finite=1 PASS
HB0DBG s=0 Jp=(238.016,-26.9495,606.216,-10.6123,-45.7576,-10.8346) Jd=(158.549,95.1417,574.442,-13.0003,-42.6715,-0.34621) r=0.942294
HB0DBG s=1 Jp=(79.4672,-122.091,31.7738,2.38803,-3.08615,-10.4884) Jd=(-0,0,0,0,0,0) r=-0.539496
HB-0 epoch=66 samples=12840 oracle_valid=12840 dup=0 rhoH=0.00801145 rhoB=0.000991438 srcH=0.000677125 srcB=0.000462163 accH=0.00805929 accB=0.000994857 sym=0 sym_budget=3.23e+04 lamD=1.6045e+07 lamP=1.60435e+07 finite=1 PASS
HB0DBG s=0 Jp=(1130.91,-1943.7,-612.451,62.2956,31.6692,-170.701) Jd=(1028.2,-1882.31,-780.586,65.6586,45.2322,-162.032) r=0.581296
HB0DBG s=1 Jp=(399.556,-50.5608,1014.14,-26.0271,-79.5862,-21.7566) Jd=(296.847,10.8251,846.007,-22.6641,-66.0231,-13.0876) r=-0.309761
HB-0 epoch=67 samples=12734 oracle_valid=12734 dup=0 rhoH=0.02031 rhoB=0.000260086 srcH=0.00129655 srcB=0.000371747 accH=0.0204408 accB=0.000260635 sym=0 sym_budget=4.43e+04 lamD=2.33649e+07 lamP=2.33606e+07 finite=1 PASS
HB0DBG s=0 Jp=(-158.005,421.479,399.561,-20.8797,-27.6237,32.8923) Jd=(-289.453,500.581,184.117,-16.8904,-10.1535,43.9355) r=-0.568036
HB0DBG s=1 Jp=(669.718,-815.963,249.79,12.834,-26.4964,-81.0191) Jd=(538.269,-736.86,34.3462,16.8233,-9.02626,-69.976) r=-1.21281
HB-0 epoch=68 samples=12193 oracle_valid=12193 dup=0 rhoH=0.00643416 rhoB=0.000354337 srcH=0.000730838 srcB=0.000429117 accH=0.00647421 accB=0.00035644 sym=0 sym_budget=2.87e+04 lamD=2.02381e+07 lamP=2.02382e+07 finite=1 PASS
HB0DBG s=0 Jp=(-527.485,-8.30019,-1457.33,38.28,114.623,24.0044) Jd=(-649.073,3.82565,-1774.42,46.7525,139.598,30.587) r=0.0113794
HB0DBG s=1 Jp=(845.59,-603.79,1132.58,-15.8536,-94.3169,-76.6193) Jd=(724.002,-591.665,815.487,-7.38098,-69.3418,-70.0368) r=-0.420801
HB-0 epoch=69 samples=12019 oracle_valid=12019 dup=0 rhoH=0.0126952 rhoB=0.00163944 srcH=0.000940412 srcB=0.000417003 accH=0.0127834 accB=0.00164998 sym=0 sym_budget=4.1e+04 lamD=1.9223e+07 lamP=1.9222e+07 finite=1 PASS
HB0DBG s=0 Jp=(1067.27,1105.09,1040.32,27.2099,-52.0836,66.3152) Jd=(671,192.973,1556.34,53.5838,-59.8196,22.624) r=-1.98961
HB0DBG s=1 Jp=(-213.124,287.051,-1118.24,-41.4411,38.1791,4.27072) Jd=(-609.39,-625.062,-602.219,-15.0672,30.4431,-39.4205) r=-0.533053
HB-0 epoch=70 samples=11268 oracle_valid=11268 dup=0 rhoH=0.0163254 rhoB=0.000529367 srcH=0.0011403 srcB=0.000300607 accH=0.0164443 accB=0.000531868 sym=0 sym_budget=3.59e+04 lamD=1.33434e+07 lamP=1.33388e+07 finite=1 PASS
HB0DBG s=0 Jp=(-4462.13,-10145.3,6830.97,310.369,-111.736,-480.288) Jd=(-337.053,-378.534,-277.307,-5.90378,13.1078,-21.1046) r=-84.6079
HB0DBG s=1 Jp=(-5652.9,-10826.5,4495.9,238.888,-27.8792,-530.798) Jd=(-1527.82,-1059.81,-2612.37,-77.3845,96.9649,-71.6146) r=-81.9764
HB-0 epoch=71 samples=13356 oracle_valid=13356 dup=0 rhoH=0.0233858 rhoB=0.000531301 srcH=0.00103591 srcB=0.000358071 accH=0.0235271 accB=0.000533445 sym=0 sym_budget=3.91e+04 lamD=1.74969e+07 lamP=1.74962e+07 finite=1 PASS
HB0DBG s=0 Jp=(-3962.24,-10819.4,10951.5,445.48,-233.508,-489.527) Jd=(-781.585,-1365.12,464.82,30.2898,0.030392,-77.9557) r=-0.123586
HB0DBG s=1 Jp=(-2973.73,-7633.55,7152.06,273.342,-136.154,-328.933) Jd=(206.917,1820.77,-3334.59,-141.848,97.3836,82.6389) r=-0.371555
HB-0 epoch=72 samples=13365 oracle_valid=13365 dup=0 rhoH=0.0108504 rhoB=0.000978774 srcH=0.000660211 srcB=0.000852404 accH=0.0109149 accB=0.000984621 sym=0 sym_budget=3.06e+04 lamD=2.54648e+07 lamP=2.54605e+07 finite=1 PASS
HB0DBG s=0 Jp=(3356.24,-5643.17,-849.972,175.388,24.5409,-511.587) Jd=(4175.91,-7191.77,-1400.3,228.139,55.0167,-640.706) r=10.8622
HB0DBG s=1 Jp=(615.792,-3046.42,-3448.27,161.419,256.682,-221.443) Jd=(1435.46,-4595.03,-3998.6,214.169,287.157,-350.562) r=15.7183
HB-0 epoch=73 samples=14818 oracle_valid=14818 dup=0 rhoH=0.019365 rhoB=0.00127851 srcH=0.001031 srcB=0.000798981 accH=0.019472 accB=0.00128474 sym=0 sym_budget=4.26e+04 lamD=2.48651e+07 lamP=2.48635e+07 finite=1 PASS
HB0DBG s=0 Jp=(1022.9,1363.07,431.657,-0.0705692,-32.8749,80.6622) Jd=(820.741,1178.93,182.85,-5.48751,-22.0127,67.3865) r=0.582473
HB0DBG s=1 Jp=(2075.66,1512.35,3213.41,98.8597,-137.128,110.492) Jd=(1873.5,1328.22,2964.6,93.4427,-126.266,97.2163) r=-3.64452
HB-0 epoch=74 samples=14902 oracle_valid=14902 dup=0 rhoH=0.00805049 rhoB=0.000292807 srcH=0.00100519 srcB=0.000724377 accH=0.00809544 accB=0.000292135 sym=0 sym_budget=2.52e+04 lamD=1.53516e+07 lamP=1.53517e+07 finite=1 PASS
HB0DBG s=0 Jp=(1567.1,-3002.57,-1729.55,119.848,113,-262.26) Jd=(1494.18,-3040.13,-2015.84,128.823,135.625,-260.934) r=-3.46194
HB0DBG s=1 Jp=(-138.043,610.377,865.874,-38.754,-64.218,44.4284) Jd=(-210.97,572.815,579.584,-29.7793,-41.5931,45.7548) r=-2.94835
HB-0 epoch=75 samples=13886 oracle_valid=13886 dup=0 rhoH=0.0114642 rhoB=0.000534091 srcH=0.00142742 srcB=0.000620998 accH=0.011524 accB=0.000533567 sym=0 sym_budget=3.08e+04 lamD=1.73568e+07 lamP=1.73561e+07 finite=1 PASS
HB0DBG s=0 Jp=(177.536,566.496,1643.29,-59.0548,-127.822,26.1974) Jd=(-9.90584,747.451,1492.96,-59.183,-114.144,46.812) r=0.138957
HB0DBG s=1 Jp=(269.138,-166.694,405.779,-7.24516,-34.1931,-23.7813) Jd=(81.6958,14.2617,255.442,-7.37333,-20.5145,-3.16661) r=0.00224597
HB-0 epoch=76 samples=12809 oracle_valid=12809 dup=0 rhoH=0.0215869 rhoB=0.00201682 srcH=0.00131792 srcB=0.000797057 accH=0.0217273 accB=0.0020248 sym=0 sym_budget=4.13e+04 lamD=1.8392e+07 lamP=1.83925e+07 finite=1 PASS
HB0DBG s=0 Jp=(72.7378,-617.445,-797.266,31.1296,59.2264,-41.0077) Jd=(108.231,-536.779,-570.785,24.598,41.7745,-37.5805) r=-1.14883
HB0DBG s=1 Jp=(-147.116,308.098,102.698,-9.76737,-6.18322,25.259) Jd=(-111.623,388.764,329.179,-16.299,-23.635,28.6862) r=-0.253556
HB-0 epoch=77 samples=13411 oracle_valid=13411 dup=0 rhoH=0.0130944 rhoB=0.0012331 srcH=0.00135114 srcB=0.000452013 accH=0.0131717 accB=0.00123863 sym=0 sym_budget=4.43e+04 lamD=1.66994e+07 lamP=1.66983e+07 finite=1 PASS
HB0DBG s=0 Jp=(452.594,-1100.5,-572.546,39.4376,38.8039,-87.479) Jd=(423.827,-1045.98,-558.535,37.7352,38.0211,-82.839) r=0.839663
HB0DBG s=1 Jp=(723.858,-378.077,1291.31,-15.5043,-106.005,-54.3396) Jd=(695.091,-323.564,1305.32,-17.2067,-106.787,-49.6996) r=-0.0842444
HB-0 epoch=78 samples=12602 oracle_valid=12602 dup=0 rhoH=0.0109568 rhoB=0.000883475 srcH=0.000594372 srcB=0.00031122 accH=0.0110281 accB=0.00088916 sym=0 sym_budget=3.68e+04 lamD=1.42573e+07 lamP=1.42576e+07 finite=1 PASS
HB0DBG s=0 Jp=(-4918.4,-3852.06,-5188.39,-154.321,184.271,-243.278) Jd=(2650.67,4973.07,-4585.8,-193.002,62.4039,230.155) r=20.4488
HB0DBG s=1 Jp=(-6332.43,-8082.47,1208.59,96.0873,63.6594,-419.853) Jd=(1236.64,742.653,1811.17,57.4061,-58.2075,53.5801) r=26.6743
HB-0 epoch=79 samples=12445 oracle_valid=12445 dup=0 rhoH=0.0158906 rhoB=0.00148261 srcH=0.00083156 srcB=0.000203129 accH=0.0159923 accB=0.00149256 sym=0 sym_budget=3.07e+04 lamD=1.7129e+07 lamP=1.71292e+07 finite=1 PASS
HB0DBG s=0 Jp=(160.643,704.364,1589.29,-58.0714,-131.841,38.103) Jd=(285.516,636.305,1792.73,-60.8889,-149.075,27.7687) r=1.20739
HB0DBG s=1 Jp=(1135.73,-1953.08,-421.986,65.4634,19.1711,-180.661) Jd=(1260.61,-2021.14,-218.542,62.6459,1.93734,-190.995) r=-2.33301
HB-0 epoch=80 samples=14506 oracle_valid=14506 dup=0 rhoH=0.00737671 rhoB=0.00021901 srcH=0.000777919 srcB=0.000612737 accH=0.00741669 accB=0.000218828 sym=0 sym_budget=3.68e+04 lamD=1.93104e+07 lamP=1.93102e+07 finite=1 PASS
HB0DBG s=0 Jp=(9689.55,10007.9,1025.1,-30.1462,-129.924,423.558) Jd=(0,0,-0,-0,0,0) r=0.243051
HB0DBG s=1 Jp=(9689.55,10007.9,1025.1,-30.1462,-129.924,423.558) Jd=(0,0,-0,-0,0,0) r=0.243051
HB-0 epoch=81 samples=14333 oracle_valid=14333 dup=0 rhoH=0.00969953 rhoB=0.000600908 srcH=0.000727912 srcB=0.000771094 accH=0.00975386 accB=0.000599912 sym=0 sym_budget=3.79e+04 lamD=1.96933e+07 lamP=1.96916e+07 finite=1 PASS
HB0DBG s=0 Jp=(9666.26,10091.9,656.162,-40.1544,-123.953,425.382) Jd=(0,0,-0,-0,0,0) r=-21.2492
HB0DBG s=1 Jp=(9666.26,10091.9,656.162,-40.1544,-123.953,425.382) Jd=(0,0,-0,-0,0,0) r=-21.2492
HB-0 epoch=82 samples=14407 oracle_valid=14407 dup=0 rhoH=0.0223552 rhoB=0.00089183 srcH=0.000669772 srcB=0.000494005 accH=0.0224839 accB=0.000896441 sym=0 sym_budget=3.09e+04 lamD=1.73163e+07 lamP=1.73153e+07 finite=1 PASS
HB0DBG s=0 Jp=(-2509.3,2291.39,-11526.8,-432.574,351.069,30.3491) Jd=(0,0,-0,-0,0,0) r=-0.878628
HB0DBG s=1 Jp=(-2509.3,2291.39,-11526.8,-432.574,351.069,30.3491) Jd=(0,0,-0,-0,0,0) r=-0.878628
HB-0 epoch=83 samples=12950 oracle_valid=12950 dup=0 rhoH=0.0112087 rhoB=0.00038748 srcH=0.0010941 srcB=0.000337371 accH=0.0112807 accB=0.000389933 sym=0 sym_budget=3.22e+04 lamD=1.63205e+07 lamP=1.63197e+07 finite=1 PASS
HB0DBG s=0 Jp=(4798.15,5652.83,1348.38,0.752142,-122.21,334.032) Jd=(0,0,-0,-0,0,0) r=56.0211
HB0DBG s=1 Jp=(4798.15,5652.83,1348.38,0.752142,-122.21,334.032) Jd=(0,0,-0,-0,0,0) r=-1.97893
HB-0 epoch=84 samples=14637 oracle_valid=14637 dup=0 rhoH=0.0101898 rhoB=0.000368585 srcH=0.000860018 srcB=0.000398143 accH=0.010248 accB=0.000368416 sym=0 sym_budget=3.66e+04 lamD=3.03425e+07 lamP=3.03422e+07 finite=1 PASS
HB0DBG s=0 Jp=(4941.04,6283.55,-259.147,-63.4386,-81.7704,357.944) Jd=(0,0,-0,-0,0,0) r=-109.688
HB0DBG s=1 Jp=(4941.04,6283.55,-259.147,-63.4386,-81.7704,357.944) Jd=(0,0,-0,-0,0,0) r=-96.6884
HB-0 epoch=85 samples=14313 oracle_valid=14313 dup=0 rhoH=0.0148396 rhoB=0.000637374 srcH=0.000813703 srcB=0.000493866 accH=0.0149244 accB=0.000640421 sym=0 sym_budget=3.15e+04 lamD=2.11046e+07 lamP=2.11034e+07 finite=1 PASS
HB0DBG s=0 Jp=(3118.9,5772.32,-3448.34,-179.143,36.4429,294.626) Jd=(0,0,-0,-0,0,0) r=15.2906
HB0DBG s=1 Jp=(3118.9,5772.32,-3448.34,-179.143,36.4429,294.626) Jd=(0,0,-0,-0,0,0) r=16.2906
HB-0 epoch=86 samples=12577 oracle_valid=12577 dup=0 rhoH=0.0146826 rhoB=0.000827449 srcH=0.00119387 srcB=0.00114831 accH=0.014777 accB=0.000825311 sym=0 sym_budget=4.34e+04 lamD=1.72011e+07 lamP=1.72001e+07 finite=1 PASS
HB0DBG s=0 Jp=(6435.85,7816.97,627.627,-48.426,-131.84,462.347) Jd=(0,0,-0,-0,0,0) r=59.0732
HB0DBG s=1 Jp=(6435.85,7816.97,627.627,-48.426,-131.84,462.347) Jd=(0,0,-0,-0,0,0) r=1.07322
HB-0 epoch=87 samples=12821 oracle_valid=12821 dup=0 rhoH=0.0103404 rhoB=0.000435893 srcH=0.000670665 srcB=0.000338421 accH=0.0104063 accB=0.000438737 sym=0 sym_budget=4.04e+04 lamD=2.23465e+07 lamP=2.23462e+07 finite=1 PASS
HB0DBG s=0 Jp=(0,0,-0,-0,0,0) Jd=(0,0,-0,-0,0,0) r=79.4062
HB0DBG s=1 Jp=(0,0,-0,-0,0,0) Jd=(0,0,-0,-0,0,0) r=81.4062
HB-0 epoch=88 samples=13412 oracle_valid=13412 dup=0 rhoH=0.00923576 rhoB=0.000549599 srcH=0.000920864 srcB=0.000366932 accH=0.00929335 accB=0.000550731 sym=0 sym_budget=5.05e+04 lamD=3.18433e+07 lamP=3.18408e+07 finite=1 PASS
HB0DBG s=0 Jp=(0,0,-0,-0,0,0) Jd=(0,0,-0,-0,0,0) r=79.4062
HB0DBG s=1 Jp=(0,0,-0,-0,0,0) Jd=(0,0,-0,-0,0,0) r=81.4062
HB-0 epoch=89 samples=12155 oracle_valid=12155 dup=0 rhoH=0.0140479 rhoB=0.000475681 srcH=0.000830076 srcB=0.000659771 accH=0.014144 accB=0.00047693 sym=0 sym_budget=3.08e+04 lamD=2.07309e+07 lamP=2.07288e+07 finite=1 PASS
HB0DBG s=0 Jp=(0,0,-0,-0,0,0) Jd=(0,0,-0,-0,0,0) r=97.5469
HB0DBG s=1 Jp=(0,0,-0,-0,0,0) Jd=(0,0,-0,-0,0,0) r=99.5469
HB-0 epoch=90 samples=11537 oracle_valid=11537 dup=0 rhoH=0.00750376 rhoB=0.000706812 srcH=0.000760333 srcB=0.000432264 accH=0.00755802 accB=0.000711077 sym=0 sym_budget=2.64e+04 lamD=2.07174e+07 lamP=2.07168e+07 finite=1 PASS
HB0DBG s=0 Jp=(29292.9,35092.7,3836.98,-263.726,-537.17,2328.21) Jd=(36360.1,43356.3,5569.39,-291.196,-688.429,2875.92) r=-63.4686
HB0DBG s=1 Jp=(21875.4,23806.9,7857.64,38.5104,-550.169,1664.78) Jd=(28942.7,32070.6,9590.05,11.0406,-701.429,2212.48) r=-79.5134
HB-0 epoch=91 samples=12372 oracle_valid=12372 dup=0 rhoH=0.0135303 rhoB=0.000665097 srcH=0.00114587 srcB=0.000642481 accH=0.0136186 accB=0.000667463 sym=0 sym_budget=3.22e+04 lamD=4.3076e+07 lamP=4.30756e+07 finite=1 PASS
HB0DBG s=0 Jp=(-7751.68,-8801.58,-3111.95,-24.9208,172.031,-509.733) Jd=(2071.81,2490.5,225.543,-20.3956,-36.8264,165.106) r=-56.5171
HB0DBG s=1 Jp=(-9050.55,-10184.1,-3621.3,-29.7851,205.759,-606.744) Jd=(772.942,1107.99,-283.808,-25.2599,-3.09916,68.095) r=-52.4919
HB-0 epoch=92 samples=13553 oracle_valid=13553 dup=0 rhoH=0.0118461 rhoB=0.000475808 srcH=0.000943808 srcB=0.000787083 accH=0.0119193 accB=0.000475525 sym=0 sym_budget=3.96e+04 lamD=2.99434e+07 lamP=2.994e+07 finite=1 PASS
HB0DBG s=0 Jp=(401.163,1805.15,-3603.57,-151.072,71.5912,62.0078) Jd=(9507.92,11506.7,-3473.46,-234.754,-38.7539,631.492) r=-0.214524
HB0DBG s=1 Jp=(-2826.22,-4541.25,3582.05,174.352,-44.2376,-219.258) Jd=(6280.55,5160.29,3712.16,90.6702,-154.583,350.226) r=0.546679
HB-0 epoch=93 samples=14209 oracle_valid=14209 dup=0 rhoH=0.0273756 rhoB=0.000867751 srcH=0.00269002 srcB=0.000992681 accH=0.0275307 accB=0.000867016 sym=0 sym_budget=2.58e+04 lamD=1.64074e+08 lamP=1.6405e+08 finite=1 PASS
HB0DBG s=0 Jp=(893.42,422.068,1346.42,46.2216,-41.6336,40.1533) Jd=(970.919,716.557,825.191,23.934,-31.0798,51.4834) r=76.8986
HB0DBG s=1 Jp=(-893.292,76.2685,-2525.89,-94.1154,66.8157,-26.245) Jd=(-815.793,370.758,-3047.12,-116.403,77.3694,-14.9148) r=78.4701
HB-0 epoch=94 samples=13470 oracle_valid=13470 dup=0 rhoH=0.00965662 rhoB=0.000676564 srcH=0.000942382 srcB=0.00101314 accH=0.00970074 accB=0.000677299 sym=0 sym_budget=3.11e+04 lamD=1.64257e+07 lamP=1.64226e+07 finite=1 PASS
HB0DBG s=0 Jp=(0,0,-0,-0,0,0) Jd=(0,0,-0,-0,0,0) r=33.5
HB0DBG s=1 Jp=(0,0,-0,-0,0,0) Jd=(0,0,-0,-0,0,0) r=-24.5
HB-0 epoch=95 samples=15287 oracle_valid=15287 dup=0 rhoH=0.00777721 rhoB=8.89303e-05 srcH=0.000916179 srcB=0.000824504 accH=0.00781984 accB=8.48972e-05 sym=0 sym_budget=3.43e+04 lamD=1.95787e+07 lamP=1.95761e+07 finite=1 PASS
I0825 20:21:34.633144 56675 timer.h:40] >>> ===== Printing run time =====
I0825 20:21:34.633175 56675 timer.h:46] > [ DownSample ] average time usage: 0.198697 ms , called times: 743
I0825 20:21:34.633194 56675 timer.h:46] > [ Observe ] average time usage: 6.94364 ms , called times: 743
I0825 20:21:34.633201 56675 timer.h:46] > [ Undistort ] average time usage: 0.359654 ms , called times: 743
I0825 20:21:34.633208 56675 timer.h:46] > [ UpdateMap ] average time usage: 0.296127 ms , called times: 743

=== Offline accounting ===
bag_relevant_messages: 30254
lidar read/dispatched/skipped: 751/751/0
imu   read/dispatched/skipped: 28753/28753/0
other messages: 0
first/last bag time: 1609043643.366421 / 1609043718.364623
first/last sensor timestamp: 1609043643.364155 / 1609043718.364464
first/last estimator timestamp: 1609043643.393777 / 1609043718.315621
images read/dispatched/skipped: 750/750/0
first/last image timestamp: 1609043643.393777 / 1609043718.315621
camera buffer: size=0 peak=1 dropped=0
G-0 sidecar: accepted=235243 rejected=1264561 allocations=12761 evictions=0 active=12761 peak=12761 updates=168901
G-0 N histogram: 1:0 2:31923 3:21261 4:15787 5:12461 6:10301 7:8868 8:7773 9:6957 10:6368 11:5886 12:5494 13:5164 14:4905 15:4689 16:4478 17:4325 18:4203 19:4083 20:3975
G-1 q_flat distribution (percentiles of 0..1): P50=0.005 P90=0.005 P95=0.005 P99=0.005
G-1 parent(0.5m) q_flat distribution: P50=0.005 P90=0.005 P95=0.005 P99=0.005
G-1 child q_flat by N (P50/P90/P95): N5-7=0.025/0.095/0.125 N8-10=0.045/0.125/0.155 N11-19=0.055/0.135/0.165 N20=0.005/0.035/0.065
G-1 parent q_flat by N_parent (P50/P90/P95): N5-9=0.005/0.035/0.055 N10-19=0.015/0.045/0.065 N20-39=0.005/0.045/0.065 N40-79=0.005/0.045/0.075 N80+=0.005/0.075/0.095

G-1 q_line distribution: P50=0.005 P90=0.005 P95=0.005 P99=0.005
process invocations: 30255
sync epochs (heavy process): 750 / 750
remaining imu/lidar in buffer: 20/1
front_lidar_end_time: 1609043718.449356  last_imu_time: 1609043718.364464
unprocessed_reason: front lidar lacks IMU coverage beyond its end_time (no more messages)
sensor_duration_s: 75.000
wall_processing_s: 6.887
speed_factor: 10.890x
peak RSS during loop: 272336 KB
G-2 child maturity: cells=22404 first_visible->N5 median=16 P90=140; ->valid median=52 P90=154
G-2 parent maturity: parents=9497 first_visible->valid median=0 P90=86
G-2 mature_while_visible: child=10094/22404 parent_valid_while_visible=7314/9497
G-2 parent sync events: E0=7314 E3=0 E1(>1deg)=25641 >2=19336 >3=15903 >5=12247
G-3 (n=134545) normal angle vs HKNN (deg, P50/P90/P95): child=26.60/74.00/82.40 parent=12.30/52.20/69.40
G-3 residual diff vs HKNN (m, P50/P90/P95): child=0.2960/1.0660/1.4130 parent=0.2480/0.9420/1.2870
G-3 child d_n/d_t (m, P50/P90/P95): dn=0.2300/0.9150/1.2280 dt=0.9700/1.7850/1.9850
S-0 camera-epoch: epochs=750 images_consumed=743 stale_image_drop=7 empty_slice=0
S-0 camera-epoch: lidar_points_emitted=2713924 future_points_retained=1847166 last_epoch=1609043718.316
S-0 camera-epoch dt (epoch_ts - lidar_end, ms): n=750 median=100.0 P90=100.0 P95=100.0 P99=101.0
V-0C frontend: entered=95 frame_null=0
V-0C coverage: frames=95 cells_total=43605 cells_with_candidates=95 occupied_existing=15800 filled_new=2387
V-0C visible_existing/frame P10/P50/P90: 118/174/206
V-0C new_created/frame P10/P50/P90: 14/21/37
V-0C accepted/frame P10/P50/P90: 144/195/226
V-2 photometric: frames=95 accepted_landmarks=240 total_samples=1131295 meanSSE_per_sample=259.51
V-2 6DOF FD gate: double_math_fail=0 trials_attempted=18035 structurally_complete=18035 all6_smooth=16473 with_nonsmooth=1562 distinct_epochs=95 distinct_landmarks=2383
V-2 BUNDLE rx: smooth=17566 nonsmooth_support=0 nonsmooth_cell=469
V-2 BUNDLE ry: smooth=17251 nonsmooth_support=0 nonsmooth_cell=784
V-2 BUNDLE rz: smooth=17098 nonsmooth_support=0 nonsmooth_cell=937
V-2 BUNDLE tx: smooth=17985 nonsmooth_support=0 nonsmooth_cell=50
V-2 BUNDLE ty: smooth=17949 nonsmooth_support=0 nonsmooth_cell=86
V-2 BUNDLE tz: smooth=17965 nonsmooth_support=0 nonsmooth_cell=70
V-2 FLOAT FD rx: strong_n=1068875 strong_max_rel=3435.03 max_abs=815.047 weak_n=3459
V-2 DOUBLE FD rx: strong_n=1097910 strong_max_rel=0.00168379 strong_med_rel=1.18533e-08 weak_n=3716 weak_max_abs=0.000427498 nonsmooth=0 worst_rel=0.00168379
V-2 FLOAT FD ry: strong_n=1019784 strong_max_rel=9537.08 max_abs=926.329 weak_n=3386
V-2 DOUBLE FD ry: strong_n=1078306 strong_max_rel=0.000726379 strong_med_rel=8.00333e-09 weak_n=3586 weak_max_abs=0.000580977 nonsmooth=0 worst_rel=0.000726379
V-2 FLOAT FD rz: strong_n=48229 strong_max_rel=2155.98 max_abs=513.227 weak_n=0
V-2 DOUBLE FD rz: strong_n=1068548 strong_max_rel=0.000860055 strong_med_rel=3.71293e-09 weak_n=3520 weak_max_abs=0.000710037 nonsmooth=0 worst_rel=0.000860055
V-2 FLOAT FD tx: strong_n=1121637 strong_max_rel=262.675 max_abs=753.942 weak_n=3820
V-2 DOUBLE FD tx: strong_n=1124310 strong_max_rel=0.000112803 strong_med_rel=5.12356e-10 weak_n=3831 weak_max_abs=0.0013684 nonsmooth=0 worst_rel=0.000112803
V-2 FLOAT FD ty: strong_n=1119021 strong_max_rel=1394.56 max_abs=783.107 weak_n=3779
V-2 DOUBLE FD ty: strong_n=1122127 strong_max_rel=0.00033708 strong_med_rel=7.38933e-10 weak_n=3794 weak_max_abs=1.90601e-05 nonsmooth=0 worst_rel=0.00033708
V-2 FLOAT FD tz: strong_n=1119093 strong_max_rel=546.774 max_abs=3300.91 weak_n=3783
V-2 DOUBLE FD tz: strong_n=1123091 strong_max_rel=0.000164115 strong_med_rel=4.18682e-10 weak_n=3791 weak_max_abs=2.04574e-05 nonsmooth=0 worst_rel=0.000164115
V-0 VisualMap: parents=2262 landmarks=2387 slots_used=5103 created=2387 frames=95 attempts=18187
V-1 lifecycle: geo_syncs=0 obs_adds=8094 obs_drops=2991 ref_switches=1784
V-0 sizeof(VisualObservation)=128 sizeof(VisualLandmark)=496
V-0 visual map bytes ~= 1.84 MB (slots=5103 x 128 B + landmarks 2387 x 496 B)
V-2 GATE-M rx: strong_n=1097910 weak_n=3716 med_rel=5.55114e-09 max_abs=0.000427498 max_kappa=159554
V-2 GATE-RC rx: regular_n=1097486 conditioned_n=424 regular_fail=0 conditioned_fail=0
  regular_max_dc_rel=0.000390786 cond_max_raw_rel=3.21816e-07 cond_max_mean_rel=6.66681e-08 cond_max_closure_abs=4.54747e-13 cond_max_prop_excess=0 cond_max_source_rel=1.6819e-07
V-2 AUDIT-P rx: raw_max_abs=0 mean_max_abs=0 dc_max_abs=0 dc_med_abs=0
V-2 GATE-M ry: strong_n=1078306 weak_n=3586 med_rel=4.81316e-09 max_abs=0.000580977 max_kappa=266005
V-2 GATE-RC ry: regular_n=1077896 conditioned_n=410 regular_fail=0 conditioned_fail=0
  regular_max_dc_rel=0.000192481 cond_max_raw_rel=5.42555e-07 cond_max_mean_rel=1.3982e-07 cond_max_closure_abs=3.5534e-09 cond_max_prop_excess=0 cond_max_source_rel=2.76025e-07
V-2 AUDIT-P ry: raw_max_abs=0 mean_max_abs=0 dc_max_abs=0 dc_med_abs=0
V-2 GATE-M rz: strong_n=1068548 weak_n=3520 med_rel=6.946e-09 max_abs=0.000710037 max_kappa=529534
V-2 GATE-RC rz: regular_n=1068189 conditioned_n=359 regular_fail=0 conditioned_fail=0
  regular_max_dc_rel=0.00015079 cond_max_raw_rel=3.60305e-07 cond_max_mean_rel=6.74807e-08 cond_max_closure_abs=9.09495e-13 cond_max_prop_excess=0 cond_max_source_rel=1.92389e-07
V-2 AUDIT-P rz: raw_max_abs=0 mean_max_abs=0 dc_max_abs=0 dc_med_abs=0
V-2 GATE-M tx: strong_n=1124310 weak_n=3831 med_rel=1.73716e-09 max_abs=0.0013684 max_kappa=120682
V-2 GATE-RC tx: regular_n=1123949 conditioned_n=361 regular_fail=0 conditioned_fail=0
  regular_max_dc_rel=4.9568e-05 cond_max_raw_rel=5.11239e-08 cond_max_mean_rel=2.56695e-08 cond_max_closure_abs=7.10543e-09 cond_max_prop_excess=0 cond_max_source_rel=2.6195e-08
V-2 AUDIT-P tx: raw_max_abs=0 mean_max_abs=0 dc_max_abs=0 dc_med_abs=0
V-2 GATE-M ty: strong_n=1122127 weak_n=3794 med_rel=7.88688e-10 max_abs=1.90601e-05 max_kappa=483404
V-2 GATE-RC ty: regular_n=1121753 conditioned_n=374 regular_fail=0 conditioned_fail=0
  regular_max_dc_rel=3.09616e-05 cond_max_raw_rel=3.12954e-08 cond_max_mean_rel=9.38702e-09 cond_max_closure_abs=3.55271e-09 cond_max_prop_excess=0 cond_max_source_rel=1.9893e-08
V-2 AUDIT-P ty: raw_max_abs=0 mean_max_abs=0 dc_max_abs=0 dc_med_abs=0
V-2 GATE-M tz: strong_n=1123091 weak_n=3791 med_rel=6.84235e-10 max_abs=2.04574e-05 max_kappa=41835.8
V-2 GATE-RC tz: regular_n=1122733 conditioned_n=358 regular_fail=0 conditioned_fail=0
  regular_max_dc_rel=3.3091e-05 cond_max_raw_rel=6.56455e-08 cond_max_mean_rel=1.07847e-08 cond_max_closure_abs=0 cond_max_prop_excess=0 cond_max_source_rel=3.28556e-08
V-2 AUDIT-P tz: raw_max_abs=0 mean_max_abs=0 dc_max_abs=0 dc_med_abs=0
V-2 H/B audit: worst_h_rel=0 worst_b_rel=0
HB-0 summary: epochs_audited=95 epochs_fail=0 total_samples=1131295 duplicates=0 distinct_landmarks=2383
HB-0 worst: rhoH=0.0595414 rhoB=0.00306293 srcH=0.00450991 srcB=0.00166913 accH=0.0599404 accB=0.00308909
=== End offline accounting ===
