WARNING: Logging before InitGoogleLogging() is written to STDERR
I0830 18:38:15.412094 76838 ROSWrapper.cpp:14] [32m ---> [Param] map/save_map: false[0m
I0830 18:38:15.419445 76838 ROSWrapper.cpp:206] [32m ---> Using Lidar type: UNKNOWN[0m
I0830 18:38:15.421973 76838 super_lio.cpp:86] [32m ---> [SuperLIO]: initialized.[0m
I0830 18:38:15.599880 76838 super_lio.cpp:94] [32m ---> [SuperLIO]: KF init done[0m
I0830 18:38:15.607465 76838 super_lio.cpp:103] [32m ---> [SuperLIO]: Map init done[0m
I0830 18:38:31.651387 76838 timer.h:40] >>> ===== Printing run time =====
I0830 18:38:31.651418 76838 timer.h:46] > [ DownSample ] average time usage: 0.198487 ms , called times: 3981
I0830 18:38:31.651438 76838 timer.h:46] > [ Observe ] average time usage: 1.58571 ms , called times: 3981
I0830 18:38:31.651451 76838 timer.h:46] > [ Undistort ] average time usage: 0.307203 ms , called times: 3981
I0830 18:38:31.651464 76838 timer.h:46] > [ UpdateMap ] average time usage: 0.415264 ms , called times: 3981
[offline_node] bag=/home/lc/super_livo/bag/NTU/eee_01/eee_01.bag start_offset=-1.000 duration=-1.000
[offline_node] wrapper subscribers connected
[OfflineReader] view 1609059013.115s..1609059411.798s lidar=3987 imu=153347 other=0 wall=15.989s sensor=398.683s speed=24.936x

=== Offline accounting ===
bag_relevant_messages: 157334
lidar read: 3987   imu read: 153347   other: 0
first/last bag time: 1609059013.114720 / 1609059411.797588
first/last sensor time: 1609059013.114590 / 1609059411.797436
sensor_duration_s: 398.683
wall_processing_s: 15.989
speed_factor: 24.936x
trajectory: /home/lc/super_livo/src/Super-LIO/results/prob_lio/run_20260830_183810/trajectory.tum
