[rosmaster.main][INFO] 2026-08-31 03:16:30,781: initialization complete, waiting for shutdown
[rosmaster.main][INFO] 2026-08-31 03:16:30,782: Starting ROS Master Node
[xmlrpc][INFO] 2026-08-31 03:16:30,783: XML-RPC server binding to 0.0.0.0:11462
[xmlrpc][INFO] 2026-08-31 03:16:30,784: Started XML-RPC server [http://robot:11462/]
[xmlrpc][INFO] 2026-08-31 03:16:30,784: xml rpc node: starting XML-RPC server
[rosmaster.master][INFO] 2026-08-31 03:16:30,784: Master initialized: port[11462], uri[http://robot:11462/]
[rosmaster.master][INFO] 2026-08-31 03:16:34,011: +PARAM [/lio/map/save_map] by /rosparam-321923
[rosmaster.master][INFO] 2026-08-31 03:16:34,013: +PARAM [/lio/map/if_filter] by /rosparam-321923
[rosmaster.master][INFO] 2026-08-31 03:16:34,014: +PARAM [/lio/map/save_map_dir] by /rosparam-321923
[rosmaster.master][INFO] 2026-08-31 03:16:34,015: +PARAM [/lio/map/map_name] by /rosparam-321923
[rosmaster.master][INFO] 2026-08-31 03:16:34,017: +PARAM [/lio/map/ds_size] by /rosparam-321923
[rosmaster.master][INFO] 2026-08-31 03:16:34,018: +PARAM [/lio/map/save_interval] by /rosparam-321923
[rosmaster.master][INFO] 2026-08-31 03:16:34,019: +PARAM [/lio/ros/lidar_topic] by /rosparam-321923
[rosmaster.master][INFO] 2026-08-31 03:16:34,020: +PARAM [/lio/ros/imu_topic] by /rosparam-321923
[rosmaster.master][INFO] 2026-08-31 03:16:34,021: +PARAM [/lio/sensor/lidar_type] by /rosparam-321923
[rosmaster.master][INFO] 2026-08-31 03:16:34,022: +PARAM [/lio/sensor/blind] by /rosparam-321923
[rosmaster.master][INFO] 2026-08-31 03:16:34,023: +PARAM [/lio/sensor/maxrange] by /rosparam-321923
[rosmaster.master][INFO] 2026-08-31 03:16:34,024: +PARAM [/lio/sensor/filter_rate] by /rosparam-321923
[rosmaster.master][INFO] 2026-08-31 03:16:34,026: +PARAM [/lio/sensor/enable_downsample] by /rosparam-321923
[rosmaster.master][INFO] 2026-08-31 03:16:34,027: +PARAM [/lio/sensor/voxel_fliter_size] by /rosparam-321923
[rosmaster.master][INFO] 2026-08-31 03:16:34,028: +PARAM [/lio/sensor/gravity_norm] by /rosparam-321923
[rosmaster.master][INFO] 2026-08-31 03:16:34,029: +PARAM [/lio/sensor/imu_type] by /rosparam-321923
[rosmaster.master][INFO] 2026-08-31 03:16:34,030: +PARAM [/lio/sensor/imu_na] by /rosparam-321923
[rosmaster.master][INFO] 2026-08-31 03:16:34,032: +PARAM [/lio/sensor/imu_ng] by /rosparam-321923
[rosmaster.master][INFO] 2026-08-31 03:16:34,033: +PARAM [/lio/sensor/imu_nba] by /rosparam-321923
[rosmaster.master][INFO] 2026-08-31 03:16:34,034: +PARAM [/lio/sensor/imu_nbg] by /rosparam-321923
[rosmaster.master][INFO] 2026-08-31 03:16:34,035: +PARAM [/lio/extrinsic/lidar_imu] by /rosparam-321923
[rosmaster.master][INFO] 2026-08-31 03:16:34,036: +PARAM [/lio/extrinsic/odom_robo] by /rosparam-321923
[rosmaster.master][INFO] 2026-08-31 03:16:34,038: +PARAM [/lio/hash_map/hash_capacity] by /rosparam-321923
[rosmaster.master][INFO] 2026-08-31 03:16:34,039: +PARAM [/lio/hash_map/vox_resolution] by /rosparam-321923
[rosmaster.master][INFO] 2026-08-31 03:16:34,040: +PARAM [/lio/kf/kf_type] by /rosparam-321923
[rosmaster.master][INFO] 2026-08-31 03:16:34,041: +PARAM [/lio/kf/kf_max_iterations] by /rosparam-321923
[rosmaster.master][INFO] 2026-08-31 03:16:34,042: +PARAM [/lio/kf/kf_align_gravity] by /rosparam-321923
[rosmaster.master][INFO] 2026-08-31 03:16:34,042: +PARAM [/lio/kf/kf_quit_eps] by /rosparam-321923
[rosmaster.master][INFO] 2026-08-31 03:16:34,043: +PARAM [/lio/output/robot] by /rosparam-321923
[rosmaster.master][INFO] 2026-08-31 03:16:34,044: +PARAM [/lio/output/plan_env_world] by /rosparam-321923
[rosmaster.master][INFO] 2026-08-31 03:16:34,045: +PARAM [/lio/output/plan_env_body] by /rosparam-321923
[rosmaster.master][INFO] 2026-08-31 03:16:34,046: +PARAM [/lio/output/ml_map] by /rosparam-321923
[rosmaster.master][INFO] 2026-08-31 03:16:34,046: +PARAM [/lio/output/planner] by /rosparam-321923
[rosmaster.master][INFO] 2026-08-31 03:16:34,047: +PARAM [/lio/output/map] by /rosparam-321923
[rosmaster.master][INFO] 2026-08-31 03:16:34,048: +PARAM [/lio/output/dense] by /rosparam-321923
[rosmaster.master][INFO] 2026-08-31 03:16:34,048: +PARAM [/lio/output/pub_step] by /rosparam-321923
[rosmaster.master][INFO] 2026-08-31 03:16:34,050: +PARAM [/lio/eva/timer] by /rosparam-321923
[rosmaster.master][INFO] 2026-08-31 03:16:34,130: +PARAM [/lio/offline/bag] by /rosparam-321962
[rosmaster.master][INFO] 2026-08-31 03:16:34,207: +PARAM [/lio/prob_lio/cov_enable] by /rosparam-321965
[rosmaster.master][INFO] 2026-08-31 03:16:34,279: +PARAM [/lio/prob_lio/cov_validation_mode] by /rosparam-321970
[rosmaster.master][INFO] 2026-08-31 03:16:34,352: +PARAM [/lio/prob_lio/map_pose_cov_model] by /rosparam-321975
[rosmaster.master][INFO] 2026-08-31 03:16:34,423: +PARAM [/lio/prob_lio/map_cov_storage_precision] by /rosparam-321980
[rosmaster.master][INFO] 2026-08-31 03:16:34,494: +PARAM [/lio/prob_lio/qr_plane_cov_enable] by /rosparam-321985
[rosmaster.master][INFO] 2026-08-31 03:16:34,577: +PARAM [/lio/prob_lio/p2p_weight_mode] by /rosparam-321990
[rosmaster.master][INFO] 2026-08-31 03:16:34,653: +PARAM [/lio/prob_lio/association_mode] by /rosparam-321995
[rosmaster.master][INFO] 2026-08-31 03:16:34,732: +PARAM [/lio/prob_lio/prob_assoc_shadow_enable] by /rosparam-322000
[rosmaster.master][INFO] 2026-08-31 03:16:34,811: +PARAM [/lio/prob_lio/association_pose_cov_model] by /rosparam-322005
[rosmaster.master][INFO] 2026-08-31 03:16:34,892: +PARAM [/lio/prob_lio/association_sensor_cov_model] by /rosparam-322010
[rosmaster.master][INFO] 2026-08-31 03:16:34,972: +PARAM [/lio/offline/out_dir] by /rosparam-322015
[rosmaster.master][INFO] 2026-08-31 03:16:35,431: +PUB [/rosout] /lio_offline http://robot:33213/
[rosmaster.master][INFO] 2026-08-31 03:16:35,432: +SERVICE [/lio_offline/get_loggers] /lio_offline http://robot:33213/
[rosmaster.master][INFO] 2026-08-31 03:16:35,432: +SERVICE [/lio_offline/set_logger_level] /lio_offline http://robot:33213/
[rosmaster.master][INFO] 2026-08-31 03:16:35,445: +PUB [/tf] /lio_offline http://robot:33213/
[rosmaster.master][INFO] 2026-08-31 03:16:35,447: +SUB [/livox/lidar] /lio_offline http://robot:33213/
[rosmaster.master][INFO] 2026-08-31 03:16:35,448: +SUB [/vn100/imu] /lio_offline http://robot:33213/
[rosmaster.master][INFO] 2026-08-31 03:16:35,448: +PUB [/lio/odom] /lio_offline http://robot:33213/
[rosmaster.master][INFO] 2026-08-31 03:16:35,448: +PUB [/lio/path] /lio_offline http://robot:33213/
[rosmaster.master][INFO] 2026-08-31 03:16:35,449: +PUB [/lio/path_robot] /lio_offline http://robot:33213/
[rosmaster.master][INFO] 2026-08-31 03:16:35,453: +PUB [/livox/lidar] /lio_offline http://robot:33213/
[rosmaster.master][INFO] 2026-08-31 03:16:35,453: +PUB [/vn100/imu] /lio_offline http://robot:33213/
[rosmaster.master][INFO] 2026-08-31 03:16:35,455: +SUB [/lio/odom] /lio_offline http://robot:33213/
[rosmaster.master][INFO] 2026-08-31 03:16:35,490: publisherUpdate[/livox/lidar] -> http://robot:33213/ ['http://robot:33213/']
[rosmaster.master][INFO] 2026-08-31 03:16:35,494: publisherUpdate[/livox/lidar] -> http://robot:33213/ ['http://robot:33213/']: sec=0.00, result=[1, '', 0]
[rosmaster.master][INFO] 2026-08-31 03:16:35,494: publisherUpdate[/vn100/imu] -> http://robot:33213/ ['http://robot:33213/']
[rosmaster.master][INFO] 2026-08-31 03:16:35,495: publisherUpdate[/vn100/imu] -> http://robot:33213/ ['http://robot:33213/']: sec=0.00, result=[1, '', 0]
[rosmaster.master][INFO] 2026-08-31 03:16:35,542: +PUB [/lio/imu/odom] /lio_offline http://robot:33213/
[rosmaster.master][INFO] 2026-08-31 03:16:35,542: +PUB [/lio/robo/odom] /lio_offline http://robot:33213/
[rosmaster.master][INFO] 2026-08-31 03:16:35,556: +PUB [/lio/cloud_world] /lio_offline http://robot:33213/
[rosmaster.master][INFO] 2026-08-31 03:17:18,780: -PUB [/rosout] /lio_offline http://robot:33213/
[rosmaster.master][INFO] 2026-08-31 03:17:18,781: -PUB [/tf] /lio_offline http://robot:33213/
[rosmaster.master][INFO] 2026-08-31 03:17:18,781: -PUB [/lio/odom] /lio_offline http://robot:33213/
[rosmaster.master][INFO] 2026-08-31 03:17:18,782: -PUB [/lio/path] /lio_offline http://robot:33213/
[rosmaster.master][INFO] 2026-08-31 03:17:18,782: -PUB [/lio/path_robot] /lio_offline http://robot:33213/
[rosmaster.master][INFO] 2026-08-31 03:17:18,782: -PUB [/livox/lidar] /lio_offline http://robot:33213/
[rosmaster.master][INFO] 2026-08-31 03:17:18,783: -PUB [/vn100/imu] /lio_offline http://robot:33213/
[rosmaster.master][INFO] 2026-08-31 03:17:18,783: publisherUpdate[/lio/odom] -> http://robot:33213/ []
[rosmaster.master][INFO] 2026-08-31 03:17:18,783: -PUB [/lio/imu/odom] /lio_offline http://robot:33213/
[rosmaster.master][INFO] 2026-08-31 03:17:18,784: -PUB [/lio/robo/odom] /lio_offline http://robot:33213/
[rosmaster.master][INFO] 2026-08-31 03:17:18,784: -PUB [/lio/cloud_world] /lio_offline http://robot:33213/
[rosmaster.master][INFO] 2026-08-31 03:17:18,784: -SUB [/livox/lidar] /lio_offline http://robot:33213/
[rosmaster.master][INFO] 2026-08-31 03:17:18,785: -SUB [/vn100/imu] /lio_offline http://robot:33213/
[rosmaster.master][INFO] 2026-08-31 03:17:18,785: -SUB [/lio/odom] /lio_offline http://robot:33213/
[rosmaster.master][INFO] 2026-08-31 03:17:18,785: -SERVICE [/lio_offline/get_loggers] /lio_offline rosrpc://robot:39091
[rosmaster.master][INFO] 2026-08-31 03:17:18,786: -SERVICE [/lio_offline/set_logger_level] /lio_offline rosrpc://robot:39091
[rosmaster.master][INFO] 2026-08-31 03:17:18,790: publisherUpdate[/lio/odom] -> http://robot:33213/ []: sec=0.01, exception=[Errno 111] Connection refused
[rosmaster.threadpool][ERROR] 2026-08-31 03:17:18,791: Traceback (most recent call last):
  File "/opt/ros/noetic/lib/python3/dist-packages/rosmaster/threadpool.py", line 218, in run
    result = cmd(*args)
  File "/opt/ros/noetic/lib/python3/dist-packages/rosmaster/master_api.py", line 210, in publisher_update_task
    ret = xmlrpcapi(api).publisherUpdate('/master', topic, pub_uris)
  File "/usr/lib/python3.8/xmlrpc/client.py", line 1109, in __call__
    return self.__send(self.__name, args)
  File "/usr/lib/python3.8/xmlrpc/client.py", line 1450, in __request
    response = self.__transport.request(
  File "/usr/lib/python3.8/xmlrpc/client.py", line 1153, in request
    return self.single_request(host, handler, request_body, verbose)
  File "/usr/lib/python3.8/xmlrpc/client.py", line 1165, in single_request
    http_conn = self.send_request(host, handler, request_body, verbose)
  File "/usr/lib/python3.8/xmlrpc/client.py", line 1278, in send_request
    self.send_content(connection, request_body)
  File "/usr/lib/python3.8/xmlrpc/client.py", line 1308, in send_content
    connection.endheaders(request_body)
  File "/usr/lib/python3.8/http/client.py", line 1251, in endheaders
    self._send_output(message_body, encode_chunked=encode_chunked)
  File "/usr/lib/python3.8/http/client.py", line 1011, in _send_output
    self.send(msg)
  File "/usr/lib/python3.8/http/client.py", line 951, in send
    self.connect()
  File "/usr/lib/python3.8/http/client.py", line 922, in connect
    self.sock = self._create_connection(
  File "/usr/lib/python3.8/socket.py", line 808, in create_connection
    raise err
  File "/usr/lib/python3.8/socket.py", line 796, in create_connection
    sock.connect(sa)
ConnectionRefusedError: [Errno 111] Connection refused

[rosmaster.master][INFO] 2026-08-31 03:17:18,792: publisherUpdate[/livox/lidar] -> http://robot:33213/ []
[rosmaster.master][INFO] 2026-08-31 03:17:18,792: publisherUpdate[/livox/lidar] -> http://robot:33213/ []: sec=0.00, exception=[Errno 111] Connection refused
[rosmaster.threadpool][ERROR] 2026-08-31 03:17:18,792: Traceback (most recent call last):
  File "/opt/ros/noetic/lib/python3/dist-packages/rosmaster/threadpool.py", line 218, in run
    result = cmd(*args)
  File "/opt/ros/noetic/lib/python3/dist-packages/rosmaster/master_api.py", line 210, in publisher_update_task
    ret = xmlrpcapi(api).publisherUpdate('/master', topic, pub_uris)
  File "/usr/lib/python3.8/xmlrpc/client.py", line 1109, in __call__
    return self.__send(self.__name, args)
  File "/usr/lib/python3.8/xmlrpc/client.py", line 1450, in __request
    response = self.__transport.request(
  File "/usr/lib/python3.8/xmlrpc/client.py", line 1153, in request
    return self.single_request(host, handler, request_body, verbose)
  File "/usr/lib/python3.8/xmlrpc/client.py", line 1165, in single_request
    http_conn = self.send_request(host, handler, request_body, verbose)
  File "/usr/lib/python3.8/xmlrpc/client.py", line 1278, in send_request
    self.send_content(connection, request_body)
  File "/usr/lib/python3.8/xmlrpc/client.py", line 1308, in send_content
    connection.endheaders(request_body)
  File "/usr/lib/python3.8/http/client.py", line 1251, in endheaders
    self._send_output(message_body, encode_chunked=encode_chunked)
  File "/usr/lib/python3.8/http/client.py", line 1011, in _send_output
    self.send(msg)
  File "/usr/lib/python3.8/http/client.py", line 951, in send
    self.connect()
  File "/usr/lib/python3.8/http/client.py", line 922, in connect
    self.sock = self._create_connection(
  File "/usr/lib/python3.8/socket.py", line 808, in create_connection
    raise err
  File "/usr/lib/python3.8/socket.py", line 796, in create_connection
    sock.connect(sa)
ConnectionRefusedError: [Errno 111] Connection refused

[rosmaster.master][INFO] 2026-08-31 03:17:18,792: publisherUpdate[/vn100/imu] -> http://robot:33213/ []
[rosmaster.master][INFO] 2026-08-31 03:17:18,792: publisherUpdate[/vn100/imu] -> http://robot:33213/ []: sec=0.00, exception=[Errno 111] Connection refused
[rosmaster.threadpool][ERROR] 2026-08-31 03:17:18,792: Traceback (most recent call last):
  File "/opt/ros/noetic/lib/python3/dist-packages/rosmaster/threadpool.py", line 218, in run
    result = cmd(*args)
  File "/opt/ros/noetic/lib/python3/dist-packages/rosmaster/master_api.py", line 210, in publisher_update_task
    ret = xmlrpcapi(api).publisherUpdate('/master', topic, pub_uris)
  File "/usr/lib/python3.8/xmlrpc/client.py", line 1109, in __call__
    return self.__send(self.__name, args)
  File "/usr/lib/python3.8/xmlrpc/client.py", line 1450, in __request
    response = self.__transport.request(
  File "/usr/lib/python3.8/xmlrpc/client.py", line 1153, in request
    return self.single_request(host, handler, request_body, verbose)
  File "/usr/lib/python3.8/xmlrpc/client.py", line 1165, in single_request
    http_conn = self.send_request(host, handler, request_body, verbose)
  File "/usr/lib/python3.8/xmlrpc/client.py", line 1278, in send_request
    self.send_content(connection, request_body)
  File "/usr/lib/python3.8/xmlrpc/client.py", line 1308, in send_content
    connection.endheaders(request_body)
  File "/usr/lib/python3.8/http/client.py", line 1251, in endheaders
    self._send_output(message_body, encode_chunked=encode_chunked)
  File "/usr/lib/python3.8/http/client.py", line 1011, in _send_output
    self.send(msg)
  File "/usr/lib/python3.8/http/client.py", line 951, in send
    self.connect()
  File "/usr/lib/python3.8/http/client.py", line 922, in connect
    self.sock = self._create_connection(
  File "/usr/lib/python3.8/socket.py", line 808, in create_connection
    raise err
  File "/usr/lib/python3.8/socket.py", line 796, in create_connection
    sock.connect(sa)
ConnectionRefusedError: [Errno 111] Connection refused

