WARNING: Logging before InitGoogleLogging() is written to STDERR
I0831 03:27:00.175091 326545 ROSWrapper.cpp:14] [32m ---> [Param] map/save_map: false[0m
I0831 03:27:00.183581 326545 ROSWrapper.cpp:310] [32m ---> Using Lidar type: UNKNOWN[0m
I0831 03:27:00.189070 326545 super_lio.cpp:91] [32m ---> [SuperLIO]: initialized.[0m
I0831 03:27:00.453750 326545 super_lio.cpp:99] [32m ---> [SuperLIO]: KF init done[0m
I0831 03:27:00.463891 326545 super_lio.cpp:108] [32m ---> [SuperLIO]: Map init done[0m
I0831 03:27:54.912478 326545 timer.h:40] >>> ===== Printing run time =====
I0831 03:27:54.912520 326545 timer.h:46] > [ DownSample ] average time usage: 0.457901 ms , called times: 3943
I0831 03:27:54.912550 326545 timer.h:46] > [ Observe ] average time usage: 8.55775 ms , called times: 3943
I0831 03:27:54.912570 326545 timer.h:46] > [ Undistort ] average time usage: 0.664795 ms , called times: 3943
I0831 03:27:54.912586 326545 timer.h:46] > [ UpdateMap ] average time usage: 1.03522 ms , called times: 3943
I0831 03:27:54.912597 326545 super_lio.cpp:1159] [32m ---> [Prob-LIO P3] QR plane cov shadow: attempted: 26315063, valid: 26315063, rank_invalid: 0, nonfinite: 0[0m
I0831 03:27:54.912608 326545 super_lio.cpp:1220] [32m ---> [Prob-LIO P5] association attempted: 33835337, legacy_accept(shadow): 33811930, prob_accept: 33437551, prob_reject: 397786, invalid_nonfinite: 0, invalid_negative: 0[0m
I0831 03:27:54.912618 326545 super_lio.cpp:1241] [32m ---> [Prob-LIO P4] weights attempted: 33437551, valid: 33437551, invalid_nonfinite: 0, invalid_negative: 0; valid w: count=33437551 min=9.99771e-08 max=998.991 mean=734.053 near_ceiling(>999)=0 bins=91610/114378/226960/580466/32424137; plane var min=8.01689e-08 max=1.00023e+07 mean=14.6093; point var min=1.25581e-07 max=0.00040018 mean=0.000233244[0m
I0831 03:27:54.912634 326545 super_lio.cpp:1260] [32m ---> [Prob-LIO] pipeline ON (pose model livo2_compat, storage double): cov frames: 3943, points: 10704896, invalid: 0; map cov init inserts: 13953, update inserts: 10704896, hknn cov returns: 155033822, invalid: 0[0m
[offline_node] bag=/home/lc/super_livo/src/Super-LIO/../../bag/NTU/nya_01/nya_01.bag start_offset=-1.000 duration=-1.000
[offline_node] wrapper subscribers connected
[OfflineReader] view 1609043643.366s..1609044038.272s lidar=3950 imu=153239 other=0 wall=54.323s sensor=394.906s speed=7.270x

=== Offline accounting ===
bag_relevant_messages: 157189
lidar read: 3950   imu read: 153239   other: 0
first/last bag time: 1609043643.366421 / 1609044038.272233
first/last sensor time: 1609043643.365510 / 1609044038.271950
sensor_duration_s: 394.906
wall_processing_s: 54.323
speed_factor: 7.270x
trajectory: /home/lc/super_livo/src/Super-LIO/results/prob_lio/p11_ntu_nya01_p5_both_corr/trajectory.tum
