WARNING: Logging before InitGoogleLogging() is written to STDERR
I0831 01:19:29.472393 292351 ROSWrapper.cpp:14] [32m ---> [Param] map/save_map: false[0m
I0831 01:19:29.485397 292351 ROSWrapper.cpp:302] [32m ---> Using Lidar type: UNKNOWN[0m
I0831 01:19:29.491809 292351 super_lio.cpp:89] [32m ---> [SuperLIO]: initialized.[0m
I0831 01:19:29.718907 292351 super_lio.cpp:97] [32m ---> [SuperLIO]: KF init done[0m
I0831 01:19:29.729204 292351 super_lio.cpp:106] [32m ---> [SuperLIO]: Map init done[0m
I0831 01:20:23.332034 292351 timer.h:40] >>> ===== Printing run time =====
I0831 01:20:23.332075 292351 timer.h:46] > [ DownSample ] average time usage: 0.381836 ms , called times: 3981
I0831 01:20:23.332103 292351 timer.h:46] > [ Observe ] average time usage: 8.77088 ms , called times: 3981
I0831 01:20:23.332122 292351 timer.h:46] > [ Undistort ] average time usage: 0.588118 ms , called times: 3981
I0831 01:20:23.332139 292351 timer.h:46] > [ UpdateMap ] average time usage: 1.33706 ms , called times: 3981
I0831 01:20:23.332149 292351 super_lio.cpp:1150] [32m ---> [Prob-LIO P3] QR plane cov shadow: attempted: 31334113, valid: 31334113, rank_invalid: 0, nonfinite: 0[0m
I0831 01:20:23.534935 292351 super_lio.cpp:1203] [32m ---> [Prob-LIO P5] shadow frame summaries: 14939 frames -> assoc_shadow_frames.csv[0m
I0831 01:20:23.534993 292351 super_lio.cpp:1232] [32m ---> [Prob-LIO P4] weights attempted: 40829587, valid: 40829587, invalid_nonfinite: 0, invalid_negative: 0; valid w: count=40829587 min=4.18459e-11 max=999.594 mean=741.272 near_ceiling(>999)=244 bins=101452/115634/241811/627932/39742758; plane var min=8.77417e-08 max=2.38972e+10 mean=653.922; point var min=1.48074e-07 max=0.000670626 mean=0.000241396[0m
I0831 01:20:23.535006 292351 super_lio.cpp:1251] [32m ---> [Prob-LIO] pipeline ON (pose model livo2_compat, storage double): cov frames: 3981, points: 13787631, invalid: 0; map cov init inserts: 13881, update inserts: 13787631, hknn cov returns: 198749293, invalid: 0[0m
[offline_node] bag=/home/lc/super_livo/bag/NTU/eee_01/eee_01.bag start_offset=-1.000 duration=-1.000
[offline_node] wrapper subscribers connected
[OfflineReader] view 1609059013.115s..1609059411.798s lidar=3987 imu=153347 other=0 wall=53.530s sensor=398.683s speed=7.448x

=== Offline accounting ===
bag_relevant_messages: 157334
lidar read: 3987   imu read: 153347   other: 0
first/last bag time: 1609059013.114720 / 1609059411.797588
first/last sensor time: 1609059013.114590 / 1609059411.797436
sensor_duration_s: 398.683
wall_processing_s: 53.530
speed_factor: 7.448x
trajectory: /home/lc/super_livo/src/Super-LIO/results/prob_lio/run_20260831_011924/trajectory.tum
