WARNING: Logging before InitGoogleLogging() is written to STDERR
I0831 01:07:07.903474 279318 ROSWrapper.cpp:14] [32m ---> [Param] map/save_map: false[0m
I0831 01:07:07.913648 279318 ROSWrapper.cpp:302] [32m ---> Using Lidar type: UNKNOWN[0m
I0831 01:07:07.919317 279318 super_lio.cpp:89] [32m ---> [SuperLIO]: initialized.[0m
I0831 01:07:08.131970 279318 super_lio.cpp:97] [32m ---> [SuperLIO]: KF init done[0m
I0831 01:07:08.142530 279318 super_lio.cpp:106] [32m ---> [SuperLIO]: Map init done[0m
[P9DBG] lambda obs_iter=1 nc=0 knn=2433
[P9DBG] lambda obs_iter=2 nc=0 knn=1334
[P9DBG] lambda obs_iter=1 nc=0 knn=2410
[P9DBG] lambda obs_iter=2 nc=0 knn=1442
[P9DBG] lambda obs_iter=1 nc=0 knn=2410
[P9DBG] lambda obs_iter=2 nc=0 knn=1488
[P9DBG] lambda obs_iter=3 nc=0 knn=1474
[P9DBG] lambda obs_iter=1 nc=0 knn=2410
[P9DBG] lambda obs_iter=2 nc=0 knn=1551
[P9DBG] lambda obs_iter=1 nc=0 knn=2418
[P9DBG] lambda obs_iter=2 nc=0 knn=1592
[P9DBG] lambda obs_iter=3 nc=0 knn=1589
[P9DBG] lambda obs_iter=1 nc=0 knn=2398
[P9DBG] lambda obs_iter=2 nc=0 knn=1604
[P9DBG] lambda obs_iter=3 nc=0 knn=1591
[P9DBG] lambda obs_iter=1 nc=0 knn=2421
[P9DBG] lambda obs_iter=2 nc=0 knn=1660
[P9DBG] lambda obs_iter=1 nc=0 knn=2431
[P9DBG] lambda obs_iter=2 nc=0 knn=1689
[P9DBG] lambda obs_iter=1 nc=0 knn=2429
[P9DBG] lambda obs_iter=2 nc=0 knn=1712
[P9DBG] lambda obs_iter=1 nc=0 knn=2419
[P9DBG] lambda obs_iter=2 nc=0 knn=1717
[P9DBG] lambda obs_iter=1 nc=0 knn=2423
[P9DBG] lambda obs_iter=2 nc=0 knn=1723
[P9DBG] lambda obs_iter=1 nc=0 knn=2415
[P9DBG] lambda obs_iter=2 nc=0 knn=1730
[P9DBG] lambda obs_iter=1 nc=0 knn=2422
[P9DBG] lambda obs_iter=2 nc=0 knn=1749
[P9DBG] lambda obs_iter=3 nc=0 knn=1746
I0831 01:07:10.011837 279318 timer.h:40] >>> ===== Printing run time =====
I0831 01:07:10.011870 279318 timer.h:46] > [ DownSample ] average time usage: 0.263919 ms , called times: 194
I0831 01:07:10.011895 279318 timer.h:46] > [ Observe ] average time usage: 4.62165 ms , called times: 194
I0831 01:07:10.011909 279318 timer.h:46] > [ Undistort ] average time usage: 0.501419 ms , called times: 194
I0831 01:07:10.011920 279318 timer.h:46] > [ UpdateMap ] average time usage: 0.608996 ms , called times: 194
I0831 01:07:10.011931 279318 super_lio.cpp:1154] [32m ---> [Prob-LIO P3] QR plane cov shadow: attempted: 863126, valid: 863126, rank_invalid: 0, nonfinite: 0[0m
I0831 01:07:10.019971 279318 super_lio.cpp:1207] [32m ---> [Prob-LIO P5] shadow frame summaries: 447 frames -> assoc_shadow_frames.csv[0m
I0831 01:07:10.020021 279318 super_lio.cpp:1236] [32m ---> [Prob-LIO P4] weights attempted: 873260, valid: 873260, invalid_nonfinite: 0, invalid_negative: 0; valid w: count=873260 min=4.18459e-11 max=998.633 mean=251.324 near_ceiling(>999)=0 bins=42267/45522/91684/211832/481955; plane var min=2.83059e-07 max=2.38972e+10 mean=30241.2; point var min=2.27995e-07 max=0.000649019 mean=5.93982e-05[0m
I0831 01:07:10.020042 279318 super_lio.cpp:1255] [32m ---> [Prob-LIO] pipeline ON (pose model livo2_compat, storage double): cov frames: 194, points: 468789, invalid: 0; map cov init inserts: 13881, update inserts: 468789, hknn cov returns: 4240007, invalid: 0[0m
[offline_node] bag=/home/lc/super_livo/bag/NTU/eee_01/eee_01.bag start_offset=-1.000 duration=20.000
[offline_node] wrapper subscribers connected
[OfflineReader] view 1609059013.115s..1609059411.798s lidar=200 imu=7707 other=0 wall=1.818s sensor=19.995s speed=11.000x

=== Offline accounting ===
bag_relevant_messages: 7907
lidar read: 200   imu read: 7707   other: 0
first/last bag time: 1609059013.114720 / 1609059033.109991
first/last sensor time: 1609059013.114590 / 1609059033.109502
sensor_duration_s: 19.995
wall_processing_s: 1.818
speed_factor: 11.000x
trajectory: /home/lc/super_livo/src/Super-LIO/results/prob_lio/run_20260831_010702/trajectory.tum
