WARNING: Logging before InitGoogleLogging() is written to STDERR
I0830 21:21:32.673926 142781 ROSWrapper.cpp:14] [32m ---> [Param] map/save_map: false[0m
I0830 21:21:32.687429 142781 ROSWrapper.cpp:269] [32m ---> Using Lidar type: UNKNOWN[0m
I0830 21:21:32.691519 142781 super_lio.cpp:85] [32m ---> [SuperLIO]: initialized.[0m
I0830 21:21:32.881439 142781 super_lio.cpp:93] [32m ---> [SuperLIO]: KF init done[0m
I0830 21:21:32.893273 142781 super_lio.cpp:102] [32m ---> [SuperLIO]: Map init done[0m
I0830 21:22:07.422122 142781 timer.h:40] >>> ===== Printing run time =====
I0830 21:22:07.422154 142781 timer.h:46] > [ DownSample ] average time usage: 0.217057 ms , called times: 3981
I0830 21:22:07.422178 142781 timer.h:46] > [ Observe ] average time usage: 3.95197 ms , called times: 3981
I0830 21:22:07.422191 142781 timer.h:46] > [ Undistort ] average time usage: 0.293211 ms , called times: 3981
I0830 21:22:07.422204 142781 timer.h:46] > [ UpdateMap ] average time usage: 2.82659 ms , called times: 3981
I0830 21:22:07.422211 142781 super_lio.cpp:797] [32m ---> [Prob-LIO P3] QR plane cov shadow: attempted: 30998017, valid: 30998017, rank_invalid: 0, nonfinite: 0[0m
I0830 21:22:07.422219 142781 super_lio.cpp:831] [32m ---> [Prob-LIO] pipeline ON (pose model livo2_compat, storage double): cov frames: 3981, points: 13787537, invalid: 0; map cov init inserts: 13881, update inserts: 13787537, hknn cov returns: 198829172, invalid: 0[0m
[offline_node] bag=/home/lc/super_livo/bag/NTU/eee_01/eee_01.bag start_offset=-1.000 duration=-1.000
[offline_node] wrapper subscribers connected
[OfflineReader] view 1609059013.115s..1609059411.798s lidar=3987 imu=153347 other=0 wall=34.479s sensor=398.683s speed=11.563x

=== Offline accounting ===
bag_relevant_messages: 157334
lidar read: 3987   imu read: 153347   other: 0
first/last bag time: 1609059013.114720 / 1609059411.797588
first/last sensor time: 1609059013.114590 / 1609059411.797436
sensor_duration_s: 398.683
wall_processing_s: 34.479
speed_factor: 11.563x
trajectory: /home/lc/super_livo/src/Super-LIO/results/prob_lio/run_20260830_212127/trajectory.tum
