WARNING: Logging before InitGoogleLogging() is written to STDERR
I0830 23:26:06.169958 205831 ROSWrapper.cpp:14] [32m ---> [Param] map/save_map: false[0m
I0830 23:26:06.185503 205831 ROSWrapper.cpp:301] [32m ---> Using Lidar type: UNKNOWN[0m
I0830 23:26:06.191685 205831 super_lio.cpp:89] [32m ---> [SuperLIO]: initialized.[0m
I0830 23:26:06.419957 205831 super_lio.cpp:97] [32m ---> [SuperLIO]: KF init done[0m
I0830 23:26:06.433846 205831 super_lio.cpp:106] [32m ---> [SuperLIO]: Map init done[0m
I0830 23:26:53.423782 205831 timer.h:40] >>> ===== Printing run time =====
I0830 23:26:53.423817 205831 timer.h:46] > [ DownSample ] average time usage: 0.33763 ms , called times: 3981
I0830 23:26:53.423843 205831 timer.h:46] > [ Observe ] average time usage: 7.66568 ms , called times: 3981
I0830 23:26:53.423858 205831 timer.h:46] > [ Undistort ] average time usage: 0.483272 ms , called times: 3981
I0830 23:26:53.423872 205831 timer.h:46] > [ UpdateMap ] average time usage: 1.18016 ms , called times: 3981
I0830 23:26:53.423882 205831 super_lio.cpp:1122] [32m ---> [Prob-LIO P3] QR plane cov shadow: attempted: 31334113, valid: 31334113, rank_invalid: 0, nonfinite: 0[0m
I0830 23:26:53.594861 205831 super_lio.cpp:1172] [32m ---> [Prob-LIO P5] shadow frame summaries: 14939 frames -> assoc_shadow_frames.csv[0m
I0830 23:26:53.603811 205831 super_lio.cpp:1201] [32m ---> [Prob-LIO P4] weights attempted: 40829587, valid: 40829587, invalid_nonfinite: 0, invalid_negative: 0; valid w: count=40829587 min=4.18459e-11 max=999.594 mean=741.272 near_ceiling(>999)=244 bins=101452/115634/241811/627932/39742758; plane var min=8.77417e-08 max=2.38972e+10 mean=653.922; point var min=1.48074e-07 max=0.000670626 mean=0.000241396[0m
I0830 23:26:53.603838 205831 super_lio.cpp:1220] [32m ---> [Prob-LIO] pipeline ON (pose model livo2_compat, storage double): cov frames: 3981, points: 13787631, invalid: 0; map cov init inserts: 13881, update inserts: 13787631, hknn cov returns: 198749293, invalid: 0[0m
[offline_node] bag=/home/lc/super_livo/bag/NTU/eee_01/eee_01.bag start_offset=-1.000 duration=-1.000
[offline_node] wrapper subscribers connected
[OfflineReader] view 1609059013.115s..1609059411.798s lidar=3987 imu=153347 other=0 wall=46.934s sensor=398.683s speed=8.495x

=== Offline accounting ===
bag_relevant_messages: 157334
lidar read: 3987   imu read: 153347   other: 0
first/last bag time: 1609059013.114720 / 1609059411.797588
first/last sensor time: 1609059013.114590 / 1609059411.797436
sensor_duration_s: 398.683
wall_processing_s: 46.934
speed_factor: 8.495x
trajectory: /home/lc/super_livo/src/Super-LIO/results/prob_lio/run_20260830_232600/trajectory.tum
