WARNING: Logging before InitGoogleLogging() is written to STDERR
I0830 21:13:45.104244 135810 ROSWrapper.cpp:14] [32m ---> [Param] map/save_map: false[0m
I0830 21:13:45.112254 135810 ROSWrapper.cpp:249] [32m ---> Using Lidar type: UNKNOWN[0m
I0830 21:13:45.115041 135810 super_lio.cpp:84] [32m ---> [SuperLIO]: initialized.[0m
I0830 21:13:45.322504 135810 super_lio.cpp:92] [32m ---> [SuperLIO]: KF init done[0m
I0830 21:13:45.336510 135810 super_lio.cpp:101] [32m ---> [SuperLIO]: Map init done[0m
I0830 21:14:21.147661 135810 timer.h:40] >>> ===== Printing run time =====
I0830 21:14:21.147692 135810 timer.h:46] > [ DownSample ] average time usage: 0.222578 ms , called times: 3981
I0830 21:14:21.147714 135810 timer.h:46] > [ Observe ] average time usage: 3.95764 ms , called times: 3981
I0830 21:14:21.147730 135810 timer.h:46] > [ Undistort ] average time usage: 0.30682 ms , called times: 3981
I0830 21:14:21.147742 135810 timer.h:46] > [ UpdateMap ] average time usage: 3.0708 ms , called times: 3981
I0830 21:14:21.147750 135810 super_lio.cpp:692] [32m ---> [Prob-LIO P3] QR plane cov shadow: attempted: 30998017, valid: 30998017, rank_invalid: 0, nonfinite: 0[0m
I0830 21:14:21.147758 135810 super_lio.cpp:701] [32m ---> [Prob-LIO] pipeline ON (pose model livo2_compat, storage double): cov frames: 3981, points: 13787537, invalid: 0; map cov init inserts: 13881, update inserts: 13787537, hknn cov returns: 198829172, invalid: 0[0m
[offline_node] bag=/home/lc/super_livo/bag/NTU/eee_01/eee_01.bag start_offset=-1.000 duration=-1.000
[offline_node] wrapper subscribers connected
[OfflineReader] view 1609059013.115s..1609059411.798s lidar=3987 imu=153347 other=0 wall=35.766s sensor=398.683s speed=11.147x

=== Offline accounting ===
bag_relevant_messages: 157334
lidar read: 3987   imu read: 153347   other: 0
first/last bag time: 1609059013.114720 / 1609059411.797588
first/last sensor time: 1609059013.114590 / 1609059411.797436
sensor_duration_s: 398.683
wall_processing_s: 35.766
speed_factor: 11.147x
trajectory: /home/lc/super_livo/src/Super-LIO/results/prob_lio/run_20260830_211339/trajectory.tum
