[rosmaster.main][INFO] 2026-08-31 03:23:35,676: initialization complete, waiting for shutdown
[rosmaster.main][INFO] 2026-08-31 03:23:35,676: Starting ROS Master Node
[xmlrpc][INFO] 2026-08-31 03:23:35,678: XML-RPC server binding to 0.0.0.0:11458
[xmlrpc][INFO] 2026-08-31 03:23:35,679: Started XML-RPC server [http://robot:11458/]
[xmlrpc][INFO] 2026-08-31 03:23:35,679: xml rpc node: starting XML-RPC server
[rosmaster.master][INFO] 2026-08-31 03:23:35,679: Master initialized: port[11458], uri[http://robot:11458/]
[rosmaster.master][INFO] 2026-08-31 03:23:39,002: +PARAM [/lio/map/save_map] by /rosparam-325131
[rosmaster.master][INFO] 2026-08-31 03:23:39,004: +PARAM [/lio/map/if_filter] by /rosparam-325131
[rosmaster.master][INFO] 2026-08-31 03:23:39,006: +PARAM [/lio/map/save_map_dir] by /rosparam-325131
[rosmaster.master][INFO] 2026-08-31 03:23:39,007: +PARAM [/lio/map/map_name] by /rosparam-325131
[rosmaster.master][INFO] 2026-08-31 03:23:39,008: +PARAM [/lio/map/ds_size] by /rosparam-325131
[rosmaster.master][INFO] 2026-08-31 03:23:39,009: +PARAM [/lio/map/save_interval] by /rosparam-325131
[rosmaster.master][INFO] 2026-08-31 03:23:39,010: +PARAM [/lio/ros/lidar_topic] by /rosparam-325131
[rosmaster.master][INFO] 2026-08-31 03:23:39,011: +PARAM [/lio/ros/imu_topic] by /rosparam-325131
[rosmaster.master][INFO] 2026-08-31 03:23:39,012: +PARAM [/lio/sensor/lidar_type] by /rosparam-325131
[rosmaster.master][INFO] 2026-08-31 03:23:39,013: +PARAM [/lio/sensor/blind] by /rosparam-325131
[rosmaster.master][INFO] 2026-08-31 03:23:39,014: +PARAM [/lio/sensor/maxrange] by /rosparam-325131
[rosmaster.master][INFO] 2026-08-31 03:23:39,015: +PARAM [/lio/sensor/filter_rate] by /rosparam-325131
[rosmaster.master][INFO] 2026-08-31 03:23:39,016: +PARAM [/lio/sensor/enable_downsample] by /rosparam-325131
[rosmaster.master][INFO] 2026-08-31 03:23:39,017: +PARAM [/lio/sensor/voxel_fliter_size] by /rosparam-325131
[rosmaster.master][INFO] 2026-08-31 03:23:39,018: +PARAM [/lio/sensor/gravity_norm] by /rosparam-325131
[rosmaster.master][INFO] 2026-08-31 03:23:39,019: +PARAM [/lio/sensor/imu_type] by /rosparam-325131
[rosmaster.master][INFO] 2026-08-31 03:23:39,020: +PARAM [/lio/sensor/imu_na] by /rosparam-325131
[rosmaster.master][INFO] 2026-08-31 03:23:39,021: +PARAM [/lio/sensor/imu_ng] by /rosparam-325131
[rosmaster.master][INFO] 2026-08-31 03:23:39,022: +PARAM [/lio/sensor/imu_nba] by /rosparam-325131
[rosmaster.master][INFO] 2026-08-31 03:23:39,023: +PARAM [/lio/sensor/imu_nbg] by /rosparam-325131
[rosmaster.master][INFO] 2026-08-31 03:23:39,024: +PARAM [/lio/sensor/dept_err] by /rosparam-325131
[rosmaster.master][INFO] 2026-08-31 03:23:39,024: +PARAM [/lio/sensor/beam_err] by /rosparam-325131
[rosmaster.master][INFO] 2026-08-31 03:23:39,025: +PARAM [/lio/prob_lio/cov_enable] by /rosparam-325131
[rosmaster.master][INFO] 2026-08-31 03:23:39,026: +PARAM [/lio/prob_lio/map_pose_cov_model] by /rosparam-325131
[rosmaster.master][INFO] 2026-08-31 03:23:39,027: +PARAM [/lio/prob_lio/map_cov_storage_precision] by /rosparam-325131
[rosmaster.master][INFO] 2026-08-31 03:23:39,028: +PARAM [/lio/prob_lio/qr_plane_cov_enable] by /rosparam-325131
[rosmaster.master][INFO] 2026-08-31 03:23:39,029: +PARAM [/lio/prob_lio/p2p_weight_mode] by /rosparam-325131
[rosmaster.master][INFO] 2026-08-31 03:23:39,030: +PARAM [/lio/prob_lio/cov_validation_mode] by /rosparam-325131
[rosmaster.master][INFO] 2026-08-31 03:23:39,031: +PARAM [/lio/prob_lio/association_mode] by /rosparam-325131
[rosmaster.master][INFO] 2026-08-31 03:23:39,032: +PARAM [/lio/prob_lio/assoc_sigma_num] by /rosparam-325131
[rosmaster.master][INFO] 2026-08-31 03:23:39,033: +PARAM [/lio/prob_lio/prob_assoc_shadow_enable] by /rosparam-325131
[rosmaster.master][INFO] 2026-08-31 03:23:39,034: +PARAM [/lio/prob_lio/association_pose_cov_model] by /rosparam-325131
[rosmaster.master][INFO] 2026-08-31 03:23:39,035: +PARAM [/lio/prob_lio/association_sensor_cov_model] by /rosparam-325131
[rosmaster.master][INFO] 2026-08-31 03:23:39,036: +PARAM [/lio/extrinsic/lidar_imu] by /rosparam-325131
[rosmaster.master][INFO] 2026-08-31 03:23:39,037: +PARAM [/lio/extrinsic/odom_robo] by /rosparam-325131
[rosmaster.master][INFO] 2026-08-31 03:23:39,038: +PARAM [/lio/hash_map/hash_capacity] by /rosparam-325131
[rosmaster.master][INFO] 2026-08-31 03:23:39,039: +PARAM [/lio/hash_map/vox_resolution] by /rosparam-325131
[rosmaster.master][INFO] 2026-08-31 03:23:39,041: +PARAM [/lio/kf/kf_type] by /rosparam-325131
[rosmaster.master][INFO] 2026-08-31 03:23:39,042: +PARAM [/lio/kf/kf_max_iterations] by /rosparam-325131
[rosmaster.master][INFO] 2026-08-31 03:23:39,043: +PARAM [/lio/kf/kf_align_gravity] by /rosparam-325131
[rosmaster.master][INFO] 2026-08-31 03:23:39,044: +PARAM [/lio/kf/kf_quit_eps] by /rosparam-325131
[rosmaster.master][INFO] 2026-08-31 03:23:39,045: +PARAM [/lio/output/robot] by /rosparam-325131
[rosmaster.master][INFO] 2026-08-31 03:23:39,046: +PARAM [/lio/output/plan_env_world] by /rosparam-325131
[rosmaster.master][INFO] 2026-08-31 03:23:39,047: +PARAM [/lio/output/plan_env_body] by /rosparam-325131
[rosmaster.master][INFO] 2026-08-31 03:23:39,048: +PARAM [/lio/output/planner] by /rosparam-325131
[rosmaster.master][INFO] 2026-08-31 03:23:39,049: +PARAM [/lio/output/map] by /rosparam-325131
[rosmaster.master][INFO] 2026-08-31 03:23:39,050: +PARAM [/lio/output/dense] by /rosparam-325131
[rosmaster.master][INFO] 2026-08-31 03:23:39,051: +PARAM [/lio/output/pub_step] by /rosparam-325131
[rosmaster.master][INFO] 2026-08-31 03:23:39,052: +PARAM [/lio/eva/timer] by /rosparam-325131
[rosmaster.master][INFO] 2026-08-31 03:23:39,137: +PARAM [/lio/offline/bag] by /rosparam-325182
[rosmaster.master][INFO] 2026-08-31 03:23:39,213: +PARAM [/lio/prob_lio/cov_enable] by /rosparam-325185
[rosmaster.master][INFO] 2026-08-31 03:23:39,295: +PARAM [/lio/prob_lio/cov_validation_mode] by /rosparam-325190
[rosmaster.master][INFO] 2026-08-31 03:23:39,372: +PARAM [/lio/prob_lio/map_pose_cov_model] by /rosparam-325195
[rosmaster.master][INFO] 2026-08-31 03:23:39,453: +PARAM [/lio/prob_lio/map_cov_storage_precision] by /rosparam-325200
[rosmaster.master][INFO] 2026-08-31 03:23:39,532: +PARAM [/lio/prob_lio/qr_plane_cov_enable] by /rosparam-325205
[rosmaster.master][INFO] 2026-08-31 03:23:39,610: +PARAM [/lio/prob_lio/p2p_weight_mode] by /rosparam-325210
[rosmaster.master][INFO] 2026-08-31 03:23:39,691: +PARAM [/lio/prob_lio/association_mode] by /rosparam-325215
[rosmaster.master][INFO] 2026-08-31 03:23:39,777: +PARAM [/lio/prob_lio/prob_assoc_shadow_enable] by /rosparam-325220
[rosmaster.master][INFO] 2026-08-31 03:23:39,847: +PARAM [/lio/prob_lio/association_pose_cov_model] by /rosparam-325225
[rosmaster.master][INFO] 2026-08-31 03:23:39,928: +PARAM [/lio/prob_lio/association_sensor_cov_model] by /rosparam-325230
[rosmaster.master][INFO] 2026-08-31 03:23:40,002: +PARAM [/lio/offline/out_dir] by /rosparam-325235
[rosmaster.master][INFO] 2026-08-31 03:23:40,366: +PUB [/rosout] /lio_offline http://robot:40187/
[rosmaster.master][INFO] 2026-08-31 03:23:40,367: +SERVICE [/lio_offline/get_loggers] /lio_offline http://robot:40187/
[rosmaster.master][INFO] 2026-08-31 03:23:40,367: +SERVICE [/lio_offline/set_logger_level] /lio_offline http://robot:40187/
[rosmaster.master][INFO] 2026-08-31 03:23:40,380: +PUB [/tf] /lio_offline http://robot:40187/
[rosmaster.master][INFO] 2026-08-31 03:23:40,381: +SUB [/os1_cloud_node1/points] /lio_offline http://robot:40187/
[rosmaster.master][INFO] 2026-08-31 03:23:40,382: +SUB [/imu/imu] /lio_offline http://robot:40187/
[rosmaster.master][INFO] 2026-08-31 03:23:40,383: +PUB [/lio/odom] /lio_offline http://robot:40187/
[rosmaster.master][INFO] 2026-08-31 03:23:40,383: +PUB [/lio/path] /lio_offline http://robot:40187/
[rosmaster.master][INFO] 2026-08-31 03:23:40,383: +PUB [/lio/path_robot] /lio_offline http://robot:40187/
[rosmaster.master][INFO] 2026-08-31 03:23:40,387: +PUB [/os1_cloud_node1/points] /lio_offline http://robot:40187/
[rosmaster.master][INFO] 2026-08-31 03:23:40,387: +PUB [/imu/imu] /lio_offline http://robot:40187/
[rosmaster.master][INFO] 2026-08-31 03:23:40,388: +SUB [/lio/odom] /lio_offline http://robot:40187/
[rosmaster.master][INFO] 2026-08-31 03:23:40,484: publisherUpdate[/os1_cloud_node1/points] -> http://robot:40187/ ['http://robot:40187/']
[rosmaster.master][INFO] 2026-08-31 03:23:40,486: publisherUpdate[/os1_cloud_node1/points] -> http://robot:40187/ ['http://robot:40187/']: sec=0.00, result=[1, '', 0]
[rosmaster.master][INFO] 2026-08-31 03:23:40,486: publisherUpdate[/imu/imu] -> http://robot:40187/ ['http://robot:40187/']
[rosmaster.master][INFO] 2026-08-31 03:23:40,487: publisherUpdate[/imu/imu] -> http://robot:40187/ ['http://robot:40187/']: sec=0.00, result=[1, '', 0]
[rosmaster.master][INFO] 2026-08-31 03:23:40,667: +PUB [/lio/imu/odom] /lio_offline http://robot:40187/
[rosmaster.master][INFO] 2026-08-31 03:23:40,667: +PUB [/lio/robo/odom] /lio_offline http://robot:40187/
[rosmaster.master][INFO] 2026-08-31 03:23:40,685: +PUB [/lio/cloud_world] /lio_offline http://robot:40187/
[rosmaster.master][INFO] 2026-08-31 03:24:35,187: -PUB [/rosout] /lio_offline http://robot:40187/
[rosmaster.master][INFO] 2026-08-31 03:24:35,188: -PUB [/tf] /lio_offline http://robot:40187/
[rosmaster.master][INFO] 2026-08-31 03:24:35,188: -PUB [/lio/odom] /lio_offline http://robot:40187/
[rosmaster.master][INFO] 2026-08-31 03:24:35,188: -PUB [/lio/path] /lio_offline http://robot:40187/
[rosmaster.master][INFO] 2026-08-31 03:24:35,188: -PUB [/lio/path_robot] /lio_offline http://robot:40187/
[rosmaster.master][INFO] 2026-08-31 03:24:35,189: -PUB [/os1_cloud_node1/points] /lio_offline http://robot:40187/
[rosmaster.master][INFO] 2026-08-31 03:24:35,189: -PUB [/imu/imu] /lio_offline http://robot:40187/
[rosmaster.master][INFO] 2026-08-31 03:24:35,189: -PUB [/lio/imu/odom] /lio_offline http://robot:40187/
[rosmaster.master][INFO] 2026-08-31 03:24:35,189: -PUB [/lio/robo/odom] /lio_offline http://robot:40187/
[rosmaster.master][INFO] 2026-08-31 03:24:35,189: -PUB [/lio/cloud_world] /lio_offline http://robot:40187/
[rosmaster.master][INFO] 2026-08-31 03:24:35,190: -SUB [/os1_cloud_node1/points] /lio_offline http://robot:40187/
[rosmaster.master][INFO] 2026-08-31 03:24:35,190: -SUB [/imu/imu] /lio_offline http://robot:40187/
[rosmaster.master][INFO] 2026-08-31 03:24:35,190: -SUB [/lio/odom] /lio_offline http://robot:40187/
[rosmaster.master][INFO] 2026-08-31 03:24:35,190: -SERVICE [/lio_offline/get_loggers] /lio_offline rosrpc://robot:37239
[rosmaster.master][INFO] 2026-08-31 03:24:35,190: -SERVICE [/lio_offline/set_logger_level] /lio_offline rosrpc://robot:37239
[rosmaster.master][INFO] 2026-08-31 03:24:35,195: publisherUpdate[/lio/odom] -> http://robot:40187/ []
[rosmaster.master][INFO] 2026-08-31 03:24:35,197: publisherUpdate[/lio/odom] -> http://robot:40187/ []: sec=0.00, exception=[Errno 111] Connection refused
[rosmaster.threadpool][ERROR] 2026-08-31 03:24:35,198: Traceback (most recent call last):
  File "/opt/ros/noetic/lib/python3/dist-packages/rosmaster/threadpool.py", line 218, in run
    result = cmd(*args)
  File "/opt/ros/noetic/lib/python3/dist-packages/rosmaster/master_api.py", line 210, in publisher_update_task
    ret = xmlrpcapi(api).publisherUpdate('/master', topic, pub_uris)
  File "/usr/lib/python3.8/xmlrpc/client.py", line 1109, in __call__
    return self.__send(self.__name, args)
  File "/usr/lib/python3.8/xmlrpc/client.py", line 1450, in __request
    response = self.__transport.request(
  File "/usr/lib/python3.8/xmlrpc/client.py", line 1153, in request
    return self.single_request(host, handler, request_body, verbose)
  File "/usr/lib/python3.8/xmlrpc/client.py", line 1165, in single_request
    http_conn = self.send_request(host, handler, request_body, verbose)
  File "/usr/lib/python3.8/xmlrpc/client.py", line 1278, in send_request
    self.send_content(connection, request_body)
  File "/usr/lib/python3.8/xmlrpc/client.py", line 1308, in send_content
    connection.endheaders(request_body)
  File "/usr/lib/python3.8/http/client.py", line 1251, in endheaders
    self._send_output(message_body, encode_chunked=encode_chunked)
  File "/usr/lib/python3.8/http/client.py", line 1011, in _send_output
    self.send(msg)
  File "/usr/lib/python3.8/http/client.py", line 951, in send
    self.connect()
  File "/usr/lib/python3.8/http/client.py", line 922, in connect
    self.sock = self._create_connection(
  File "/usr/lib/python3.8/socket.py", line 808, in create_connection
    raise err
  File "/usr/lib/python3.8/socket.py", line 796, in create_connection
    sock.connect(sa)
ConnectionRefusedError: [Errno 111] Connection refused

[rosmaster.master][INFO] 2026-08-31 03:24:35,198: publisherUpdate[/os1_cloud_node1/points] -> http://robot:40187/ []
[rosmaster.master][INFO] 2026-08-31 03:24:35,198: publisherUpdate[/os1_cloud_node1/points] -> http://robot:40187/ []: sec=0.00, exception=[Errno 111] Connection refused
[rosmaster.threadpool][ERROR] 2026-08-31 03:24:35,199: Traceback (most recent call last):
  File "/opt/ros/noetic/lib/python3/dist-packages/rosmaster/threadpool.py", line 218, in run
    result = cmd(*args)
  File "/opt/ros/noetic/lib/python3/dist-packages/rosmaster/master_api.py", line 210, in publisher_update_task
    ret = xmlrpcapi(api).publisherUpdate('/master', topic, pub_uris)
  File "/usr/lib/python3.8/xmlrpc/client.py", line 1109, in __call__
    return self.__send(self.__name, args)
  File "/usr/lib/python3.8/xmlrpc/client.py", line 1450, in __request
    response = self.__transport.request(
  File "/usr/lib/python3.8/xmlrpc/client.py", line 1153, in request
    return self.single_request(host, handler, request_body, verbose)
  File "/usr/lib/python3.8/xmlrpc/client.py", line 1165, in single_request
    http_conn = self.send_request(host, handler, request_body, verbose)
  File "/usr/lib/python3.8/xmlrpc/client.py", line 1278, in send_request
    self.send_content(connection, request_body)
  File "/usr/lib/python3.8/xmlrpc/client.py", line 1308, in send_content
    connection.endheaders(request_body)
  File "/usr/lib/python3.8/http/client.py", line 1251, in endheaders
    self._send_output(message_body, encode_chunked=encode_chunked)
  File "/usr/lib/python3.8/http/client.py", line 1011, in _send_output
    self.send(msg)
  File "/usr/lib/python3.8/http/client.py", line 951, in send
    self.connect()
  File "/usr/lib/python3.8/http/client.py", line 922, in connect
    self.sock = self._create_connection(
  File "/usr/lib/python3.8/socket.py", line 808, in create_connection
    raise err
  File "/usr/lib/python3.8/socket.py", line 796, in create_connection
    sock.connect(sa)
ConnectionRefusedError: [Errno 111] Connection refused

[rosmaster.master][INFO] 2026-08-31 03:24:35,199: publisherUpdate[/imu/imu] -> http://robot:40187/ []
[rosmaster.master][INFO] 2026-08-31 03:24:35,199: publisherUpdate[/imu/imu] -> http://robot:40187/ []: sec=0.00, exception=[Errno 111] Connection refused
[rosmaster.threadpool][ERROR] 2026-08-31 03:24:35,199: Traceback (most recent call last):
  File "/opt/ros/noetic/lib/python3/dist-packages/rosmaster/threadpool.py", line 218, in run
    result = cmd(*args)
  File "/opt/ros/noetic/lib/python3/dist-packages/rosmaster/master_api.py", line 210, in publisher_update_task
    ret = xmlrpcapi(api).publisherUpdate('/master', topic, pub_uris)
  File "/usr/lib/python3.8/xmlrpc/client.py", line 1109, in __call__
    return self.__send(self.__name, args)
  File "/usr/lib/python3.8/xmlrpc/client.py", line 1450, in __request
    response = self.__transport.request(
  File "/usr/lib/python3.8/xmlrpc/client.py", line 1153, in request
    return self.single_request(host, handler, request_body, verbose)
  File "/usr/lib/python3.8/xmlrpc/client.py", line 1165, in single_request
    http_conn = self.send_request(host, handler, request_body, verbose)
  File "/usr/lib/python3.8/xmlrpc/client.py", line 1278, in send_request
    self.send_content(connection, request_body)
  File "/usr/lib/python3.8/xmlrpc/client.py", line 1308, in send_content
    connection.endheaders(request_body)
  File "/usr/lib/python3.8/http/client.py", line 1251, in endheaders
    self._send_output(message_body, encode_chunked=encode_chunked)
  File "/usr/lib/python3.8/http/client.py", line 1011, in _send_output
    self.send(msg)
  File "/usr/lib/python3.8/http/client.py", line 951, in send
    self.connect()
  File "/usr/lib/python3.8/http/client.py", line 922, in connect
    self.sock = self._create_connection(
  File "/usr/lib/python3.8/socket.py", line 808, in create_connection
    raise err
  File "/usr/lib/python3.8/socket.py", line 796, in create_connection
    sock.connect(sa)
ConnectionRefusedError: [Errno 111] Connection refused

