==================
WARNING: ThreadSanitizer: data race (pid=105335)
  Write of size 8 at 0x7b2000000000 by thread T6:
    #0 operator delete[](void*) ../../../../src/libsanitizer/tsan/tsan_new_delete.cpp:132 (libtsan.so.0+0x8b028)
    #1 <null> <null> (libtbb.so.2+0x23248)

  Previous read of size 8 at 0x7b2000000000 by thread T2:
    #0 memcmp ../../../../src/libsanitizer/sanitizer_common/sanitizer_common_interceptors.inc:887 (libtsan.so.0+0x6518f)
    #1 memcmp ../../../../src/libsanitizer/sanitizer_common/sanitizer_common_interceptors.inc:883 (libtsan.so.0+0x6518f)
    #2 <null> <null> (libtbb.so.2+0x214e0)
    #3 <null> <null> (libtbb.so.2+0x2c544)

  Thread T6 (tid=105342, running) created by thread T3 at:
    #0 pthread_create ../../../../src/libsanitizer/tsan/tsan_interceptors_posix.cpp:962 (libtsan.so.0+0x5ea79)
    #1 <null> <null> (libtbb.so.2+0x20750)

  Thread T2 (tid=105338, running) created by main thread at:
    #0 pthread_create ../../../../src/libsanitizer/tsan/tsan_interceptors_posix.cpp:962 (libtsan.so.0+0x5ea79)
    #1 <null> <null> (libtbb.so.2+0x20750)
    #2 <null> <null> (libtbb.so.2+0x2c544)
    #3 parallel_for<tbb::blocked_range<int>, main()::<lambda(const tbb::blocked_range<int>&)> > /usr/include/tbb/parallel_for.h:201 (race_good+0x3028)
    #4 main /home/lc/super_livo/src/Super-LIO/tests/prob_lio/race_evidence.cpp:23 (race_good+0x3028)

SUMMARY: ThreadSanitizer: data race ../../../../src/libsanitizer/tsan/tsan_new_delete.cpp:132 in operator delete[](void*)
==================
