WARNING: Logging before InitGoogleLogging() is written to STDERR
I0825 23:37:35.198311 160524 ROSWrapper.cpp:38] [32m ---> [Param] map/save_map: false[0m
I0825 23:37:35.200490 160524 ROSWrapper.cpp:57] [32m ---> [Param] eva/instrumentation: false[0m
I0825 23:37:35.206929 160524 ROSWrapper.cpp:257] [32m ---> Using Lidar type: OUSTER[0m
I0825 23:37:35.207969 160524 ROSWrapper.cpp:275] [32m ---> [Param] camera calibration loaded: /home/lc/super_livo/bag/NTU/eee_01/camera_left.yaml[0m
I0825 23:37:35.211452 160524 super_lio.cpp:117] [32m ---> [SuperLIO]: G-1 visual support diagnostics enabled[0m
I0825 23:37:35.211462 160524 super_lio.cpp:136] [32m ---> [SuperLIO]: G-0 shadow sidecar enabled[0m
I0825 23:37:35.211467 160524 super_lio.cpp:163] [32m ---> [SuperLIO]: initialized.[0m
I0825 23:37:35.395920 160524 super_lio.cpp:171] [32m ---> [SuperLIO]: KF init done[0m
I0825 23:37:35.401958 160524 super_lio.cpp:180] [32m ---> [SuperLIO]: Map init done[0m
I0825 23:39:25.128875 160524 timer.h:40] >>> ===== Printing run time =====
I0825 23:39:25.128916 160524 timer.h:46] > [ DownSample ] average time usage: 0.193083 ms , called times: 3980
I0825 23:39:25.128937 160524 timer.h:46] > [ Observe ] average time usage: 15.0095 ms , called times: 3980
I0825 23:39:25.128949 160524 timer.h:46] > [ Undistort ] average time usage: 0.233486 ms , called times: 3980
I0825 23:39:25.128959 160524 timer.h:46] > [ UpdateMap ] average time usage: 0.598785 ms , called times: 3980
[offline_node] camera_epoch=1 camera_enabled=1
[offline_node] processing /home/lc/super_livo/bag/NTU/eee_01/eee_01.bag (publish=false)
[diag] sensor_time=1609059063.186 epochs=500 wall=5.016s imu_consumed=19254 lidar_consumed=501 imu_depth=1 lidar_depth=0 voxels=7474 rss=137660KB
[diag] sensor_time=1609059113.202 epochs=1000 wall=16.718s imu_consumed=38535 lidar_consumed=1001 imu_depth=1 lidar_depth=0 voxels=93356 rss=234916KB
[diag] sensor_time=1609059163.217 epochs=1500 wall=31.759s imu_consumed=57723 lidar_consumed=1501 imu_depth=1 lidar_depth=0 voxels=139203 rss=322516KB
[diag] sensor_time=1609059213.233 epochs=2000 wall=47.145s imu_consumed=77009 lidar_consumed=2001 imu_depth=1 lidar_depth=0 voxels=152637 rss=351556KB
[diag] sensor_time=1609059263.249 epochs=2500 wall=61.881s imu_consumed=96283 lidar_consumed=2501 imu_depth=1 lidar_depth=0 voxels=183020 rss=375316KB
[diag] sensor_time=1609059313.264 epochs=3000 wall=79.375s imu_consumed=115545 lidar_consumed=3002 imu_depth=2 lidar_depth=0 voxels=193278 rss=394284KB
[diag] sensor_time=1609059363.280 epochs=3500 wall=96.766s imu_consumed=134764 lidar_consumed=3502 imu_depth=2 lidar_depth=0 voxels=201579 rss=411344KB

=== Offline accounting ===
bag_relevant_messages: 161320
lidar read/dispatched/skipped: 3987/3987/0
imu   read/dispatched/skipped: 153347/153347/0
other messages: 0
first/last bag time: 1609059013.114720 / 1609059411.797588
first/last sensor timestamp: 1609059013.173238 / 1609059411.797436
first/last estimator timestamp: 1609059013.270444 / 1609059411.795316
images read/dispatched/skipped: 3986/3986/0
first/last image timestamp: 1609059013.170260 / 1609059411.795316
camera buffer: size=0 peak=10 dropped=1
G-0 sidecar: accepted=3290230 rejected=10066780 allocations=113628 evictions=0 active=113628 peak=113628 updates=2529949
G-0 N histogram: 1:0 2:384721 3:283646 4:230009 5:194594 6:169262 7:149664 8:133713 9:120647 10:109784 11:100526 12:92760 13:86027 14:80302 15:75269 16:70888 17:67003 18:63571 19:60271 20:57292
G-1 q_flat distribution (percentiles of 0..1): P50=0.005 P90=0.005 P95=0.005 P99=0.005
G-1 parent(0.5m) q_flat distribution: P50=0.005 P90=0.005 P95=0.005 P99=0.005
G-1 child q_flat by N (P50/P90/P95): N5-7=0.055/0.145/0.175 N8-10=0.095/0.185/0.205 N11-19=0.125/0.205/0.225 N20=0.125/0.205/0.225
G-1 parent q_flat by N_parent (P50/P90/P95): N5-9=0.015/0.055/0.075 N10-19=0.025/0.085/0.115 N20-39=0.035/0.115/0.145 N40-79=0.035/0.125/0.155 N80+=0.035/0.135/0.175

G-1 q_line distribution: P50=0.005 P90=0.005 P95=0.005 P99=0.005
process invocations: 161321
sync epochs (heavy process): 3985 / 3985
remaining imu/lidar in buffer: 2/0
front_lidar_end_time: 0.000000  last_imu_time: 1609059411.797436
unprocessed_reason: trailing IMU beyond last lidar end_time
sensor_duration_s: 398.624
wall_processing_s: 109.905
speed_factor: 3.627x
peak RSS during loop: 420700 KB
G-2 child maturity: cells=317346 first_visible->N5 median=940 P90=3698; ->valid median=1036 P90=3802
G-2 parent maturity: parents=95184 first_visible->valid median=136 P90=2060
G-2 mature_while_visible: child=178129/317346 parent_valid_while_visible=79103/95184
G-2 parent sync events: E0=79103 E3=0 E1(>1deg)=726246 >2=455337 >3=336088 >5=225638
G-3 (n=7274004) normal angle vs HKNN (deg, P50/P90/P95): child=27.30/76.50/83.20 parent=15.10/54.00/69.80
G-3 residual diff vs HKNN (m, P50/P90/P95): child=0.3730/1.2800/1.6580 parent=0.3320/1.0670/1.4030
G-3 child d_n/d_t (m, P50/P90/P95): dn=0.2650/1.0460/1.3800 dt=1.0060/1.7520/1.9340
S-0 camera-epoch: epochs=3985 images_consumed=3980 stale_image_drop=5 empty_slice=0
S-0 camera-epoch: lidar_points_emitted=15400788 future_points_retained=8237660 last_epoch=1609059411.795
S-0 camera-epoch dt (epoch_ts - lidar_end, ms): n=3985 median=100.0 P90=100.0 P95=100.0 P99=100.0
V-0C frontend: entered=7220 frame_null=0
V-0C coverage: frames=3980 cells_total=1826820 cells_with_candidates=3980 occupied_existing=869811 filled_new=64122
V-0C visible_existing/frame P10/P50/P90: 162/229/259
V-0C new_created/frame P10/P50/P90: 1/12/36
V-0C accepted/frame P10/P50/P90: 0/0/0
V-2 photometric: frames=22915 accepted_landmarks=198 total_samples=314080906 meanSSE_per_sample=704.58
V-2 6DOF FD gate: double_math_fail=0 trials_attempted=0 structurally_complete=0 all6_smooth=0 with_nonsmooth=0 distinct_epochs=0 distinct_landmarks=0
V-2 BUNDLE rx: smooth=0 nonsmooth_support=0 nonsmooth_cell=0
V-2 BUNDLE ry: smooth=0 nonsmooth_support=0 nonsmooth_cell=0
V-2 BUNDLE rz: smooth=0 nonsmooth_support=0 nonsmooth_cell=0
V-2 BUNDLE tx: smooth=0 nonsmooth_support=0 nonsmooth_cell=0
V-2 BUNDLE ty: smooth=0 nonsmooth_support=0 nonsmooth_cell=0
V-2 BUNDLE tz: smooth=0 nonsmooth_support=0 nonsmooth_cell=0
V-2 FLOAT FD rx: strong_n=0 strong_max_rel=0 max_abs=0 weak_n=0
V-2 DOUBLE FD rx: strong_n=0 strong_max_rel=0 strong_med_rel=0 weak_n=0 weak_max_abs=0 nonsmooth=0 worst_rel=0
V-2 FLOAT FD ry: strong_n=0 strong_max_rel=0 max_abs=0 weak_n=0
V-2 DOUBLE FD ry: strong_n=0 strong_max_rel=0 strong_med_rel=0 weak_n=0 weak_max_abs=0 nonsmooth=0 worst_rel=0
V-2 FLOAT FD rz: strong_n=0 strong_max_rel=0 max_abs=0 weak_n=0
V-2 DOUBLE FD rz: strong_n=0 strong_max_rel=0 strong_med_rel=0 weak_n=0 weak_max_abs=0 nonsmooth=0 worst_rel=0
V-2 FLOAT FD tx: strong_n=0 strong_max_rel=0 max_abs=0 weak_n=0
V-2 DOUBLE FD tx: strong_n=0 strong_max_rel=0 strong_med_rel=0 weak_n=0 weak_max_abs=0 nonsmooth=0 worst_rel=0
V-2 FLOAT FD ty: strong_n=0 strong_max_rel=0 max_abs=0 weak_n=0
V-2 DOUBLE FD ty: strong_n=0 strong_max_rel=0 strong_med_rel=0 weak_n=0 weak_max_abs=0 nonsmooth=0 worst_rel=0
V-2 FLOAT FD tz: strong_n=0 strong_max_rel=0 max_abs=0 weak_n=0
V-2 DOUBLE FD tz: strong_n=0 strong_max_rel=0 strong_med_rel=0 weak_n=0 weak_max_abs=0 nonsmooth=0 worst_rel=0
V-0 VisualMap: parents=60869 landmarks=64122 slots_used=154205 created=64122 frames=7220 attempts=933933
V-1 lifecycle: geo_syncs=0 obs_adds=589997 obs_drops=435792 ref_switches=163199
V-0 sizeof(VisualObservation)=128 sizeof(VisualLandmark)=496
V-0 visual map bytes ~= 51.54 MB (slots=154205 x 128 B + landmarks 64122 x 496 B)
V-2 GATE-M rx: strong_n=0 weak_n=0 med_rel=0 max_abs=0 max_kappa=0
V-2 GATE-RC rx: regular_n=0 conditioned_n=0 regular_fail=0 conditioned_fail=0
  regular_max_dc_rel=0 cond_max_raw_rel=0 cond_max_mean_rel=0 cond_max_closure_abs=0 cond_max_prop_excess=0 cond_max_source_rel=0
V-2 AUDIT-P rx: raw_max_abs=0 mean_max_abs=0 dc_max_abs=0 dc_med_abs=0
V-2 GATE-M ry: strong_n=0 weak_n=0 med_rel=0 max_abs=0 max_kappa=0
V-2 GATE-RC ry: regular_n=0 conditioned_n=0 regular_fail=0 conditioned_fail=0
  regular_max_dc_rel=0 cond_max_raw_rel=0 cond_max_mean_rel=0 cond_max_closure_abs=0 cond_max_prop_excess=0 cond_max_source_rel=0
V-2 AUDIT-P ry: raw_max_abs=0 mean_max_abs=0 dc_max_abs=0 dc_med_abs=0
V-2 GATE-M rz: strong_n=0 weak_n=0 med_rel=0 max_abs=0 max_kappa=0
V-2 GATE-RC rz: regular_n=0 conditioned_n=0 regular_fail=0 conditioned_fail=0
  regular_max_dc_rel=0 cond_max_raw_rel=0 cond_max_mean_rel=0 cond_max_closure_abs=0 cond_max_prop_excess=0 cond_max_source_rel=0
V-2 AUDIT-P rz: raw_max_abs=0 mean_max_abs=0 dc_max_abs=0 dc_med_abs=0
V-2 GATE-M tx: strong_n=0 weak_n=0 med_rel=0 max_abs=0 max_kappa=0
V-2 GATE-RC tx: regular_n=0 conditioned_n=0 regular_fail=0 conditioned_fail=0
  regular_max_dc_rel=0 cond_max_raw_rel=0 cond_max_mean_rel=0 cond_max_closure_abs=0 cond_max_prop_excess=0 cond_max_source_rel=0
V-2 AUDIT-P tx: raw_max_abs=0 mean_max_abs=0 dc_max_abs=0 dc_med_abs=0
V-2 GATE-M ty: strong_n=0 weak_n=0 med_rel=0 max_abs=0 max_kappa=0
V-2 GATE-RC ty: regular_n=0 conditioned_n=0 regular_fail=0 conditioned_fail=0
  regular_max_dc_rel=0 cond_max_raw_rel=0 cond_max_mean_rel=0 cond_max_closure_abs=0 cond_max_prop_excess=0 cond_max_source_rel=0
V-2 AUDIT-P ty: raw_max_abs=0 mean_max_abs=0 dc_max_abs=0 dc_med_abs=0
V-2 GATE-M tz: strong_n=0 weak_n=0 med_rel=0 max_abs=0 max_kappa=0
V-2 GATE-RC tz: regular_n=0 conditioned_n=0 regular_fail=0 conditioned_fail=0
  regular_max_dc_rel=0 cond_max_raw_rel=0 cond_max_mean_rel=0 cond_max_closure_abs=0 cond_max_prop_excess=0 cond_max_source_rel=0
V-2 AUDIT-P tz: raw_max_abs=0 mean_max_abs=0 dc_max_abs=0 dc_med_abs=0
V-2 H/B audit: worst_h_rel=0 worst_b_rel=0
V-4C counters: same_frame_ref=0 current_created_used=0 inserted_pre=0 lifecycle_in_solve=0
V-4C photo ratio: epochs=3980 improved_frac=0.999 P10=0.933 P50=0.98 P90=0.995 P95=0.997 P99=0.998
V-4C eta_dc: n=5003560 P10=0.0485 P25=0.334 P50=2.2 P75=8.28 P90=20 P95=30.8 P99=60.8 mean=7.14
V-4C update norm rot(rad): n=3980 P10=0.000206 P50=0.00107 P90=0.00228 P95=0.00272 P99=0.00357 max=0.00668
V-4C update norm trans(m): n=3980 P10=0.000846 P50=0.00657 P90=0.013 P95=0.0155 P99=0.0206 max=0.0348
V-4 health: apply_count=3980 cov_fail=0 max_sym_ratio=5.24e-11 lam_min=3.86219e-10 lam_max=0.000105381
VP timing us: total=28423563 patch_eval=7299352 hb_commit=13242310 epochs=22915 lm=5003560 samples=314080906
PL metrics: sensor_start=1609059013.270 sensor_end=1609059411.697 sensor_dur=398.427 frames=3985
PL LiDAR lat ms: P50=28.906 P90=35.614 P95=36.868 P99=39.644 max=70.311 n=3985
PL visual lat ms: P50=1.262 P90=1.454 P95=1.514 P99=1.655 max=22.288 n=22915
PL median LiDAR period ms=100.047  median camera period ms=100.047
PL CPU: total_tick=6178 avg_cpu_pct=54.6
PL deadline miss count=0 ratio=0.0000
PL Q0 [0.0-99.6 s]: LiDAR P50=11.005 P95=28.263 P99=30.213 | visual P50=1.217 P95=1.402 P99=1.546 | RSS_avg=2670126KB | vox_avg=33210 | lm_avg=3038 | n=997
PL Q1 [99.6-199.2 s]: LiDAR P50=29.629 P95=35.948 P99=40.273 | visual P50=1.270 P95=1.515 P99=1.675 | RSS_avg=2822390KB | vox_avg=134030 | lm_avg=20792 | n=996
PL Q2 [199.2-298.8 s]: LiDAR P50=33.122 P95=37.698 P99=40.369 | visual P50=1.313 P95=1.533 P99=1.654 | RSS_avg=2886410KB | vox_avg=178424 | lm_avg=45062 | n=996
PL Q3 [298.8-398.4 s]: LiDAR P50=32.828 P95=37.578 P99=40.365 | visual P50=1.302 P95=1.536 P99=1.665 | RSS_avg=2930586KB | vox_avg=201045 | lm_avg=55795 | n=995
HB-0 summary: epochs_audited=0 epochs_fail=0 total_samples=0 duplicates=0 distinct_landmarks=0
HB-0 worst: rhoH=0 rhoB=0 srcH=0 srcB=0 accH=0 accB=0 last_Hsum=0
=== End offline accounting ===
