WARNING: Logging before InitGoogleLogging() is written to STDERR
I0831 03:25:20.776454 325900 ROSWrapper.cpp:14] [32m ---> [Param] map/save_map: false[0m
I0831 03:25:20.787669 325900 ROSWrapper.cpp:310] [32m ---> Using Lidar type: UNKNOWN[0m
I0831 03:25:20.794826 325900 super_lio.cpp:91] [32m ---> [SuperLIO]: initialized.[0m
I0831 03:25:21.139186 325900 super_lio.cpp:99] [32m ---> [SuperLIO]: KF init done[0m
I0831 03:25:21.153662 325900 super_lio.cpp:108] [32m ---> [SuperLIO]: Map init done[0m
I0831 03:26:13.695468 325900 timer.h:40] >>> ===== Printing run time =====
I0831 03:26:13.695511 325900 timer.h:46] > [ DownSample ] average time usage: 0.447475 ms , called times: 3943
I0831 03:26:13.695541 325900 timer.h:46] > [ Observe ] average time usage: 8.2688 ms , called times: 3943
I0831 03:26:13.695564 325900 timer.h:46] > [ Undistort ] average time usage: 0.662677 ms , called times: 3943
I0831 03:26:13.695580 325900 timer.h:46] > [ UpdateMap ] average time usage: 1.00855 ms , called times: 3943
I0831 03:26:13.695592 325900 super_lio.cpp:1159] [32m ---> [Prob-LIO P3] QR plane cov shadow: attempted: 26388288, valid: 26388288, rank_invalid: 0, nonfinite: 0[0m
I0831 03:26:13.695604 325900 super_lio.cpp:1220] [32m ---> [Prob-LIO P5] association attempted: 33948607, legacy_accept(shadow): 33924770, prob_accept: 33678715, prob_reject: 269892, invalid_nonfinite: 0, invalid_negative: 0[0m
I0831 03:26:13.695616 325900 super_lio.cpp:1241] [32m ---> [Prob-LIO P4] weights attempted: 33678715, valid: 33678715, invalid_nonfinite: 0, invalid_negative: 0; valid w: count=33678715 min=8.22982e-08 max=999.652 mean=733.104 near_ceiling(>999)=250 bins=97234/110468/232504/595704/32642805; plane var min=8.95887e-08 max=1.21509e+07 mean=15.0016; point var min=1.35876e-07 max=0.000400183 mean=0.000234298[0m
I0831 03:26:13.695634 325900 super_lio.cpp:1260] [32m ---> [Prob-LIO] pipeline ON (pose model livo2_compat, storage double): cov frames: 3943, points: 10704983, invalid: 0; map cov init inserts: 13953, update inserts: 10704983, hknn cov returns: 155287444, invalid: 0[0m
[offline_node] bag=/home/lc/super_livo/src/Super-LIO/../../bag/NTU/nya_01/nya_01.bag start_offset=-1.000 duration=-1.000
[offline_node] wrapper subscribers connected
[OfflineReader] view 1609043643.366s..1609044038.272s lidar=3950 imu=153239 other=0 wall=52.429s sensor=394.906s speed=7.532x

=== Offline accounting ===
bag_relevant_messages: 157189
lidar read: 3950   imu read: 153239   other: 0
first/last bag time: 1609043643.366421 / 1609044038.272233
first/last sensor time: 1609043643.365510 / 1609044038.271950
sensor_duration_s: 394.906
wall_processing_s: 52.429
speed_factor: 7.532x
trajectory: /home/lc/super_livo/src/Super-LIO/results/prob_lio/p11_ntu_nya01_p5_sensor_corr/trajectory.tum
