[rosmaster.main][INFO] 2026-08-31 02:43:24,032: initialization complete, waiting for shutdown
[rosmaster.main][INFO] 2026-08-31 02:43:24,032: Starting ROS Master Node
[xmlrpc][INFO] 2026-08-31 02:43:24,034: XML-RPC server binding to 0.0.0.0:11435
[xmlrpc][INFO] 2026-08-31 02:43:24,034: Started XML-RPC server [http://robot:11435/]
[rosmaster.master][INFO] 2026-08-31 02:43:24,034: Master initialized: port[11435], uri[http://robot:11435/]
[xmlrpc][INFO] 2026-08-31 02:43:24,034: xml rpc node: starting XML-RPC server
[rosmaster.master][INFO] 2026-08-31 02:43:27,283: +PARAM [/lio/map/save_map] by /rosparam-310989
[rosmaster.master][INFO] 2026-08-31 02:43:27,284: +PARAM [/lio/map/if_filter] by /rosparam-310989
[rosmaster.master][INFO] 2026-08-31 02:43:27,286: +PARAM [/lio/map/save_map_dir] by /rosparam-310989
[rosmaster.master][INFO] 2026-08-31 02:43:27,287: +PARAM [/lio/map/map_name] by /rosparam-310989
[rosmaster.master][INFO] 2026-08-31 02:43:27,288: +PARAM [/lio/map/ds_size] by /rosparam-310989
[rosmaster.master][INFO] 2026-08-31 02:43:27,289: +PARAM [/lio/map/save_interval] by /rosparam-310989
[rosmaster.master][INFO] 2026-08-31 02:43:27,291: +PARAM [/lio/ros/lidar_topic] by /rosparam-310989
[rosmaster.master][INFO] 2026-08-31 02:43:27,291: +PARAM [/lio/ros/imu_topic] by /rosparam-310989
[rosmaster.master][INFO] 2026-08-31 02:43:27,292: +PARAM [/lio/sensor/lidar_type] by /rosparam-310989
[rosmaster.master][INFO] 2026-08-31 02:43:27,294: +PARAM [/lio/sensor/blind] by /rosparam-310989
[rosmaster.master][INFO] 2026-08-31 02:43:27,295: +PARAM [/lio/sensor/maxrange] by /rosparam-310989
[rosmaster.master][INFO] 2026-08-31 02:43:27,296: +PARAM [/lio/sensor/filter_rate] by /rosparam-310989
[rosmaster.master][INFO] 2026-08-31 02:43:27,297: +PARAM [/lio/sensor/enable_downsample] by /rosparam-310989
[rosmaster.master][INFO] 2026-08-31 02:43:27,298: +PARAM [/lio/sensor/voxel_fliter_size] by /rosparam-310989
[rosmaster.master][INFO] 2026-08-31 02:43:27,299: +PARAM [/lio/sensor/gravity_norm] by /rosparam-310989
[rosmaster.master][INFO] 2026-08-31 02:43:27,300: +PARAM [/lio/sensor/imu_type] by /rosparam-310989
[rosmaster.master][INFO] 2026-08-31 02:43:27,301: +PARAM [/lio/sensor/imu_na] by /rosparam-310989
[rosmaster.master][INFO] 2026-08-31 02:43:27,302: +PARAM [/lio/sensor/imu_ng] by /rosparam-310989
[rosmaster.master][INFO] 2026-08-31 02:43:27,303: +PARAM [/lio/sensor/imu_nba] by /rosparam-310989
[rosmaster.master][INFO] 2026-08-31 02:43:27,304: +PARAM [/lio/sensor/imu_nbg] by /rosparam-310989
[rosmaster.master][INFO] 2026-08-31 02:43:27,305: +PARAM [/lio/sensor/dept_err] by /rosparam-310989
[rosmaster.master][INFO] 2026-08-31 02:43:27,306: +PARAM [/lio/sensor/beam_err] by /rosparam-310989
[rosmaster.master][INFO] 2026-08-31 02:43:27,307: +PARAM [/lio/prob_lio/cov_enable] by /rosparam-310989
[rosmaster.master][INFO] 2026-08-31 02:43:27,308: +PARAM [/lio/prob_lio/map_pose_cov_model] by /rosparam-310989
[rosmaster.master][INFO] 2026-08-31 02:43:27,309: +PARAM [/lio/prob_lio/map_cov_storage_precision] by /rosparam-310989
[rosmaster.master][INFO] 2026-08-31 02:43:27,310: +PARAM [/lio/prob_lio/qr_plane_cov_enable] by /rosparam-310989
[rosmaster.master][INFO] 2026-08-31 02:43:27,311: +PARAM [/lio/prob_lio/p2p_weight_mode] by /rosparam-310989
[rosmaster.master][INFO] 2026-08-31 02:43:27,312: +PARAM [/lio/prob_lio/cov_validation_mode] by /rosparam-310989
[rosmaster.master][INFO] 2026-08-31 02:43:27,313: +PARAM [/lio/prob_lio/association_mode] by /rosparam-310989
[rosmaster.master][INFO] 2026-08-31 02:43:27,313: +PARAM [/lio/prob_lio/assoc_sigma_num] by /rosparam-310989
[rosmaster.master][INFO] 2026-08-31 02:43:27,314: +PARAM [/lio/prob_lio/prob_assoc_shadow_enable] by /rosparam-310989
[rosmaster.master][INFO] 2026-08-31 02:43:27,315: +PARAM [/lio/prob_lio/association_pose_cov_model] by /rosparam-310989
[rosmaster.master][INFO] 2026-08-31 02:43:27,316: +PARAM [/lio/prob_lio/association_sensor_cov_model] by /rosparam-310989
[rosmaster.master][INFO] 2026-08-31 02:43:27,317: +PARAM [/lio/extrinsic/lidar_imu] by /rosparam-310989
[rosmaster.master][INFO] 2026-08-31 02:43:27,318: +PARAM [/lio/extrinsic/odom_robo] by /rosparam-310989
[rosmaster.master][INFO] 2026-08-31 02:43:27,319: +PARAM [/lio/hash_map/hash_capacity] by /rosparam-310989
[rosmaster.master][INFO] 2026-08-31 02:43:27,321: +PARAM [/lio/hash_map/vox_resolution] by /rosparam-310989
[rosmaster.master][INFO] 2026-08-31 02:43:27,322: +PARAM [/lio/kf/kf_type] by /rosparam-310989
[rosmaster.master][INFO] 2026-08-31 02:43:27,323: +PARAM [/lio/kf/kf_max_iterations] by /rosparam-310989
[rosmaster.master][INFO] 2026-08-31 02:43:27,324: +PARAM [/lio/kf/kf_align_gravity] by /rosparam-310989
[rosmaster.master][INFO] 2026-08-31 02:43:27,325: +PARAM [/lio/kf/kf_quit_eps] by /rosparam-310989
[rosmaster.master][INFO] 2026-08-31 02:43:27,325: +PARAM [/lio/output/robot] by /rosparam-310989
[rosmaster.master][INFO] 2026-08-31 02:43:27,326: +PARAM [/lio/output/plan_env_world] by /rosparam-310989
[rosmaster.master][INFO] 2026-08-31 02:43:27,327: +PARAM [/lio/output/plan_env_body] by /rosparam-310989
[rosmaster.master][INFO] 2026-08-31 02:43:27,328: +PARAM [/lio/output/planner] by /rosparam-310989
[rosmaster.master][INFO] 2026-08-31 02:43:27,329: +PARAM [/lio/output/map] by /rosparam-310989
[rosmaster.master][INFO] 2026-08-31 02:43:27,330: +PARAM [/lio/output/dense] by /rosparam-310989
[rosmaster.master][INFO] 2026-08-31 02:43:27,331: +PARAM [/lio/output/pub_step] by /rosparam-310989
[rosmaster.master][INFO] 2026-08-31 02:43:27,332: +PARAM [/lio/eva/timer] by /rosparam-310989
[rosmaster.master][INFO] 2026-08-31 02:43:27,412: +PARAM [/lio/offline/bag] by /rosparam-311040
[rosmaster.master][INFO] 2026-08-31 02:43:27,485: +PARAM [/lio/prob_lio/cov_enable] by /rosparam-311043
[rosmaster.master][INFO] 2026-08-31 02:43:27,564: +PARAM [/lio/prob_lio/cov_validation_mode] by /rosparam-311048
[rosmaster.master][INFO] 2026-08-31 02:43:27,666: +PARAM [/lio/prob_lio/map_pose_cov_model] by /rosparam-311053
[rosmaster.master][INFO] 2026-08-31 02:43:27,756: +PARAM [/lio/prob_lio/map_cov_storage_precision] by /rosparam-311058
[rosmaster.master][INFO] 2026-08-31 02:43:27,830: +PARAM [/lio/prob_lio/qr_plane_cov_enable] by /rosparam-311063
[rosmaster.master][INFO] 2026-08-31 02:43:27,902: +PARAM [/lio/prob_lio/p2p_weight_mode] by /rosparam-311068
[rosmaster.master][INFO] 2026-08-31 02:43:27,980: +PARAM [/lio/prob_lio/association_mode] by /rosparam-311073
[rosmaster.master][INFO] 2026-08-31 02:43:28,058: +PARAM [/lio/prob_lio/prob_assoc_shadow_enable] by /rosparam-311078
[rosmaster.master][INFO] 2026-08-31 02:43:28,132: +PARAM [/lio/prob_lio/association_pose_cov_model] by /rosparam-311083
[rosmaster.master][INFO] 2026-08-31 02:43:28,217: +PARAM [/lio/prob_lio/association_sensor_cov_model] by /rosparam-311088
[rosmaster.master][INFO] 2026-08-31 02:43:28,289: +PARAM [/lio/offline/out_dir] by /rosparam-311093
[rosmaster.master][INFO] 2026-08-31 02:43:28,646: +PUB [/rosout] /lio_offline http://robot:45671/
[rosmaster.master][INFO] 2026-08-31 02:43:28,647: +SERVICE [/lio_offline/get_loggers] /lio_offline http://robot:45671/
[rosmaster.master][INFO] 2026-08-31 02:43:28,647: +SERVICE [/lio_offline/set_logger_level] /lio_offline http://robot:45671/
[rosmaster.master][INFO] 2026-08-31 02:43:28,664: +PUB [/tf] /lio_offline http://robot:45671/
[rosmaster.master][INFO] 2026-08-31 02:43:28,665: +SUB [/os1_cloud_node1/points] /lio_offline http://robot:45671/
[rosmaster.master][INFO] 2026-08-31 02:43:28,666: +SUB [/imu/imu] /lio_offline http://robot:45671/
[rosmaster.master][INFO] 2026-08-31 02:43:28,666: +PUB [/lio/odom] /lio_offline http://robot:45671/
[rosmaster.master][INFO] 2026-08-31 02:43:28,667: +PUB [/lio/path] /lio_offline http://robot:45671/
[rosmaster.master][INFO] 2026-08-31 02:43:28,667: +PUB [/lio/path_robot] /lio_offline http://robot:45671/
[rosmaster.master][INFO] 2026-08-31 02:43:28,671: +PUB [/os1_cloud_node1/points] /lio_offline http://robot:45671/
[rosmaster.master][INFO] 2026-08-31 02:43:28,671: +PUB [/imu/imu] /lio_offline http://robot:45671/
[rosmaster.master][INFO] 2026-08-31 02:43:28,672: +SUB [/lio/odom] /lio_offline http://robot:45671/
[rosmaster.master][INFO] 2026-08-31 02:43:28,739: publisherUpdate[/os1_cloud_node1/points] -> http://robot:45671/ ['http://robot:45671/']
[rosmaster.master][INFO] 2026-08-31 02:43:28,743: publisherUpdate[/os1_cloud_node1/points] -> http://robot:45671/ ['http://robot:45671/']: sec=0.00, result=[1, '', 0]
[rosmaster.master][INFO] 2026-08-31 02:43:28,744: publisherUpdate[/imu/imu] -> http://robot:45671/ ['http://robot:45671/']
[rosmaster.master][INFO] 2026-08-31 02:43:28,744: publisherUpdate[/imu/imu] -> http://robot:45671/ ['http://robot:45671/']: sec=0.00, result=[1, '', 0]
[rosmaster.master][INFO] 2026-08-31 02:43:28,908: +PUB [/lio/imu/odom] /lio_offline http://robot:45671/
[rosmaster.master][INFO] 2026-08-31 02:43:28,909: +PUB [/lio/robo/odom] /lio_offline http://robot:45671/
[rosmaster.master][INFO] 2026-08-31 02:43:28,932: +PUB [/lio/cloud_world] /lio_offline http://robot:45671/
[rosmaster.master][INFO] 2026-08-31 02:44:37,394: -PUB [/rosout] /lio_offline http://robot:45671/
[rosmaster.master][INFO] 2026-08-31 02:44:37,394: -PUB [/tf] /lio_offline http://robot:45671/
[rosmaster.master][INFO] 2026-08-31 02:44:37,395: -PUB [/lio/odom] /lio_offline http://robot:45671/
[rosmaster.master][INFO] 2026-08-31 02:44:37,395: -PUB [/lio/path] /lio_offline http://robot:45671/
[rosmaster.master][INFO] 2026-08-31 02:44:37,395: -PUB [/lio/path_robot] /lio_offline http://robot:45671/
[rosmaster.master][INFO] 2026-08-31 02:44:37,396: -PUB [/os1_cloud_node1/points] /lio_offline http://robot:45671/
[rosmaster.master][INFO] 2026-08-31 02:44:37,396: -PUB [/imu/imu] /lio_offline http://robot:45671/
[rosmaster.master][INFO] 2026-08-31 02:44:37,396: -PUB [/lio/imu/odom] /lio_offline http://robot:45671/
[rosmaster.master][INFO] 2026-08-31 02:44:37,396: -PUB [/lio/robo/odom] /lio_offline http://robot:45671/
[rosmaster.master][INFO] 2026-08-31 02:44:37,397: -PUB [/lio/cloud_world] /lio_offline http://robot:45671/
[rosmaster.master][INFO] 2026-08-31 02:44:37,397: -SUB [/os1_cloud_node1/points] /lio_offline http://robot:45671/
[rosmaster.master][INFO] 2026-08-31 02:44:37,398: -SUB [/imu/imu] /lio_offline http://robot:45671/
[rosmaster.master][INFO] 2026-08-31 02:44:37,398: -SUB [/lio/odom] /lio_offline http://robot:45671/
[rosmaster.master][INFO] 2026-08-31 02:44:37,399: -SERVICE [/lio_offline/get_loggers] /lio_offline rosrpc://robot:53647
[rosmaster.master][INFO] 2026-08-31 02:44:37,399: -SERVICE [/lio_offline/set_logger_level] /lio_offline rosrpc://robot:53647
[rosmaster.master][INFO] 2026-08-31 02:44:37,410: publisherUpdate[/lio/odom] -> http://robot:45671/ []
[rosmaster.master][INFO] 2026-08-31 02:44:37,411: publisherUpdate[/lio/odom] -> http://robot:45671/ []: sec=0.00, exception=[Errno 111] Connection refused
[rosmaster.master][INFO] 2026-08-31 02:44:37,412: publisherUpdate[/os1_cloud_node1/points] -> http://robot:45671/ []
[rosmaster.threadpool][ERROR] 2026-08-31 02:44:37,413: Traceback (most recent call last):
  File "/opt/ros/noetic/lib/python3/dist-packages/rosmaster/threadpool.py", line 218, in run
    result = cmd(*args)
  File "/opt/ros/noetic/lib/python3/dist-packages/rosmaster/master_api.py", line 210, in publisher_update_task
    ret = xmlrpcapi(api).publisherUpdate('/master', topic, pub_uris)
  File "/usr/lib/python3.8/xmlrpc/client.py", line 1109, in __call__
    return self.__send(self.__name, args)
  File "/usr/lib/python3.8/xmlrpc/client.py", line 1450, in __request
    response = self.__transport.request(
  File "/usr/lib/python3.8/xmlrpc/client.py", line 1153, in request
    return self.single_request(host, handler, request_body, verbose)
  File "/usr/lib/python3.8/xmlrpc/client.py", line 1165, in single_request
    http_conn = self.send_request(host, handler, request_body, verbose)
  File "/usr/lib/python3.8/xmlrpc/client.py", line 1278, in send_request
    self.send_content(connection, request_body)
  File "/usr/lib/python3.8/xmlrpc/client.py", line 1308, in send_content
    connection.endheaders(request_body)
  File "/usr/lib/python3.8/http/client.py", line 1251, in endheaders
    self._send_output(message_body, encode_chunked=encode_chunked)
  File "/usr/lib/python3.8/http/client.py", line 1011, in _send_output
    self.send(msg)
  File "/usr/lib/python3.8/http/client.py", line 951, in send
    self.connect()
  File "/usr/lib/python3.8/http/client.py", line 922, in connect
    self.sock = self._create_connection(
  File "/usr/lib/python3.8/socket.py", line 808, in create_connection
    raise err
  File "/usr/lib/python3.8/socket.py", line 796, in create_connection
    sock.connect(sa)
ConnectionRefusedError: [Errno 111] Connection refused

[rosmaster.master][INFO] 2026-08-31 02:44:37,444: publisherUpdate[/os1_cloud_node1/points] -> http://robot:45671/ []: sec=0.03, exception=[Errno 111] Connection refused
[rosmaster.threadpool][ERROR] 2026-08-31 02:44:37,445: Traceback (most recent call last):
  File "/opt/ros/noetic/lib/python3/dist-packages/rosmaster/threadpool.py", line 218, in run
    result = cmd(*args)
  File "/opt/ros/noetic/lib/python3/dist-packages/rosmaster/master_api.py", line 210, in publisher_update_task
    ret = xmlrpcapi(api).publisherUpdate('/master', topic, pub_uris)
  File "/usr/lib/python3.8/xmlrpc/client.py", line 1109, in __call__
    return self.__send(self.__name, args)
  File "/usr/lib/python3.8/xmlrpc/client.py", line 1450, in __request
    response = self.__transport.request(
  File "/usr/lib/python3.8/xmlrpc/client.py", line 1153, in request
    return self.single_request(host, handler, request_body, verbose)
  File "/usr/lib/python3.8/xmlrpc/client.py", line 1165, in single_request
    http_conn = self.send_request(host, handler, request_body, verbose)
  File "/usr/lib/python3.8/xmlrpc/client.py", line 1278, in send_request
    self.send_content(connection, request_body)
  File "/usr/lib/python3.8/xmlrpc/client.py", line 1308, in send_content
    connection.endheaders(request_body)
  File "/usr/lib/python3.8/http/client.py", line 1251, in endheaders
    self._send_output(message_body, encode_chunked=encode_chunked)
  File "/usr/lib/python3.8/http/client.py", line 1011, in _send_output
    self.send(msg)
  File "/usr/lib/python3.8/http/client.py", line 951, in send
    self.connect()
  File "/usr/lib/python3.8/http/client.py", line 922, in connect
    self.sock = self._create_connection(
  File "/usr/lib/python3.8/socket.py", line 808, in create_connection
    raise err
  File "/usr/lib/python3.8/socket.py", line 796, in create_connection
    sock.connect(sa)
ConnectionRefusedError: [Errno 111] Connection refused

[rosmaster.master][INFO] 2026-08-31 02:44:37,445: publisherUpdate[/imu/imu] -> http://robot:45671/ []
[rosmaster.master][INFO] 2026-08-31 02:44:37,445: publisherUpdate[/imu/imu] -> http://robot:45671/ []: sec=0.00, exception=[Errno 111] Connection refused
[rosmaster.threadpool][ERROR] 2026-08-31 02:44:37,446: Traceback (most recent call last):
  File "/opt/ros/noetic/lib/python3/dist-packages/rosmaster/threadpool.py", line 218, in run
    result = cmd(*args)
  File "/opt/ros/noetic/lib/python3/dist-packages/rosmaster/master_api.py", line 210, in publisher_update_task
    ret = xmlrpcapi(api).publisherUpdate('/master', topic, pub_uris)
  File "/usr/lib/python3.8/xmlrpc/client.py", line 1109, in __call__
    return self.__send(self.__name, args)
  File "/usr/lib/python3.8/xmlrpc/client.py", line 1450, in __request
    response = self.__transport.request(
  File "/usr/lib/python3.8/xmlrpc/client.py", line 1153, in request
    return self.single_request(host, handler, request_body, verbose)
  File "/usr/lib/python3.8/xmlrpc/client.py", line 1165, in single_request
    http_conn = self.send_request(host, handler, request_body, verbose)
  File "/usr/lib/python3.8/xmlrpc/client.py", line 1278, in send_request
    self.send_content(connection, request_body)
  File "/usr/lib/python3.8/xmlrpc/client.py", line 1308, in send_content
    connection.endheaders(request_body)
  File "/usr/lib/python3.8/http/client.py", line 1251, in endheaders
    self._send_output(message_body, encode_chunked=encode_chunked)
  File "/usr/lib/python3.8/http/client.py", line 1011, in _send_output
    self.send(msg)
  File "/usr/lib/python3.8/http/client.py", line 951, in send
    self.connect()
  File "/usr/lib/python3.8/http/client.py", line 922, in connect
    self.sock = self._create_connection(
  File "/usr/lib/python3.8/socket.py", line 808, in create_connection
    raise err
  File "/usr/lib/python3.8/socket.py", line 796, in create_connection
    sock.connect(sa)
ConnectionRefusedError: [Errno 111] Connection refused

