[rosmaster.main][INFO] 2026-08-31 03:25:16,075: initialization complete, waiting for shutdown
[rosmaster.main][INFO] 2026-08-31 03:25:16,075: Starting ROS Master Node
[xmlrpc][INFO] 2026-08-31 03:25:16,077: XML-RPC server binding to 0.0.0.0:11496
[xmlrpc][INFO] 2026-08-31 03:25:16,077: Started XML-RPC server [http://robot:11496/]
[rosmaster.master][INFO] 2026-08-31 03:25:16,077: Master initialized: port[11496], uri[http://robot:11496/]
[xmlrpc][INFO] 2026-08-31 03:25:16,077: xml rpc node: starting XML-RPC server
[rosmaster.master][INFO] 2026-08-31 03:25:19,346: +PARAM [/lio/map/save_map] by /rosparam-325783
[rosmaster.master][INFO] 2026-08-31 03:25:19,347: +PARAM [/lio/map/if_filter] by /rosparam-325783
[rosmaster.master][INFO] 2026-08-31 03:25:19,349: +PARAM [/lio/map/save_map_dir] by /rosparam-325783
[rosmaster.master][INFO] 2026-08-31 03:25:19,350: +PARAM [/lio/map/map_name] by /rosparam-325783
[rosmaster.master][INFO] 2026-08-31 03:25:19,351: +PARAM [/lio/map/ds_size] by /rosparam-325783
[rosmaster.master][INFO] 2026-08-31 03:25:19,352: +PARAM [/lio/map/save_interval] by /rosparam-325783
[rosmaster.master][INFO] 2026-08-31 03:25:19,353: +PARAM [/lio/ros/lidar_topic] by /rosparam-325783
[rosmaster.master][INFO] 2026-08-31 03:25:19,354: +PARAM [/lio/ros/imu_topic] by /rosparam-325783
[rosmaster.master][INFO] 2026-08-31 03:25:19,355: +PARAM [/lio/sensor/lidar_type] by /rosparam-325783
[rosmaster.master][INFO] 2026-08-31 03:25:19,356: +PARAM [/lio/sensor/blind] by /rosparam-325783
[rosmaster.master][INFO] 2026-08-31 03:25:19,357: +PARAM [/lio/sensor/maxrange] by /rosparam-325783
[rosmaster.master][INFO] 2026-08-31 03:25:19,358: +PARAM [/lio/sensor/filter_rate] by /rosparam-325783
[rosmaster.master][INFO] 2026-08-31 03:25:19,358: +PARAM [/lio/sensor/enable_downsample] by /rosparam-325783
[rosmaster.master][INFO] 2026-08-31 03:25:19,359: +PARAM [/lio/sensor/voxel_fliter_size] by /rosparam-325783
[rosmaster.master][INFO] 2026-08-31 03:25:19,360: +PARAM [/lio/sensor/gravity_norm] by /rosparam-325783
[rosmaster.master][INFO] 2026-08-31 03:25:19,361: +PARAM [/lio/sensor/imu_type] by /rosparam-325783
[rosmaster.master][INFO] 2026-08-31 03:25:19,362: +PARAM [/lio/sensor/imu_na] by /rosparam-325783
[rosmaster.master][INFO] 2026-08-31 03:25:19,363: +PARAM [/lio/sensor/imu_ng] by /rosparam-325783
[rosmaster.master][INFO] 2026-08-31 03:25:19,364: +PARAM [/lio/sensor/imu_nba] by /rosparam-325783
[rosmaster.master][INFO] 2026-08-31 03:25:19,365: +PARAM [/lio/sensor/imu_nbg] by /rosparam-325783
[rosmaster.master][INFO] 2026-08-31 03:25:19,366: +PARAM [/lio/sensor/dept_err] by /rosparam-325783
[rosmaster.master][INFO] 2026-08-31 03:25:19,367: +PARAM [/lio/sensor/beam_err] by /rosparam-325783
[rosmaster.master][INFO] 2026-08-31 03:25:19,368: +PARAM [/lio/prob_lio/cov_enable] by /rosparam-325783
[rosmaster.master][INFO] 2026-08-31 03:25:19,369: +PARAM [/lio/prob_lio/map_pose_cov_model] by /rosparam-325783
[rosmaster.master][INFO] 2026-08-31 03:25:19,370: +PARAM [/lio/prob_lio/map_cov_storage_precision] by /rosparam-325783
[rosmaster.master][INFO] 2026-08-31 03:25:19,371: +PARAM [/lio/prob_lio/qr_plane_cov_enable] by /rosparam-325783
[rosmaster.master][INFO] 2026-08-31 03:25:19,372: +PARAM [/lio/prob_lio/p2p_weight_mode] by /rosparam-325783
[rosmaster.master][INFO] 2026-08-31 03:25:19,373: +PARAM [/lio/prob_lio/cov_validation_mode] by /rosparam-325783
[rosmaster.master][INFO] 2026-08-31 03:25:19,374: +PARAM [/lio/prob_lio/association_mode] by /rosparam-325783
[rosmaster.master][INFO] 2026-08-31 03:25:19,374: +PARAM [/lio/prob_lio/assoc_sigma_num] by /rosparam-325783
[rosmaster.master][INFO] 2026-08-31 03:25:19,375: +PARAM [/lio/prob_lio/prob_assoc_shadow_enable] by /rosparam-325783
[rosmaster.master][INFO] 2026-08-31 03:25:19,376: +PARAM [/lio/prob_lio/association_pose_cov_model] by /rosparam-325783
[rosmaster.master][INFO] 2026-08-31 03:25:19,377: +PARAM [/lio/prob_lio/association_sensor_cov_model] by /rosparam-325783
[rosmaster.master][INFO] 2026-08-31 03:25:19,379: +PARAM [/lio/extrinsic/lidar_imu] by /rosparam-325783
[rosmaster.master][INFO] 2026-08-31 03:25:19,380: +PARAM [/lio/extrinsic/odom_robo] by /rosparam-325783
[rosmaster.master][INFO] 2026-08-31 03:25:19,381: +PARAM [/lio/hash_map/hash_capacity] by /rosparam-325783
[rosmaster.master][INFO] 2026-08-31 03:25:19,382: +PARAM [/lio/hash_map/vox_resolution] by /rosparam-325783
[rosmaster.master][INFO] 2026-08-31 03:25:19,383: +PARAM [/lio/kf/kf_type] by /rosparam-325783
[rosmaster.master][INFO] 2026-08-31 03:25:19,384: +PARAM [/lio/kf/kf_max_iterations] by /rosparam-325783
[rosmaster.master][INFO] 2026-08-31 03:25:19,385: +PARAM [/lio/kf/kf_align_gravity] by /rosparam-325783
[rosmaster.master][INFO] 2026-08-31 03:25:19,386: +PARAM [/lio/kf/kf_quit_eps] by /rosparam-325783
[rosmaster.master][INFO] 2026-08-31 03:25:19,387: +PARAM [/lio/output/robot] by /rosparam-325783
[rosmaster.master][INFO] 2026-08-31 03:25:19,388: +PARAM [/lio/output/plan_env_world] by /rosparam-325783
[rosmaster.master][INFO] 2026-08-31 03:25:19,389: +PARAM [/lio/output/plan_env_body] by /rosparam-325783
[rosmaster.master][INFO] 2026-08-31 03:25:19,390: +PARAM [/lio/output/planner] by /rosparam-325783
[rosmaster.master][INFO] 2026-08-31 03:25:19,391: +PARAM [/lio/output/map] by /rosparam-325783
[rosmaster.master][INFO] 2026-08-31 03:25:19,392: +PARAM [/lio/output/dense] by /rosparam-325783
[rosmaster.master][INFO] 2026-08-31 03:25:19,392: +PARAM [/lio/output/pub_step] by /rosparam-325783
[rosmaster.master][INFO] 2026-08-31 03:25:19,393: +PARAM [/lio/eva/timer] by /rosparam-325783
[rosmaster.master][INFO] 2026-08-31 03:25:19,478: +PARAM [/lio/offline/bag] by /rosparam-325834
[rosmaster.master][INFO] 2026-08-31 03:25:19,554: +PARAM [/lio/prob_lio/cov_enable] by /rosparam-325837
[rosmaster.master][INFO] 2026-08-31 03:25:19,635: +PARAM [/lio/prob_lio/cov_validation_mode] by /rosparam-325842
[rosmaster.master][INFO] 2026-08-31 03:25:19,716: +PARAM [/lio/prob_lio/map_pose_cov_model] by /rosparam-325847
[rosmaster.master][INFO] 2026-08-31 03:25:19,796: +PARAM [/lio/prob_lio/map_cov_storage_precision] by /rosparam-325852
[rosmaster.master][INFO] 2026-08-31 03:25:19,872: +PARAM [/lio/prob_lio/qr_plane_cov_enable] by /rosparam-325857
[rosmaster.master][INFO] 2026-08-31 03:25:19,957: +PARAM [/lio/prob_lio/p2p_weight_mode] by /rosparam-325862
[rosmaster.master][INFO] 2026-08-31 03:25:20,036: +PARAM [/lio/prob_lio/association_mode] by /rosparam-325867
[rosmaster.master][INFO] 2026-08-31 03:25:20,109: +PARAM [/lio/prob_lio/prob_assoc_shadow_enable] by /rosparam-325872
[rosmaster.master][INFO] 2026-08-31 03:25:20,183: +PARAM [/lio/prob_lio/association_pose_cov_model] by /rosparam-325877
[rosmaster.master][INFO] 2026-08-31 03:25:20,257: +PARAM [/lio/prob_lio/association_sensor_cov_model] by /rosparam-325882
[rosmaster.master][INFO] 2026-08-31 03:25:20,332: +PARAM [/lio/offline/out_dir] by /rosparam-325887
[rosmaster.master][INFO] 2026-08-31 03:25:20,774: +PUB [/rosout] /lio_offline http://robot:36405/
[rosmaster.master][INFO] 2026-08-31 03:25:20,774: +SERVICE [/lio_offline/get_loggers] /lio_offline http://robot:36405/
[rosmaster.master][INFO] 2026-08-31 03:25:20,775: +SERVICE [/lio_offline/set_logger_level] /lio_offline http://robot:36405/
[rosmaster.master][INFO] 2026-08-31 03:25:20,787: +PUB [/tf] /lio_offline http://robot:36405/
[rosmaster.master][INFO] 2026-08-31 03:25:20,789: +SUB [/os1_cloud_node1/points] /lio_offline http://robot:36405/
[rosmaster.master][INFO] 2026-08-31 03:25:20,790: +SUB [/imu/imu] /lio_offline http://robot:36405/
[rosmaster.master][INFO] 2026-08-31 03:25:20,790: +PUB [/lio/odom] /lio_offline http://robot:36405/
[rosmaster.master][INFO] 2026-08-31 03:25:20,790: +PUB [/lio/path] /lio_offline http://robot:36405/
[rosmaster.master][INFO] 2026-08-31 03:25:20,791: +PUB [/lio/path_robot] /lio_offline http://robot:36405/
[rosmaster.master][INFO] 2026-08-31 03:25:20,795: +PUB [/os1_cloud_node1/points] /lio_offline http://robot:36405/
[rosmaster.master][INFO] 2026-08-31 03:25:20,795: +PUB [/imu/imu] /lio_offline http://robot:36405/
[rosmaster.master][INFO] 2026-08-31 03:25:20,796: +SUB [/lio/odom] /lio_offline http://robot:36405/
[rosmaster.master][INFO] 2026-08-31 03:25:20,882: publisherUpdate[/os1_cloud_node1/points] -> http://robot:36405/ ['http://robot:36405/']
[rosmaster.master][INFO] 2026-08-31 03:25:20,886: publisherUpdate[/os1_cloud_node1/points] -> http://robot:36405/ ['http://robot:36405/']: sec=0.00, result=[1, '', 0]
[rosmaster.master][INFO] 2026-08-31 03:25:20,887: publisherUpdate[/imu/imu] -> http://robot:36405/ ['http://robot:36405/']
[rosmaster.master][INFO] 2026-08-31 03:25:20,887: publisherUpdate[/imu/imu] -> http://robot:36405/ ['http://robot:36405/']: sec=0.00, result=[1, '', 0]
[rosmaster.master][INFO] 2026-08-31 03:25:21,134: +PUB [/lio/imu/odom] /lio_offline http://robot:36405/
[rosmaster.master][INFO] 2026-08-31 03:25:21,135: +PUB [/lio/robo/odom] /lio_offline http://robot:36405/
[rosmaster.master][INFO] 2026-08-31 03:25:21,157: +PUB [/lio/cloud_world] /lio_offline http://robot:36405/
[rosmaster.master][INFO] 2026-08-31 03:26:13,785: -PUB [/rosout] /lio_offline http://robot:36405/
[rosmaster.master][INFO] 2026-08-31 03:26:13,786: -PUB [/tf] /lio_offline http://robot:36405/
[rosmaster.master][INFO] 2026-08-31 03:26:13,787: -PUB [/lio/odom] /lio_offline http://robot:36405/
[rosmaster.master][INFO] 2026-08-31 03:26:13,787: -PUB [/lio/path] /lio_offline http://robot:36405/
[rosmaster.master][INFO] 2026-08-31 03:26:13,788: -PUB [/lio/path_robot] /lio_offline http://robot:36405/
[rosmaster.master][INFO] 2026-08-31 03:26:13,788: -PUB [/os1_cloud_node1/points] /lio_offline http://robot:36405/
[rosmaster.master][INFO] 2026-08-31 03:26:13,789: publisherUpdate[/lio/odom] -> http://robot:36405/ []
[rosmaster.master][INFO] 2026-08-31 03:26:13,789: -PUB [/imu/imu] /lio_offline http://robot:36405/
[rosmaster.master][INFO] 2026-08-31 03:26:13,790: -PUB [/lio/imu/odom] /lio_offline http://robot:36405/
[rosmaster.master][INFO] 2026-08-31 03:26:13,790: -PUB [/lio/robo/odom] /lio_offline http://robot:36405/
[rosmaster.master][INFO] 2026-08-31 03:26:13,791: -PUB [/lio/cloud_world] /lio_offline http://robot:36405/
[rosmaster.master][INFO] 2026-08-31 03:26:13,791: -SUB [/os1_cloud_node1/points] /lio_offline http://robot:36405/
[rosmaster.master][INFO] 2026-08-31 03:26:13,792: -SUB [/imu/imu] /lio_offline http://robot:36405/
[rosmaster.master][INFO] 2026-08-31 03:26:13,792: -SUB [/lio/odom] /lio_offline http://robot:36405/
[rosmaster.master][INFO] 2026-08-31 03:26:13,793: -SERVICE [/lio_offline/get_loggers] /lio_offline rosrpc://robot:41467
[rosmaster.master][INFO] 2026-08-31 03:26:13,793: -SERVICE [/lio_offline/set_logger_level] /lio_offline rosrpc://robot:41467
[rosmaster.master][INFO] 2026-08-31 03:26:13,795: publisherUpdate[/lio/odom] -> http://robot:36405/ []: sec=0.01, exception=[Errno 111] Connection refused
[rosmaster.threadpool][ERROR] 2026-08-31 03:26:13,796: Traceback (most recent call last):
  File "/opt/ros/noetic/lib/python3/dist-packages/rosmaster/threadpool.py", line 218, in run
    result = cmd(*args)
  File "/opt/ros/noetic/lib/python3/dist-packages/rosmaster/master_api.py", line 210, in publisher_update_task
    ret = xmlrpcapi(api).publisherUpdate('/master', topic, pub_uris)
  File "/usr/lib/python3.8/xmlrpc/client.py", line 1109, in __call__
    return self.__send(self.__name, args)
  File "/usr/lib/python3.8/xmlrpc/client.py", line 1450, in __request
    response = self.__transport.request(
  File "/usr/lib/python3.8/xmlrpc/client.py", line 1153, in request
    return self.single_request(host, handler, request_body, verbose)
  File "/usr/lib/python3.8/xmlrpc/client.py", line 1165, in single_request
    http_conn = self.send_request(host, handler, request_body, verbose)
  File "/usr/lib/python3.8/xmlrpc/client.py", line 1278, in send_request
    self.send_content(connection, request_body)
  File "/usr/lib/python3.8/xmlrpc/client.py", line 1308, in send_content
    connection.endheaders(request_body)
  File "/usr/lib/python3.8/http/client.py", line 1251, in endheaders
    self._send_output(message_body, encode_chunked=encode_chunked)
  File "/usr/lib/python3.8/http/client.py", line 1011, in _send_output
    self.send(msg)
  File "/usr/lib/python3.8/http/client.py", line 951, in send
    self.connect()
  File "/usr/lib/python3.8/http/client.py", line 922, in connect
    self.sock = self._create_connection(
  File "/usr/lib/python3.8/socket.py", line 808, in create_connection
    raise err
  File "/usr/lib/python3.8/socket.py", line 796, in create_connection
    sock.connect(sa)
ConnectionRefusedError: [Errno 111] Connection refused

[rosmaster.master][INFO] 2026-08-31 03:26:13,796: publisherUpdate[/os1_cloud_node1/points] -> http://robot:36405/ []
[rosmaster.master][INFO] 2026-08-31 03:26:13,797: publisherUpdate[/os1_cloud_node1/points] -> http://robot:36405/ []: sec=0.00, exception=[Errno 111] Connection refused
[rosmaster.threadpool][ERROR] 2026-08-31 03:26:13,797: Traceback (most recent call last):
  File "/opt/ros/noetic/lib/python3/dist-packages/rosmaster/threadpool.py", line 218, in run
    result = cmd(*args)
  File "/opt/ros/noetic/lib/python3/dist-packages/rosmaster/master_api.py", line 210, in publisher_update_task
    ret = xmlrpcapi(api).publisherUpdate('/master', topic, pub_uris)
  File "/usr/lib/python3.8/xmlrpc/client.py", line 1109, in __call__
    return self.__send(self.__name, args)
  File "/usr/lib/python3.8/xmlrpc/client.py", line 1450, in __request
    response = self.__transport.request(
  File "/usr/lib/python3.8/xmlrpc/client.py", line 1153, in request
    return self.single_request(host, handler, request_body, verbose)
  File "/usr/lib/python3.8/xmlrpc/client.py", line 1165, in single_request
    http_conn = self.send_request(host, handler, request_body, verbose)
  File "/usr/lib/python3.8/xmlrpc/client.py", line 1278, in send_request
    self.send_content(connection, request_body)
  File "/usr/lib/python3.8/xmlrpc/client.py", line 1308, in send_content
    connection.endheaders(request_body)
  File "/usr/lib/python3.8/http/client.py", line 1251, in endheaders
    self._send_output(message_body, encode_chunked=encode_chunked)
  File "/usr/lib/python3.8/http/client.py", line 1011, in _send_output
    self.send(msg)
  File "/usr/lib/python3.8/http/client.py", line 951, in send
    self.connect()
  File "/usr/lib/python3.8/http/client.py", line 922, in connect
    self.sock = self._create_connection(
  File "/usr/lib/python3.8/socket.py", line 808, in create_connection
    raise err
  File "/usr/lib/python3.8/socket.py", line 796, in create_connection
    sock.connect(sa)
ConnectionRefusedError: [Errno 111] Connection refused

[rosmaster.master][INFO] 2026-08-31 03:26:13,797: publisherUpdate[/imu/imu] -> http://robot:36405/ []
[rosmaster.master][INFO] 2026-08-31 03:26:13,797: publisherUpdate[/imu/imu] -> http://robot:36405/ []: sec=0.00, exception=[Errno 111] Connection refused
[rosmaster.threadpool][ERROR] 2026-08-31 03:26:13,797: Traceback (most recent call last):
  File "/opt/ros/noetic/lib/python3/dist-packages/rosmaster/threadpool.py", line 218, in run
    result = cmd(*args)
  File "/opt/ros/noetic/lib/python3/dist-packages/rosmaster/master_api.py", line 210, in publisher_update_task
    ret = xmlrpcapi(api).publisherUpdate('/master', topic, pub_uris)
  File "/usr/lib/python3.8/xmlrpc/client.py", line 1109, in __call__
    return self.__send(self.__name, args)
  File "/usr/lib/python3.8/xmlrpc/client.py", line 1450, in __request
    response = self.__transport.request(
  File "/usr/lib/python3.8/xmlrpc/client.py", line 1153, in request
    return self.single_request(host, handler, request_body, verbose)
  File "/usr/lib/python3.8/xmlrpc/client.py", line 1165, in single_request
    http_conn = self.send_request(host, handler, request_body, verbose)
  File "/usr/lib/python3.8/xmlrpc/client.py", line 1278, in send_request
    self.send_content(connection, request_body)
  File "/usr/lib/python3.8/xmlrpc/client.py", line 1308, in send_content
    connection.endheaders(request_body)
  File "/usr/lib/python3.8/http/client.py", line 1251, in endheaders
    self._send_output(message_body, encode_chunked=encode_chunked)
  File "/usr/lib/python3.8/http/client.py", line 1011, in _send_output
    self.send(msg)
  File "/usr/lib/python3.8/http/client.py", line 951, in send
    self.connect()
  File "/usr/lib/python3.8/http/client.py", line 922, in connect
    self.sock = self._create_connection(
  File "/usr/lib/python3.8/socket.py", line 808, in create_connection
    raise err
  File "/usr/lib/python3.8/socket.py", line 796, in create_connection
    sock.connect(sa)
ConnectionRefusedError: [Errno 111] Connection refused

