WARNING: Logging before InitGoogleLogging() is written to STDERR
I0831 01:08:18.434804 281030 ROSWrapper.cpp:14] [32m ---> [Param] map/save_map: false[0m
I0831 01:08:18.450254 281030 ROSWrapper.cpp:302] [32m ---> Using Lidar type: UNKNOWN[0m
I0831 01:08:18.456334 281030 super_lio.cpp:89] [32m ---> [SuperLIO]: initialized.[0m
I0831 01:08:18.662545 281030 super_lio.cpp:97] [32m ---> [SuperLIO]: KF init done[0m
I0831 01:08:18.676164 281030 super_lio.cpp:106] [32m ---> [SuperLIO]: Map init done[0m
[P9DBG] lambda obs_iter=1 nc=0 knn=2433
[P9DBG] lambda obs_iter=2 nc=0 knn=1334
[P9DBG] lambda obs_iter=1 nc=0 knn=2410
[P9DBG] lambda obs_iter=2 nc=0 knn=1442
[P9DBG] lambda obs_iter=1 nc=0 knn=2410
[P9DBG] lambda obs_iter=2 nc=0 knn=1488
[P9DBG] lambda obs_iter=3 nc=0 knn=1474
[P9DBG] lambda obs_iter=1 nc=0 knn=2410
[P9DBG] lambda obs_iter=2 nc=0 knn=1551
[P9DBG] lambda obs_iter=1 nc=0 knn=2418
[P9DBG] lambda obs_iter=2 nc=0 knn=1592
[P9DBG] lambda obs_iter=3 nc=0 knn=1589
[P9DBG] lambda obs_iter=1 nc=0 knn=2398
[P9DBG] lambda obs_iter=2 nc=0 knn=1604
[P9DBG] lambda obs_iter=3 nc=0 knn=1591
[P9DBG] lambda obs_iter=1 nc=0 knn=2421
[P9DBG] lambda obs_iter=2 nc=0 knn=1660
[P9DBG] lambda obs_iter=1 nc=0 knn=2431
[P9DBG] lambda obs_iter=2 nc=0 knn=1689
[P9DBG] lambda obs_iter=1 nc=0 knn=2429
[P9DBG] lambda obs_iter=2 nc=0 knn=1712
[P9DBG] lambda obs_iter=1 nc=0 knn=2419
[P9DBG] lambda obs_iter=2 nc=0 knn=1717
[P9DBG] lambda obs_iter=1 nc=0 knn=2423
[P9DBG] lambda obs_iter=2 nc=0 knn=1723
[P9DBG] lambda obs_iter=1 nc=0 knn=2415
[P9DBG] lambda obs_iter=2 nc=0 knn=1730
[P9DBG] lambda obs_iter=1 nc=0 knn=2422
[P9DBG] lambda obs_iter=2 nc=0 knn=1749
[P9DBG] lambda obs_iter=3 nc=0 knn=1746
[P9DBG] lambda obs_iter=1 nc=0 knn=2441
[P9DBG] lambda obs_iter=2 nc=0 knn=1782
[P9DBG] lambda obs_iter=1 nc=0 knn=2430
[P9DBG] lambda obs_iter=2 nc=0 knn=1795
[P9DBG] lambda obs_iter=1 nc=0 knn=2423
[P9DBG] lambda obs_iter=2 nc=0 knn=1798
[P9DBG] lambda obs_iter=3 nc=0 knn=1794
[P9DBG] lambda obs_iter=1 nc=0 knn=2410
[P9DBG] lambda obs_iter=2 nc=0 knn=1800
[P9DBG] lambda obs_iter=1 nc=0 knn=2415
[P9DBG] lambda obs_iter=2 nc=0 knn=1807
[P9DBG] lambda obs_iter=3 nc=0 knn=1806
[P9DBG] lambda obs_iter=1 nc=0 knn=2404
[P9DBG] lambda obs_iter=2 nc=0 knn=1825
[P9DBG] lambda obs_iter=3 nc=0 knn=1819
[P9DBG] lambda obs_iter=1 nc=0 knn=2422
[P9DBG] lambda obs_iter=2 nc=0 knn=1837
[P9DBG] lambda obs_iter=1 nc=0 knn=2424
[P9DBG] lambda obs_iter=2 nc=0 knn=1847
[P9DBG] lambda obs_iter=3 nc=0 knn=1843
[P9DBG] lambda obs_iter=1 nc=0 knn=2418
[P9DBG] lambda obs_iter=2 nc=0 knn=1854
[P9DBG] lambda obs_iter=1 nc=0 knn=2418
[P9DBG] lambda obs_iter=2 nc=0 knn=1850
[P9DBG] lambda obs_iter=1 nc=0 knn=2419
[P9DBG] lambda obs_iter=2 nc=0 knn=1865
[P9DBG] lambda obs_iter=1 nc=0 knn=2416
[P9DBG] lambda obs_iter=2 nc=0 knn=1865
[P9DBG] lambda obs_iter=1 nc=0 knn=2427
[P9DBG] lambda obs_iter=2 nc=0 knn=1869
[P9DBG] lambda obs_iter=3 nc=0 knn=1867
[P9DBG] lambda obs_iter=1 nc=0 knn=2420
[P9DBG] lambda obs_iter=2 nc=0 knn=1875
[P9DBG] lambda obs_iter=1 nc=0 knn=2418
[P9DBG] lambda obs_iter=2 nc=0 knn=1871
[P9DBG] lambda obs_iter=1 nc=0 knn=2428
[P9DBG] lambda obs_iter=2 nc=0 knn=1884
[P9DBG] lambda obs_iter=1 nc=0 knn=2422
[P9DBG] lambda obs_iter=2 nc=0 knn=1883
[P9DBG] lambda obs_iter=1 nc=0 knn=2436
[P9DBG] lambda obs_iter=2 nc=0 knn=1904
[P9DBG] lambda obs_iter=3 nc=0 knn=1903
[P9DBG] lambda obs_iter=1 nc=0 knn=2437
[P9DBG] lambda obs_iter=2 nc=0 knn=1897
[P9DBG] lambda obs_iter=1 nc=0 knn=2405
[P9DBG] lambda obs_iter=2 nc=0 knn=1883
[P9DBG] lambda obs_iter=3 nc=0 knn=1880
[P9DBG] lambda obs_iter=1 nc=0 knn=2412
[P9DBG] lambda obs_iter=2 nc=0 knn=1901
[P9DBG] lambda obs_iter=1 nc=0 knn=2422
[P9DBG] lambda obs_iter=2 nc=0 knn=1902
[P9DBG] lambda obs_iter=1 nc=0 knn=2439
[P9DBG] lambda obs_iter=2 nc=0 knn=1928
[P9DBG] lambda obs_iter=3 nc=0 knn=1925
[P9DBG] lambda obs_iter=1 nc=0 knn=2424
[P9DBG] lambda obs_iter=2 nc=0 knn=1921
[P9DBG] lambda obs_iter=1 nc=0 knn=2415
[P9DBG] lambda obs_iter=2 nc=0 knn=1922
[P9DBG] lambda obs_iter=3 nc=0 knn=1921
[P9DBG] lambda obs_iter=1 nc=0 knn=2413
[P9DBG] lambda obs_iter=2 nc=0 knn=1919
[P9DBG] lambda obs_iter=1 nc=0 knn=2421
[P9DBG] lambda obs_iter=2 nc=0 knn=1921
[P9DBG] lambda obs_iter=3 nc=0 knn=1921
[P9DBG] lambda obs_iter=1 nc=0 knn=2417
[P9DBG] lambda obs_iter=2 nc=0 knn=1919
[P9DBG] lambda obs_iter=1 nc=0 knn=2430
[P9DBG] lambda obs_iter=2 nc=0 knn=1942
[P9DBG] lambda obs_iter=1 nc=0 knn=2436
[P9DBG] lambda obs_iter=2 nc=0 knn=1938
[P9DBG] lambda obs_iter=1 nc=0 knn=2431
[P9DBG] lambda obs_iter=2 nc=0 knn=1948
[P9DBG] lambda obs_iter=3 nc=0 knn=1948
[P9DBG] lambda obs_iter=1 nc=0 knn=2399
[P9DBG] lambda obs_iter=2 nc=0 knn=1925
[P9DBG] lambda obs_iter=1 nc=0 knn=2429
[P9DBG] lambda obs_iter=2 nc=0 knn=1956
[P9DBG] lambda obs_iter=3 nc=0 knn=1952
[P9DBG] lambda obs_iter=1 nc=0 knn=2415
[P9DBG] lambda obs_iter=2 nc=0 knn=1942
[P9DBG] lambda obs_iter=3 nc=0 knn=1941
[P9DBG] lambda obs_iter=1 nc=0 knn=2435
[P9DBG] lambda obs_iter=2 nc=0 knn=1956
[P9DBG] lambda obs_iter=1 nc=0 knn=2437
[P9DBG] lambda obs_iter=2 nc=0 knn=1961
[P9DBG] lambda obs_iter=3 nc=0 knn=1961
[P9DBG] lambda obs_iter=1 nc=0 knn=2419
[P9DBG] lambda obs_iter=2 nc=0 knn=1957
[P9DBG] lambda obs_iter=1 nc=0 knn=2421
[P9DBG] lambda obs_iter=2 nc=0 knn=1957
[P9DBG] lambda obs_iter=1 nc=0 knn=2423
[P9DBG] lambda obs_iter=2 nc=0 knn=1960
[P9DBG] lambda obs_iter=1 nc=0 knn=2427
[P9DBG] lambda obs_iter=2 nc=0 knn=1966
[P9DBG] lambda obs_iter=1 nc=0 knn=2421
[P9DBG] lambda obs_iter=2 nc=0 knn=1961
[P9DBG] lambda obs_iter=1 nc=0 knn=2412
[P9DBG] lambda obs_iter=2 nc=0 knn=1951
[P9DBG] lambda obs_iter=3 nc=0 knn=1948
[P9DBG] lambda obs_iter=1 nc=0 knn=2419
[P9DBG] lambda obs_iter=2 nc=0 knn=1951
[P9DBG] lambda obs_iter=1 nc=0 knn=2413
[P9DBG] lambda obs_iter=2 nc=0 knn=1958
[P9DBG] lambda obs_iter=1 nc=0 knn=2421
[P9DBG] lambda obs_iter=2 nc=0 knn=1970
[P9DBG] lambda obs_iter=3 nc=0 knn=1965
[P9DBG] lambda obs_iter=1 nc=0 knn=2413
[P9DBG] lambda obs_iter=2 nc=0 knn=1963
[P9DBG] lambda obs_iter=3 nc=0 knn=1963
[P9DBG] lambda obs_iter=1 nc=0 knn=2424
[P9DBG] lambda obs_iter=2 nc=0 knn=1982
[P9DBG] lambda obs_iter=3 nc=0 knn=1980
[P9DBG] lambda obs_iter=1 nc=0 knn=2421
[P9DBG] lambda obs_iter=2 nc=0 knn=1979
[P9DBG] lambda obs_iter=1 nc=0 knn=2419
[P9DBG] lambda obs_iter=2 nc=0 knn=1971
[P9DBG] lambda obs_iter=3 nc=0 knn=1969
[P9DBG] lambda obs_iter=1 nc=0 knn=2403
[P9DBG] lambda obs_iter=2 nc=0 knn=1965
[P9DBG] lambda obs_iter=1 nc=0 knn=2415
[P9DBG] lambda obs_iter=2 nc=0 knn=1973
[P9DBG] lambda obs_iter=3 nc=0 knn=1971
[P9DBG] lambda obs_iter=1 nc=0 knn=2402
[P9DBG] lambda obs_iter=2 nc=0 knn=1961
[P9DBG] lambda obs_iter=3 nc=0 knn=1959
[P9DBG] lambda obs_iter=1 nc=0 knn=2412
[P9DBG] lambda obs_iter=2 nc=0 knn=1971
[P9DBG] lambda obs_iter=1 nc=0 knn=2434
[P9DBG] lambda obs_iter=2 nc=0 knn=1994
[P9DBG] lambda obs_iter=1 nc=0 knn=2402
[P9DBG] lambda obs_iter=2 nc=0 knn=1968
[P9DBG] lambda obs_iter=1 nc=0 knn=2419
[P9DBG] lambda obs_iter=2 nc=0 knn=1983
[P9DBG] lambda obs_iter=3 nc=0 knn=1983
[P9DBG] lambda obs_iter=1 nc=0 knn=2418
[P9DBG] lambda obs_iter=2 nc=0 knn=1990
[P9DBG] lambda obs_iter=1 nc=0 knn=2425
[P9DBG] lambda obs_iter=2 nc=0 knn=1989
[P9DBG] lambda obs_iter=1 nc=0 knn=2429
[P9DBG] lambda obs_iter=2 nc=0 knn=1999
[P9DBG] lambda obs_iter=1 nc=0 knn=2422
[P9DBG] lambda obs_iter=2 nc=0 knn=1985
[P9DBG] lambda obs_iter=1 nc=0 knn=2424
[P9DBG] lambda obs_iter=2 nc=0 knn=1989
[P9DBG] lambda obs_iter=1 nc=0 knn=2425
[P9DBG] lambda obs_iter=2 nc=0 knn=2000
[P9DBG] lambda obs_iter=1 nc=0 knn=2443
[P9DBG] lambda obs_iter=2 nc=0 knn=2016
[P9DBG] lambda obs_iter=1 nc=0 knn=2399
[P9DBG] lambda obs_iter=2 nc=0 knn=1981
[P9DBG] lambda obs_iter=1 nc=0 knn=2412
[P9DBG] lambda obs_iter=2 nc=0 knn=1990
[P9DBG] lambda obs_iter=1 nc=0 knn=2410
[P9DBG] lambda obs_iter=2 nc=0 knn=1982
[P9DBG] lambda obs_iter=3 nc=0 knn=1982
[P9DBG] lambda obs_iter=1 nc=0 knn=2420
[P9DBG] lambda obs_iter=2 nc=0 knn=2011
[P9DBG] lambda obs_iter=3 nc=0 knn=2010
[P9DBG] lambda obs_iter=1 nc=0 knn=2421
[P9DBG] lambda obs_iter=2 nc=0 knn=2002
[P9DBG] lambda obs_iter=1 nc=0 knn=2433
[P9DBG] lambda obs_iter=2 nc=0 knn=2010
[P9DBG] lambda obs_iter=1 nc=0 knn=2420
[P9DBG] lambda obs_iter=2 nc=0 knn=2003
[P9DBG] lambda obs_iter=1 nc=0 knn=2414
[P9DBG] lambda obs_iter=2 nc=0 knn=2001
[P9DBG] lambda obs_iter=3 nc=0 knn=2000
[P9DBG] lambda obs_iter=1 nc=0 knn=2422
[P9DBG] lambda obs_iter=2 nc=0 knn=2007
[P9DBG] lambda obs_iter=1 nc=0 knn=2422
[P9DBG] lambda obs_iter=2 nc=0 knn=2007
[P9DBG] lambda obs_iter=3 nc=0 knn=2004
[P9DBG] lambda obs_iter=4 nc=1 knn=2004
[P9DBG] lambda obs_iter=1 nc=0 knn=2435
[P9DBG] lambda obs_iter=2 nc=0 knn=2022
[P9DBG] lambda obs_iter=1 nc=0 knn=2415
[P9DBG] lambda obs_iter=2 nc=0 knn=2004
[P9DBG] lambda obs_iter=1 nc=0 knn=2416
[P9DBG] lambda obs_iter=2 nc=0 knn=2009
[P9DBG] lambda obs_iter=1 nc=0 knn=2424
[P9DBG] lambda obs_iter=2 nc=0 knn=2013
[P9DBG] lambda obs_iter=1 nc=0 knn=2413
[P9DBG] lambda obs_iter=2 nc=0 knn=2014
[P9DBG] lambda obs_iter=1 nc=0 knn=2409
[P9DBG] lambda obs_iter=2 nc=0 knn=2008
[P9DBG] lambda obs_iter=1 nc=0 knn=2421
[P9DBG] lambda obs_iter=2 nc=0 knn=2013
[P9DBG] lambda obs_iter=1 nc=0 knn=2418
[P9DBG] lambda obs_iter=2 nc=0 knn=2024
[P9DBG] lambda obs_iter=3 nc=0 knn=2024
[P9DBG] lambda obs_iter=1 nc=0 knn=2403
[P9DBG] lambda obs_iter=2 nc=0 knn=2005
[P9DBG] lambda obs_iter=3 nc=0 knn=2005
[P9DBG] lambda obs_iter=1 nc=0 knn=2407
[P9DBG] lambda obs_iter=2 nc=0 knn=2012
[P9DBG] lambda obs_iter=1 nc=0 knn=2398
[P9DBG] lambda obs_iter=2 nc=0 knn=2001
[P9DBG] lambda obs_iter=1 nc=0 knn=2403
[P9DBG] lambda obs_iter=2 nc=0 knn=2010
[P9DBG] lambda obs_iter=1 nc=0 knn=2410
[P9DBG] lambda obs_iter=2 nc=0 knn=2021
[P9DBG] lambda obs_iter=1 nc=0 knn=2400
[P9DBG] lambda obs_iter=2 nc=0 knn=2012
[P9DBG] lambda obs_iter=1 nc=0 knn=2395
[P9DBG] lambda obs_iter=2 nc=0 knn=2013
[P9DBG] lambda obs_iter=1 nc=0 knn=2421
[P9DBG] lambda obs_iter=2 nc=0 knn=2038
[P9DBG] lambda obs_iter=1 nc=0 knn=2407
[P9DBG] lambda obs_iter=2 nc=0 knn=2021
[P9DBG] lambda obs_iter=1 nc=0 knn=2407
[P9DBG] lambda obs_iter=2 nc=0 knn=2024
[P9DBG] lambda obs_iter=1 nc=0 knn=2425
[P9DBG] lambda obs_iter=2 nc=0 knn=2034
[P9DBG] lambda obs_iter=3 nc=0 knn=2034
[P9DBG] lambda obs_iter=1 nc=0 knn=2428
[P9DBG] lambda obs_iter=2 nc=0 knn=2041
[P9DBG] lambda obs_iter=1 nc=0 knn=2415
[P9DBG] lambda obs_iter=2 nc=0 knn=2020
[P9DBG] lambda obs_iter=1 nc=0 knn=2427
[P9DBG] lambda obs_iter=2 nc=0 knn=2039
[P9DBG] lambda obs_iter=1 nc=0 knn=2413
[P9DBG] lambda obs_iter=2 nc=0 knn=2041
[P9DBG] lambda obs_iter=3 nc=0 knn=2041
[P9DBG] lambda obs_iter=1 nc=0 knn=2407
[P9DBG] lambda obs_iter=2 nc=0 knn=2031
[P9DBG] lambda obs_iter=1 nc=0 knn=2430
[P9DBG] lambda obs_iter=2 nc=0 knn=2041
[P9DBG] lambda obs_iter=3 nc=0 knn=2040
[P9DBG] lambda obs_iter=4 nc=1 knn=2040
[P9DBG] lambda obs_iter=1 nc=0 knn=2429
[P9DBG] lambda obs_iter=2 nc=0 knn=2050
[P9DBG] lambda obs_iter=3 nc=0 knn=2050
[P9DBG] lambda obs_iter=1 nc=0 knn=2424
[P9DBG] lambda obs_iter=2 nc=0 knn=2048
[P9DBG] lambda obs_iter=1 nc=0 knn=2418
[P9DBG] lambda obs_iter=2 nc=0 knn=2037
[P9DBG] lambda obs_iter=1 nc=0 knn=2426
[P9DBG] lambda obs_iter=2 nc=0 knn=2041
[P9DBG] lambda obs_iter=1 nc=0 knn=2410
[P9DBG] lambda obs_iter=2 nc=0 knn=2034
[P9DBG] lambda obs_iter=1 nc=0 knn=2429
[P9DBG] lambda obs_iter=2 nc=0 knn=2046
[P9DBG] lambda obs_iter=1 nc=0 knn=2434
[P9DBG] lambda obs_iter=2 nc=0 knn=2060
[P9DBG] lambda obs_iter=1 nc=0 knn=2414
[P9DBG] lambda obs_iter=2 nc=0 knn=2048
[P9DBG] lambda obs_iter=1 nc=0 knn=2415
[P9DBG] lambda obs_iter=2 nc=0 knn=2046
[P9DBG] lambda obs_iter=3 nc=0 knn=2046
[P9DBG] lambda obs_iter=1 nc=0 knn=2411
[P9DBG] lambda obs_iter=2 nc=0 knn=2032
[P9DBG] lambda obs_iter=1 nc=0 knn=2429
[P9DBG] lambda obs_iter=2 nc=0 knn=2058
[P9DBG] lambda obs_iter=1 nc=0 knn=2420
[P9DBG] lambda obs_iter=2 nc=0 knn=2047
[P9DBG] lambda obs_iter=1 nc=0 knn=2393
[P9DBG] lambda obs_iter=2 nc=0 knn=2025
[P9DBG] lambda obs_iter=1 nc=0 knn=2408
[P9DBG] lambda obs_iter=2 nc=0 knn=2041
[P9DBG] lambda obs_iter=1 nc=0 knn=2401
[P9DBG] lambda obs_iter=2 nc=0 knn=2032
[P9DBG] lambda obs_iter=1 nc=0 knn=2415
[P9DBG] lambda obs_iter=2 nc=0 knn=2035
[P9DBG] lambda obs_iter=1 nc=0 knn=2416
[P9DBG] lambda obs_iter=2 nc=0 knn=2048
[P9DBG] lambda obs_iter=3 nc=0 knn=2048
[P9DBG] lambda obs_iter=1 nc=0 knn=2424
[P9DBG] lambda obs_iter=2 nc=0 knn=2053
[P9DBG] lambda obs_iter=1 nc=0 knn=2400
[P9DBG] lambda obs_iter=2 nc=0 knn=2027
[P9DBG] lambda obs_iter=3 nc=0 knn=2027
[P9DBG] lambda obs_iter=1 nc=0 knn=2414
[P9DBG] lambda obs_iter=2 nc=0 knn=2044
[P9DBG] lambda obs_iter=1 nc=0 knn=2412
[P9DBG] lambda obs_iter=2 nc=0 knn=2049
[P9DBG] lambda obs_iter=1 nc=0 knn=2403
[P9DBG] lambda obs_iter=2 nc=0 knn=2042
[P9DBG] lambda obs_iter=1 nc=0 knn=2439
[P9DBG] lambda obs_iter=2 nc=0 knn=2067
[P9DBG] lambda obs_iter=1 nc=0 knn=2419
[P9DBG] lambda obs_iter=2 nc=0 knn=2058
[P9DBG] lambda obs_iter=1 nc=0 knn=2432
[P9DBG] lambda obs_iter=2 nc=0 knn=2067
[P9DBG] lambda obs_iter=1 nc=0 knn=2407
[P9DBG] lambda obs_iter=2 nc=0 knn=2048
[P9DBG] lambda obs_iter=1 nc=0 knn=2418
[P9DBG] lambda obs_iter=2 nc=0 knn=2059
[P9DBG] lambda obs_iter=1 nc=0 knn=2436
[P9DBG] lambda obs_iter=2 nc=0 knn=2071
[P9DBG] lambda obs_iter=1 nc=0 knn=2428
[P9DBG] lambda obs_iter=2 nc=0 knn=2070
[P9DBG] lambda obs_iter=1 nc=0 knn=2416
[P9DBG] lambda obs_iter=2 nc=0 knn=2054
[P9DBG] lambda obs_iter=1 nc=0 knn=2417
[P9DBG] lambda obs_iter=2 nc=0 knn=2057
[P9DBG] lambda obs_iter=1 nc=0 knn=2427
[P9DBG] lambda obs_iter=2 nc=0 knn=2066
[P9DBG] lambda obs_iter=1 nc=0 knn=2405
[P9DBG] lambda obs_iter=2 nc=0 knn=2051
[P9DBG] lambda obs_iter=1 nc=0 knn=2398
[P9DBG] lambda obs_iter=2 nc=0 knn=2039
[P9DBG] lambda obs_iter=3 nc=0 knn=2038
[P9DBG] lambda obs_iter=1 nc=0 knn=2415
[P9DBG] lambda obs_iter=2 nc=0 knn=2054
[P9DBG] lambda obs_iter=1 nc=0 knn=2417
[P9DBG] lambda obs_iter=2 nc=0 knn=2062
[P9DBG] lambda obs_iter=1 nc=0 knn=2401
[P9DBG] lambda obs_iter=2 nc=0 knn=2044
[P9DBG] lambda obs_iter=1 nc=0 knn=2408
[P9DBG] lambda obs_iter=2 nc=0 knn=2063
[P9DBG] lambda obs_iter=1 nc=0 knn=2406
[P9DBG] lambda obs_iter=2 nc=0 knn=2049
[P9DBG] lambda obs_iter=3 nc=0 knn=2048
[P9DBG] lambda obs_iter=1 nc=0 knn=2412
[P9DBG] lambda obs_iter=2 nc=0 knn=2068
[P9DBG] lambda obs_iter=1 nc=0 knn=2404
[P9DBG] lambda obs_iter=2 nc=0 knn=2056
[P9DBG] lambda obs_iter=1 nc=0 knn=2412
[P9DBG] lambda obs_iter=2 nc=0 knn=2063
[P9DBG] lambda obs_iter=1 nc=0 knn=2415
[P9DBG] lambda obs_iter=2 nc=0 knn=2065
[P9DBG] lambda obs_iter=1 nc=0 knn=2403
[P9DBG] lambda obs_iter=2 nc=0 knn=2055
[P9DBG] lambda obs_iter=1 nc=0 knn=2420
[P9DBG] lambda obs_iter=2 nc=0 knn=2074
[P9DBG] lambda obs_iter=1 nc=0 knn=2407
[P9DBG] lambda obs_iter=2 nc=0 knn=2066
[P9DBG] lambda obs_iter=1 nc=0 knn=2404
[P9DBG] lambda obs_iter=2 nc=0 knn=2056
[P9DBG] lambda obs_iter=1 nc=0 knn=2427
[P9DBG] lambda obs_iter=2 nc=0 knn=2083
[P9DBG] lambda obs_iter=1 nc=0 knn=2421
[P9DBG] lambda obs_iter=2 nc=0 knn=2075
[P9DBG] lambda obs_iter=1 nc=0 knn=2388
[P9DBG] lambda obs_iter=2 nc=0 knn=2050
[P9DBG] lambda obs_iter=1 nc=0 knn=2415
[P9DBG] lambda obs_iter=2 nc=0 knn=2074
[P9DBG] lambda obs_iter=1 nc=0 knn=2409
[P9DBG] lambda obs_iter=2 nc=0 knn=2064
[P9DBG] lambda obs_iter=3 nc=0 knn=2064
[P9DBG] lambda obs_iter=1 nc=0 knn=2408
[P9DBG] lambda obs_iter=2 nc=0 knn=2068
[P9DBG] lambda obs_iter=1 nc=0 knn=2414
[P9DBG] lambda obs_iter=2 nc=0 knn=2066
[P9DBG] lambda obs_iter=3 nc=0 knn=2065
[P9DBG] lambda obs_iter=1 nc=0 knn=2411
[P9DBG] lambda obs_iter=2 nc=0 knn=2067
[P9DBG] lambda obs_iter=1 nc=0 knn=2409
[P9DBG] lambda obs_iter=2 nc=0 knn=2066
[P9DBG] lambda obs_iter=1 nc=0 knn=2414
[P9DBG] lambda obs_iter=2 nc=0 knn=2063
[P9DBG] lambda obs_iter=3 nc=0 knn=2063
[P9DBG] lambda obs_iter=1 nc=0 knn=2417
[P9DBG] lambda obs_iter=2 nc=0 knn=2073
[P9DBG] lambda obs_iter=1 nc=0 knn=2401
[P9DBG] lambda obs_iter=2 nc=0 knn=2061
[P9DBG] lambda obs_iter=1 nc=0 knn=2409
[P9DBG] lambda obs_iter=2 nc=0 knn=2066
[P9DBG] lambda obs_iter=1 nc=0 knn=2409
[P9DBG] lambda obs_iter=2 nc=0 knn=2074
[P9DBG] lambda obs_iter=1 nc=0 knn=2430
[P9DBG] lambda obs_iter=2 nc=0 knn=2096
[P9DBG] lambda obs_iter=3 nc=0 knn=2096
[P9DBG] lambda obs_iter=1 nc=0 knn=2414
[P9DBG] lambda obs_iter=2 nc=0 knn=2074
[P9DBG] lambda obs_iter=3 nc=0 knn=2073
[P9DBG] lambda obs_iter=4 nc=1 knn=2073
[P9DBG] lambda obs_iter=1 nc=0 knn=2401
[P9DBG] lambda obs_iter=2 nc=0 knn=2060
[P9DBG] lambda obs_iter=3 nc=0 knn=2060
I0831 01:09:12.181962 281030 timer.h:40] >>> ===== Printing run time =====
I0831 01:09:12.182003 281030 timer.h:46] > [ DownSample ] average time usage: 0.376629 ms , called times: 3981
I0831 01:09:12.182036 281030 timer.h:46] > [ Observe ] average time usage: 8.78148 ms , called times: 3981
I0831 01:09:12.182056 281030 timer.h:46] > [ Undistort ] average time usage: 0.566682 ms , called times: 3981
I0831 01:09:12.182075 281030 timer.h:46] > [ UpdateMap ] average time usage: 1.31631 ms , called times: 3981
I0831 01:09:12.182088 281030 super_lio.cpp:1154] [32m ---> [Prob-LIO P3] QR plane cov shadow: attempted: 31334113, valid: 31334113, rank_invalid: 0, nonfinite: 0[0m
I0831 01:09:12.383996 281030 super_lio.cpp:1207] [32m ---> [Prob-LIO P5] shadow frame summaries: 14939 frames -> assoc_shadow_frames.csv[0m
I0831 01:09:12.384056 281030 super_lio.cpp:1236] [32m ---> [Prob-LIO P4] weights attempted: 40829587, valid: 40829587, invalid_nonfinite: 0, invalid_negative: 0; valid w: count=40829587 min=4.18459e-11 max=999.594 mean=741.272 near_ceiling(>999)=244 bins=101452/115634/241811/627932/39742758; plane var min=8.77417e-08 max=2.38972e+10 mean=653.922; point var min=1.48074e-07 max=0.000670626 mean=0.000241396[0m
I0831 01:09:12.384071 281030 super_lio.cpp:1255] [32m ---> [Prob-LIO] pipeline ON (pose model livo2_compat, storage double): cov frames: 3981, points: 13787631, invalid: 0; map cov init inserts: 13881, update inserts: 13787631, hknn cov returns: 198749293, invalid: 0[0m
[offline_node] bag=/home/lc/super_livo/bag/NTU/eee_01/eee_01.bag start_offset=-1.000 duration=-1.000
[offline_node] wrapper subscribers connected
[OfflineReader] view 1609059013.115s..1609059411.798s lidar=3987 imu=153347 other=0 wall=53.439s sensor=398.683s speed=7.460x

=== Offline accounting ===
bag_relevant_messages: 157334
lidar read: 3987   imu read: 153347   other: 0
first/last bag time: 1609059013.114720 / 1609059411.797588
first/last sensor time: 1609059013.114590 / 1609059411.797436
sensor_duration_s: 398.683
wall_processing_s: 53.439
speed_factor: 7.460x
trajectory: /home/lc/super_livo/src/Super-LIO/results/prob_lio/run_20260831_010813/trajectory.tum
