[rosmaster.main][INFO] 2026-08-31 03:26:55,338: initialization complete, waiting for shutdown
[rosmaster.main][INFO] 2026-08-31 03:26:55,338: Starting ROS Master Node
[xmlrpc][INFO] 2026-08-31 03:26:55,340: XML-RPC server binding to 0.0.0.0:11388
[xmlrpc][INFO] 2026-08-31 03:26:55,340: Started XML-RPC server [http://robot:11388/]
[rosmaster.master][INFO] 2026-08-31 03:26:55,341: Master initialized: port[11388], uri[http://robot:11388/]
[xmlrpc][INFO] 2026-08-31 03:26:55,341: xml rpc node: starting XML-RPC server
[rosmaster.master][INFO] 2026-08-31 03:26:58,652: +PARAM [/lio/map/save_map] by /rosparam-326428
[rosmaster.master][INFO] 2026-08-31 03:26:58,653: +PARAM [/lio/map/if_filter] by /rosparam-326428
[rosmaster.master][INFO] 2026-08-31 03:26:58,654: +PARAM [/lio/map/save_map_dir] by /rosparam-326428
[rosmaster.master][INFO] 2026-08-31 03:26:58,656: +PARAM [/lio/map/map_name] by /rosparam-326428
[rosmaster.master][INFO] 2026-08-31 03:26:58,657: +PARAM [/lio/map/ds_size] by /rosparam-326428
[rosmaster.master][INFO] 2026-08-31 03:26:58,657: +PARAM [/lio/map/save_interval] by /rosparam-326428
[rosmaster.master][INFO] 2026-08-31 03:26:58,659: +PARAM [/lio/ros/lidar_topic] by /rosparam-326428
[rosmaster.master][INFO] 2026-08-31 03:26:58,660: +PARAM [/lio/ros/imu_topic] by /rosparam-326428
[rosmaster.master][INFO] 2026-08-31 03:26:58,661: +PARAM [/lio/sensor/lidar_type] by /rosparam-326428
[rosmaster.master][INFO] 2026-08-31 03:26:58,662: +PARAM [/lio/sensor/blind] by /rosparam-326428
[rosmaster.master][INFO] 2026-08-31 03:26:58,663: +PARAM [/lio/sensor/maxrange] by /rosparam-326428
[rosmaster.master][INFO] 2026-08-31 03:26:58,665: +PARAM [/lio/sensor/filter_rate] by /rosparam-326428
[rosmaster.master][INFO] 2026-08-31 03:26:58,666: +PARAM [/lio/sensor/enable_downsample] by /rosparam-326428
[rosmaster.master][INFO] 2026-08-31 03:26:58,667: +PARAM [/lio/sensor/voxel_fliter_size] by /rosparam-326428
[rosmaster.master][INFO] 2026-08-31 03:26:58,668: +PARAM [/lio/sensor/gravity_norm] by /rosparam-326428
[rosmaster.master][INFO] 2026-08-31 03:26:58,669: +PARAM [/lio/sensor/imu_type] by /rosparam-326428
[rosmaster.master][INFO] 2026-08-31 03:26:58,670: +PARAM [/lio/sensor/imu_na] by /rosparam-326428
[rosmaster.master][INFO] 2026-08-31 03:26:58,671: +PARAM [/lio/sensor/imu_ng] by /rosparam-326428
[rosmaster.master][INFO] 2026-08-31 03:26:58,673: +PARAM [/lio/sensor/imu_nba] by /rosparam-326428
[rosmaster.master][INFO] 2026-08-31 03:26:58,673: +PARAM [/lio/sensor/imu_nbg] by /rosparam-326428
[rosmaster.master][INFO] 2026-08-31 03:26:58,674: +PARAM [/lio/sensor/dept_err] by /rosparam-326428
[rosmaster.master][INFO] 2026-08-31 03:26:58,675: +PARAM [/lio/sensor/beam_err] by /rosparam-326428
[rosmaster.master][INFO] 2026-08-31 03:26:58,676: +PARAM [/lio/prob_lio/cov_enable] by /rosparam-326428
[rosmaster.master][INFO] 2026-08-31 03:26:58,677: +PARAM [/lio/prob_lio/map_pose_cov_model] by /rosparam-326428
[rosmaster.master][INFO] 2026-08-31 03:26:58,679: +PARAM [/lio/prob_lio/map_cov_storage_precision] by /rosparam-326428
[rosmaster.master][INFO] 2026-08-31 03:26:58,680: +PARAM [/lio/prob_lio/qr_plane_cov_enable] by /rosparam-326428
[rosmaster.master][INFO] 2026-08-31 03:26:58,681: +PARAM [/lio/prob_lio/p2p_weight_mode] by /rosparam-326428
[rosmaster.master][INFO] 2026-08-31 03:26:58,681: +PARAM [/lio/prob_lio/cov_validation_mode] by /rosparam-326428
[rosmaster.master][INFO] 2026-08-31 03:26:58,683: +PARAM [/lio/prob_lio/association_mode] by /rosparam-326428
[rosmaster.master][INFO] 2026-08-31 03:26:58,684: +PARAM [/lio/prob_lio/assoc_sigma_num] by /rosparam-326428
[rosmaster.master][INFO] 2026-08-31 03:26:58,685: +PARAM [/lio/prob_lio/prob_assoc_shadow_enable] by /rosparam-326428
[rosmaster.master][INFO] 2026-08-31 03:26:58,686: +PARAM [/lio/prob_lio/association_pose_cov_model] by /rosparam-326428
[rosmaster.master][INFO] 2026-08-31 03:26:58,687: +PARAM [/lio/prob_lio/association_sensor_cov_model] by /rosparam-326428
[rosmaster.master][INFO] 2026-08-31 03:26:58,688: +PARAM [/lio/extrinsic/lidar_imu] by /rosparam-326428
[rosmaster.master][INFO] 2026-08-31 03:26:58,690: +PARAM [/lio/extrinsic/odom_robo] by /rosparam-326428
[rosmaster.master][INFO] 2026-08-31 03:26:58,691: +PARAM [/lio/hash_map/hash_capacity] by /rosparam-326428
[rosmaster.master][INFO] 2026-08-31 03:26:58,692: +PARAM [/lio/hash_map/vox_resolution] by /rosparam-326428
[rosmaster.master][INFO] 2026-08-31 03:26:58,693: +PARAM [/lio/kf/kf_type] by /rosparam-326428
[rosmaster.master][INFO] 2026-08-31 03:26:58,694: +PARAM [/lio/kf/kf_max_iterations] by /rosparam-326428
[rosmaster.master][INFO] 2026-08-31 03:26:58,695: +PARAM [/lio/kf/kf_align_gravity] by /rosparam-326428
[rosmaster.master][INFO] 2026-08-31 03:26:58,696: +PARAM [/lio/kf/kf_quit_eps] by /rosparam-326428
[rosmaster.master][INFO] 2026-08-31 03:26:58,698: +PARAM [/lio/output/robot] by /rosparam-326428
[rosmaster.master][INFO] 2026-08-31 03:26:58,699: +PARAM [/lio/output/plan_env_world] by /rosparam-326428
[rosmaster.master][INFO] 2026-08-31 03:26:58,700: +PARAM [/lio/output/plan_env_body] by /rosparam-326428
[rosmaster.master][INFO] 2026-08-31 03:26:58,701: +PARAM [/lio/output/planner] by /rosparam-326428
[rosmaster.master][INFO] 2026-08-31 03:26:58,702: +PARAM [/lio/output/map] by /rosparam-326428
[rosmaster.master][INFO] 2026-08-31 03:26:58,703: +PARAM [/lio/output/dense] by /rosparam-326428
[rosmaster.master][INFO] 2026-08-31 03:26:58,704: +PARAM [/lio/output/pub_step] by /rosparam-326428
[rosmaster.master][INFO] 2026-08-31 03:26:58,705: +PARAM [/lio/eva/timer] by /rosparam-326428
[rosmaster.master][INFO] 2026-08-31 03:26:58,788: +PARAM [/lio/offline/bag] by /rosparam-326479
[rosmaster.master][INFO] 2026-08-31 03:26:58,875: +PARAM [/lio/prob_lio/cov_enable] by /rosparam-326482
[rosmaster.master][INFO] 2026-08-31 03:26:58,969: +PARAM [/lio/prob_lio/cov_validation_mode] by /rosparam-326487
[rosmaster.master][INFO] 2026-08-31 03:26:59,059: +PARAM [/lio/prob_lio/map_pose_cov_model] by /rosparam-326492
[rosmaster.master][INFO] 2026-08-31 03:26:59,152: +PARAM [/lio/prob_lio/map_cov_storage_precision] by /rosparam-326497
[rosmaster.master][INFO] 2026-08-31 03:26:59,250: +PARAM [/lio/prob_lio/qr_plane_cov_enable] by /rosparam-326502
[rosmaster.master][INFO] 2026-08-31 03:26:59,380: +PARAM [/lio/prob_lio/p2p_weight_mode] by /rosparam-326507
[rosmaster.master][INFO] 2026-08-31 03:26:59,487: +PARAM [/lio/prob_lio/association_mode] by /rosparam-326512
[rosmaster.master][INFO] 2026-08-31 03:26:59,575: +PARAM [/lio/prob_lio/prob_assoc_shadow_enable] by /rosparam-326517
[rosmaster.master][INFO] 2026-08-31 03:26:59,656: +PARAM [/lio/prob_lio/association_pose_cov_model] by /rosparam-326522
[rosmaster.master][INFO] 2026-08-31 03:26:59,736: +PARAM [/lio/prob_lio/association_sensor_cov_model] by /rosparam-326527
[rosmaster.master][INFO] 2026-08-31 03:26:59,818: +PARAM [/lio/offline/out_dir] by /rosparam-326532
[rosmaster.master][INFO] 2026-08-31 03:27:00,173: +PUB [/rosout] /lio_offline http://robot:37703/
[rosmaster.master][INFO] 2026-08-31 03:27:00,173: +SERVICE [/lio_offline/get_loggers] /lio_offline http://robot:37703/
[rosmaster.master][INFO] 2026-08-31 03:27:00,174: +SERVICE [/lio_offline/set_logger_level] /lio_offline http://robot:37703/
[rosmaster.master][INFO] 2026-08-31 03:27:00,183: +PUB [/tf] /lio_offline http://robot:37703/
[rosmaster.master][INFO] 2026-08-31 03:27:00,184: +SUB [/os1_cloud_node1/points] /lio_offline http://robot:37703/
[rosmaster.master][INFO] 2026-08-31 03:27:00,185: +SUB [/imu/imu] /lio_offline http://robot:37703/
[rosmaster.master][INFO] 2026-08-31 03:27:00,185: +PUB [/lio/odom] /lio_offline http://robot:37703/
[rosmaster.master][INFO] 2026-08-31 03:27:00,185: +PUB [/lio/path] /lio_offline http://robot:37703/
[rosmaster.master][INFO] 2026-08-31 03:27:00,186: +PUB [/lio/path_robot] /lio_offline http://robot:37703/
[rosmaster.master][INFO] 2026-08-31 03:27:00,189: +PUB [/os1_cloud_node1/points] /lio_offline http://robot:37703/
[rosmaster.master][INFO] 2026-08-31 03:27:00,189: +PUB [/imu/imu] /lio_offline http://robot:37703/
[rosmaster.master][INFO] 2026-08-31 03:27:00,190: +SUB [/lio/odom] /lio_offline http://robot:37703/
[rosmaster.master][INFO] 2026-08-31 03:27:00,246: publisherUpdate[/os1_cloud_node1/points] -> http://robot:37703/ ['http://robot:37703/']
[rosmaster.master][INFO] 2026-08-31 03:27:00,250: publisherUpdate[/os1_cloud_node1/points] -> http://robot:37703/ ['http://robot:37703/']: sec=0.00, result=[1, '', 0]
[rosmaster.master][INFO] 2026-08-31 03:27:00,250: publisherUpdate[/imu/imu] -> http://robot:37703/ ['http://robot:37703/']
[rosmaster.master][INFO] 2026-08-31 03:27:00,251: publisherUpdate[/imu/imu] -> http://robot:37703/ ['http://robot:37703/']: sec=0.00, result=[1, '', 0]
[rosmaster.master][INFO] 2026-08-31 03:27:00,450: +PUB [/lio/imu/odom] /lio_offline http://robot:37703/
[rosmaster.master][INFO] 2026-08-31 03:27:00,450: +PUB [/lio/robo/odom] /lio_offline http://robot:37703/
[rosmaster.master][INFO] 2026-08-31 03:27:00,467: +PUB [/lio/cloud_world] /lio_offline http://robot:37703/
[rosmaster.master][INFO] 2026-08-31 03:27:55,070: -PUB [/rosout] /lio_offline http://robot:37703/
[rosmaster.master][INFO] 2026-08-31 03:27:55,071: -PUB [/tf] /lio_offline http://robot:37703/
[rosmaster.master][INFO] 2026-08-31 03:27:55,072: -PUB [/lio/odom] /lio_offline http://robot:37703/
[rosmaster.master][INFO] 2026-08-31 03:27:55,072: -PUB [/lio/path] /lio_offline http://robot:37703/
[rosmaster.master][INFO] 2026-08-31 03:27:55,073: -PUB [/lio/path_robot] /lio_offline http://robot:37703/
[rosmaster.master][INFO] 2026-08-31 03:27:55,073: -PUB [/os1_cloud_node1/points] /lio_offline http://robot:37703/
[rosmaster.master][INFO] 2026-08-31 03:27:55,073: -PUB [/imu/imu] /lio_offline http://robot:37703/
[rosmaster.master][INFO] 2026-08-31 03:27:55,074: -PUB [/lio/imu/odom] /lio_offline http://robot:37703/
[rosmaster.master][INFO] 2026-08-31 03:27:55,074: -PUB [/lio/robo/odom] /lio_offline http://robot:37703/
[rosmaster.master][INFO] 2026-08-31 03:27:55,075: -PUB [/lio/cloud_world] /lio_offline http://robot:37703/
[rosmaster.master][INFO] 2026-08-31 03:27:55,075: publisherUpdate[/lio/odom] -> http://robot:37703/ []
[rosmaster.master][INFO] 2026-08-31 03:27:55,075: -SUB [/os1_cloud_node1/points] /lio_offline http://robot:37703/
[rosmaster.master][INFO] 2026-08-31 03:27:55,076: -SUB [/imu/imu] /lio_offline http://robot:37703/
[rosmaster.master][INFO] 2026-08-31 03:27:55,076: -SUB [/lio/odom] /lio_offline http://robot:37703/
[rosmaster.master][INFO] 2026-08-31 03:27:55,077: -SERVICE [/lio_offline/get_loggers] /lio_offline rosrpc://robot:60421
[rosmaster.master][INFO] 2026-08-31 03:27:55,077: -SERVICE [/lio_offline/set_logger_level] /lio_offline rosrpc://robot:60421
[rosmaster.master][INFO] 2026-08-31 03:27:55,080: publisherUpdate[/lio/odom] -> http://robot:37703/ []: sec=0.01, exception=[Errno 111] Connection refused
[rosmaster.threadpool][ERROR] 2026-08-31 03:27:55,082: Traceback (most recent call last):
  File "/opt/ros/noetic/lib/python3/dist-packages/rosmaster/threadpool.py", line 218, in run
    result = cmd(*args)
  File "/opt/ros/noetic/lib/python3/dist-packages/rosmaster/master_api.py", line 210, in publisher_update_task
    ret = xmlrpcapi(api).publisherUpdate('/master', topic, pub_uris)
  File "/usr/lib/python3.8/xmlrpc/client.py", line 1109, in __call__
    return self.__send(self.__name, args)
  File "/usr/lib/python3.8/xmlrpc/client.py", line 1450, in __request
    response = self.__transport.request(
  File "/usr/lib/python3.8/xmlrpc/client.py", line 1153, in request
    return self.single_request(host, handler, request_body, verbose)
  File "/usr/lib/python3.8/xmlrpc/client.py", line 1165, in single_request
    http_conn = self.send_request(host, handler, request_body, verbose)
  File "/usr/lib/python3.8/xmlrpc/client.py", line 1278, in send_request
    self.send_content(connection, request_body)
  File "/usr/lib/python3.8/xmlrpc/client.py", line 1308, in send_content
    connection.endheaders(request_body)
  File "/usr/lib/python3.8/http/client.py", line 1251, in endheaders
    self._send_output(message_body, encode_chunked=encode_chunked)
  File "/usr/lib/python3.8/http/client.py", line 1011, in _send_output
    self.send(msg)
  File "/usr/lib/python3.8/http/client.py", line 951, in send
    self.connect()
  File "/usr/lib/python3.8/http/client.py", line 922, in connect
    self.sock = self._create_connection(
  File "/usr/lib/python3.8/socket.py", line 808, in create_connection
    raise err
  File "/usr/lib/python3.8/socket.py", line 796, in create_connection
    sock.connect(sa)
ConnectionRefusedError: [Errno 111] Connection refused

[rosmaster.master][INFO] 2026-08-31 03:27:55,082: publisherUpdate[/os1_cloud_node1/points] -> http://robot:37703/ []
[rosmaster.master][INFO] 2026-08-31 03:27:55,083: publisherUpdate[/os1_cloud_node1/points] -> http://robot:37703/ []: sec=0.00, exception=[Errno 111] Connection refused
[rosmaster.threadpool][ERROR] 2026-08-31 03:27:55,083: Traceback (most recent call last):
  File "/opt/ros/noetic/lib/python3/dist-packages/rosmaster/threadpool.py", line 218, in run
    result = cmd(*args)
  File "/opt/ros/noetic/lib/python3/dist-packages/rosmaster/master_api.py", line 210, in publisher_update_task
    ret = xmlrpcapi(api).publisherUpdate('/master', topic, pub_uris)
  File "/usr/lib/python3.8/xmlrpc/client.py", line 1109, in __call__
    return self.__send(self.__name, args)
  File "/usr/lib/python3.8/xmlrpc/client.py", line 1450, in __request
    response = self.__transport.request(
  File "/usr/lib/python3.8/xmlrpc/client.py", line 1153, in request
    return self.single_request(host, handler, request_body, verbose)
  File "/usr/lib/python3.8/xmlrpc/client.py", line 1165, in single_request
    http_conn = self.send_request(host, handler, request_body, verbose)
  File "/usr/lib/python3.8/xmlrpc/client.py", line 1278, in send_request
    self.send_content(connection, request_body)
  File "/usr/lib/python3.8/xmlrpc/client.py", line 1308, in send_content
    connection.endheaders(request_body)
  File "/usr/lib/python3.8/http/client.py", line 1251, in endheaders
    self._send_output(message_body, encode_chunked=encode_chunked)
  File "/usr/lib/python3.8/http/client.py", line 1011, in _send_output
    self.send(msg)
  File "/usr/lib/python3.8/http/client.py", line 951, in send
    self.connect()
  File "/usr/lib/python3.8/http/client.py", line 922, in connect
    self.sock = self._create_connection(
  File "/usr/lib/python3.8/socket.py", line 808, in create_connection
    raise err
  File "/usr/lib/python3.8/socket.py", line 796, in create_connection
    sock.connect(sa)
ConnectionRefusedError: [Errno 111] Connection refused

[rosmaster.master][INFO] 2026-08-31 03:27:55,083: publisherUpdate[/imu/imu] -> http://robot:37703/ []
[rosmaster.master][INFO] 2026-08-31 03:27:55,083: publisherUpdate[/imu/imu] -> http://robot:37703/ []: sec=0.00, exception=[Errno 111] Connection refused
[rosmaster.threadpool][ERROR] 2026-08-31 03:27:55,084: Traceback (most recent call last):
  File "/opt/ros/noetic/lib/python3/dist-packages/rosmaster/threadpool.py", line 218, in run
    result = cmd(*args)
  File "/opt/ros/noetic/lib/python3/dist-packages/rosmaster/master_api.py", line 210, in publisher_update_task
    ret = xmlrpcapi(api).publisherUpdate('/master', topic, pub_uris)
  File "/usr/lib/python3.8/xmlrpc/client.py", line 1109, in __call__
    return self.__send(self.__name, args)
  File "/usr/lib/python3.8/xmlrpc/client.py", line 1450, in __request
    response = self.__transport.request(
  File "/usr/lib/python3.8/xmlrpc/client.py", line 1153, in request
    return self.single_request(host, handler, request_body, verbose)
  File "/usr/lib/python3.8/xmlrpc/client.py", line 1165, in single_request
    http_conn = self.send_request(host, handler, request_body, verbose)
  File "/usr/lib/python3.8/xmlrpc/client.py", line 1278, in send_request
    self.send_content(connection, request_body)
  File "/usr/lib/python3.8/xmlrpc/client.py", line 1308, in send_content
    connection.endheaders(request_body)
  File "/usr/lib/python3.8/http/client.py", line 1251, in endheaders
    self._send_output(message_body, encode_chunked=encode_chunked)
  File "/usr/lib/python3.8/http/client.py", line 1011, in _send_output
    self.send(msg)
  File "/usr/lib/python3.8/http/client.py", line 951, in send
    self.connect()
  File "/usr/lib/python3.8/http/client.py", line 922, in connect
    self.sock = self._create_connection(
  File "/usr/lib/python3.8/socket.py", line 808, in create_connection
    raise err
  File "/usr/lib/python3.8/socket.py", line 796, in create_connection
    sock.connect(sa)
ConnectionRefusedError: [Errno 111] Connection refused

