WARNING: Logging before InitGoogleLogging() is written to STDERR
I0830 21:55:07.606004 156634 ROSWrapper.cpp:14] [32m ---> [Param] map/save_map: false[0m
I0830 21:55:07.616340 156634 ROSWrapper.cpp:275] [32m ---> Using Lidar type: UNKNOWN[0m
I0830 21:55:07.622833 156634 super_lio.cpp:85] [32m ---> [SuperLIO]: initialized.[0m
I0830 21:55:07.884301 156634 super_lio.cpp:93] [32m ---> [SuperLIO]: KF init done[0m
I0830 21:55:07.895172 156634 super_lio.cpp:102] [32m ---> [SuperLIO]: Map init done[0m
I0830 21:55:53.779277 156634 timer.h:40] >>> ===== Printing run time =====
I0830 21:55:53.779316 156634 timer.h:46] > [ DownSample ] average time usage: 0.376467 ms , called times: 3981
I0830 21:55:53.779343 156634 timer.h:46] > [ Observe ] average time usage: 6.57268 ms , called times: 3981
I0830 21:55:53.779358 156634 timer.h:46] > [ Undistort ] average time usage: 0.572242 ms , called times: 3981
I0830 21:55:53.779376 156634 timer.h:46] > [ UpdateMap ] average time usage: 1.34071 ms , called times: 3981
I0830 21:55:53.779387 156634 super_lio.cpp:800] [32m ---> [Prob-LIO P3] QR plane cov shadow: attempted: 30998017, valid: 30998017, rank_invalid: 0, nonfinite: 0[0m
I0830 21:55:53.779398 156634 super_lio.cpp:834] [32m ---> [Prob-LIO] pipeline ON (pose model livo2_compat, storage double): cov frames: 3981, points: 13787537, invalid: 0; map cov init inserts: 13881, update inserts: 13787537, hknn cov returns: 198829172, invalid: 0[0m
[offline_node] bag=/home/lc/super_livo/bag/NTU/eee_01/eee_01.bag start_offset=-1.000 duration=-1.000
[offline_node] wrapper subscribers connected
[OfflineReader] view 1609059013.115s..1609059411.798s lidar=3987 imu=153347 other=0 wall=45.829s sensor=398.683s speed=8.699x

=== Offline accounting ===
bag_relevant_messages: 157334
lidar read: 3987   imu read: 153347   other: 0
first/last bag time: 1609059013.114720 / 1609059411.797588
first/last sensor time: 1609059013.114590 / 1609059411.797436
sensor_duration_s: 398.683
wall_processing_s: 45.829
speed_factor: 8.699x
trajectory: /home/lc/super_livo/src/Super-LIO/results/prob_lio/run_20260830_215502/trajectory.tum
