WARNING: Logging before InitGoogleLogging() is written to STDERR
I0830 21:24:31.245987 145453 ROSWrapper.cpp:14] [32m ---> [Param] map/save_map: false[0m
I0830 21:24:31.258234 145453 ROSWrapper.cpp:269] [32m ---> Using Lidar type: UNKNOWN[0m
I0830 21:24:31.262650 145453 super_lio.cpp:85] [32m ---> [SuperLIO]: initialized.[0m
I0830 21:24:31.458645 145453 super_lio.cpp:93] [32m ---> [SuperLIO]: KF init done[0m
I0830 21:24:31.471143 145453 super_lio.cpp:102] [32m ---> [SuperLIO]: Map init done[0m
I0830 21:25:07.663410 145453 timer.h:40] >>> ===== Printing run time =====
I0830 21:25:07.663446 145453 timer.h:46] > [ DownSample ] average time usage: 0.210898 ms , called times: 3981
I0830 21:25:07.663470 145453 timer.h:46] > [ Observe ] average time usage: 4.47248 ms , called times: 3981
I0830 21:25:07.663486 145453 timer.h:46] > [ Undistort ] average time usage: 0.293116 ms , called times: 3981
I0830 21:25:07.663501 145453 timer.h:46] > [ UpdateMap ] average time usage: 2.79476 ms , called times: 3981
I0830 21:25:07.663509 145453 super_lio.cpp:793] [32m ---> [Prob-LIO P3] QR plane cov shadow: attempted: 31334113, valid: 31334113, rank_invalid: 0, nonfinite: 0[0m
I0830 21:25:07.663519 145453 super_lio.cpp:808] [32m ---> [Prob-LIO P4] weights attempted: 40829587, valid: 40829587, invalid_nonfinite: 0, invalid_negative: 0; valid w: count=40829587 min=4.18459e-11 max=999.594 mean=741.272 near_ceiling(>999)=244 bins=101452/115634/241811/627932/39742758; plane var min=8.77417e-08 max=2.38972e+10 mean=653.922; point var min=1.48074e-07 max=0.000670626 mean=0.000241396[0m
I0830 21:25:07.663534 145453 super_lio.cpp:827] [32m ---> [Prob-LIO] pipeline ON (pose model livo2_compat, storage double): cov frames: 3981, points: 13787631, invalid: 0; map cov init inserts: 13881, update inserts: 13787631, hknn cov returns: 198749293, invalid: 0[0m
[offline_node] bag=/home/lc/super_livo/bag/NTU/eee_01/eee_01.bag start_offset=-1.000 duration=-1.000
[offline_node] wrapper subscribers connected
[OfflineReader] view 1609059013.115s..1609059411.798s lidar=3987 imu=153347 other=0 wall=36.146s sensor=398.683s speed=11.030x

=== Offline accounting ===
bag_relevant_messages: 157334
lidar read: 3987   imu read: 153347   other: 0
first/last bag time: 1609059013.114720 / 1609059411.797588
first/last sensor time: 1609059013.114590 / 1609059411.797436
sensor_duration_s: 398.683
wall_processing_s: 36.146
speed_factor: 11.030x
trajectory: /home/lc/super_livo/src/Super-LIO/results/prob_lio/run_20260830_212425/trajectory.tum
