[rosmaster.main][INFO] 2026-08-31 02:36:55,828: initialization complete, waiting for shutdown
[rosmaster.main][INFO] 2026-08-31 02:36:55,828: Starting ROS Master Node
[xmlrpc][INFO] 2026-08-31 02:36:55,830: XML-RPC server binding to 0.0.0.0:11352
[xmlrpc][INFO] 2026-08-31 02:36:55,830: Started XML-RPC server [http://robot:11352/]
[rosmaster.master][INFO] 2026-08-31 02:36:55,831: Master initialized: port[11352], uri[http://robot:11352/]
[xmlrpc][INFO] 2026-08-31 02:36:55,831: xml rpc node: starting XML-RPC server
[rosmaster.master][INFO] 2026-08-31 02:36:59,129: +PARAM [/lio/map/save_map] by /rosparam-308805
[rosmaster.master][INFO] 2026-08-31 02:36:59,131: +PARAM [/lio/map/if_filter] by /rosparam-308805
[rosmaster.master][INFO] 2026-08-31 02:36:59,132: +PARAM [/lio/map/save_map_dir] by /rosparam-308805
[rosmaster.master][INFO] 2026-08-31 02:36:59,133: +PARAM [/lio/map/map_name] by /rosparam-308805
[rosmaster.master][INFO] 2026-08-31 02:36:59,134: +PARAM [/lio/map/ds_size] by /rosparam-308805
[rosmaster.master][INFO] 2026-08-31 02:36:59,135: +PARAM [/lio/map/save_interval] by /rosparam-308805
[rosmaster.master][INFO] 2026-08-31 02:36:59,136: +PARAM [/lio/ros/lidar_topic] by /rosparam-308805
[rosmaster.master][INFO] 2026-08-31 02:36:59,137: +PARAM [/lio/ros/imu_topic] by /rosparam-308805
[rosmaster.master][INFO] 2026-08-31 02:36:59,139: +PARAM [/lio/sensor/lidar_type] by /rosparam-308805
[rosmaster.master][INFO] 2026-08-31 02:36:59,140: +PARAM [/lio/sensor/blind] by /rosparam-308805
[rosmaster.master][INFO] 2026-08-31 02:36:59,141: +PARAM [/lio/sensor/maxrange] by /rosparam-308805
[rosmaster.master][INFO] 2026-08-31 02:36:59,142: +PARAM [/lio/sensor/filter_rate] by /rosparam-308805
[rosmaster.master][INFO] 2026-08-31 02:36:59,143: +PARAM [/lio/sensor/enable_downsample] by /rosparam-308805
[rosmaster.master][INFO] 2026-08-31 02:36:59,144: +PARAM [/lio/sensor/voxel_fliter_size] by /rosparam-308805
[rosmaster.master][INFO] 2026-08-31 02:36:59,145: +PARAM [/lio/sensor/gravity_norm] by /rosparam-308805
[rosmaster.master][INFO] 2026-08-31 02:36:59,146: +PARAM [/lio/sensor/imu_type] by /rosparam-308805
[rosmaster.master][INFO] 2026-08-31 02:36:59,147: +PARAM [/lio/sensor/imu_na] by /rosparam-308805
[rosmaster.master][INFO] 2026-08-31 02:36:59,148: +PARAM [/lio/sensor/imu_ng] by /rosparam-308805
[rosmaster.master][INFO] 2026-08-31 02:36:59,149: +PARAM [/lio/sensor/imu_nba] by /rosparam-308805
[rosmaster.master][INFO] 2026-08-31 02:36:59,150: +PARAM [/lio/sensor/imu_nbg] by /rosparam-308805
[rosmaster.master][INFO] 2026-08-31 02:36:59,151: +PARAM [/lio/sensor/dept_err] by /rosparam-308805
[rosmaster.master][INFO] 2026-08-31 02:36:59,152: +PARAM [/lio/sensor/beam_err] by /rosparam-308805
[rosmaster.master][INFO] 2026-08-31 02:36:59,153: +PARAM [/lio/prob_lio/cov_enable] by /rosparam-308805
[rosmaster.master][INFO] 2026-08-31 02:36:59,153: +PARAM [/lio/prob_lio/map_pose_cov_model] by /rosparam-308805
[rosmaster.master][INFO] 2026-08-31 02:36:59,154: +PARAM [/lio/prob_lio/map_cov_storage_precision] by /rosparam-308805
[rosmaster.master][INFO] 2026-08-31 02:36:59,155: +PARAM [/lio/prob_lio/qr_plane_cov_enable] by /rosparam-308805
[rosmaster.master][INFO] 2026-08-31 02:36:59,156: +PARAM [/lio/prob_lio/p2p_weight_mode] by /rosparam-308805
[rosmaster.master][INFO] 2026-08-31 02:36:59,157: +PARAM [/lio/prob_lio/cov_validation_mode] by /rosparam-308805
[rosmaster.master][INFO] 2026-08-31 02:36:59,158: +PARAM [/lio/prob_lio/association_mode] by /rosparam-308805
[rosmaster.master][INFO] 2026-08-31 02:36:59,159: +PARAM [/lio/prob_lio/assoc_sigma_num] by /rosparam-308805
[rosmaster.master][INFO] 2026-08-31 02:36:59,160: +PARAM [/lio/prob_lio/prob_assoc_shadow_enable] by /rosparam-308805
[rosmaster.master][INFO] 2026-08-31 02:36:59,161: +PARAM [/lio/prob_lio/association_pose_cov_model] by /rosparam-308805
[rosmaster.master][INFO] 2026-08-31 02:36:59,162: +PARAM [/lio/prob_lio/association_sensor_cov_model] by /rosparam-308805
[rosmaster.master][INFO] 2026-08-31 02:36:59,163: +PARAM [/lio/extrinsic/lidar_imu] by /rosparam-308805
[rosmaster.master][INFO] 2026-08-31 02:36:59,164: +PARAM [/lio/extrinsic/odom_robo] by /rosparam-308805
[rosmaster.master][INFO] 2026-08-31 02:36:59,165: +PARAM [/lio/hash_map/hash_capacity] by /rosparam-308805
[rosmaster.master][INFO] 2026-08-31 02:36:59,166: +PARAM [/lio/hash_map/vox_resolution] by /rosparam-308805
[rosmaster.master][INFO] 2026-08-31 02:36:59,167: +PARAM [/lio/kf/kf_type] by /rosparam-308805
[rosmaster.master][INFO] 2026-08-31 02:36:59,168: +PARAM [/lio/kf/kf_max_iterations] by /rosparam-308805
[rosmaster.master][INFO] 2026-08-31 02:36:59,169: +PARAM [/lio/kf/kf_align_gravity] by /rosparam-308805
[rosmaster.master][INFO] 2026-08-31 02:36:59,169: +PARAM [/lio/kf/kf_quit_eps] by /rosparam-308805
[rosmaster.master][INFO] 2026-08-31 02:36:59,170: +PARAM [/lio/output/robot] by /rosparam-308805
[rosmaster.master][INFO] 2026-08-31 02:36:59,171: +PARAM [/lio/output/plan_env_world] by /rosparam-308805
[rosmaster.master][INFO] 2026-08-31 02:36:59,172: +PARAM [/lio/output/plan_env_body] by /rosparam-308805
[rosmaster.master][INFO] 2026-08-31 02:36:59,172: +PARAM [/lio/output/planner] by /rosparam-308805
[rosmaster.master][INFO] 2026-08-31 02:36:59,173: +PARAM [/lio/output/map] by /rosparam-308805
[rosmaster.master][INFO] 2026-08-31 02:36:59,174: +PARAM [/lio/output/dense] by /rosparam-308805
[rosmaster.master][INFO] 2026-08-31 02:36:59,175: +PARAM [/lio/output/pub_step] by /rosparam-308805
[rosmaster.master][INFO] 2026-08-31 02:36:59,176: +PARAM [/lio/eva/timer] by /rosparam-308805
[rosmaster.master][INFO] 2026-08-31 02:36:59,258: +PARAM [/lio/offline/bag] by /rosparam-308856
[rosmaster.master][INFO] 2026-08-31 02:36:59,336: +PARAM [/lio/prob_lio/cov_enable] by /rosparam-308859
[rosmaster.master][INFO] 2026-08-31 02:36:59,414: +PARAM [/lio/prob_lio/cov_validation_mode] by /rosparam-308864
[rosmaster.master][INFO] 2026-08-31 02:36:59,492: +PARAM [/lio/prob_lio/map_pose_cov_model] by /rosparam-308869
[rosmaster.master][INFO] 2026-08-31 02:36:59,567: +PARAM [/lio/prob_lio/map_cov_storage_precision] by /rosparam-308874
[rosmaster.master][INFO] 2026-08-31 02:36:59,652: +PARAM [/lio/prob_lio/qr_plane_cov_enable] by /rosparam-308879
[rosmaster.master][INFO] 2026-08-31 02:36:59,737: +PARAM [/lio/prob_lio/p2p_weight_mode] by /rosparam-308884
[rosmaster.master][INFO] 2026-08-31 02:36:59,816: +PARAM [/lio/prob_lio/association_mode] by /rosparam-308889
[rosmaster.master][INFO] 2026-08-31 02:36:59,890: +PARAM [/lio/prob_lio/prob_assoc_shadow_enable] by /rosparam-308894
[rosmaster.master][INFO] 2026-08-31 02:36:59,975: +PARAM [/lio/prob_lio/association_pose_cov_model] by /rosparam-308899
[rosmaster.master][INFO] 2026-08-31 02:37:00,059: +PARAM [/lio/prob_lio/association_sensor_cov_model] by /rosparam-308904
[rosmaster.master][INFO] 2026-08-31 02:37:00,143: +PARAM [/lio/offline/out_dir] by /rosparam-308909
[rosmaster.master][INFO] 2026-08-31 02:37:00,506: +PUB [/rosout] /lio_offline http://robot:45337/
[rosmaster.master][INFO] 2026-08-31 02:37:00,506: +SERVICE [/lio_offline/get_loggers] /lio_offline http://robot:45337/
[rosmaster.master][INFO] 2026-08-31 02:37:00,507: +SERVICE [/lio_offline/set_logger_level] /lio_offline http://robot:45337/
[rosmaster.master][INFO] 2026-08-31 02:37:00,519: +PUB [/tf] /lio_offline http://robot:45337/
[rosmaster.master][INFO] 2026-08-31 02:37:00,520: +SUB [/os1_cloud_node1/points] /lio_offline http://robot:45337/
[rosmaster.master][INFO] 2026-08-31 02:37:00,522: +SUB [/imu/imu] /lio_offline http://robot:45337/
[rosmaster.master][INFO] 2026-08-31 02:37:00,522: +PUB [/lio/odom] /lio_offline http://robot:45337/
[rosmaster.master][INFO] 2026-08-31 02:37:00,522: +PUB [/lio/path] /lio_offline http://robot:45337/
[rosmaster.master][INFO] 2026-08-31 02:37:00,522: +PUB [/lio/path_robot] /lio_offline http://robot:45337/
[rosmaster.master][INFO] 2026-08-31 02:37:00,527: +PUB [/os1_cloud_node1/points] /lio_offline http://robot:45337/
[rosmaster.master][INFO] 2026-08-31 02:37:00,527: +PUB [/imu/imu] /lio_offline http://robot:45337/
[rosmaster.master][INFO] 2026-08-31 02:37:00,530: +SUB [/lio/odom] /lio_offline http://robot:45337/
[rosmaster.master][INFO] 2026-08-31 02:37:00,536: publisherUpdate[/os1_cloud_node1/points] -> http://robot:45337/ ['http://robot:45337/']
[rosmaster.master][INFO] 2026-08-31 02:37:00,539: publisherUpdate[/os1_cloud_node1/points] -> http://robot:45337/ ['http://robot:45337/']: sec=0.00, result=[1, '', 0]
[rosmaster.master][INFO] 2026-08-31 02:37:00,539: publisherUpdate[/imu/imu] -> http://robot:45337/ ['http://robot:45337/']
[rosmaster.master][INFO] 2026-08-31 02:37:00,539: publisherUpdate[/imu/imu] -> http://robot:45337/ ['http://robot:45337/']: sec=0.00, result=[1, '', 0]
[rosmaster.master][INFO] 2026-08-31 02:37:00,771: +PUB [/lio/imu/odom] /lio_offline http://robot:45337/
[rosmaster.master][INFO] 2026-08-31 02:37:00,771: +PUB [/lio/robo/odom] /lio_offline http://robot:45337/
[rosmaster.master][INFO] 2026-08-31 02:37:00,790: +PUB [/lio/cloud_world] /lio_offline http://robot:45337/
[rosmaster.master][INFO] 2026-08-31 02:38:04,288: -PUB [/rosout] /lio_offline http://robot:45337/
[rosmaster.master][INFO] 2026-08-31 02:38:04,289: -PUB [/tf] /lio_offline http://robot:45337/
[rosmaster.master][INFO] 2026-08-31 02:38:04,289: -PUB [/lio/odom] /lio_offline http://robot:45337/
[rosmaster.master][INFO] 2026-08-31 02:38:04,290: -PUB [/lio/path] /lio_offline http://robot:45337/
[rosmaster.master][INFO] 2026-08-31 02:38:04,290: -PUB [/lio/path_robot] /lio_offline http://robot:45337/
[rosmaster.master][INFO] 2026-08-31 02:38:04,291: -PUB [/os1_cloud_node1/points] /lio_offline http://robot:45337/
[rosmaster.master][INFO] 2026-08-31 02:38:04,291: -PUB [/imu/imu] /lio_offline http://robot:45337/
[rosmaster.master][INFO] 2026-08-31 02:38:04,292: -PUB [/lio/imu/odom] /lio_offline http://robot:45337/
[rosmaster.master][INFO] 2026-08-31 02:38:04,292: publisherUpdate[/lio/odom] -> http://robot:45337/ []
[rosmaster.master][INFO] 2026-08-31 02:38:04,292: -PUB [/lio/robo/odom] /lio_offline http://robot:45337/
[rosmaster.master][INFO] 2026-08-31 02:38:04,293: -PUB [/lio/cloud_world] /lio_offline http://robot:45337/
[rosmaster.master][INFO] 2026-08-31 02:38:04,293: -SUB [/os1_cloud_node1/points] /lio_offline http://robot:45337/
[rosmaster.master][INFO] 2026-08-31 02:38:04,294: -SUB [/imu/imu] /lio_offline http://robot:45337/
[rosmaster.master][INFO] 2026-08-31 02:38:04,294: -SUB [/lio/odom] /lio_offline http://robot:45337/
[rosmaster.master][INFO] 2026-08-31 02:38:04,294: -SERVICE [/lio_offline/get_loggers] /lio_offline rosrpc://robot:37697
[rosmaster.master][INFO] 2026-08-31 02:38:04,295: -SERVICE [/lio_offline/set_logger_level] /lio_offline rosrpc://robot:37697
[rosmaster.master][INFO] 2026-08-31 02:38:04,298: publisherUpdate[/lio/odom] -> http://robot:45337/ []: sec=0.01, exception=[Errno 111] Connection refused
[rosmaster.threadpool][ERROR] 2026-08-31 02:38:04,299: Traceback (most recent call last):
  File "/opt/ros/noetic/lib/python3/dist-packages/rosmaster/threadpool.py", line 218, in run
    result = cmd(*args)
  File "/opt/ros/noetic/lib/python3/dist-packages/rosmaster/master_api.py", line 210, in publisher_update_task
    ret = xmlrpcapi(api).publisherUpdate('/master', topic, pub_uris)
  File "/usr/lib/python3.8/xmlrpc/client.py", line 1109, in __call__
    return self.__send(self.__name, args)
  File "/usr/lib/python3.8/xmlrpc/client.py", line 1450, in __request
    response = self.__transport.request(
  File "/usr/lib/python3.8/xmlrpc/client.py", line 1153, in request
    return self.single_request(host, handler, request_body, verbose)
  File "/usr/lib/python3.8/xmlrpc/client.py", line 1165, in single_request
    http_conn = self.send_request(host, handler, request_body, verbose)
  File "/usr/lib/python3.8/xmlrpc/client.py", line 1278, in send_request
    self.send_content(connection, request_body)
  File "/usr/lib/python3.8/xmlrpc/client.py", line 1308, in send_content
    connection.endheaders(request_body)
  File "/usr/lib/python3.8/http/client.py", line 1251, in endheaders
    self._send_output(message_body, encode_chunked=encode_chunked)
  File "/usr/lib/python3.8/http/client.py", line 1011, in _send_output
    self.send(msg)
  File "/usr/lib/python3.8/http/client.py", line 951, in send
    self.connect()
  File "/usr/lib/python3.8/http/client.py", line 922, in connect
    self.sock = self._create_connection(
  File "/usr/lib/python3.8/socket.py", line 808, in create_connection
    raise err
  File "/usr/lib/python3.8/socket.py", line 796, in create_connection
    sock.connect(sa)
ConnectionRefusedError: [Errno 111] Connection refused

[rosmaster.master][INFO] 2026-08-31 02:38:04,299: publisherUpdate[/os1_cloud_node1/points] -> http://robot:45337/ []
[rosmaster.master][INFO] 2026-08-31 02:38:04,299: publisherUpdate[/os1_cloud_node1/points] -> http://robot:45337/ []: sec=0.00, exception=[Errno 111] Connection refused
[rosmaster.threadpool][ERROR] 2026-08-31 02:38:04,299: Traceback (most recent call last):
  File "/opt/ros/noetic/lib/python3/dist-packages/rosmaster/threadpool.py", line 218, in run
    result = cmd(*args)
  File "/opt/ros/noetic/lib/python3/dist-packages/rosmaster/master_api.py", line 210, in publisher_update_task
    ret = xmlrpcapi(api).publisherUpdate('/master', topic, pub_uris)
  File "/usr/lib/python3.8/xmlrpc/client.py", line 1109, in __call__
    return self.__send(self.__name, args)
  File "/usr/lib/python3.8/xmlrpc/client.py", line 1450, in __request
    response = self.__transport.request(
  File "/usr/lib/python3.8/xmlrpc/client.py", line 1153, in request
    return self.single_request(host, handler, request_body, verbose)
  File "/usr/lib/python3.8/xmlrpc/client.py", line 1165, in single_request
    http_conn = self.send_request(host, handler, request_body, verbose)
  File "/usr/lib/python3.8/xmlrpc/client.py", line 1278, in send_request
    self.send_content(connection, request_body)
  File "/usr/lib/python3.8/xmlrpc/client.py", line 1308, in send_content
    connection.endheaders(request_body)
  File "/usr/lib/python3.8/http/client.py", line 1251, in endheaders
    self._send_output(message_body, encode_chunked=encode_chunked)
  File "/usr/lib/python3.8/http/client.py", line 1011, in _send_output
    self.send(msg)
  File "/usr/lib/python3.8/http/client.py", line 951, in send
    self.connect()
  File "/usr/lib/python3.8/http/client.py", line 922, in connect
    self.sock = self._create_connection(
  File "/usr/lib/python3.8/socket.py", line 808, in create_connection
    raise err
  File "/usr/lib/python3.8/socket.py", line 796, in create_connection
    sock.connect(sa)
ConnectionRefusedError: [Errno 111] Connection refused

[rosmaster.master][INFO] 2026-08-31 02:38:04,299: publisherUpdate[/imu/imu] -> http://robot:45337/ []
[rosmaster.master][INFO] 2026-08-31 02:38:04,300: publisherUpdate[/imu/imu] -> http://robot:45337/ []: sec=0.00, exception=[Errno 111] Connection refused
[rosmaster.threadpool][ERROR] 2026-08-31 02:38:04,300: Traceback (most recent call last):
  File "/opt/ros/noetic/lib/python3/dist-packages/rosmaster/threadpool.py", line 218, in run
    result = cmd(*args)
  File "/opt/ros/noetic/lib/python3/dist-packages/rosmaster/master_api.py", line 210, in publisher_update_task
    ret = xmlrpcapi(api).publisherUpdate('/master', topic, pub_uris)
  File "/usr/lib/python3.8/xmlrpc/client.py", line 1109, in __call__
    return self.__send(self.__name, args)
  File "/usr/lib/python3.8/xmlrpc/client.py", line 1450, in __request
    response = self.__transport.request(
  File "/usr/lib/python3.8/xmlrpc/client.py", line 1153, in request
    return self.single_request(host, handler, request_body, verbose)
  File "/usr/lib/python3.8/xmlrpc/client.py", line 1165, in single_request
    http_conn = self.send_request(host, handler, request_body, verbose)
  File "/usr/lib/python3.8/xmlrpc/client.py", line 1278, in send_request
    self.send_content(connection, request_body)
  File "/usr/lib/python3.8/xmlrpc/client.py", line 1308, in send_content
    connection.endheaders(request_body)
  File "/usr/lib/python3.8/http/client.py", line 1251, in endheaders
    self._send_output(message_body, encode_chunked=encode_chunked)
  File "/usr/lib/python3.8/http/client.py", line 1011, in _send_output
    self.send(msg)
  File "/usr/lib/python3.8/http/client.py", line 951, in send
    self.connect()
  File "/usr/lib/python3.8/http/client.py", line 922, in connect
    self.sock = self._create_connection(
  File "/usr/lib/python3.8/socket.py", line 808, in create_connection
    raise err
  File "/usr/lib/python3.8/socket.py", line 796, in create_connection
    sock.connect(sa)
ConnectionRefusedError: [Errno 111] Connection refused

