WARNING: Logging before InitGoogleLogging() is written to STDERR
I0826 00:20:51.583529 185043 ROSWrapper.cpp:38] [32m ---> [Param] map/save_map: false[0m
I0826 00:20:51.587841 185043 ROSWrapper.cpp:57] [32m ---> [Param] eva/instrumentation: false[0m
I0826 00:20:51.595721 185043 ROSWrapper.cpp:257] [32m ---> Using Lidar type: OUSTER[0m
I0826 00:20:51.596728 185043 ROSWrapper.cpp:275] [32m ---> [Param] camera calibration loaded: /home/lc/super_livo/bag/NTU/nya_01/camera_left.yaml[0m
I0826 00:20:51.600335 185043 super_lio.cpp:117] [32m ---> [SuperLIO]: G-1 visual support diagnostics enabled[0m
I0826 00:20:51.600348 185043 super_lio.cpp:136] [32m ---> [SuperLIO]: G-0 shadow sidecar enabled[0m
I0826 00:20:51.600353 185043 super_lio.cpp:163] [32m ---> [SuperLIO]: initialized.[0m
I0826 00:20:51.827219 185043 super_lio.cpp:171] [32m ---> [SuperLIO]: KF init done[0m
I0826 00:20:51.837311 185043 super_lio.cpp:180] [32m ---> [SuperLIO]: Map init done[0m
I0826 00:23:38.834470 185043 timer.h:40] >>> ===== Printing run time =====
I0826 00:23:38.834537 185043 timer.h:46] > [ DownSample ] average time usage: 0.294341 ms , called times: 3940
I0826 00:23:38.834576 185043 timer.h:46] > [ Observe ] average time usage: 23.1092 ms , called times: 3940
I0826 00:23:38.834597 185043 timer.h:46] > [ Undistort ] average time usage: 0.402282 ms , called times: 3940
I0826 00:23:38.834613 185043 timer.h:46] > [ UpdateMap ] average time usage: 0.544122 ms , called times: 3940
[offline_node] camera_epoch=1 camera_enabled=1
[offline_node] processing /home/lc/super_livo/bag/NTU/nya_01/nya_01.bag (publish=false)
[diag] sensor_time=1609043693.308 epochs=500 wall=7.616s imu_consumed=19009 lidar_consumed=500 imu_depth=1 lidar_depth=0 voxels=3333 rss=151248KB
[diag] sensor_time=1609043743.323 epochs=1000 wall=28.310s imu_consumed=38455 lidar_consumed=1000 imu_depth=1 lidar_depth=0 voxels=25277 rss=197400KB
[diag] sensor_time=1609043793.337 epochs=1500 wall=57.823s imu_consumed=57930 lidar_consumed=1500 imu_depth=2 lidar_depth=0 voxels=30660 rss=210452KB
[diag] sensor_time=1609043843.452 epochs=2000 wall=85.123s imu_consumed=77434 lidar_consumed=2002 imu_depth=1 lidar_depth=0 voxels=36073 rss=226820KB
[diag] sensor_time=1609043893.466 epochs=2500 wall=105.835s imu_consumed=96896 lidar_consumed=2502 imu_depth=1 lidar_depth=0 voxels=43738 rss=236908KB
[diag] sensor_time=1609043943.481 epochs=3000 wall=123.030s imu_consumed=116363 lidar_consumed=3002 imu_depth=1 lidar_depth=0 voxels=46257 rss=242980KB
[diag] sensor_time=1609043993.495 epochs=3500 wall=144.548s imu_consumed=135826 lidar_consumed=3502 imu_depth=1 lidar_depth=0 voxels=50173 rss=249580KB

=== Offline accounting ===
bag_relevant_messages: 161136
lidar read/dispatched/skipped: 3950/3950/0
imu   read/dispatched/skipped: 153239/153239/0
other messages: 0
first/last bag time: 1609043643.366421 / 1609044038.272233
first/last sensor timestamp: 1609043643.364155 / 1609044038.271950
first/last estimator timestamp: 1609043643.393777 / 1609044038.208421
images read/dispatched/skipped: 3947/3947/0
first/last image timestamp: 1609043643.393777 / 1609044038.208421
camera buffer: size=0 peak=2 dropped=0
G-0 sidecar: accepted=1564509 rejected=8959056 allocations=34408 evictions=0 active=34408 peak=34408 updates=1332738
G-0 N histogram: 1:0 2:130912 3:107219 4:95411 5:87621 6:81885 7:77124 8:73272 9:69916 10:66870 11:64066 12:61593 13:59257 14:57026 15:54869 16:52791 17:50897 18:49038 19:47309 20:45662
G-1 q_flat distribution (percentiles of 0..1): P50=0.005 P90=0.005 P95=0.005 P99=0.005
G-1 parent(0.5m) q_flat distribution: P50=0.005 P90=0.005 P95=0.005 P99=0.005
G-1 child q_flat by N (P50/P90/P95): N5-7=0.045/0.135/0.165 N8-10=0.085/0.165/0.195 N11-19=0.105/0.195/0.215 N20=0.105/0.185/0.205
G-1 parent q_flat by N_parent (P50/P90/P95): N5-9=0.015/0.045/0.065 N10-19=0.015/0.055/0.075 N20-39=0.025/0.065/0.095 N40-79=0.025/0.075/0.095 N80+=0.025/0.085/0.115

G-1 q_line distribution: P50=0.005 P90=0.005 P95=0.005 P99=0.005
process invocations: 161137
sync epochs (heavy process): 3947 / 3947
remaining imu/lidar in buffer: 26/1
front_lidar_end_time: 1609044038.327165  last_imu_time: 1609044038.271950
unprocessed_reason: front lidar lacks IMU coverage beyond its end_time (no more messages)
sensor_duration_s: 394.908
wall_processing_s: 167.206
speed_factor: 2.362x
peak RSS during loop: 276312 KB
G-2 child maturity: cells=114758 first_visible->N5 median=508 P90=2536; ->valid median=596 P90=2822
G-2 parent maturity: parents=29906 first_visible->valid median=48 P90=994
G-2 mature_while_visible: child=83888/114758 parent_valid_while_visible=26508/29906
G-2 parent sync events: E0=26508 E3=0 E1(>1deg)=258688 >2=148040 >3=105926 >5=69733
G-3 (n=6662105) normal angle vs HKNN (deg, P50/P90/P95): child=19.50/64.50/76.60 parent=16.30/52.70/67.70
G-3 residual diff vs HKNN (m, P50/P90/P95): child=0.3050/1.0280/1.3830 parent=0.2930/0.9580/1.2510
G-3 child d_n/d_t (m, P50/P90/P95): dn=0.2090/0.7630/1.0760 dt=1.0280/1.7670/1.9490
S-0 camera-epoch: epochs=3947 images_consumed=3940 stale_image_drop=7 empty_slice=0
S-0 camera-epoch: lidar_points_emitted=16261870 future_points_retained=8567613 last_epoch=1609044038.208
S-0 camera-epoch dt (epoch_ts - lidar_end, ms): n=3947 median=100.0 P90=100.0 P95=100.0 P99=100.0
V-0C frontend: entered=6986 frame_null=0
V-0C coverage: frames=3940 cells_total=1808460 cells_with_candidates=3940 occupied_existing=864323 filled_new=25598
V-0C visible_existing/frame P10/P50/P90: 187/222/250
V-0C new_created/frame P10/P50/P90: 0/4/15
V-0C accepted/frame P10/P50/P90: 0/0/0
V-2 photometric: frames=22259 accepted_landmarks=137 total_samples=249318684 meanSSE_per_sample=98.17
V-2 6DOF FD gate: double_math_fail=0 trials_attempted=0 structurally_complete=0 all6_smooth=0 with_nonsmooth=0 distinct_epochs=0 distinct_landmarks=0
V-2 BUNDLE rx: smooth=0 nonsmooth_support=0 nonsmooth_cell=0
V-2 BUNDLE ry: smooth=0 nonsmooth_support=0 nonsmooth_cell=0
V-2 BUNDLE rz: smooth=0 nonsmooth_support=0 nonsmooth_cell=0
V-2 BUNDLE tx: smooth=0 nonsmooth_support=0 nonsmooth_cell=0
V-2 BUNDLE ty: smooth=0 nonsmooth_support=0 nonsmooth_cell=0
V-2 BUNDLE tz: smooth=0 nonsmooth_support=0 nonsmooth_cell=0
V-2 FLOAT FD rx: strong_n=0 strong_max_rel=0 max_abs=0 weak_n=0
V-2 DOUBLE FD rx: strong_n=0 strong_max_rel=0 strong_med_rel=0 weak_n=0 weak_max_abs=0 nonsmooth=0 worst_rel=0
V-2 FLOAT FD ry: strong_n=0 strong_max_rel=0 max_abs=0 weak_n=0
V-2 DOUBLE FD ry: strong_n=0 strong_max_rel=0 strong_med_rel=0 weak_n=0 weak_max_abs=0 nonsmooth=0 worst_rel=0
V-2 FLOAT FD rz: strong_n=0 strong_max_rel=0 max_abs=0 weak_n=0
V-2 DOUBLE FD rz: strong_n=0 strong_max_rel=0 strong_med_rel=0 weak_n=0 weak_max_abs=0 nonsmooth=0 worst_rel=0
V-2 FLOAT FD tx: strong_n=0 strong_max_rel=0 max_abs=0 weak_n=0
V-2 DOUBLE FD tx: strong_n=0 strong_max_rel=0 strong_med_rel=0 weak_n=0 weak_max_abs=0 nonsmooth=0 worst_rel=0
V-2 FLOAT FD ty: strong_n=0 strong_max_rel=0 max_abs=0 weak_n=0
V-2 DOUBLE FD ty: strong_n=0 strong_max_rel=0 strong_med_rel=0 weak_n=0 weak_max_abs=0 nonsmooth=0 worst_rel=0
V-2 FLOAT FD tz: strong_n=0 strong_max_rel=0 max_abs=0 weak_n=0
V-2 DOUBLE FD tz: strong_n=0 strong_max_rel=0 strong_med_rel=0 weak_n=0 weak_max_abs=0 nonsmooth=0 worst_rel=0
V-0 VisualMap: parents=21487 landmarks=25598 slots_used=64384 created=25598 frames=6986 attempts=889921
V-1 lifecycle: geo_syncs=0 obs_adds=505483 obs_drops=441099 ref_switches=118989
V-0 sizeof(VisualObservation)=128 sizeof(VisualLandmark)=496
V-0 visual map bytes ~= 20.94 MB (slots=64384 x 128 B + landmarks 25598 x 496 B)
V-2 GATE-M rx: strong_n=0 weak_n=0 med_rel=0 max_abs=0 max_kappa=0
V-2 GATE-RC rx: regular_n=0 conditioned_n=0 regular_fail=0 conditioned_fail=0
  regular_max_dc_rel=0 cond_max_raw_rel=0 cond_max_mean_rel=0 cond_max_closure_abs=0 cond_max_prop_excess=0 cond_max_source_rel=0
V-2 AUDIT-P rx: raw_max_abs=0 mean_max_abs=0 dc_max_abs=0 dc_med_abs=0
V-2 GATE-M ry: strong_n=0 weak_n=0 med_rel=0 max_abs=0 max_kappa=0
V-2 GATE-RC ry: regular_n=0 conditioned_n=0 regular_fail=0 conditioned_fail=0
  regular_max_dc_rel=0 cond_max_raw_rel=0 cond_max_mean_rel=0 cond_max_closure_abs=0 cond_max_prop_excess=0 cond_max_source_rel=0
V-2 AUDIT-P ry: raw_max_abs=0 mean_max_abs=0 dc_max_abs=0 dc_med_abs=0
V-2 GATE-M rz: strong_n=0 weak_n=0 med_rel=0 max_abs=0 max_kappa=0
V-2 GATE-RC rz: regular_n=0 conditioned_n=0 regular_fail=0 conditioned_fail=0
  regular_max_dc_rel=0 cond_max_raw_rel=0 cond_max_mean_rel=0 cond_max_closure_abs=0 cond_max_prop_excess=0 cond_max_source_rel=0
V-2 AUDIT-P rz: raw_max_abs=0 mean_max_abs=0 dc_max_abs=0 dc_med_abs=0
V-2 GATE-M tx: strong_n=0 weak_n=0 med_rel=0 max_abs=0 max_kappa=0
V-2 GATE-RC tx: regular_n=0 conditioned_n=0 regular_fail=0 conditioned_fail=0
  regular_max_dc_rel=0 cond_max_raw_rel=0 cond_max_mean_rel=0 cond_max_closure_abs=0 cond_max_prop_excess=0 cond_max_source_rel=0
V-2 AUDIT-P tx: raw_max_abs=0 mean_max_abs=0 dc_max_abs=0 dc_med_abs=0
V-2 GATE-M ty: strong_n=0 weak_n=0 med_rel=0 max_abs=0 max_kappa=0
V-2 GATE-RC ty: regular_n=0 conditioned_n=0 regular_fail=0 conditioned_fail=0
  regular_max_dc_rel=0 cond_max_raw_rel=0 cond_max_mean_rel=0 cond_max_closure_abs=0 cond_max_prop_excess=0 cond_max_source_rel=0
V-2 AUDIT-P ty: raw_max_abs=0 mean_max_abs=0 dc_max_abs=0 dc_med_abs=0
V-2 GATE-M tz: strong_n=0 weak_n=0 med_rel=0 max_abs=0 max_kappa=0
V-2 GATE-RC tz: regular_n=0 conditioned_n=0 regular_fail=0 conditioned_fail=0
  regular_max_dc_rel=0 cond_max_raw_rel=0 cond_max_mean_rel=0 cond_max_closure_abs=0 cond_max_prop_excess=0 cond_max_source_rel=0
V-2 AUDIT-P tz: raw_max_abs=0 mean_max_abs=0 dc_max_abs=0 dc_med_abs=0
V-2 H/B audit: worst_h_rel=0 worst_b_rel=0
V-4R0 gate: pre=1571681 accepted=1280905 rejected=290776 reject_frac=0.1850
V-4C counters: same_frame_ref=0 current_created_used=0 inserted_pre=0 lifecycle_in_solve=0
V-4C photo ratio: epochs=3940 improved_frac=1.000 P10=0.861 P50=0.96 P90=0.989 P95=0.993 P99=0.997
V-4C eta_dc: n=3977307 P10=0.0181 P25=0.0295 P50=0.0857 P75=0.773 P90=3.28 P95=5.64 P99=9.1 mean=0.984
V-4C update norm rot(rad): n=3940 P10=0.000192 P50=0.000779 P90=0.00156 P95=0.00188 P99=0.00263 max=0.00496
V-4C update norm trans(m): n=3940 P10=0.000748 P50=0.00363 P90=0.00774 P95=0.00922 P99=0.0131 max=0.0352
V-4 health: apply_count=3940 cov_fail=0 max_sym_ratio=4.73e-11 lam_min=6.07321e-10 lam_max=0.000106855
VP timing us: total=33806223 patch_eval=9693676 hb_commit=16045009 epochs=22259 lm=3977307 samples=249318684
PL metrics: sensor_start=1609043643.394 sensor_end=1609044038.109 sensor_dur=394.715 frames=3947
PL LiDAR lat ms: P50=37.953 P90=60.322 P95=65.724 P99=83.063 max=134.152 n=3947
PL visual lat ms: P50=1.483 P90=2.029 P95=2.219 P99=2.744 max=15.497 n=22259
PL median LiDAR period ms=100.039  median camera period ms=100.039
PL CPU: total_tick=9753 avg_cpu_pct=57.1
PL deadline miss count=8 ratio=0.0020
PL Q0 [0.0-98.7 s]: LiDAR P50=18.810 P95=58.826 P99=67.143 | visual P50=1.685 P95=2.281 P99=2.745 | RSS_avg=2655493KB | vox_avg=9555 | lm_avg=1563 | n=988
PL Q1 [98.7-197.4 s]: LiDAR P50=53.949 P95=78.431 P99=96.280 | visual P50=1.647 P95=2.502 P99=3.117 | RSS_avg=2713960KB | vox_avg=29863 | lm_avg=9683 | n=985
PL Q2 [197.4-296.0 s]: LiDAR P50=35.767 P95=50.463 P99=59.979 | visual P50=1.272 P95=1.738 P99=1.989 | RSS_avg=2745941KB | vox_avg=42544 | lm_avg=17920 | n=987
PL Q3 [296.0-394.7 s]: LiDAR P50=39.237 P95=65.812 P99=77.171 | visual P50=1.377 P95=2.145 P99=2.522 | RSS_avg=2760495KB | vox_avg=51146 | lm_avg=20336 | n=986
HB-0 summary: epochs_audited=0 epochs_fail=0 total_samples=0 duplicates=0 distinct_landmarks=0
HB-0 worst: rhoH=0 rhoB=0 srcH=0 srcB=0 accH=0 accB=0 last_Hsum=0
=== End offline accounting ===
