WARNING: Logging before InitGoogleLogging() is written to STDERR
I0831 03:13:29.275002 320277 ROSWrapper.cpp:14] [32m ---> [Param] map/save_map: false[0m
I0831 03:13:29.284082 320277 ROSWrapper.cpp:310] [32m ---> Using Lidar type: LIVOX[0m
I0831 03:13:29.289894 320277 super_lio.cpp:91] [32m ---> [SuperLIO]: initialized.[0m
I0831 03:13:29.371007 320277 super_lio.cpp:99] [32m ---> [SuperLIO]: KF init done[0m
I0831 03:13:29.379010 320277 super_lio.cpp:108] [32m ---> [SuperLIO]: Map init done[0m
I0831 03:14:09.821154 320277 timer.h:40] >>> ===== Printing run time =====
I0831 03:14:09.821201 320277 timer.h:46] > [ DownSample ] average time usage: 0.333553 ms , called times: 4661
I0831 03:14:09.821242 320277 timer.h:46] > [ Observe ] average time usage: 4.78871 ms , called times: 4661
I0831 03:14:09.821264 320277 timer.h:46] > [ Undistort ] average time usage: 0.680914 ms , called times: 4661
I0831 03:14:09.821287 320277 timer.h:46] > [ UpdateMap ] average time usage: 0.845851 ms , called times: 4661
I0831 03:14:09.821300 320277 super_lio.cpp:1159] [32m ---> [Prob-LIO P3] QR plane cov shadow: attempted: 13502883, valid: 13502883, rank_invalid: 0, nonfinite: 0[0m
I0831 03:14:09.821310 320277 super_lio.cpp:1241] [32m ---> [Prob-LIO P4] weights attempted: 17626133, valid: 17626133, invalid_nonfinite: 0, invalid_negative: 0; valid w: count=17626133 min=9.10017e-05 max=996.679 mean=492.859 near_ceiling(>999)=0 bins=567/3728/27009/294085/17300744; plane var min=4.99571e-07 max=10988.8 mean=0.00637717; point var min=7.90529e-07 max=0.00735635 mean=0.00104008[0m
I0831 03:14:09.821331 320277 super_lio.cpp:1260] [32m ---> [Prob-LIO] pipeline ON (pose model livo2_compat, storage double): cov frames: 4661, points: 6878576, invalid: 0; map cov init inserts: 13239, update inserts: 6878576, hknn cov returns: 97860044, invalid: 3[0m
[offline_node] bag=/home/lc/super_livo/src/Super-LIO/results/prob_lio/p11_mcd_input/ntu_night_08_lio_filtered.bag start_offset=-1.000 duration=-1.000
[offline_node] wrapper subscribers connected
[OfflineReader] view 1645018879.502s..1645019346.271s lidar=4667 imu=185463 other=0 wall=40.393s sensor=466.769s speed=11.556x

=== Offline accounting ===
bag_relevant_messages: 190130
lidar read: 4667   imu read: 185463   other: 0
first/last bag time: 1645018879.502415 / 1645019346.270871
first/last sensor time: 1645018879.502201 / 1645019346.270790
sensor_duration_s: 466.769
wall_processing_s: 40.393
speed_factor: 11.556x
trajectory: /home/lc/super_livo/src/Super-LIO/results/prob_lio/p11_mcd_night08_p4_lc/trajectory.tum
